Component: ARM Compiler 5.06 update 6 (build 750) Tool: armlink [4d35ed]

==============================================================================

Section Cross References

    startup_stm32f10x_hd.o(RESET) refers to startup_stm32f10x_hd.o(STACK) for __initial_sp
    startup_stm32f10x_hd.o(RESET) refers to startup_stm32f10x_hd.o(.text) for Reset_Handler
    startup_stm32f10x_hd.o(RESET) refers to stm32f10x_it.o(.text) for NMI_Handler
    startup_stm32f10x_hd.o(RESET) refers to port.o(.emb_text) for SVC_Handler
    startup_stm32f10x_hd.o(RESET) refers to dma_lcd.o(.text) for DMA1_Channel6_IRQHandler
    startup_stm32f10x_hd.o(RESET) refers to bsp_sdio_sdcard.o(.text) for SDIO_IRQHandler
    startup_stm32f10x_hd.o(.text) refers to system_stm32f10x.o(.text) for SystemInit
    startup_stm32f10x_hd.o(.text) refers to entry.o(.ARM.Collect$$$$00000000) for __main
    system_stm32f10x.o(.text) refers to system_stm32f10x.o(.data) for SystemCoreClock
    stm32f10x_adc.o(.text) refers to stm32f10x_rcc.o(.text) for RCC_APB2PeriphResetCmd
    stm32f10x_bkp.o(.text) refers to stm32f10x_rcc.o(.text) for RCC_BackupResetCmd
    stm32f10x_can.o(.text) refers to stm32f10x_rcc.o(.text) for RCC_APB1PeriphResetCmd
    stm32f10x_cec.o(.text) refers to stm32f10x_rcc.o(.text) for RCC_APB1PeriphResetCmd
    stm32f10x_dac.o(.text) refers to stm32f10x_rcc.o(.text) for RCC_APB1PeriphResetCmd
    stm32f10x_gpio.o(.text) refers to stm32f10x_rcc.o(.text) for RCC_APB2PeriphResetCmd
    stm32f10x_i2c.o(.text) refers to stm32f10x_rcc.o(.text) for RCC_APB1PeriphResetCmd
    stm32f10x_pwr.o(.text) refers to stm32f10x_rcc.o(.text) for RCC_APB1PeriphResetCmd
    stm32f10x_rcc.o(.text) refers to stm32f10x_rcc.o(.data) for APBAHBPrescTable
    stm32f10x_spi.o(.text) refers to stm32f10x_rcc.o(.text) for RCC_APB2PeriphResetCmd
    stm32f10x_tim.o(.text) refers to stm32f10x_rcc.o(.text) for RCC_APB2PeriphResetCmd
    stm32f10x_usart.o(.text) refers to stm32f10x_rcc.o(.text) for RCC_APB2PeriphResetCmd
    stm32f10x_wwdg.o(.text) refers to stm32f10x_rcc.o(.text) for RCC_APB1PeriphResetCmd
    main.o(.text) refers to printf3.o(i.__0printf$3) for __2printf
    main.o(.text) refers to gui_startup.o(.text) for GUI_Startup
    main.o(.text) refers to tasks.o(.text) for vTaskDelay
    main.o(.text) refers to misc.o(.text) for NVIC_PriorityGroupConfig
    main.o(.text) refers to bsp_led.o(.text) for LED_GPIO_Config
    main.o(.text) refers to bsp_usart.o(.text) for Debug_USART_Config
    main.o(.text) refers to bsp_fsmc.o(.text) for FSMC_Init
    main.o(.text) refers to bsp_key.o(.text) for Key_GPIO_Config
    stm32f10x_it.o(.text) refers to printf3.o(i.__0printf$3) for __2printf
    stm32f10x_it.o(.text) refers to tasks.o(.text) for xTaskGetSchedulerState
    stm32f10x_it.o(.text) refers to port.o(.text) for xPortSysTickHandler
    bsp_usart.o(.text) refers to stm32f10x_rcc.o(.text) for RCC_APB2PeriphClockCmd
    bsp_usart.o(.text) refers to stm32f10x_gpio.o(.text) for GPIO_Init
    bsp_usart.o(.text) refers to stm32f10x_usart.o(.text) for USART_Init
    bsp_flash_spi.o(.text) refers to printf3.o(i.__0printf$3) for __2printf
    bsp_flash_spi.o(.text) refers to stm32f10x_spi.o(.text) for SPI_I2S_GetFlagStatus
    bsp_flash_spi.o(.text) refers to stm32f10x_gpio.o(.text) for GPIO_ResetBits
    bsp_flash_spi.o(.text) refers to stm32f10x_rcc.o(.text) for RCC_APB2PeriphClockCmd
    bsp_flash_spi.o(.text) refers to bsp_flash_spi.o(.data) for SPITimeout
    bsp_led.o(.text) refers to stm32f10x_rcc.o(.text) for RCC_APB2PeriphClockCmd
    bsp_led.o(.text) refers to stm32f10x_gpio.o(.text) for GPIO_Init
    bsp_key.o(.text) refers to stm32f10x_rcc.o(.text) for RCC_APB2PeriphClockCmd
    bsp_key.o(.text) refers to stm32f10x_gpio.o(.text) for GPIO_Init
    bsp_sdio_sdcard.o(.text) refers to stm32f10x_sdio.o(.text) for SDIO_ClockCmd
    bsp_sdio_sdcard.o(.text) refers to stm32f10x_rcc.o(.text) for RCC_AHBPeriphClockCmd
    bsp_sdio_sdcard.o(.text) refers to stm32f10x_gpio.o(.text) for GPIO_Init
    bsp_sdio_sdcard.o(.text) refers to misc.o(.text) for NVIC_PriorityGroupConfig
    bsp_sdio_sdcard.o(.text) refers to stm32f10x_dma.o(.text) for DMA_GetFlagStatus
    bsp_sdio_sdcard.o(.text) refers to bsp_sdio_sdcard.o(.bss) for SDIO_CmdInitStructure
    bsp_sdio_sdcard.o(.text) refers to bsp_sdio_sdcard.o(.data) for RCA
    bsp_sdio_sdcard.o(.text) refers to uldiv.o(.text) for __aeabi_uldivmod
    ili9341_16bit.o(.text) refers to stm32f10x_gpio.o(.text) for GPIO_Init
    ili9341_16bit.o(.text) refers to x_gui_freertos.o(.text) for GUI_msleep
    ads7843.o(.text) refers to stm32f10x_gpio.o(.text) for GPIO_Init
    ads7843.o(.text) refers to gui_touchpanel.o(.text) for TouchPanel_TranslatePoint
    ads7843.o(.text) refers to bsp_flash_spi.o(.text) for SPI_FLASH_BufferRead
    ads7843.o(.text) refers to ads7843.o(.bss) for ad_dat
    ads7843.o(.text) refers to ads7843.o(.data) for ts_down
    ads7843.o(.constdata) refers to ads7843.o(.text) for Init
[...]
    0x0801f6ac   0x0801f6ac   0x00000150   Code   RO         2809    i.SetForegroundWindow  emXGUI100_MDK_M3.lib(gui_window.o)
    0x0801f7fc   0x0801f7fc   0x00000008   Code   RO         2242    i.SetPenColor       emXGUI100_MDK_M3.lib(gui_gdi.o)
    0x0801f804   0x0801f804   0x00000030   Code   RO         2571    i.SetPixel          emXGUI100_MDK_M3.lib(gd_pixel.o)
    0x0801f834   0x0801f834   0x00000024   Code   RO         2349    i.SetRectArea       emXGUI100_MDK_M3.lib(gui_region.o)
    0x0801f858   0x0801f858   0x00000012   Code   RO         2350    i.SetRectEmpty      emXGUI100_MDK_M3.lib(gui_region.o)
    0x0801f86a   0x0801f86a   0x00000008   Code   RO         2246    i.SetTextColor      emXGUI100_MDK_M3.lib(gui_gdi.o)
    0x0801f872   0x0801f872   0x00000002   PAD
    0x0801f874   0x0801f874   0x000000d8   Code   RO         2745    i.SetTimer          emXGUI100_MDK_M3.lib(gui_timer.o)
    0x0801f94c   0x0801f94c   0x0000000a   Code   RO         2813    i.SetWindowFont     emXGUI100_MDK_M3.lib(gui_window.o)
    0x0801f956   0x0801f956   0x000000d8   Code   RO         2814    i.SetWindowLong     emXGUI100_MDK_M3.lib(gui_window.o)
    0x0801fa2e   0x0801fa2e   0x0000003e   Code   RO         2815    i.SetWindowPos      emXGUI100_MDK_M3.lib(gui_window.o)
    0x0801fa6c   0x0801fa6c   0x00000012   Code   RO         2817    i.SetWindowText     emXGUI100_MDK_M3.lib(gui_window.o)
    0x0801fa7e   0x0801fa7e   0x00000018   Code   RO         2159    i.ShowCursor        emXGUI100_MDK_M3.lib(gui_cursor.o)
    0x0801fa96   0x0801fa96   0x00000088   Code   RO         2819    i.ShowWindow        emXGUI100_MDK_M3.lib(gui_window.o)
    0x0801fb1e   0x0801fb1e   0x00000104   Code   RO         2353    i.SubtractRectEx    emXGUI100_MDK_M3.lib(gui_region.o)
    0x0801fc22   0x0801fc22   0x00000002   PAD
    0x0801fc24   0x0801fc24   0x00000020   Code   RO         3183    i.SurfaceInit_ARGB4444  emXGUI100_MDK_M3.lib(surface_argb4444.o)
    0x0801fc44   0x0801fc44   0x00000020   Code   RO         3199    i.SurfaceInit_ARGB8888  emXGUI100_MDK_M3.lib(surface_argb8888.o)
    0x0801fc64   0x0801fc64   0x00000020   Code   RO         3222    i.SurfaceInit_RGB332  emXGUI100_MDK_M3.lib(surface_rgb332.o)
    0x0801fc84   0x0801fc84   0x00000020   Code   RO         3245    i.SurfaceInit_RGB565  emXGUI100_MDK_M3.lib(surface_rgb565.o)
    0x0801fca4   0x0801fca4   0x00000020   Code   RO         3268    i.SurfaceInit_XRGB8888  emXGUI100_MDK_M3.lib(surface_xrgb8888.o)
    0x0801fcc4   0x0801fcc4   0x00000040   Code   RO         2616    i.TextOut           emXGUI100_MDK_M3.lib(gd_text.o)
    0x0801fd04   0x0801fd04   0x0000000a   Code   RO         2247    i.ToARGB            emXGUI100_MDK_M3.lib(gui_gdi.o)
    0x0801fd0e   0x0801fd0e   0x0000004c   Code   RO         2709    i.TranslateMessage  emXGUI100_MDK_M3.lib(gui_message.o)
    0x0801fd5a   0x0801fd5a   0x0000002a   Code   RO         2820    i.UpdateWindow      emXGUI100_MDK_M3.lib(gui_window.o)
    0x0801fd84   0x0801fd84   0x00000064   Code   RO         2541    i.VLine             emXGUI100_MDK_M3.lib(gd_line.o)
    0x0801fde8   0x0801fde8   0x00000030   Code   RO         2823    i.WIN_Lock          emXGUI100_MDK_M3.lib(gui_window.o)
    0x0801fe18   0x0801fe18   0x00000016   Code   RO         2824    i.WIN_Unlock        emXGUI100_MDK_M3.lib(gui_window.o)
    0x0801fe2e   0x0801fe2e   0x00000042   Code   RO         2825    i.WindowToScreen    emXGUI100_MDK_M3.lib(gui_window.o)
    0x0801fe70   0x0801fe70   0x0000000c   Code   RO         2467    i.XFT_CreateFont    emXGUI100_MDK_M3.lib(gui_font_xft.o)
    0x0801fe7c   0x0801fe7c   0x00000018   Code   RO         2484    i.XFT_CreateFontEx  emXGUI100_MDK_M3.lib(gui_font_xft_ex.o)
    0x0801fe94   0x0801fe94   0x00000134   Code   RO         2426    i.X_GUI_Init        emXGUI100_MDK_M3.lib(x_gui.o)
    0x0801ffc8   0x0801ffc8   0x0000002a   Code   RO         2572    i.XorPixel          emXGUI100_MDK_M3.lib(gd_pixel.o)
    0x0801fff2   0x0801fff2   0x000000fc   Code   RO         2626    i._AA_HLine         emXGUI100_MDK_M3.lib(gui_aa_core.o)
    0x080200ee   0x080200ee   0x0000015a   Code   RO         2826    i._CalculateWindowClipRgn  emXGUI100_MDK_M3.lib(gui_window.o)
    0x08020248   0x08020248   0x0000002c   Code   RO         2827    i._ClientToScreen   emXGUI100_MDK_M3.lib(gui_window.o)
    0x08020274   0x08020274   0x00000012   Code   RO         2356    i._CopyRect         emXGUI100_MDK_M3.lib(gui_region.o)
    0x08020286   0x08020286   0x00000002   PAD
    0x08020288   0x08020288   0x000000b0   Code   RO         3316    i._CursorHide       emXGUI100_MDK_M3.lib(gl_cursor.o)
    0x08020338   0x08020338   0x0000009c   Code   RO         3317    i._CursorShow       emXGUI100_MDK_M3.lib(gl_cursor.o)
    0x080203d4   0x080203d4   0x0000027c   Code   RO         3146    i._DrawArc          emXGUI100_MDK_M3.lib(gd_arc.o)
    0x08020650   0x08020650   0x00000024   Code   RO         2176    i._DrawChar         emXGUI100_MDK_M3.lib(gui_font.o)
    0x08020674   0x08020674   0x0000006a   Code   RO         2617    i._DrawString       emXGUI100_MDK_M3.lib(gd_text.o)
    0x080206de   0x080206de   0x00000002   PAD
    0x080206e0   0x080206e0   0x000000b4   Code   RO         2514    i._FillCircle       emXGUI100_MDK_M3.lib(gd_circle.o)
    0x08020794   0x08020794   0x00000060   Code   RO         3056    i._FillInputBuffer  libjpeg_MDK_CM3.lib(emxgui_libjpeg.o)
    0x080207f4   0x080207f4   0x00000140   Code   RO         2595    i._FillRoundRect    emXGUI100_MDK_M3.lib(gd_rect.o)
    0x08020934   0x08020934   0x00000104   Code   RO         2627    i._FlushLine        emXGUI100_MDK_M3.lib(gui_aa_core.o)
    0x08020a38   0x08020a38   0x0000001a   Code   RO         3200    i._GetARGB          emXGUI100_MDK_M3.lib(surface_argb8888.o)
    0x08020a52   0x08020a52   0x00000020   Code   RO         3223    i._GetARGB          emXGUI100_MDK_M3.lib(surface_rgb332.o)
    0x08020a72   0x08020a72   0x00000026   Code   RO         3246    i._GetARGB          emXGUI100_MDK_M3.lib(surface_rgb565.o)
    0x08020a98   0x08020a98   0x0000001a   Code   RO         3269    i._GetARGB          emXGUI100_MDK_M3.lib(surface_xrgb8888.o)
    0x08020ab2   0x08020ab2   0x0000005a   Code   RO         2832    i._GetCaptionRect   emXGUI100_MDK_M3.lib(gui_window.o)
    0x08020b0c   0x08020b0c   0x00000054   Code   RO         2834    i._GetCloseBoxRect  emXGUI100_MDK_M3.lib(gui_window.o)
    0x08020b60   0x08020b60   0x0000000a   Code   RO         2178    i._GetFontInfo      emXGUI100_MDK_M3.lib(gui_font.o)
    0x08020b6a   0x08020b6a   0x00000010   Code   RO         3201    i._GetRGB           emXGUI100_MDK_M3.lib(surface_argb8888.o)
    0x08020b7a   0x08020b7a   0x00000018   Code   RO         3224    i._GetRGB           emXGUI100_MDK_M3.lib(surface_rgb332.o)
    0x08020b92   0x08020b92   0x0000001e   Code   RO         3247    i._GetRGB           emXGUI100_MDK_M3.lib(surface_rgb565.o)
    0x08020bb0   0x08020bb0   0x00000010   Code   RO         3270    i._GetRGB           emXGUI100_MDK_M3.lib(surface_xrgb8888.o)
    0x08020bc0   0x08020bc0   0x00000076   Code   RO         2836    i._GetWindow        emXGUI100_MDK_M3.lib(gui_window.o)
    0x08020c36   0x08020c36   0x000000a2   Code   RO         2837    i._GetWindowClipRgn  emXGUI100_MDK_M3.lib(gui_window.o)
    0x08020cd8   0x08020cd8   0x0000009a   Code   RO         2838    i._GetWindowFromPoint  emXGUI100_MDK_M3.lib(gui_window.o)
    0x08020d72   0x08020d72   0x00000012   Code   RO         2839    i._GetWindowRect    emXGUI100_MDK_M3.lib(gui_window.o)
    0x08020d84   0x08020d84   0x000000ea   Code   RO         2840    i._HideWindow       emXGUI100_MDK_M3.lib(gui_window.o)
    0x08020e6e   0x08020e6e   0x0000001e   Code   RO         2357    i._InflateRect      emXGUI100_MDK_M3.lib(gui_region.o)
    0x08020e8c   0x08020e8c   0x00000094   Code   RO         3057    i._Init             libjpeg_MDK_CM3.lib(emxgui_libjpeg.o)
    0x08020f20   0x08020f20   0x00000008   Code   RO         3058    i._InitSource       libjpeg_MDK_CM3.lib(emxgui_libjpeg.o)
    0x08020f28   0x08020f28   0x00000144   Code   RO         2841    i._InitWindow       emXGUI100_MDK_M3.lib(gui_window.o)
    0x0802106c   0x0802106c   0x00000116   Code   RO         2842    i._InsertInvRect    emXGUI100_MDK_M3.lib(gui_window.o)
    0x08021182   0x08021182   0x00000072   Code   RO         2358    i._IntersectRect    emXGUI100_MDK_M3.lib(gui_region.o)
    0x080211f4   0x080211f4   0x0000000c   Code   RO         2843    i._IsChild          emXGUI100_MDK_M3.lib(gui_window.o)
    0x08021200   0x08021200   0x0000000e   Code   RO         2628    i._IsEnableAA       emXGUI100_MDK_M3.lib(gui_aa_core.o)
    0x0802120e   0x0802120e   0x0000003e   Code   RO         2359    i._IsIntersectRect  emXGUI100_MDK_M3.lib(gui_region.o)
    0x0802124c   0x0802124c   0x0000001c   Code   RO         2848    i._IsWindowVisible  emXGUI100_MDK_M3.lib(gui_window.o)
    0x08021268   0x08021268   0x00000042   Code   RO         2251    i._LPtoDP           emXGUI100_MDK_M3.lib(gui_gdi.o)
    0x080212aa   0x080212aa   0x0000000e   Code   RO         3202    i._MapARGB          emXGUI100_MDK_M3.lib(surface_argb8888.o)
    0x080212b8   0x080212b8   0x00000010   Code   RO         3225    i._MapARGB          emXGUI100_MDK_M3.lib(surface_rgb332.o)
    0x080212c8   0x080212c8   0x00000010   Code   RO         3248    i._MapARGB          emXGUI100_MDK_M3.lib(surface_rgb565.o)
    0x080212d8   0x080212d8   0x0000000e   Code   RO         3271    i._MapARGB          emXGUI100_MDK_M3.lib(surface_xrgb8888.o)
    0x080212e6   0x080212e6   0x0000000e   Code   RO         3203    i._MapRGB           emXGUI100_MDK_M3.lib(surface_argb8888.o)
    0x080212f4   0x080212f4   0x00000010   Code   RO         3226    i._MapRGB           emXGUI100_MDK_M3.lib(surface_rgb332.o)
    0x08021304   0x08021304   0x00000010   Code   RO         3249    i._MapRGB           emXGUI100_MDK_M3.lib(surface_rgb565.o)
    0x08021314   0x08021314   0x0000000a   Code   RO         3272    i._MapRGB           emXGUI100_MDK_M3.lib(surface_xrgb8888.o)
    0x0802131e   0x0802131e   0x0000001c   Code   RO         3204    i._MapRGB332        emXGUI100_MDK_M3.lib(surface_argb8888.o)
    0x0802133a   0x0802133a   0x00000002   Code   RO         3227    i._MapRGB332        emXGUI100_MDK_M3.lib(surface_rgb332.o)
    0x0802133c   0x0802133c   0x0000001e   Code   RO         3250    i._MapRGB332        emXGUI100_MDK_M3.lib(surface_rgb565.o)
    0x0802135a   0x0802135a   0x00000018   Code   RO         3273    i._MapRGB332        emXGUI100_MDK_M3.lib(surface_xrgb8888.o)
    0x08021372   0x08021372   0x0000001e   Code   RO         3205    i._MapRGB565        emXGUI100_MDK_M3.lib(surface_argb8888.o)
    0x08021390   0x08021390   0x00000016   Code   RO         3228    i._MapRGB565        emXGUI100_MDK_M3.lib(surface_rgb332.o)
    0x080213a6   0x080213a6   0x00000002   Code   RO         3251    i._MapRGB565        emXGUI100_MDK_M3.lib(surface_rgb565.o)
    0x080213a8   0x080213a8   0x0000001a   Code   RO         3274    i._MapRGB565        emXGUI100_MDK_M3.lib(surface_xrgb8888.o)
    0x080213c2   0x080213c2   0x0000001c   Code   RO         3206    i._MapXRGB1555      emXGUI100_MDK_M3.lib(surface_argb8888.o)
    0x080213de   0x080213de   0x00000016   Code   RO         3229    i._MapXRGB1555      emXGUI100_MDK_M3.lib(surface_rgb332.o)
    0x080213f4   0x080213f4   0x00000018   Code   RO         3252    i._MapXRGB1555      emXGUI100_MDK_M3.lib(surface_rgb565.o)
    0x0802140c   0x0802140c   0x00000018   Code   RO         3275    i._MapXRGB1555      emXGUI100_MDK_M3.lib(surface_xrgb8888.o)
    0x08021424   0x08021424   0x0000001c   Code   RO         3207    i._MapXRGB4444      emXGUI100_MDK_M3.lib(surface_argb8888.o)
    0x08021440   0x08021440   0x00000016   Code   RO         3230    i._MapXRGB4444      emXGUI100_MDK_M3.lib(surface_rgb332.o)
    0x08021456   0x08021456   0x00000018   Code   RO         3253    i._MapXRGB4444      emXGUI100_MDK_M3.lib(surface_rgb565.o)
    0x0802146e   0x0802146e   0x00000018   Code   RO         3276    i._MapXRGB4444      emXGUI100_MDK_M3.lib(surface_xrgb8888.o)
    0x08021486   0x08021486   0x00000006   Code   RO         3208    i._MapXRGB8888      emXGUI100_MDK_M3.lib(surface_argb8888.o)
    0x0802148c   0x0802148c   0x00000016   Code   RO         3231    i._MapXRGB8888      emXGUI100_MDK_M3.lib(surface_rgb332.o)
    0x080214a2   0x080214a2   0x00000016   Code   RO         3254    i._MapXRGB8888      emXGUI100_MDK_M3.lib(surface_rgb565.o)
    0x080214b8   0x080214b8   0x00000002   Code   RO         3277    i._MapXRGB8888      emXGUI100_MDK_M3.lib(surface_xrgb8888.o)
    0x080214ba   0x080214ba   0x0000000e   Code   RO         2360    i._OffsetRect       emXGUI100_MDK_M3.lib(gui_region.o)
    0x080214c8   0x080214c8   0x00000048   Code   RO         2849    i._OffsetWindowRect  emXGUI100_MDK_M3.lib(gui_window.o)
    0x08021510   0x08021510   0x00000058   Code   RO         2711    i._PostFlushMessage  emXGUI100_MDK_M3.lib(gui_message.o)
    0x08021568   0x08021568   0x0000002a   Code   RO         2713    i._PostNCPaintMessage  emXGUI100_MDK_M3.lib(gui_message.o)
    0x08021592   0x08021592   0x00000020   Code   RO         2714    i._PostPaintMessage  emXGUI100_MDK_M3.lib(gui_message.o)
    0x080215b2   0x080215b2   0x0000002a   Code   RO         2363    i._PtInRect         emXGUI100_MDK_M3.lib(gui_region.o)
    0x080215dc   0x080215dc   0x00000134   Code   RO         2850    i._RedrawWindow     emXGUI100_MDK_M3.lib(gui_window.o)
    0x08021710   0x08021710   0x00000030   Code   RO         2851    i._ScreenToClient   emXGUI100_MDK_M3.lib(gui_window.o)
    0x08021740   0x08021740   0x00000030   Code   RO         2852    i._ScreenToWindow   emXGUI100_MDK_M3.lib(gui_window.o)
    0x08021770   0x08021770   0x00000032   Code   RO         2853    i._SendMessage_WM_MOVE_AllChild  emXGUI100_MDK_M3.lib(gui_window.o)
    0x080217a2   0x080217a2   0x00000032   Code   RO         2854    i._SendMessage_WM_SIZE_AllChild  emXGUI100_MDK_M3.lib(gui_window.o)
    0x080217d4   0x080217d4   0x0000004a   Code   RO         2252    i._SetDrawRect      emXGUI100_MDK_M3.lib(gui_gdi.o)
    0x0802181e   0x0802181e   0x0000000c   Code   RO         2365    i._SetRectEmpty     emXGUI100_MDK_M3.lib(gui_region.o)
    0x0802182a   0x0802182a   0x0000008c   Code   RO         2855    i._SetWindowClipFlag  emXGUI100_MDK_M3.lib(gui_window.o)
    0x080218b6   0x080218b6   0x00000002   PAD
    0x080218b8   0x080218b8   0x00000374   Code   RO         2857    i._SetWindowPos     emXGUI100_MDK_M3.lib(gui_window.o)
    0x08021c2c   0x08021c2c   0x0000009a   Code   RO         2858    i._SetWindowSize    emXGUI100_MDK_M3.lib(gui_window.o)
    0x08021cc6   0x08021cc6   0x00000002   PAD
    0x08021cc8   0x08021cc8   0x00000054   Code   RO         2859    i._SetWindowToTop   emXGUI100_MDK_M3.lib(gui_window.o)
    0x08021d1c   0x08021d1c   0x00000040   Code   RO         2860    i._ShowWindow       emXGUI100_MDK_M3.lib(gui_window.o)
    0x08021d5c   0x08021d5c   0x00000098   Code   RO         3059    i._SkipInputData    libjpeg_MDK_CM3.lib(emxgui_libjpeg.o)
    0x08021df4   0x08021df4   0x00000002   Code   RO         3060    i._TermSource       libjpeg_MDK_CM3.lib(emxgui_libjpeg.o)
    0x08021df6   0x08021df6   0x00000002   Code   RO         3209    i._ToARGB           emXGUI100_MDK_M3.lib(surface_argb8888.o)
    0x08021df8   0x08021df8   0x0000001c   Code   RO         3232    i._ToARGB           emXGUI100_MDK_M3.lib(surface_rgb332.o)
    0x08021e14   0x08021e14   0x0000001e   Code   RO         3255    i._ToARGB           emXGUI100_MDK_M3.lib(surface_rgb565.o)
    0x08021e32   0x08021e32   0x00000002   Code   RO         3278    i._ToARGB           emXGUI100_MDK_M3.lib(surface_xrgb8888.o)
    0x08021e34   0x08021e34   0x00000078   Code   RO         2861    i._WindowCleanup    emXGUI100_MDK_M3.lib(gui_window.o)
    0x08021eac   0x08021eac   0x0000002c   Code   RO         2862    i._WindowToScreen   emXGUI100_MDK_M3.lib(gui_window.o)
    0x08021ed8   0x08021ed8   0x000001c4   Code   RO         2542    i._Wu_DrawBoldLine  emXGUI100_MDK_M3.lib(gd_line.o)
    0x0802209c   0x0802209c   0x0000013c   Code   RO         2543    i._Wu_DrawLine      emXGUI100_MDK_M3.lib(gd_line.o)
    0x080221d8   0x080221d8   0x00000020   Code   RO         4153    i.__0printf$3       mc_w.l(printf3.o)
    0x080221f8   0x080221f8   0x00000028   Code   RO         4155    i.__0sprintf$3      mc_w.l(printf3.o)
    0x08022220   0x08022220   0x00000028   Code   RO         4454    i.__ARM_fpclassify  m_ws.l(fpclassify.o)
    0x08022248   0x08022248   0x0000009a   Code   RO         3118    i.__CaluCircle4     emXGUI100_MDK_M3.lib(gui_libc.o)
    0x080222e2   0x080222e2   0x00000018   Code   RO         3119    i.__InitCircle4     emXGUI100_MDK_M3.lib(gui_libc.o)
    0x080222fa   0x080222fa   0x00000002   PAD
    0x080222fc   0x080222fc   0x00000008   Code   RO         4430    i.__aeabi_errno_addr  mc_w.l(errno.o)
    0x08022304   0x08022304   0x000000d0   Code   RO         3385    i.__blend_argb      emXGUI100_MDK_M3.lib(gl_mem_16bpp.o)
    0x080223d4   0x080223d4   0x000000d0   Code   RO         3447    i.__blend_argb      emXGUI100_MDK_M3.lib(gl_mem_32bpp.o)
    0x080224a4   0x080224a4   0x0000002a   Code   RO         2992    i.__copy_bits       emXGUI100_MDK_M3.lib(gl_ext_lcd_16bit.o)
    0x080224ce   0x080224ce   0x0000005c   Code   RO         3386    i.__copy_bits       emXGUI100_MDK_M3.lib(gl_mem_16bpp.o)
    0x0802252a   0x0802252a   0x0000005c   Code   RO         3448    i.__copy_bits       emXGUI100_MDK_M3.lib(gl_mem_32bpp.o)
    0x08022586   0x08022586   0x0000003e   Code   RO         2468    i.__create_font     emXGUI100_MDK_M3.lib(gui_font_xft.o)
    0x080225c4   0x080225c4   0x0000005c   Code   RO         2485    i.__create_font     emXGUI100_MDK_M3.lib(gui_font_xft_ex.o)
    0x08022620   0x08022620   0x0000000a   Code   RO         2469    i.__delete_font     emXGUI100_MDK_M3.lib(gui_font_xft.o)
    0x0802262a   0x0802262a   0x00000014   Code   RO         2486    i.__delete_font     emXGUI100_MDK_M3.lib(gui_font_xft_ex.o)
    0x0802263e   0x0802263e   0x0000021a   Code   RO         2993    i.__draw_bitmap_AL1  emXGUI100_MDK_M3.lib(gl_ext_lcd_16bit.o)
    0x08022858   0x08022858   0x0000010e   Code   RO         3387    i.__draw_bitmap_AL1  emXGUI100_MDK_M3.lib(gl_mem_16bpp.o)
    0x08022966   0x08022966   0x0000010c   Code   RO         3449    i.__draw_bitmap_AL1  emXGUI100_MDK_M3.lib(gl_mem_32bpp.o)
    0x08022a72   0x08022a72   0x00000002   PAD
    0x08022a74   0x08022a74   0x00000220   Code   RO         2994    i.__draw_bitmap_AL2  emXGUI100_MDK_M3.lib(gl_ext_lcd_16bit.o)
    0x08022c94   0x08022c94   0x00000188   Code   RO         3388    i.__draw_bitmap_AL2  emXGUI100_MDK_M3.lib(gl_mem_16bpp.o)
    0x08022e1c   0x08022e1c   0x00000184   Code   RO         3450    i.__draw_bitmap_AL2  emXGUI100_MDK_M3.lib(gl_mem_32bpp.o)
    0x08022fa0   0x08022fa0   0x00000140   Code   RO         2995    i.__draw_bitmap_AL4  emXGUI100_MDK_M3.lib(gl_ext_lcd_16bit.o)
    0x080230e0   0x080230e0   0x000000f0   Code   RO         3389    i.__draw_bitmap_AL4  emXGUI100_MDK_M3.lib(gl_mem_16bpp.o)
    0x080231d0   0x080231d0   0x000000ec   Code   RO         3451    i.__draw_bitmap_AL4  emXGUI100_MDK_M3.lib(gl_mem_32bpp.o)
    0x080232bc   0x080232bc   0x00000074   Code   RO         2996    i.__draw_bitmap_AL8  emXGUI100_MDK_M3.lib(gl_ext_lcd_16bit.o)
    0x08023330   0x08023330   0x0000008e   Code   RO         3390    i.__draw_bitmap_AL8  emXGUI100_MDK_M3.lib(gl_mem_16bpp.o)
    0x080233be   0x080233be   0x0000008a   Code   RO         3452    i.__draw_bitmap_AL8  emXGUI100_MDK_M3.lib(gl_mem_32bpp.o)
    0x08023448   0x08023448   0x00000090   Code   RO         2997    i.__draw_bitmap_ARGB1555  emXGUI100_MDK_M3.lib(gl_ext_lcd_16bit.o)
    0x080234d8   0x080234d8   0x00000090   Code   RO         3391    i.__draw_bitmap_ARGB1555  emXGUI100_MDK_M3.lib(gl_mem_16bpp.o)
    0x08023568   0x08023568   0x00000090   Code   RO         3453    i.__draw_bitmap_ARGB1555  emXGUI100_MDK_M3.lib(gl_mem_32bpp.o)
    0x080235f8   0x080235f8   0x000000bc   Code   RO         2998    i.__draw_bitmap_ARGB4444  emXGUI100_MDK_M3.lib(gl_ext_lcd_16bit.o)
    0x080236b4   0x080236b4   0x000000c8   Code   RO         3392    i.__draw_bitmap_ARGB4444  emXGUI100_MDK_M3.lib(gl_mem_16bpp.o)
    0x0802377c   0x0802377c   0x000000c8   Code   RO         3454    i.__draw_bitmap_ARGB4444  emXGUI100_MDK_M3.lib(gl_mem_32bpp.o)
    0x08023844   0x08023844   0x000000bc   Code   RO         2999    i.__draw_bitmap_ARGB8888  emXGUI100_MDK_M3.lib(gl_ext_lcd_16bit.o)
    0x08023900   0x08023900   0x000000c0   Code   RO         3393    i.__draw_bitmap_ARGB8888  emXGUI100_MDK_M3.lib(gl_mem_16bpp.o)
    0x080239c0   0x080239c0   0x000000c0   Code   RO         3455    i.__draw_bitmap_ARGB8888  emXGUI100_MDK_M3.lib(gl_mem_32bpp.o)
    0x08023a80   0x08023a80   0x0000012c   Code   RO         3000    i.__draw_bitmap_LUT1  emXGUI100_MDK_M3.lib(gl_ext_lcd_16bit.o)
    0x08023bac   0x08023bac   0x00000116   Code   RO         3394    i.__draw_bitmap_LUT1  emXGUI100_MDK_M3.lib(gl_mem_16bpp.o)
    0x08023cc2   0x08023cc2   0x00000112   Code   RO         3456    i.__draw_bitmap_LUT1  emXGUI100_MDK_M3.lib(gl_mem_32bpp.o)
    0x08023dd4   0x08023dd4   0x00000002   Code   RO         3001    i.__draw_bitmap_LUT2  emXGUI100_MDK_M3.lib(gl_ext_lcd_16bit.o)
    0x08023dd6   0x08023dd6   0x00000002   Code   RO         3395    i.__draw_bitmap_LUT2  emXGUI100_MDK_M3.lib(gl_mem_16bpp.o)
    0x08023dd8   0x08023dd8   0x00000002   Code   RO         3457    i.__draw_bitmap_LUT2  emXGUI100_MDK_M3.lib(gl_mem_32bpp.o)
    0x08023dda   0x08023dda   0x000000a6   Code   RO         3002    i.__draw_bitmap_LUT4  emXGUI100_MDK_M3.lib(gl_ext_lcd_16bit.o)
    0x08023e80   0x08023e80   0x00000082   Code   RO         3396    i.__draw_bitmap_LUT4  emXGUI100_MDK_M3.lib(gl_mem_16bpp.o)
    0x08023f02   0x08023f02   0x00000082   Code   RO         3458    i.__draw_bitmap_LUT4  emXGUI100_MDK_M3.lib(gl_mem_32bpp.o)
    0x08023f84   0x08023f84   0x0000006a   Code   RO         3003    i.__draw_bitmap_LUT8  emXGUI100_MDK_M3.lib(gl_ext_lcd_16bit.o)
    0x08023fee   0x08023fee   0x00000050   Code   RO         3397    i.__draw_bitmap_LUT8  emXGUI100_MDK_M3.lib(gl_mem_16bpp.o)
    0x0802403e   0x0802403e   0x00000050   Code   RO         3459    i.__draw_bitmap_LUT8  emXGUI100_MDK_M3.lib(gl_mem_32bpp.o)
    0x0802408e   0x0802408e   0x00000066   Code   RO         3004    i.__draw_bitmap_RGB332  emXGUI100_MDK_M3.lib(gl_ext_lcd_16bit.o)
    0x080240f4   0x080240f4   0x00000086   Code   RO         3398    i.__draw_bitmap_RGB332  emXGUI100_MDK_M3.lib(gl_mem_16bpp.o)
    0x0802417a   0x0802417a   0x00000086   Code   RO         3460    i.__draw_bitmap_RGB332  emXGUI100_MDK_M3.lib(gl_mem_32bpp.o)
    0x08024200   0x08024200   0x00000028   Code   RO         3005    i.__draw_bitmap_RGB565  emXGUI100_MDK_M3.lib(gl_ext_lcd_16bit.o)
    0x08024228   0x08024228   0x000000ca   Code   RO         3399    i.__draw_bitmap_RGB565  emXGUI100_MDK_M3.lib(gl_mem_16bpp.o)
    0x080242f2   0x080242f2   0x00000086   Code   RO         3461    i.__draw_bitmap_RGB565  emXGUI100_MDK_M3.lib(gl_mem_32bpp.o)
    0x08024378   0x08024378   0x00000078   Code   RO         3006    i.__draw_bitmap_RGB888  emXGUI100_MDK_M3.lib(gl_ext_lcd_16bit.o)
    0x080243f0   0x080243f0   0x00000094   Code   RO         3400    i.__draw_bitmap_RGB888  emXGUI100_MDK_M3.lib(gl_mem_16bpp.o)
    0x08024484   0x08024484   0x00000094   Code   RO         3462    i.__draw_bitmap_RGB888  emXGUI100_MDK_M3.lib(gl_mem_32bpp.o)
    0x08024518   0x08024518   0x00000066   Code   RO         3007    i.__draw_bitmap_XRGB1555  emXGUI100_MDK_M3.lib(gl_ext_lcd_16bit.o)
    0x0802457e   0x0802457e   0x00000086   Code   RO         3401    i.__draw_bitmap_XRGB1555  emXGUI100_MDK_M3.lib(gl_mem_16bpp.o)
    0x08024604   0x08024604   0x00000086   Code   RO         3463    i.__draw_bitmap_XRGB1555  emXGUI100_MDK_M3.lib(gl_mem_32bpp.o)
    0x0802468a   0x0802468a   0x00000078   Code   RO         3008    i.__draw_bitmap_XRGB8888  emXGUI100_MDK_M3.lib(gl_ext_lcd_16bit.o)
    0x08024702   0x08024702   0x00000094   Code   RO         3402    i.__draw_bitmap_XRGB8888  emXGUI100_MDK_M3.lib(gl_mem_16bpp.o)
    0x08024796   0x08024796   0x000000de   Code   RO         3464    i.__draw_bitmap_XRGB8888  emXGUI100_MDK_M3.lib(gl_mem_32bpp.o)
    0x08024874   0x08024874   0x00000120   Code   RO         2470    i.__draw_char       emXGUI100_MDK_M3.lib(gui_font_xft.o)
    0x08024994   0x08024994   0x000000ee   Code   RO         2487    i.__draw_char       emXGUI100_MDK_M3.lib(gui_font_xft_ex.o)
    0x08024a82   0x08024a82   0x0000001e   Code   RO         3009    i.__draw_hline      emXGUI100_MDK_M3.lib(gl_ext_lcd_16bit.o)
    0x08024aa0   0x08024aa0   0x0000001e   Code   RO         3403    i.__draw_hline      emXGUI100_MDK_M3.lib(gl_mem_16bpp.o)
    0x08024abe   0x08024abe   0x0000001c   Code   RO         3465    i.__draw_hline      emXGUI100_MDK_M3.lib(gl_mem_32bpp.o)
    0x08024ada   0x08024ada   0x0000001c   Code   RO         3010    i.__draw_vline      emXGUI100_MDK_M3.lib(gl_ext_lcd_16bit.o)
    0x08024af6   0x08024af6   0x00000022   Code   RO         3404    i.__draw_vline      emXGUI100_MDK_M3.lib(gl_mem_16bpp.o)
    0x08024b18   0x08024b18   0x00000020   Code   RO         3466    i.__draw_vline      emXGUI100_MDK_M3.lib(gl_mem_32bpp.o)
    0x08024b38   0x08024b38   0x00000020   Code   RO         3011    i.__fill_rect       emXGUI100_MDK_M3.lib(gl_ext_lcd_16bit.o)
    0x08024b58   0x08024b58   0x0000005a   Code   RO         3405    i.__fill_rect       emXGUI100_MDK_M3.lib(gl_mem_16bpp.o)
    0x08024bb2   0x08024bb2   0x00000058   Code   RO         3467    i.__fill_rect       emXGUI100_MDK_M3.lib(gl_mem_32bpp.o)
    0x08024c0a   0x08024c0a   0x00000052   Code   RO         3012    i.__fill_rect_ARGB  emXGUI100_MDK_M3.lib(gl_ext_lcd_16bit.o)
    0x08024c5c   0x08024c5c   0x00000078   Code   RO         3406    i.__fill_rect_ARGB  emXGUI100_MDK_M3.lib(gl_mem_16bpp.o)
    0x08024cd4   0x08024cd4   0x00000078   Code   RO         3468    i.__fill_rect_ARGB  emXGUI100_MDK_M3.lib(gl_mem_32bpp.o)
    0x08024d4c   0x08024d4c   0x00000080   Code   RO         2471    i.__get_char_info   emXGUI100_MDK_M3.lib(gui_font_xft.o)
    0x08024dcc   0x08024dcc   0x00000048   Code   RO         2488    i.__get_char_info   emXGUI100_MDK_M3.lib(gui_font_xft_ex.o)
    0x08024e14   0x08024e14   0x0000000c   Code   RO         2472    i.__get_font_info   emXGUI100_MDK_M3.lib(gui_font_xft.o)
    0x08024e20   0x08024e20   0x0000000c   Code   RO         2489    i.__get_font_info   emXGUI100_MDK_M3.lib(gui_font_xft_ex.o)
    0x08024e2c   0x08024e2c   0x00000024   Code   RO         3013    i.__get_pixel       emXGUI100_MDK_M3.lib(gl_ext_lcd_16bit.o)
    0x08024e50   0x08024e50   0x0000000e   Code   RO         3407    i.__get_pixel       emXGUI100_MDK_M3.lib(gl_mem_16bpp.o)
    0x08024e5e   0x08024e5e   0x0000000e   Code   RO         3469    i.__get_pixel       emXGUI100_MDK_M3.lib(gl_mem_32bpp.o)
    0x08024e6c   0x08024e6c   0x00000388   Code   RO         4394    i.__ieee754_rem_pio2  m_ws.l(rred.o)
    0x080251f4   0x080251f4   0x000000fc   Code   RO         4377    i.__kernel_cos      m_ws.l(cos_i.o)
    0x080252f0   0x080252f0   0x000000aa   Code   RO         4456    i.__kernel_poly     m_ws.l(poly.o)
    0x0802539a   0x0802539a   0x00000002   PAD
    0x0802539c   0x0802539c   0x000000ec   Code   RO         4399    i.__kernel_sin      m_ws.l(sin_i.o)
    0x08025488   0x08025488   0x00000006   Code   RO         4381    i.__mathlib_dbl_infnan  m_ws.l(dunder.o)
    0x0802548e   0x0802548e   0x0000000c   Code   RO         4383    i.__mathlib_dbl_invalid  m_ws.l(dunder.o)
    0x0802549a   0x0802549a   0x00000002   PAD
    0x0802549c   0x0802549c   0x00000010   Code   RO         4386    i.__mathlib_dbl_underflow  m_ws.l(dunder.o)
    0x080254ac   0x080254ac   0x0000000e   Code   RO         2640    i.__mem_get_data    emXGUI100_MDK_M3.lib(gui_imagebmp.o)
    0x080254ba   0x080254ba   0x00000002   PAD
    0x080254bc   0x080254bc   0x00000576   Code   RO         3014    i.__rotate_bitmap   emXGUI100_MDK_M3.lib(gl_ext_lcd_16bit.o)
    0x08025a32   0x08025a32   0x00000002   PAD
    0x08025a34   0x08025a34   0x0000060a   Code   RO         3408    i.__rotate_bitmap   emXGUI100_MDK_M3.lib(gl_mem_16bpp.o)
    0x0802603e   0x0802603e   0x00000002   PAD
    0x08026040   0x08026040   0x00000608   Code   RO         3470    i.__rotate_bitmap   emXGUI100_MDK_M3.lib(gl_mem_32bpp.o)
    0x08026648   0x08026648   0x000002fc   Code   RO         3015    i.__scale_bitmap    emXGUI100_MDK_M3.lib(gl_ext_lcd_16bit.o)
    0x08026944   0x08026944   0x00000314   Code   RO         3409    i.__scale_bitmap    emXGUI100_MDK_M3.lib(gl_mem_16bpp.o)
    0x08026c58   0x08026c58   0x0000032a   Code   RO         3471    i.__scale_bitmap    emXGUI100_MDK_M3.lib(gl_mem_32bpp.o)
    0x08026f82   0x08026f82   0x0000000e   Code   RO         4499    i.__scatterload_copy  mc_w.l(handlers.o)
    0x08026f90   0x08026f90   0x00000002   Code   RO         4500    i.__scatterload_null  mc_w.l(handlers.o)
    0x08026f92   0x08026f92   0x0000000e   Code   RO         4501    i.__scatterload_zeroinit  mc_w.l(handlers.o)
    0x08026fa0   0x08026fa0   0x0000000c   Code   RO         4432    i.__set_errno       mc_w.l(errno.o)
    0x08026fac   0x08026fac   0x00000028   Code   RO         3016    i.__set_pixel       emXGUI100_MDK_M3.lib(gl_ext_lcd_16bit.o)
    0x08026fd4   0x08026fd4   0x00000010   Code   RO         3410    i.__set_pixel       emXGUI100_MDK_M3.lib(gl_mem_16bpp.o)
    0x08026fe4   0x08026fe4   0x00000010   Code   RO         3472    i.__set_pixel       emXGUI100_MDK_M3.lib(gl_mem_32bpp.o)
    0x08026ff4   0x08026ff4   0x000000b0   Code   RO         3017    i.__set_pixel_ARGB  emXGUI100_MDK_M3.lib(gl_ext_lcd_16bit.o)
    0x080270a4   0x080270a4   0x0000004a   Code   RO         3411    i.__set_pixel_ARGB  emXGUI100_MDK_M3.lib(gl_mem_16bpp.o)
    0x080270ee   0x080270ee   0x0000004a   Code   RO         3473    i.__set_pixel_ARGB  emXGUI100_MDK_M3.lib(gl_mem_32bpp.o)
    0x08027138   0x08027138   0x00000020   Code   RO         3018    i.__set_pos         emXGUI100_MDK_M3.lib(gl_ext_lcd_16bit.o)
    0x08027158   0x08027158   0x0000000e   Code   RO         3412    i.__set_pos         emXGUI100_MDK_M3.lib(gl_mem_16bpp.o)
    0x08027166   0x08027166   0x0000000e   Code   RO         3474    i.__set_pos         emXGUI100_MDK_M3.lib(gl_mem_32bpp.o)
    0x08027174   0x08027174   0x00000048   Code   RO         3019    i.__xor_pixel       emXGUI100_MDK_M3.lib(gl_ext_lcd_16bit.o)
    0x080271bc   0x080271bc   0x00000018   Code   RO         3413    i.__xor_pixel       emXGUI100_MDK_M3.lib(gl_mem_16bpp.o)
    0x080271d4   0x080271d4   0x00000014   Code   RO         3475    i.__xor_pixel       emXGUI100_MDK_M3.lib(gl_mem_32bpp.o)
    0x080271e8   0x080271e8   0x0000009c   Code   RO         3147    i._gdDrawArc        emXGUI100_MDK_M3.lib(gd_arc.o)
    0x08027284   0x08027284   0x00000090   Code   RO         2516    i._gdDrawCircle     emXGUI100_MDK_M3.lib(gd_circle.o)
    0x08027314   0x08027314   0x0000024a   Code   RO         3163    i._gdFillPolygon    emXGUI100_MDK_M3.lib(gd_polygon.o)
    0x0802755e   0x0802755e   0x00000124   Code   RO         2596    i._gdFillRect       emXGUI100_MDK_M3.lib(gd_rect.o)
    0x08027682   0x08027682   0x00000142   Code   RO         2544    i._gdHLine          emXGUI100_MDK_M3.lib(gd_line.o)
    0x080277c4   0x080277c4   0x000000cc   Code   RO         2573    i._gdSetPixel       emXGUI100_MDK_M3.lib(gd_pixel.o)
    0x08027890   0x08027890   0x000000a0   Code   RO         2574    i._gdSetPixelARGB   emXGUI100_MDK_M3.lib(gd_pixel.o)
    0x08027930   0x08027930   0x00000140   Code   RO         2545    i._gdVLine          emXGUI100_MDK_M3.lib(gd_line.o)
    0x08027a70   0x08027a70   0x00000088   Code   RO         2575    i._gdXorPixel       emXGUI100_MDK_M3.lib(gd_pixel.o)
    0x08027af8   0x08027af8   0x000001b8   Code   RO         4160    i._printf_core      mc_w.l(printf3.o)
    0x08027cb0   0x08027cb0   0x0000000a   Code   RO         4162    i._sputc            mc_w.l(printf3.o)
    0x08027cba   0x08027cba   0x00000108   Code   RO         3781    i.access_virt_barray  libjpeg_MDK_CM3.lib(jmemmgr.o)
    0x08027dc2   0x08027dc2   0x00000106   Code   RO         3782    i.access_virt_sarray  libjpeg_MDK_CM3.lib(jmemmgr.o)
    0x08027ec8   0x08027ec8   0x0000007c   Code   RO         3783    i.alloc_barray      libjpeg_MDK_CM3.lib(jmemmgr.o)
    0x08027f44   0x08027f44   0x00000098   Code   RO         3784    i.alloc_large       libjpeg_MDK_CM3.lib(jmemmgr.o)
    0x08027fdc   0x08027fdc   0x00000078   Code   RO         3785    i.alloc_sarray      libjpeg_MDK_CM3.lib(jmemmgr.o)
    0x08028054   0x08028054   0x000000fc   Code   RO         3786    i.alloc_small       libjpeg_MDK_CM3.lib(jmemmgr.o)
    0x08028150   0x08028150   0x00000124   Code   RO         3821    i.arith_decode      libjpeg_MDK_CM3.lib(jdarith.o)
    0x08028274   0x08028274   0x000000ac   Code   RO         3849    i.build_ycc_rgb_table  libjpeg_MDK_CM3.lib(jdcolor.o)
    0x08028320   0x08028320   0x000000dc   Code   RO         4004    i.ceil              m_ws.l(ceil.o)
    0x080283fc   0x080283fc   0x0000005c   Code   RO         3957    i.color_quantize    libjpeg_MDK_CM3.lib(jquant1.o)
    0x08028458   0x08028458   0x00000062   Code   RO         3958    i.color_quantize3   libjpeg_MDK_CM3.lib(jquant1.o)
    0x080284ba   0x080284ba   0x00000020   Code   RO         3583    i.color_tree_cleanup  libpng_MDK_CM3.lib(lodepng.o)
    0x080284da   0x080284da   0x00000202   Code   RO         3761    i.consume_markers   libjpeg_MDK_CM3.lib(jdinput.o)
    0x080286dc   0x080286dc   0x0000009c   Code   RO         4008    i.cos               m_ws.l(cos.o)
    0x08028778   0x08028778   0x000000d8   Code   RO         3959    i.create_colorindex  libjpeg_MDK_CM3.lib(jquant1.o)
    0x08028850   0x08028850   0x00000c84   Code   RO         3584    i.decodeGeneric     libpng_MDK_CM3.lib(lodepng.o)
    0x080294d4   0x080294d4   0x00000254   Code   RO         3822    i.decode_mcu        libjpeg_MDK_CM3.lib(jdarith.o)
    0x08029728   0x08029728   0x00000304   Code   RO         3870    i.decode_mcu        libjpeg_MDK_CM3.lib(jdhuff.o)
    0x08029a2c   0x08029a2c   0x00000164   Code   RO         3823    i.decode_mcu_AC_first  libjpeg_MDK_CM3.lib(jdarith.o)
    0x08029b90   0x08029b90   0x00000194   Code   RO         3871    i.decode_mcu_AC_first  libjpeg_MDK_CM3.lib(jdhuff.o)
    0x08029d24   0x08029d24   0x00000148   Code   RO         3824    i.decode_mcu_AC_refine  libjpeg_MDK_CM3.lib(jdarith.o)
    0x08029e6c   0x08029e6c   0x000002dc   Code   RO         3872    i.decode_mcu_AC_refine  libjpeg_MDK_CM3.lib(jdhuff.o)
    0x0802a148   0x0802a148   0x0000016e   Code   RO         3825    i.decode_mcu_DC_first  libjpeg_MDK_CM3.lib(jdarith.o)
    0x0802a2b6   0x0802a2b6   0x00000002   PAD
    0x0802a2b8   0x0802a2b8   0x00000170   Code   RO         3873    i.decode_mcu_DC_first  libjpeg_MDK_CM3.lib(jdhuff.o)
    0x0802a428   0x0802a428   0x00000066   Code   RO         3826    i.decode_mcu_DC_refine  libjpeg_MDK_CM3.lib(jdarith.o)
    0x0802a48e   0x0802a48e   0x000000a6   Code   RO         3874    i.decode_mcu_DC_refine  libjpeg_MDK_CM3.lib(jdhuff.o)
    0x0802a534   0x0802a534   0x000001be   Code   RO         3839    i.decompress_onepass  libjpeg_MDK_CM3.lib(jdcoefct.o)
    0x0802a6f2   0x0802a6f2   0x0000008c   Code   RO         3787    i.do_barray_io      libjpeg_MDK_CM3.lib(jmemmgr.o)
    0x0802a77e   0x0802a77e   0x0000008a   Code   RO         3788    i.do_sarray_io      libjpeg_MDK_CM3.lib(jmemmgr.o)
    0x0802a808   0x0802a808   0x00000068   Code   RO         2048    i.double_val_init   x_libc_MDK_M3.lib(x_stdlib.o)
    0x0802a870   0x0802a870   0x000000fc   Code   RO         3296    i.draw_window_frame  emXGUI100_MDK_M3.lib(gui_face.o)
    0x0802a96c   0x0802a96c   0x00000004   Code   RO         3840    i.dummy_consume_data  libjpeg_MDK_CM3.lib(jdcoefct.o)
    0x0802a970   0x0802a970   0x00000030   Code   RO         3565    i.emit_message      libjpeg_MDK_CM3.lib(jerror.o)
    0x0802a9a0   0x0802a9a0   0x00000014   Code   RO         3566    i.error_exit        libjpeg_MDK_CM3.lib(jerror.o)
    0x0802a9b4   0x0802a9b4   0x000001ac   Code   RO         3537    i.examine_app0      libjpeg_MDK_CM3.lib(jdmarker.o)
    0x0802ab60   0x0802ab60   0x0000009a   Code   RO         3538    i.examine_app14     libjpeg_MDK_CM3.lib(jdmarker.o)
    0x0802abfa   0x0802abfa   0x000002e4   Code   RO         3978    i.fill_inverse_cmap  libjpeg_MDK_CM3.lib(jquant2.o)
    0x0802aede   0x0802aede   0x00000002   PAD
    0x0802aee0   0x0802aee0   0x00000010   Code   RO         3762    i.finish_input_pass  libjpeg_MDK_CM3.lib(jdinput.o)
    0x0802aef0   0x0802aef0   0x0000001c   Code   RO         3771    i.finish_output_pass  libjpeg_MDK_CM3.lib(jdmaster.o)
    0x0802af0c   0x0802af0c   0x00000254   Code   RO         3979    i.finish_pass1      libjpeg_MDK_CM3.lib(jquant2.o)
    0x0802b160   0x0802b160   0x00000002   Code   RO         3980    i.finish_pass2      libjpeg_MDK_CM3.lib(jquant2.o)
    0x0802b162   0x0802b162   0x00000002   Code   RO         3960    i.finish_pass_1_quant  libjpeg_MDK_CM3.lib(jquant1.o)
    0x0802b164   0x0802b164   0x000000dc   Code   RO         4016    i.floor             m_ws.l(floor.o)
    0x0802b240   0x0802b240   0x00000002   Code   RO         3567    i.format_message    libjpeg_MDK_CM3.lib(jerror.o)
    0x0802b242   0x0802b242   0x000000ca   Code   RO         3789    i.free_pool         libjpeg_MDK_CM3.lib(jmemmgr.o)
    0x0802b30c   0x0802b30c   0x00000004   Code   RO         3925    i.fullsize_upsample  libjpeg_MDK_CM3.lib(jdsample.o)
    0x0802b310   0x0802b310   0x0000005a   Code   RO         2597    i.gdDraw3DRect      emXGUI100_MDK_M3.lib(gd_rect.o)
    0x0802b36a   0x0802b36a   0x00000078   Code   RO         2599    i.gdFill3DRect      emXGUI100_MDK_M3.lib(gd_rect.o)
    0x0802b3e2   0x0802b3e2   0x0000002a   Code   RO         2600    i.gdFillRect        emXGUI100_MDK_M3.lib(gd_rect.o)
    0x0802b40c   0x0802b40c   0x0000004e   Code   RO         2546    i.gdHLine           emXGUI100_MDK_M3.lib(gd_line.o)
    0x0802b45a   0x0802b45a   0x000000ce   Code   RO         2547    i.gdLine            emXGUI100_MDK_M3.lib(gd_line.o)
    0x0802b528   0x0802b528   0x0000002e   Code   RO         2577    i.gdSetPixel        emXGUI100_MDK_M3.lib(gd_pixel.o)
    0x0802b556   0x0802b556   0x00000040   Code   RO         2578    i.gdSetPixelARGB    emXGUI100_MDK_M3.lib(gd_pixel.o)
    0x0802b596   0x0802b596   0x00000050   Code   RO         2550    i.gdVLine           emXGUI100_MDK_M3.lib(gd_line.o)
    0x0802b5e6   0x0802b5e6   0x0000039e   Code   RO         3585    i.getPixelColorsRGBA8  libpng_MDK_CM3.lib(lodepng.o)
    0x0802b984   0x0802b984   0x00000410   Code   RO         3586    i.getTreeInflateDynamic  libpng_MDK_CM3.lib(lodepng.o)
    0x0802bd94   0x0802bd94   0x00000086   Code   RO         3739    i.get_hscroll_rect  emXGUI100_MDK_M3.lib(widget_scrollbar2.o)
    0x0802be1a   0x0802be1a   0x00000106   Code   RO         3539    i.get_interesting_appn  libjpeg_MDK_CM3.lib(jdmarker.o)
    0x0802bf20   0x0802bf20   0x0000026a   Code   RO         3540    i.get_sof           libjpeg_MDK_CM3.lib(jdmarker.o)
    0x0802c18a   0x0802c18a   0x00000086   Code   RO         3740    i.get_vscroll_rect  emXGUI100_MDK_M3.lib(widget_scrollbar2.o)
    0x0802c210   0x0802c210   0x00000046   Code   RO         3850    i.gray_rgb_convert  libjpeg_MDK_CM3.lib(jdcolor.o)
    0x0802c256   0x0802c256   0x00000020   Code   RO         3851    i.grayscale_convert  libjpeg_MDK_CM3.lib(jdcolor.o)
    0x0802c276   0x0802c276   0x000000f4   Code   RO         3903    i.h2v1_merged_upsample  libjpeg_MDK_CM3.lib(jdmerge.o)
    0x0802c36a   0x0802c36a   0x00000044   Code   RO         3926    i.h2v1_upsample     libjpeg_MDK_CM3.lib(jdsample.o)
    0x0802c3ae   0x0802c3ae   0x00000178   Code   RO         3904    i.h2v2_merged_upsample  libjpeg_MDK_CM3.lib(jdmerge.o)
    0x0802c526   0x0802c526   0x00000066   Code   RO         3927    i.h2v2_upsample     libjpeg_MDK_CM3.lib(jdsample.o)
    0x0802c58c   0x0802c58c   0x00000008   Code   RO         2970    i.hBmpArrowDown     emXGUI100_MDK_M3.lib(gui_resource.o)
    0x0802c594   0x0802c594   0x00000008   Code   RO         2971    i.hBmpArrowLeft     emXGUI100_MDK_M3.lib(gui_resource.o)
    0x0802c59c   0x0802c59c   0x00000008   Code   RO         2972    i.hBmpArrowRight    emXGUI100_MDK_M3.lib(gui_resource.o)
    0x0802c5a4   0x0802c5a4   0x00000008   Code   RO         2973    i.hBmpArrowUp       emXGUI100_MDK_M3.lib(gui_resource.o)
    0x0802c5ac   0x0802c5ac   0x00000088   Code   RO         3928    i.int_upsample      libjpeg_MDK_CM3.lib(jdsample.o)
    0x0802c634   0x0802c634   0x00000030   Code   RO         3811    i.jcopy_sample_rows  libjpeg_MDK_CM3.lib(jutils.o)
    0x0802c664   0x0802c664   0x0000000a   Code   RO         3812    i.jdiv_round_up     libjpeg_MDK_CM3.lib(jutils.o)
    0x0802c66e   0x0802c66e   0x00000002   PAD
    0x0802c670   0x0802c670   0x0000022c   Code   RO         3961    i.jinit_1pass_quantizer  libjpeg_MDK_CM3.lib(jquant1.o)
    0x0802c89c   0x0802c89c   0x00000168   Code   RO         3981    i.jinit_2pass_quantizer  libjpeg_MDK_CM3.lib(jquant2.o)
    0x0802ca04   0x0802ca04   0x00000070   Code   RO         3827    i.jinit_arith_decoder  libjpeg_MDK_CM3.lib(jdarith.o)
    0x0802ca74   0x0802ca74   0x0000013c   Code   RO         3852    i.jinit_color_deconverter  libjpeg_MDK_CM3.lib(jdcolor.o)
    0x0802cbb0   0x0802cbb0   0x00000074   Code   RO         3841    i.jinit_d_coef_controller  libjpeg_MDK_CM3.lib(jdcoefct.o)
    0x0802cc24   0x0802cc24   0x00000118   Code   RO         3893    i.jinit_d_main_controller  libjpeg_MDK_CM3.lib(jdmainct.o)
    0x0802cd3c   0x0802cd3c   0x00000080   Code   RO         3915    i.jinit_d_post_controller  libjpeg_MDK_CM3.lib(jdpostct.o)
    0x0802cdbc   0x0802cdbc   0x0000007c   Code   RO         3875    i.jinit_huff_decoder  libjpeg_MDK_CM3.lib(jdhuff.o)
    0x0802ce38   0x0802ce38   0x00000040   Code   RO         3763    i.jinit_input_controller  libjpeg_MDK_CM3.lib(jdinput.o)
    0x0802ce78   0x0802ce78   0x00000064   Code   RO         3865    i.jinit_inverse_dct  libjpeg_MDK_CM3.lib(jddctmgr.o)
    0x0802cedc   0x0802cedc   0x00000074   Code   RO         3541    i.jinit_marker_reader  libjpeg_MDK_CM3.lib(jdmarker.o)
    0x0802cf50   0x0802cf50   0x000001b0   Code   RO         3772    i.jinit_master_decompress  libjpeg_MDK_CM3.lib(jdmaster.o)
    0x0802d100   0x0802d100   0x0000010c   Code   RO         3790    i.jinit_memory_mgr  libjpeg_MDK_CM3.lib(jmemmgr.o)
    0x0802d20c   0x0802d20c   0x00000108   Code   RO         3905    i.jinit_merged_upsampler  libjpeg_MDK_CM3.lib(jdmerge.o)
    0x0802d314   0x0802d314   0x00000140   Code   RO         3929    i.jinit_upsampler   libjpeg_MDK_CM3.lib(jdsample.o)
    0x0802d454   0x0802d454   0x000000a4   Code   RO         3515    i.jpeg_CreateDecompress  libjpeg_MDK_CM3.lib(jdapimin.o)
    0x0802d4f8   0x0802d4f8   0x00000036   Code   RO         3753    i.jpeg_abort        libjpeg_MDK_CM3.lib(jcomapi.o)
    0x0802d52e   0x0802d52e   0x00000016   Code   RO         3754    i.jpeg_alloc_huff_table  libjpeg_MDK_CM3.lib(jcomapi.o)
    0x0802d544   0x0802d544   0x00000014   Code   RO         3755    i.jpeg_alloc_quant_table  libjpeg_MDK_CM3.lib(jcomapi.o)
    0x0802d558   0x0802d558   0x0000006e   Code   RO         3773    i.jpeg_calc_output_dimensions  libjpeg_MDK_CM3.lib(jdmaster.o)
    0x0802d5c6   0x0802d5c6   0x00000002   PAD
    0x0802d5c8   0x0802d5c8   0x000001bc   Code   RO         3517    i.jpeg_consume_input  libjpeg_MDK_CM3.lib(jdapimin.o)
    0x0802d784   0x0802d784   0x00000016   Code   RO         3756    i.jpeg_destroy      libjpeg_MDK_CM3.lib(jcomapi.o)
    0x0802d79a   0x0802d79a   0x00000004   Code   RO         3518    i.jpeg_destroy_decompress  libjpeg_MDK_CM3.lib(jdapimin.o)
    0x0802d79e   0x0802d79e   0x000000bc   Code   RO         3876    i.jpeg_fill_bit_buffer  libjpeg_MDK_CM3.lib(jdhuff.o)
    0x0802d85a   0x0802d85a   0x00000090   Code   RO         3519    i.jpeg_finish_decompress  libjpeg_MDK_CM3.lib(jdapimin.o)
    0x0802d8ea   0x0802d8ea   0x00000006   Code   RO         3941    i.jpeg_free_large   libjpeg_MDK_CM3.lib(jmemnobs.o)
    0x0802d8f0   0x0802d8f0   0x00000006   Code   RO         3942    i.jpeg_free_small   libjpeg_MDK_CM3.lib(jmemnobs.o)
    0x0802d8f6   0x0802d8f6   0x00000006   Code   RO         3943    i.jpeg_get_large    libjpeg_MDK_CM3.lib(jmemnobs.o)
    0x0802d8fc   0x0802d8fc   0x00000006   Code   RO         3944    i.jpeg_get_small    libjpeg_MDK_CM3.lib(jmemnobs.o)
    0x0802d902   0x0802d902   0x00000002   PAD
    0x0802d904   0x0802d904   0x000000a4   Code   RO         3877    i.jpeg_huff_decode  libjpeg_MDK_CM3.lib(jdhuff.o)
    0x0802d9a8   0x0802d9a8   0x00000356   Code   RO         3999    i.jpeg_idct_ifast   libjpeg_MDK_CM3.lib(jidctfst.o)
    0x0802dcfe   0x0802dcfe   0x00000002   PAD
    0x0802dd00   0x0802dd00   0x000003f4   Code   RO         4001    i.jpeg_idct_islow   libjpeg_MDK_CM3.lib(jidctint.o)
    0x0802e0f4   0x0802e0f4   0x000001ec   Code   RO         3878    i.jpeg_make_d_derived_tbl  libjpeg_MDK_CM3.lib(jdhuff.o)
    0x0802e2e0   0x0802e2e0   0x00000004   Code   RO         3061    i.jpeg_malloc       libjpeg_MDK_CM3.lib(emxgui_libjpeg.o)
    0x0802e2e4   0x0802e2e4   0x00000004   Code   RO         3945    i.jpeg_mem_available  libjpeg_MDK_CM3.lib(jmemnobs.o)
    0x0802e2e8   0x0802e2e8   0x00000004   Code   RO         3946    i.jpeg_mem_init     libjpeg_MDK_CM3.lib(jmemnobs.o)
    0x0802e2ec   0x0802e2ec   0x00000002   Code   RO         3947    i.jpeg_mem_term     libjpeg_MDK_CM3.lib(jmemnobs.o)
    0x0802e2ee   0x0802e2ee   0x00000004   Code   RO         3062    i.jpeg_mfree        libjpeg_MDK_CM3.lib(emxgui_libjpeg.o)
    0x0802e2f2   0x0802e2f2   0x0000000c   Code   RO         3948    i.jpeg_open_backing_store  libjpeg_MDK_CM3.lib(jmemnobs.o)
    0x0802e2fe   0x0802e2fe   0x00000052   Code   RO         3522    i.jpeg_read_header  libjpeg_MDK_CM3.lib(jdapimin.o)
    0x0802e350   0x0802e350   0x0000007e   Code   RO         3532    i.jpeg_read_scanlines  libjpeg_MDK_CM3.lib(jdapistd.o)
    0x0802e3ce   0x0802e3ce   0x000000c6   Code   RO         3542    i.jpeg_resync_to_restart  libjpeg_MDK_CM3.lib(jdmarker.o)
    0x0802e494   0x0802e494   0x000000f6   Code   RO         3533    i.jpeg_start_decompress  libjpeg_MDK_CM3.lib(jdapistd.o)
    0x0802e58a   0x0802e58a   0x00000002   PAD
    0x0802e58c   0x0802e58c   0x00000048   Code   RO         3568    i.jpeg_std_error    libjpeg_MDK_CM3.lib(jerror.o)
    0x0802e5d4   0x0802e5d4   0x00000010   Code   RO         3813    i.jround_up         libjpeg_MDK_CM3.lib(jutils.o)
    0x0802e5e4   0x0802e5e4   0x00000004   Code   RO         3814    i.jzero_far         libjpeg_MDK_CM3.lib(jutils.o)
    0x0802e5e8   0x0802e5e8   0x00000030   Code   RO         3731    i.listbox_find_item  emXGUI100_MDK_M3.lib(widget_listbox2.o)
    0x0802e618   0x0802e618   0x0000010a   Code   RO         3587    i.lodepng_add_itext  libpng_MDK_CM3.lib(lodepng.o)
    0x0802e722   0x0802e722   0x0000008e   Code   RO         3588    i.lodepng_add_text  libpng_MDK_CM3.lib(lodepng.o)
    0x0802e7b0   0x0802e7b0   0x00000060   Code   RO         3607    i.lodepng_color_mode_copy  libpng_MDK_CM3.lib(lodepng.o)
    0x0802e810   0x0802e810   0x00000068   Code   RO         3608    i.lodepng_color_mode_equal  libpng_MDK_CM3.lib(lodepng.o)
    0x0802e878   0x0802e878   0x00000814   Code   RO         3610    i.lodepng_convert   libpng_MDK_CM3.lib(lodepng.o)
    0x0802f08c   0x0802f08c   0x000000d4   Code   RO         3612    i.lodepng_decode    libpng_MDK_CM3.lib(lodepng.o)
    0x0802f160   0x0802f160   0x00000082   Code   RO         3615    i.lodepng_decode_memory  libpng_MDK_CM3.lib(lodepng.o)
    0x0802f1e2   0x0802f1e2   0x00000004   Code   RO         3084    i.lodepng_free      libpng_MDK_CM3.lib(lodepng_app.o)
    0x0802f1e6   0x0802f1e6   0x0000002a   Code   RO         3619    i.lodepng_get_bpp   libpng_MDK_CM3.lib(lodepng.o)
    0x0802f210   0x0802f210   0x000003fc   Code   RO         3625    i.lodepng_inflatev  libpng_MDK_CM3.lib(lodepng.o)
    0x0802f60c   0x0802f60c   0x0000006c   Code   RO         3626    i.lodepng_info_cleanup  libpng_MDK_CM3.lib(lodepng.o)
    0x0802f678   0x0802f678   0x0000005a   Code   RO         3628    i.lodepng_info_init  libpng_MDK_CM3.lib(lodepng.o)
    0x0802f6d2   0x0802f6d2   0x00000002   PAD
    0x0802f6d4   0x0802f6d4   0x000001e4   Code   RO         3630    i.lodepng_inspect   libpng_MDK_CM3.lib(lodepng.o)
    0x0802f8b8   0x0802f8b8   0x00000004   Code   RO         3085    i.lodepng_malloc    libpng_MDK_CM3.lib(lodepng_app.o)
    0x0802f8bc   0x0802f8bc   0x00000038   Code   RO         3086    i.lodepng_realloc   libpng_MDK_CM3.lib(lodepng_app.o)
    0x0802f8f4   0x0802f8f4   0x0000012c   Code   RO         3640    i.lodepng_zlib_decompress  libpng_MDK_CM3.lib(lodepng.o)
    0x0802fa20   0x0802fa20   0x00000086   Code   RO         3741    i.make_hscroll_by_value  emXGUI100_MDK_M3.lib(widget_scrollbar2.o)
    0x0802faa6   0x0802faa6   0x00000086   Code   RO         3742    i.make_vscroll_by_value  emXGUI100_MDK_M3.lib(widget_scrollbar2.o)
    0x0802fb2c   0x0802fb2c   0x0000002c   Code   RO         3906    i.merged_1v_upsample  libjpeg_MDK_CM3.lib(jdmerge.o)
    0x0802fb58   0x0802fb58   0x000000a4   Code   RO         3907    i.merged_2v_upsample  libjpeg_MDK_CM3.lib(jdmerge.o)
    0x0802fbfc   0x0802fbfc   0x00000002   Code   RO         3063    i.my_emit_message   libjpeg_MDK_CM3.lib(emxgui_libjpeg.o)
    0x0802fbfe   0x0802fbfe   0x00000006   Code   RO         3064    i.my_error_exit     libjpeg_MDK_CM3.lib(emxgui_libjpeg.o)
    0x0802fc04   0x0802fc04   0x0000000c   Code   RO         3962    i.new_color_map_1_quant  libjpeg_MDK_CM3.lib(jquant1.o)
    0x0802fc10   0x0802fc10   0x0000000a   Code   RO         3982    i.new_color_map_2_quant  libjpeg_MDK_CM3.lib(jquant2.o)
    0x0802fc1a   0x0802fc1a   0x000000d4   Code   RO         3545    i.next_marker       libjpeg_MDK_CM3.lib(jdmarker.o)
    0x0802fcee   0x0802fcee   0x00000006   Code   RO         3930    i.noop_upsample     libjpeg_MDK_CM3.lib(jdsample.o)
    0x0802fcf4   0x0802fcf4   0x00000054   Code   RO         3853    i.null_convert      libjpeg_MDK_CM3.lib(jdcolor.o)
    0x0802fd48   0x0802fd48   0x00000002   Code   RO         3569    i.output_message    libjpeg_MDK_CM3.lib(jerror.o)
    0x0802fd4a   0x0802fd4a   0x000001f0   Code   RO         3983    i.pass2_fs_dither   libjpeg_MDK_CM3.lib(jquant2.o)
    0x0802ff3a   0x0802ff3a   0x0000007e   Code   RO         3984    i.pass2_no_dither   libjpeg_MDK_CM3.lib(jquant2.o)
    0x0802ffb8   0x0802ffb8   0x0000005a   Code   RO         2038    i.plug_holes        x_libc_MDK_M3.lib(x_heap.o)
    0x08030012   0x08030012   0x00000002   PAD
    0x08030014   0x08030014   0x00000314   Code   RO         3641    i.postProcessScanlines  libpng_MDK_CM3.lib(lodepng.o)
    0x08030328   0x08030328   0x00000064   Code   RO         3916    i.post_process_1pass  libjpeg_MDK_CM3.lib(jdpostct.o)
    0x0803038c   0x0803038c   0x00000088   Code   RO         3917    i.post_process_2pass  libjpeg_MDK_CM3.lib(jdpostct.o)
    0x08030414   0x08030414   0x00000094   Code   RO         3918    i.post_process_prepass  libjpeg_MDK_CM3.lib(jdpostct.o)
    0x080304a8   0x080304a8   0x00000128   Code   RO         3774    i.prepare_for_output_pass  libjpeg_MDK_CM3.lib(jdmaster.o)
    0x080305d0   0x080305d0   0x0000006c   Code   RO         3985    i.prescan_quantize  libjpeg_MDK_CM3.lib(jquant2.o)
    0x0803063c   0x0803063c   0x00000206   Code   RO         3894    i.process_data_context_main  libjpeg_MDK_CM3.lib(jdmainct.o)
    0x08030842   0x08030842   0x0000001e   Code   RO         3895    i.process_data_crank_post  libjpeg_MDK_CM3.lib(jdmainct.o)
    0x08030860   0x08030860   0x00000074   Code   RO         3896    i.process_data_simple_main  libjpeg_MDK_CM3.lib(jdmainct.o)
    0x080308d4   0x080308d4   0x0000009c   Code   RO         3828    i.process_restart   libjpeg_MDK_CM3.lib(jdarith.o)
    0x08030970   0x08030970   0x00000060   Code   RO         3879    i.process_restart   libjpeg_MDK_CM3.lib(jdhuff.o)
    0x080309d0   0x080309d0   0x00000044   Code   RO         3723    i.pushbutton_paint  emXGUI100_MDK_M3.lib(widget_button2.o)
    0x08030a14   0x08030a14   0x000000b4   Code   RO         3963    i.quantize3_ord_dither  libjpeg_MDK_CM3.lib(jquant1.o)
    0x08030ac8   0x08030ac8   0x00000138   Code   RO         3964    i.quantize_fs_dither  libjpeg_MDK_CM3.lib(jquant1.o)
    0x08030c00   0x08030c00   0x0000009a   Code   RO         3965    i.quantize_ord_dither  libjpeg_MDK_CM3.lib(jquant1.o)
    0x08030c9a   0x08030c9a   0x0000003a   Code   RO         3642    i.readBitsFromStream  libpng_MDK_CM3.lib(lodepng.o)
    0x08030cd4   0x08030cd4   0x00000b78   Code   RO         3546    i.read_markers      libjpeg_MDK_CM3.lib(jdmarker.o)
    0x0803184c   0x0803184c   0x0000006a   Code   RO         3547    i.read_restart_marker  libjpeg_MDK_CM3.lib(jdmarker.o)
    0x080318b6   0x080318b6   0x00000002   PAD
    0x080318b8   0x080318b8   0x00000234   Code   RO         3791    i.realize_virt_arrays  libjpeg_MDK_CM3.lib(jmemmgr.o)
    0x08031aec   0x08031aec   0x0000007a   Code   RO         3643    i.removePaddingBits  libpng_MDK_CM3.lib(lodepng.o)
    0x08031b66   0x08031b66   0x0000004e   Code   RO         3792    i.request_virt_barray  libjpeg_MDK_CM3.lib(jmemmgr.o)
    0x08031bb4   0x08031bb4   0x0000004e   Code   RO         3793    i.request_virt_sarray  libjpeg_MDK_CM3.lib(jmemmgr.o)
    0x08031c02   0x08031c02   0x0000000c   Code   RO         3570    i.reset_error_mgr   libjpeg_MDK_CM3.lib(jerror.o)
    0x08031c0e   0x08031c0e   0x00000002   PAD
    0x08031c10   0x08031c10   0x00000034   Code   RO         3764    i.reset_input_controller  libjpeg_MDK_CM3.lib(jdinput.o)
    0x08031c44   0x08031c44   0x0000001c   Code   RO         3548    i.reset_marker_reader  libjpeg_MDK_CM3.lib(jdmarker.o)
    0x08031c60   0x08031c60   0x0000002a   Code   RO         3794    i.self_destruct     libjpeg_MDK_CM3.lib(jmemmgr.o)
    0x08031c8a   0x08031c8a   0x000000be   Code   RO         3931    i.sep_upsample      libjpeg_MDK_CM3.lib(jdsample.o)
    0x08031d48   0x08031d48   0x000000a0   Code   RO         4020    i.sin               m_ws.l(sin.o)
    0x08031de8   0x08031de8   0x00000080   Code   RO         3550    i.skip_variable     libjpeg_MDK_CM3.lib(jdmarker.o)
    0x08031e68   0x08031e68   0x00000304   Code   RO         2551    i.solid_line        emXGUI100_MDK_M3.lib(gd_line.o)
    0x0803216c   0x0803216c   0x000001b8   Code   RO         3765    i.start_input_pass  libjpeg_MDK_CM3.lib(jdinput.o)
    0x08032324   0x08032324   0x0000002e   Code   RO         3842    i.start_input_pass  libjpeg_MDK_CM3.lib(jdcoefct.o)
    0x08032352   0x08032352   0x00000006   Code   RO         3843    i.start_output_pass  libjpeg_MDK_CM3.lib(jdcoefct.o)
    0x08032358   0x08032358   0x00000268   Code   RO         3829    i.start_pass        libjpeg_MDK_CM3.lib(jdarith.o)
    0x080325c0   0x080325c0   0x00000104   Code   RO         3866    i.start_pass        libjpeg_MDK_CM3.lib(jddctmgr.o)
    0x080326c4   0x080326c4   0x0000018c   Code   RO         3966    i.start_pass_1_quant  libjpeg_MDK_CM3.lib(jquant1.o)
    0x08032850   0x08032850   0x00000154   Code   RO         3986    i.start_pass_2_quant  libjpeg_MDK_CM3.lib(jquant2.o)
    0x080329a4   0x080329a4   0x00000002   Code   RO         3854    i.start_pass_dcolor  libjpeg_MDK_CM3.lib(jdcolor.o)
    0x080329a6   0x080329a6   0x00000002   PAD
    0x080329a8   0x080329a8   0x00000088   Code   RO         3919    i.start_pass_dpost  libjpeg_MDK_CM3.lib(jdpostct.o)
    0x08032a30   0x08032a30   0x000002d0   Code   RO         3880    i.start_pass_huff_decoder  libjpeg_MDK_CM3.lib(jdhuff.o)
    0x08032d00   0x08032d00   0x00000118   Code   RO         3897    i.start_pass_main   libjpeg_MDK_CM3.lib(jdmainct.o)
    0x08032e18   0x08032e18   0x00000010   Code   RO         3908    i.start_pass_merged_upsample  libjpeg_MDK_CM3.lib(jdmerge.o)
    0x08032e28   0x08032e28   0x00000010   Code   RO         3932    i.start_pass_upsample  libjpeg_MDK_CM3.lib(jdsample.o)
    0x08032e38   0x08032e38   0x0000001a   Code   RO         3644    i.string_init       libpng_MDK_CM3.lib(lodepng.o)
    0x08032e52   0x08032e52   0x00000038   Code   RO         3645    i.string_set        libpng_MDK_CM3.lib(lodepng.o)
    0x08032e8a   0x08032e8a   0x00000032   Code   RO         3646    i.ucvector_resize   libpng_MDK_CM3.lib(lodepng.o)
    0x08032ebc   0x08032ebc   0x000001dc   Code   RO         3647    i.unfilter          libpng_MDK_CM3.lib(lodepng.o)
    0x08033098   0x08033098   0x00000254   Code   RO         3987    i.update_box        libjpeg_MDK_CM3.lib(jquant2.o)
    0x080332ec   0x080332ec   0x0000008e   Code   RO         3775    i.use_merged_upsample  libjpeg_MDK_CM3.lib(jdmaster.o)
    0x0803337a   0x0803337a   0x00000002   PAD
    0x0803337c   0x0803337c   0x000000e4   Code   RO         2111    i.vprtf_ltoa_store  x_libc_MDK_M3.lib(x_wstring.o)
    0x08033460   0x08033460   0x000003f8   Code   RO         3724    i.win_proc          emXGUI100_MDK_M3.lib(widget_button2.o)
    0x08033858   0x08033858   0x000000f2   Code   RO         3728    i.win_proc          emXGUI100_MDK_M3.lib(widget_groupbox2.o)
    0x0803394a   0x0803394a   0x00000994   Code   RO         3732    i.win_proc          emXGUI100_MDK_M3.lib(widget_listbox2.o)
    0x080342de   0x080342de   0x0000019c   Code   RO         3736    i.win_proc          emXGUI100_MDK_M3.lib(widget_progressbar2.o)
    0x0803447a   0x0803447a   0x0000072c   Code   RO         3743    i.win_proc          emXGUI100_MDK_M3.lib(widget_scrollbar2.o)
    0x08034ba6   0x08034ba6   0x0000016e   Code   RO         3750    i.win_proc          emXGUI100_MDK_M3.lib(widget_textbox2.o)
    0x08034d14   0x08034d14   0x0000011c   Code   RO         2039    i.x_heap_alloc      x_libc_MDK_M3.lib(x_heap.o)
    0x08034e30   0x08034e30   0x00000042   Code   RO         2040    i.x_heap_free       x_libc_MDK_M3.lib(x_heap.o)
    0x08034e72   0x08034e72   0x00000074   Code   RO         2041    i.x_heap_init       x_libc_MDK_M3.lib(x_heap.o)
    0x08034ee6   0x08034ee6   0x00000002   PAD
    0x08034ee8   0x08034ee8   0x0000003c   Code   RO         2053    i.x_rand            x_libc_MDK_M3.lib(x_stdlib.o)
    0x08034f24   0x08034f24   0x00000010   Code   RO         2078    i.x_strlen          x_libc_MDK_M3.lib(x_string.o)
    0x08034f34   0x08034f34   0x00000114   Code   RO         2079    i.x_strncasecmp     x_libc_MDK_M3.lib(x_string.o)
    0x08035048   0x08035048   0x0000000c   Code   RO         2087    i.x_toupper         x_libc_MDK_M3.lib(x_string.o)
    0x08035054   0x08035054   0x00000012   Code   RO         2112    i.x_wsprintf        x_libc_MDK_M3.lib(x_wstring.o)
    0x08035066   0x08035066   0x00000012   Code   RO         2117    i.x_wstrcpy         x_libc_MDK_M3.lib(x_wstring.o)
    0x08035078   0x08035078   0x00000012   Code   RO         2118    i.x_wstrlen         x_libc_MDK_M3.lib(x_wstring.o)
    0x0803508a   0x0803508a   0x00000002   PAD
    0x0803508c   0x0803508c   0x00000398   Code   RO         2130    i.x_wvsprintf       x_libc_MDK_M3.lib(x_wstring.o)
    0x08035424   0x08035424   0x00000064   Code   RO         2490    i.xft_get_chr_entry_ex  emXGUI100_MDK_M3.lib(gui_font_xft_ex.o)
    0x08035488   0x08035488   0x00000066   Code   RO         2491    i.xft_get_chr_info_ex  emXGUI100_MDK_M3.lib(gui_font_xft_ex.o)
    0x080354ee   0x080354ee   0x000000b8   Code   RO         3855    i.ycc_rgb_convert   libjpeg_MDK_CM3.lib(jdcolor.o)
    0x080355a6   0x080355a6   0x000000d2   Code   RO         3856    i.ycck_cmyk_convert  libjpeg_MDK_CM3.lib(jdcolor.o)
    0x08035678   0x08035678   0x00000018   Data   RO          667    .constdata          ads7843.o
    0x08035690   0x08035690   0x0000003a   Data   RO          811    .constdata          ff.o
    0x080356ca   0x080356ca   0x0002b0c0   Data   RO          835    .constdata          cc936.o
    0x0806078a   0x0806078a   0x00005af8   Data   RO         1255    .constdata          ascii_16_4bpp.o
    0x08066282   0x08066282   0x00009db8   Data   RO         1269    .constdata          ascii_24_4bpp.o
    0x0807003a   0x0807003a   0x0000000b   Data   RO         1716    .constdata          backend_res_writer.o
    0x08070045   0x08070045   0x00000001   PAD
    0x08070046   0x08070046   0x000002c8   Data   RO         1768    .constdata          gui_demo_slidewindow.o
    0x0807030e   0x0807030e   0x00000002   PAD
    0x08070310   0x08070310   0x00000190   Data   RO         1788    .constdata          gui_board_app_desktop.o
    0x080704a0   0x080704a0   0x00000020   Data   RO         1815    .constdata          clistmenu.o
    0x080704c0   0x080704c0   0x00000048   Data   RO         1931    .constdata          gui_demo_showwave.o
    0x08070508   0x08070508   0x000026ce   Data   RO         2019    .constdata          boot_logo.o
    0x08072bd6   0x08072bd6   0x00000002   PAD
    0x08072bd8   0x08072bd8   0x00000098   Data   RO         2058    .constdata          x_libc_MDK_M3.lib(x_stdlib.o)
    0x08072c70   0x08072c70   0x000000a0   Data   RO         2131    .constdata          x_libc_MDK_M3.lib(x_wstring.o)
    0x08072d10   0x08072d10   0x00000014   Data   RO         2475    .constdata          emXGUI100_MDK_M3.lib(gui_font_xft.o)
    0x08072d24   0x08072d24   0x00000014   Data   RO         2492    .constdata          emXGUI100_MDK_M3.lib(gui_font_xft_ex.o)
    0x08072d38   0x08072d38   0x00000044   Data   RO         2552    .constdata          emXGUI100_MDK_M3.lib(gd_line.o)
    0x08072d7c   0x08072d7c   0x00006c2c   Data   RO         2980    .constdata          emXGUI100_MDK_M3.lib(gui_resource.o)
    0x080799a8   0x080799a8   0x00000014   Data   RO         3021    .constdata          emXGUI100_MDK_M3.lib(gl_ext_lcd_16bit.o)
    0x080799bc   0x080799bc   0x00000002   Data   RO         3065    .constdata          libjpeg_MDK_CM3.lib(emxgui_libjpeg.o)
    0x080799be   0x080799be   0x00000002   PAD
    0x080799c0   0x080799c0   0x00000034   Data   RO         3184    .constdata          emXGUI100_MDK_M3.lib(surface_argb4444.o)
    0x080799f4   0x080799f4   0x00000034   Data   RO         3210    .constdata          emXGUI100_MDK_M3.lib(surface_argb8888.o)
    0x08079a28   0x08079a28   0x00000034   Data   RO         3233    .constdata          emXGUI100_MDK_M3.lib(surface_rgb332.o)
    0x08079a5c   0x08079a5c   0x00000034   Data   RO         3256    .constdata          emXGUI100_MDK_M3.lib(surface_rgb565.o)
    0x08079a90   0x08079a90   0x00000034   Data   RO         3279    .constdata          emXGUI100_MDK_M3.lib(surface_xrgb8888.o)
    0x08079ac4   0x08079ac4   0x00000038   Data   RO         3305    .constdata          emXGUI100_MDK_M3.lib(gui_widget.o)
    0x08079afc   0x08079afc   0x00000014   Data   RO         3414    .constdata          emXGUI100_MDK_M3.lib(gl_mem_16bpp.o)
    0x08079b10   0x08079b10   0x00000014   Data   RO         3476    .constdata          emXGUI100_MDK_M3.lib(gl_mem_32bpp.o)
    0x08079b24   0x08079b24   0x00000200   Data   RO         3571    .constdata          libjpeg_MDK_CM3.lib(jerror.o)
    0x08079d24   0x08079d24   0x00000294   Data   RO         3648    .constdata          libpng_MDK_CM3.lib(lodepng.o)
    0x08079fb8   0x08079fb8   0x00000020   Data   RO         3725    .constdata          emXGUI100_MDK_M3.lib(widget_button2.o)
    0x08079fd8   0x08079fd8   0x00000020   Data   RO         3729    .constdata          emXGUI100_MDK_M3.lib(widget_groupbox2.o)
    0x08079ff8   0x08079ff8   0x00000020   Data   RO         3733    .constdata          emXGUI100_MDK_M3.lib(widget_listbox2.o)
    0x0807a018   0x0807a018   0x00000020   Data   RO         3737    .constdata          emXGUI100_MDK_M3.lib(widget_progressbar2.o)
    0x0807a038   0x0807a038   0x00000020   Data   RO         3744    .constdata          emXGUI100_MDK_M3.lib(widget_scrollbar2.o)
    0x0807a058   0x0807a058   0x00000020   Data   RO         3751    .constdata          emXGUI100_MDK_M3.lib(widget_textbox2.o)
    0x0807a078   0x0807a078   0x00000010   Data   RO         3795    .constdata          libjpeg_MDK_CM3.lib(jmemmgr.o)
    0x0807a088   0x0807a088   0x00000140   Data   RO         3815    .constdata          libjpeg_MDK_CM3.lib(jutils.o)
    0x0807a1c8   0x0807a1c8   0x00000080   Data   RO         3867    .constdata          libjpeg_MDK_CM3.lib(jddctmgr.o)
    0x0807a248   0x0807a248   0x00000140   Data   RO         3881    .constdata          libjpeg_MDK_CM3.lib(jdhuff.o)
    0x0807a388   0x0807a388   0x0000010c   Data   RO         3967    .constdata          libjpeg_MDK_CM3.lib(jquant1.o)
    0x0807a494   0x0807a494   0x000001c4   Data   RO         3998    .constdata          libjpeg_MDK_CM3.lib(jaricom.o)
    0x0807a658   0x0807a658   0x00000030   Data   RO         4378    .constdata          m_ws.l(cos_i.o)
    0x0807a688   0x0807a688   0x000000c8   Data   RO         4396    .constdata          m_ws.l(rred.o)
    0x0807a750   0x0807a750   0x00000028   Data   RO         4400    .constdata          m_ws.l(sin_i.o)
    0x0807a778   0x0807a778   0x00000081   Data   RO         4463    .constdata          mc_w.l(ctype_o.o)
    0x0807a7f9   0x0807a7f9   0x00000003   PAD
    0x0807a7fc   0x0807a7fc   0x00000004   Data   RO         4464    .constdata          mc_w.l(ctype_o.o)
    0x0807a800   0x0807a800   0x00000052   Data   RO         1717    .conststring        backend_res_writer.o
    0x0807a852   0x0807a852   0x00000002   PAD
    0x0807a854   0x0807a854   0x000000c7   Data   RO         1987    .conststring        gui_rgbled_dialog.o
    0x0807a91b   0x0807a91b   0x00000001   PAD
    0x0807a91c   0x0807a91c   0x0000130d   Data   RO         3572    .conststring        libjpeg_MDK_CM3.lib(jerror.o)
    0x0807bc29   0x0807bc29   0x00000003   PAD
    0x0807bc2c   0x0807bc2c   0x0000004e   Data   RO         1672    .constwstring       gui_boot_interface_dialog.o
    0x0807bc7a   0x0807bc7a   0x00000002   PAD
    0x0807bc7c   0x0807bc7c   0x00000252   Data   RO         1718    .constwstring       backend_res_writer.o
    0x0807bece   0x0807bece   0x00000002   PAD
    0x0807bed0   0x0807bed0   0x0000041c   Data   RO         1744    .constwstring       gui_res_writer_dialog.o
    0x0807c2ec   0x0807c2ec   0x0000010c   Data   RO         1789    .constwstring       gui_board_app_desktop.o
    0x0807c3f8   0x0807c3f8   0x00000060   Data   RO         1898    .constwstring       gui_app_desktop.o
    0x0807c458   0x0807c458   0x000000d8   Data   RO         1932    .constwstring       gui_demo_showwave.o
    0x0807c530   0x0807c530   0x00000070   Data   RO         3306    .constwstring       emXGUI100_MDK_M3.lib(gui_widget.o)
    0x0807c5a0   0x0807c5a0   0x00000020   Data   RO         4497    Region$$Table       anon$$obj.o


    Execution Region RW_IRAM1 (Exec base: 0x20000000, Load base: 0x0807c5c0, Size: 0x0000edc8, Max: 0x00010000, ABSOLUTE, COMPRESSED[0x000005b0])

    Exec Addr    Load Addr    Size         Type   Attr      Idx    E Section Name        Object

    0x20000000   COMPRESSED   0x00000014   Data   RW           25    .data               system_stm32f10x.o
    0x20000014   COMPRESSED   0x00000014   Data   RW          318    .data               stm32f10x_rcc.o
    0x20000028   COMPRESSED   0x00000004   Data   RW          500    .data               bsp_flash_spi.o
    0x2000002c   COMPRESSED   0x00000014   Data   RW          630    .data               bsp_sdio_sdcard.o
    0x20000040   COMPRESSED   0x00000004   Data   RW          668    .data               ads7843.o
    0x20000044   COMPRESSED   0x0000000e   Data   RW          735    .data               dma_lcd.o
    0x20000052   COMPRESSED   0x00000002   PAD
    0x20000054   COMPRESSED   0x0000000a   Data   RW          812    .data               ff.o
    0x2000005e   COMPRESSED   0x00000002   PAD
    0x20000060   COMPRESSED   0x0000003c   Data   RW          929    .data               tasks.o
    0x2000009c   COMPRESSED   0x00000018   Data   RW          966    .data               heap_4.o
    0x200000b4   COMPRESSED   0x0000000c   Data   RW          981    .data               port.o
    0x200000c0   COMPRESSED   0x00000010   Data   RW         1010    .data               oem_button.o
    0x200000d0   COMPRESSED   0x00000008   Data   RW         1046    .data               oem_checkbox.o
    0x200000d8   COMPRESSED   0x00000008   Data   RW         1060    .data               oem_groupbox.o
    0x200000e0   COMPRESSED   0x00000008   Data   RW         1074    .data               oem_listbox.o
    0x200000e8   COMPRESSED   0x00000008   Data   RW         1088    .data               oem_progressbar.o
    0x200000f0   COMPRESSED   0x00000008   Data   RW         1102    .data               oem_radiobox.o
    0x200000f8   COMPRESSED   0x00000008   Data   RW         1116    .data               oem_scrollbar.o
    0x20000100   COMPRESSED   0x00000008   Data   RW         1130    .data               oem_textbox.o
    0x20000108   COMPRESSED   0x00000004   Data   RW         1188    .data               gui_gpu.o
    0x2000010c   COMPRESSED   0x00000009   Data   RW         1229    .data               gui_touchpanel.o
    0x20000115   COMPRESSED   0x00000003   PAD
    0x20000118   COMPRESSED   0x00000004   Data   RW         1548    .data               gui_touch_port.o
    0x2000011c   COMPRESSED   0x0000003c   Data   RW         1567    .data               gui_font_port.o
    0x20000158   COMPRESSED   0x00000004   Data   RW         1599    .data               gui_mem_port.o
    0x2000015c   COMPRESSED   0x00000004   Data   RW         1627    .data               gui_resource_port.o
    0x20000160   COMPRESSED   0x00000010   Data   RW         1673    .data               gui_boot_interface_dialog.o
    0x20000170   COMPRESSED   0x00000004   Data   RW         1696    .data               gui_desktop.o
    0x20000174   COMPRESSED   0x00000018   Data   RW         1719    .data               backend_res_writer.o
    0x2000018c   COMPRESSED   0x00000010   Data   RW         1745    .data               gui_res_writer_dialog.o
    0x2000019c   COMPRESSED   0x0000000c   Data   RW         1769    .data               gui_demo_slidewindow.o
    0x200001a8   COMPRESSED   0x0000008c   Data   RW         1899    .data               gui_app_desktop.o
    0x20000234   COMPRESSED   0x0000005c   Data   RW         1914    .data               gui_demo_graphics_accelerator.o
    0x20000290   COMPRESSED   0x000000c0   Data   RW         1933    .data               gui_demo_showwave.o
    0x20000350   COMPRESSED   0x00000224   Data   RW         1988    .data               gui_rgbled_dialog.o
    0x20000574   COMPRESSED   0x00000004   Data   RW         2059    .data               x_libc_MDK_M3.lib(x_stdlib.o)
    0x20000578   COMPRESSED   0x00000028   Data   RW         2430    .data               emXGUI100_MDK_M3.lib(x_gui.o)
    0x200005a0   COMPRESSED   0x00000034   Data   RW         2684    .data               emXGUI100_MDK_M3.lib(gui_input.o)
    0x200005d4   COMPRESSED   0x00000010   Data   RW         2863    .data               emXGUI100_MDK_M3.lib(gui_window.o)
    0x200005e4   COMPRESSED   0x00000018   Data   RW         3320    .data               emXGUI100_MDK_M3.lib(gl_cursor.o)
    0x200005fc   COMPRESSED   0x00000400   Data   RW         3653    .data               libpng_MDK_CM3.lib(lodepng.o)
    0x200009fc   COMPRESSED   0x00000004   Data   RW         4419    .data               mc_w.l(stdout.o)
    0x20000a00   COMPRESSED   0x00000004   Data   RW         4433    .data               mc_w.l(errno.o)
    0x20000a04   COMPRESSED   0x00000004   PAD
    0x20000a08        -       0x000000cc   Zero   RW          629    .bss                bsp_sdio_sdcard.o
    0x20000ad4        -       0x00000030   Zero   RW          666    .bss                ads7843.o
    0x20000b04        -       0x00000050   Zero   RW          910    .bss                queue.o
    0x20000b54        -       0x000002e4   Zero   RW          928    .bss                tasks.o
    0x20000e38        -       0x00008000   Zero   RW          965    .bss                heap_4.o
    0x20008e38        -       0x00000028   Zero   RW         1228    .bss                gui_touchpanel.o
    0x20008e60        -       0x0000001c   Zero   RW         1598    .bss                gui_mem_port.o
    0x20008e7c        -       0x00001030   Zero   RW         1642    .bss                gui_fs_port.o
    0x20009eac        -       0x00000018   Zero   RW         1671    .bss                gui_boot_interface_dialog.o
    0x20009ec4        -       0x000001ff   Zero   RW         1715    .bss                backend_res_writer.o
    0x2000a0c3   COMPRESSED   0x00000001   PAD
    0x2000a0c4        -       0x00000194   Zero   RW         1913    .bss                gui_demo_graphics_accelerator.o
    0x2000a258        -       0x00000080   Zero   RW         1930    .bss                gui_demo_showwave.o
    0x2000a2d8        -       0x0000295c   Zero   RW         2428    .bss                emXGUI100_MDK_M3.lib(x_gui.o)
    0x2000cc34        -       0x00000100   Zero   RW         2683    .bss                emXGUI100_MDK_M3.lib(gui_input.o)
    0x2000cd34        -       0x00000074   Zero   RW         3020    .bss                emXGUI100_MDK_M3.lib(gl_ext_lcd_16bit.o)
    0x2000cda8        -       0x00000020   Zero   RW         3318    .bss                emXGUI100_MDK_M3.lib(gl_cursor.o)
    0x2000cdc8        -       0x00002000   Zero   RW            1    STACK               startup_stm32f10x_hd.o



  Load Region LR$$.ARM.__AT_0x68000000 (Base: 0x68000000, Size: 0x00000000, Max: 0x00100000, ABSOLUTE)

    Execution Region ER$$.ARM.__AT_0x68000000 (Exec base: 0x68000000, Load base: 0x68000000, Size: 0x00100000, Max: 0x00100000, ABSOLUTE, UNINIT)

    Exec Addr    Load Addr    Size         Type   Attr      Idx    E Section Name        Object

    0x68000000        -       0x00100000   Zero   RW         1597    .ARM.__AT_0x68000000  gui_mem_port.o


==============================================================================

Image component sizes


      Code (inc. data)   RO Data    RW Data    ZI Data      Debug   Object Name

       792         16         24          4         48       4671   ads7843.o
         0          0      23288          0          0        632   ascii_16_4bpp.o
         0          0      40376          0          0        632   ascii_24_4bpp.o
      4324       1836        687         24        511       6355   backend_res_writer.o
       340         14          0          0          0       1481   backend_rgbled.o
         6          0       9934          0          0       1239   boot_logo.o
      1396         70          0          4          0      34624   bsp_flash_spi.o
       436         18          0          0          0       1243   bsp_fsmc.o
       104         10          0          0          0       1223   bsp_key.o
        96          6          0          0          0        598   bsp_led.o
      5892        212          0         20        204      23828   bsp_sdio_sdcard.o
       368         10          0          0          0       2620   bsp_usart.o
       216         16     176320          0          0       1997   cc936.o
      4048         40         32          0          0      18068   clistmenu.o
         0          0          0          0          0       4508   core_cm3.o
       556         10          0          0          0     215019   diskio.o
       572         24          0         14          0      13981   dma_lcd.o
         0          0          0          0          0       1472   event_groups.o
     12312        122         58         10          0      37060   ff.o
      1428        184         96        140          0       3458   gui_app_desktop.o
         4          0          0          0          0      29644   gui_arch.o
       988        112        668          0          0       4281   gui_board_app_desktop.o
      1416        354         78         16         24       3700   gui_boot_interface_dialog.o
      4004        726          0         92        404       6410   gui_demo_graphics_accelerator.o
     10128        954        288        192        128      39802   gui_demo_showwave.o
      1084        122        712         12          0       3690   gui_demo_slidewindow.o
      1024        124          0          4          0       2429   gui_desktop.o
       708        308          0         60          0       4160   gui_font_port.o
       304        186          0          0       4144        986   gui_fs_port.o
        66          0          0          4          0       3141   gui_gpu.o
        44          0          0          0          0        813   gui_input_port.o
       204         38          0          0          0       1607   gui_lcd_port.o
        12          0          0          0          0        714   gui_log_port.o
       304        110          0          4    1048604       3112   gui_mem_port.o
       876         50          0          0          0       5128   gui_picture_port.o
         0          0          0          0          0       1216   gui_picviwer_dialog.o
      1636        310       1052         16          0      19094   gui_res_writer_dialog.o
       568         40          0          4          0       4560   gui_resource_port.o
      5388        386        199        548          0       7936   gui_rgbled_dialog.o
       492        332          0          0          0       1378   gui_startup.o
        88          4          0          4          0       2062   gui_touch_port.o
       912        154          0          9         40       5240   gui_touchpanel.o
      1020        184          0          0          0       2763   gui_touchpanel_calibration.o
       672         82          0         24      32768       3468   heap_4.o
      1764         32          0          0          0       8567   ili9341_16bit.o
       148          0          0          0          0       1990   list.o
       240         98          0          0          0      10083   main.o
       220         22          0          0          0       1941   misc.o
       904         24          0         16          0      34647   oem_button.o
       588         30          0          8          0       2589   oem_checkbox.o
       564         20          0          8          0       2453   oem_groupbox.o
       644         16          0          8          0       2608   oem_listbox.o
      1016         24          0          8          0       4120   oem_progressbar.o
       552         24          0          8          0       2721   oem_radiobox.o
      1552         20          0          8          0       4798   oem_scrollbar.o
       372         28          0          8          0       2284   oem_textbox.o
       766         96          0         12          0       7995   port.o
      2872         58          0          0         80      13574   queue.o
        36          8        304          0       8192        920   startup_stm32f10x_hd.o
       596          8          0          0          0       4506   stm32f10x_dma.o
      1548         18          0          0          0       5515   stm32f10x_fsmc.o
       860         38          0          0          0       5869   stm32f10x_gpio.o
        56         14          0          0          0       1187   stm32f10x_it.o
       932         36          0         20          0       9112   stm32f10x_rcc.o
       468         22          0          0          0       7256   stm32f10x_sdio.o
       780         14          0          0          0       6754   stm32f10x_spi.o
      3610         88          0          0          0      22980   stm32f10x_tim.o
      1032         22          0          0          0       8600   stm32f10x_usart.o
       480         38          0         20          0     285091   system_stm32f10x.o
      5392        348          0         60        740      29173   tasks.o
       716         14          0          0          0       2094   widget.o
       400         54          0          0          0       5472   x_gui_freertos.o
      1264          0          0          0          0      46010   x_obj.o

    ----------------------------------------------------------------------
     95206       8378     254160       1396    1095888    1072952   Object Totals
         0          0         32          0          0          0   (incl. Generated)
         6          0         12          7          1          0   (incl. Padding)

    ----------------------------------------------------------------------

      Code (inc. data)   RO Data    RW Data    ZI Data      Debug   Library Member Name

      1300         12          0          0          0        436   gd_arc.o
       636         12          0          0          0        388   gd_circle.o
      2946         12         68          0          0       1360   gd_line.o
       752          0          0          0          0        740   gd_pixel.o
       778          0          0          0          0        220   gd_polygon.o
      2248          6          0          0          0       1076   gd_rect.o
       824          0          0          0          0        292   gd_text.o
       132          8          0          0          0        100   gl_bitblt.o
       616         54          0         24         32        560   gl_cursor.o
      6104        152         20          0        116       2756   gl_ext_lcd_16bit.o
      6114        148         20          0          0       2896   gl_mem_16bpp.o
      6112        146         20          0          0       2896   gl_mem_32bpp.o
      3532        134          0          0          0       2384   gl_mem_8bpp.o
       762         28          0          0          0        496   gui_aa_core.o
       994         20          0          0          0        100   gui_bitmap.o
       300          0          0          0          0        112   gui_blt.o
       202          0          0          0          0        316   gui_core.o
       140         10          0          0          0        376   gui_cursor.o
      1362         18          0          0          0        392   gui_face.o
       544         32          0          0          0        732   gui_font.o
       512          4         20          0          0        508   gui_font_xft.o
       660          4         20          0          0        672   gui_font_xft_ex.o
      1002         44          0          0          0       2032   gui_gdi.o
      2740          6          0          0          0        520   gui_imagebmp.o
      1416         56          0         52        256        568   gui_input.o
      1378         40          0          0          0       1424   gui_libc.o
      1850          0          0          0          0       1392   gui_message.o
      1986          0          0          0          0       1968   gui_region.o
        32         16      27692          0          0        272   gui_resource.o
       770         10          0          0          0        660   gui_timer.o
        52          4        168          0          0         80   gui_widget.o
      9786        196          0         16          0       6460   gui_window.o
       346          6         52          0          0        988   surface_argb4444.o
       224          6         52          0          0        772   surface_argb8888.o
       238          6         52          0          0        772   surface_rgb332.o
       264          6         52          0          0        784   surface_rgb565.o
       200          6         52          0          0        772   surface_xrgb8888.o
      1084          0         32          0          0        224   widget_button2.o
       242          0         32          0          0        116   widget_groupbox2.o
      2500         10         32          0          0        244   widget_listbox2.o
       412          0         32          0          0        128   widget_progressbar2.o
      2372          0         32          0          0        480   widget_scrollbar2.o
       366          0         32          0          0        120   widget_textbox2.o
      1000        268          0         40      10588        844   x_gui.o
       696         38          2          0          0        920   emxgui_libjpeg.o
         0          0        452          0          0          0   jaricom.o
       118          0          0          0          0        308   jcomapi.o
       838         18          0          0          0        392   jdapimin.o
       372          0          0          0          0        164   jdapistd.o
      2924         44          0          0          0        844   jdarith.o
       618         18          0          0          0        408   jdcoefct.o
      1070         46          0          0          0        720   jdcolor.o
       360         20        128          0          0        176   jddctmgr.o
      4226         68        320          0          0       1156   jdhuff.o
      1086         28          0          0          0        404   jdinput.o
      1224         20          0          0          0        524   jdmainct.o
      5186        138          0          0          0       1096   jdmarker.o
      1008         14          0          0          0        400   jdmaster.o
      1108         34          0          0          0        536   jdmerge.o
       648         18          0          0          0        464   jdpostct.o
       842         28          0          0          0        684   jdsample.o
       156         26       5389          0          0        432   jerror.o
       854          0          0          0          0        104   jidctfst.o
      1012         22          0          0          0        104   jidctint.o
      2684        102         16          0          0       1288   jmemmgr.o
        46          0          0          0          0        544   jmemnobs.o
      2018         42        268          0          0        968   jquant1.o
      3374         30          0          0          0        904   jquant2.o
        78          0        320          0          0        288   jutils.o
     12808        174        660       1024          0       2648   lodepng.o
       244          6          0          0          0        476   lodepng_app.o
       220         16          0          0          0         84   ceil.o
       156          8          0          0          0        104   cos.o
       252         22         48          0          0        124   cos_i.o
        34          6          0          0          0        204   dunder.o
       220         16          0          0          0         84   floor.o
        40          0          0          0          0         68   fpclassify.o
       170          0          0          0          0         96   poly.o
       904         76        200          0          0        140   rred.o
       160         10          0          0          0        108   sin.o
       236         12         40          0          0        128   sin_i.o
        56          8          0          0          0         84   __0sscanf.o
        86          0          0          0          0          0   __dczerorl2.o
        28          0          0          0          0         68   _chval.o
       812          4          0          0          0        112   _scanf.o
       332          0          0          0          0         96   _scanf_int.o
       224          0          0          0          0         96   _scanf_str.o
        64          0          0          0          0         84   _sgetc.o
       158          0          0          0          0         92   _strtoul.o
        26          0          0          0          0         80   atoi.o
         8          4        133          0          0         68   ctype_o.o
         0          0          0          0          0          0   entry.o
         0          0          0          0          0          0   entry10a.o
         0          0          0          0          0          0   entry11a.o
         8          4          0          0          0          0   entry2.o
         4          0          0          0          0          0   entry5.o
         0          0          0          0          0          0   entry7b.o
         0          0          0          0          0          0   entry8b.o
         8          4          0          0          0          0   entry9a.o
        20         10          0          4          0        136   errno.o
        30          0          0          0          0          0   handlers.o
        36          8          0          0          0         68   init.o
        18          0          0          0          0         76   isspace_o.o
         0          0          0          0          0          0   iusefp.o
        30          0          0          0          0         68   llshl.o
        36          0          0          0          0         68   llsshr.o
        32          0          0          0          0         68   llushr.o
        40          0          0          0          0         76   memcpy.o
        36          0          0          0          0        108   memseta.o
       522         20          0          0          0        336   printf3.o
        40          8          0          0          0         84   scanf_char.o
         0          0          0          4          0          0   stdout.o
        42          0          0          0          0         84   strcasecmp.o
        18          0          0          0          0         68   strcpy.o
        14          0          0          0          0         68   strlen.o
        32          0          0          0          0         68   strrchr.o
       112          0          0          0          0         88   strtol.o
        12          0          0          0          0         68   tolower.o
        44          0          0          0          0         80   uidiv.o
        98          0          0          0          0         92   uldiv.o
        48          0          0          0          0         68   cdcmple.o
        48          0          0          0          0         68   cdrcmple.o
        20          0          0          0          0         68   cfcmple.o
        20          0          0          0          0         68   cfrcmple.o
        56          0          0          0          0         88   d2f.o
       334          0          0          0          0        148   dadd.o
       222          0          0          0          0        100   ddiv.o
       186          0          0          0          0        176   depilogue.o
        62          0          0          0          0         80   dfixi.o
        50          0          0          0          0         76   dfixui.o
        34          0          0          0          0         76   dflti.o
        26          0          0          0          0         76   dfltui.o
       228          0          0          0          0         96   dmul.o
        46          0          0          0          0         80   dscalb.o
        38          0          0          0          0         68   f2d.o
       176          0          0          0          0        140   fadd.o
       124          0          0          0          0         88   fdiv.o
       110          0          0          0          0        168   fepilogue.o
        50          0          0          0          0         68   ffixi.o
        40          0          0          0          0         68   ffixui.o
        18          0          0          0          0         68   fflti.o
        10          0          0          0          0         68   ffltui.o
       100          0          0          0          0         76   fmul.o
        24          0          0          0          0         68   fscalb.o
       556          0          0          0          0        312   x_heap.o
       164         16        152          4          0        152   x_stdlib.o
       304          0          0          0          0        228   x_string.o
      1202         32        160          0          0        416   x_wstring.o

    ----------------------------------------------------------------------
    123234       2698      36776       1168      10996      65260   Library Totals
        92          0          8          0          4          0   (incl. Padding)

    ----------------------------------------------------------------------

      Code (inc. data)   RO Data    RW Data    ZI Data      Debug   Library Name

     67830       1480      28480        132      10992      41428   emXGUI100_MDK_M3.lib
     32546        754       6895          0          0      13828   libjpeg_MDK_CM3.lib
     13052        180        660       1024          0       3124   libpng_MDK_CM3.lib
      2392        166        288          0          0       1140   m_ws.l
      3026         70        133          8          0       2484   mc_w.l
      2070          0          0          0          0       2148   mf_w.l
      2226         48        312          4          0       1108   x_libc_MDK_M3.lib

    ----------------------------------------------------------------------
    123234       2698      36776       1168      10996      65260   Library Totals

    ----------------------------------------------------------------------

==============================================================================


      Code (inc. data)   RO Data    RW Data    ZI Data      Debug   

    218440      11076     290936       2564    1106884    1093620   Grand Totals
    218440      11076     290936       1456    1106884    1093620   ELF Image Totals (compressed)
    218440      11076     290936       1456          0          0   ROM Totals

==============================================================================

    Total RO  Size (Code + RO Data)               509376 ( 497.44kB)
    Total RW  Size (RW Data + ZI Data)           1109448 (1083.45kB)
    Total ROM Size (Code + RO Data + RW Data)     510832 ( 498.86kB)

==============================================================================

