Component: ARM Compiler 5.06 update 6 (build 750) Tool: armlink [4d35ed]

==============================================================================

Section Cross References

    startup_stm32f10x_hd.o(RESET) refers to startup_stm32f10x_hd.o(STACK) for __initial_sp
    startup_stm32f10x_hd.o(RESET) refers to startup_stm32f10x_hd.o(.text) for Reset_Handler
    startup_stm32f10x_hd.o(RESET) refers to stm32f10x_it.o(.text) for NMI_Handler
    startup_stm32f10x_hd.o(RESET) refers to port.o(.emb_text) for SVC_Handler
    startup_stm32f10x_hd.o(RESET) refers to dma_lcd.o(.text) for DMA1_Channel6_IRQHandler
    startup_stm32f10x_hd.o(RESET) refers to bsp_sdio_sdcard.o(.text) for SDIO_IRQHandler
    startup_stm32f10x_hd.o(.text) refers to system_stm32f10x.o(.text) for SystemInit
    startup_stm32f10x_hd.o(.text) refers to entry.o(.ARM.Collect$$$$00000000) for __main
    system_stm32f10x.o(.text) refers to system_stm32f10x.o(.data) for SystemCoreClock
    stm32f10x_adc.o(.text) refers to stm32f10x_rcc.o(.text) for RCC_APB2PeriphResetCmd
    stm32f10x_bkp.o(.text) refers to stm32f10x_rcc.o(.text) for RCC_BackupResetCmd
    stm32f10x_can.o(.text) refers to stm32f10x_rcc.o(.text) for RCC_APB1PeriphResetCmd
    stm32f10x_cec.o(.text) refers to stm32f10x_rcc.o(.text) for RCC_APB1PeriphResetCmd
    stm32f10x_dac.o(.text) refers to stm32f10x_rcc.o(.text) for RCC_APB1PeriphResetCmd
    stm32f10x_gpio.o(.text) refers to stm32f10x_rcc.o(.text) for RCC_APB2PeriphResetCmd
    stm32f10x_i2c.o(.text) refers to stm32f10x_rcc.o(.text) for RCC_APB1PeriphResetCmd
    stm32f10x_pwr.o(.text) refers to stm32f10x_rcc.o(.text) for RCC_APB1PeriphResetCmd
    stm32f10x_rcc.o(.text) refers to stm32f10x_rcc.o(.data) for APBAHBPrescTable
    stm32f10x_spi.o(.text) refers to stm32f10x_rcc.o(.text) for RCC_APB2PeriphResetCmd
    stm32f10x_tim.o(.text) refers to stm32f10x_rcc.o(.text) for RCC_APB2PeriphResetCmd
    stm32f10x_usart.o(.text) refers to stm32f10x_rcc.o(.text) for RCC_APB2PeriphResetCmd
    stm32f10x_wwdg.o(.text) refers to stm32f10x_rcc.o(.text) for RCC_APB1PeriphResetCmd
    main.o(.text) refers to printf3.o(i.__0printf$3) for __2printf
    main.o(.text) refers to gui_startup.o(.text) for GUI_Startup
    main.o(.text) refers to tasks.o(.text) for vTaskDelay
    main.o(.text) refers to misc.o(.text) for NVIC_PriorityGroupConfig
    main.o(.text) refers to bsp_led.o(.text) for LED_GPIO_Config
    main.o(.text) refers to bsp_usart.o(.text) for Debug_USART_Config
    main.o(.text) refers to bsp_fsmc.o(.text) for FSMC_Init
    main.o(.text) refers to bsp_key.o(.text) for Key_GPIO_Config
    stm32f10x_it.o(.text) refers to printf3.o(i.__0printf$3) for __2printf
    stm32f10x_it.o(.text) refers to tasks.o(.text) for xTaskGetSchedulerState
    stm32f10x_it.o(.text) refers to port.o(.text) for xPortSysTickHandler
    bsp_usart.o(.text) refers to stm32f10x_rcc.o(.text) for RCC_APB2PeriphClockCmd
    bsp_usart.o(.text) refers to stm32f10x_gpio.o(.text) for GPIO_Init
    bsp_usart.o(.text) refers to stm32f10x_usart.o(.text) for USART_Init
    bsp_flash_spi.o(.text) refers to printf3.o(i.__0printf$3) for __2printf
    bsp_flash_spi.o(.text) refers to stm32f10x_spi.o(.text) for SPI_I2S_GetFlagStatus
    bsp_flash_spi.o(.text) refers to stm32f10x_gpio.o(.text) for GPIO_ResetBits
    bsp_flash_spi.o(.text) refers to stm32f10x_rcc.o(.text) for RCC_APB2PeriphClockCmd
    bsp_flash_spi.o(.text) refers to bsp_flash_spi.o(.data) for SPITimeout
    bsp_led.o(.text) refers to stm32f10x_rcc.o(.text) for RCC_APB2PeriphClockCmd
    bsp_led.o(.text) refers to stm32f10x_gpio.o(.text) for GPIO_Init
    bsp_key.o(.text) refers to stm32f10x_rcc.o(.text) for RCC_APB2PeriphClockCmd
    bsp_key.o(.text) refers to stm32f10x_gpio.o(.text) for GPIO_Init
    bsp_sdio_sdcard.o(.text) refers to stm32f10x_sdio.o(.text) for SDIO_ClockCmd
    bsp_sdio_sdcard.o(.text) refers to stm32f10x_rcc.o(.text) for RCC_AHBPeriphClockCmd
    bsp_sdio_sdcard.o(.text) refers to stm32f10x_gpio.o(.text) for GPIO_Init
    bsp_sdio_sdcard.o(.text) refers to misc.o(.text) for NVIC_PriorityGroupConfig
    bsp_sdio_sdcard.o(.text) refers to stm32f10x_dma.o(.text) for DMA_GetFlagStatus
    bsp_sdio_sdcard.o(.text) refers to bsp_sdio_sdcard.o(.bss) for SDIO_CmdInitStructure
    bsp_sdio_sdcard.o(.text) refers to bsp_sdio_sdcard.o(.data) for RCA
    bsp_sdio_sdcard.o(.text) refers to uldiv.o(.text) for __aeabi_uldivmod
    ili9341_16bit.o(.text) refers to dma_lcd.o(.text) for LCD_DMA_WritePixels
    ili9341_16bit.o(.text) refers to stm32f10x_gpio.o(.text) for GPIO_Init
    ili9341_16bit.o(.text) refers to x_gui_freertos.o(.text) for GUI_msleep
    ads7843.o(.text) refers to stm32f10x_gpio.o(.text) for GPIO_Init
    ads7843.o(.text) refers to gui_touchpanel.o(.text) for TouchPanel_TranslatePoint
    ads7843.o(.text) refers to bsp_flash_spi.o(.text) for SPI_FLASH_BufferRead
    ads7843.o(.text) refers to ads7843.o(.bss) for ad_dat
    ads7843.o(.text) refers to ads7843.o(.data) for ts_down
[...]
    0x0801720c   0x0801720c   0x00000004   Code   RO         2547    i.Draw3DRect        emXGUI100_MDK_M3.lib(gd_rect.o)
    0x08017210   0x08017210   0x000003e2   Code   RO         2418    i.DrawBitmap        emXGUI100_MDK_M3.lib(gui_bitmap.o)
    0x080175f2   0x080175f2   0x00000002   PAD
    0x080175f4   0x080175f4   0x000000c4   Code   RO         2470    i.DrawCircle        emXGUI100_MDK_M3.lib(gd_circle.o)
    0x080176b8   0x080176b8   0x0000008c   Code   RO         2548    i.DrawRect          emXGUI100_MDK_M3.lib(gd_rect.o)
    0x08017744   0x08017744   0x000002a8   Code   RO         2549    i.DrawRoundRect     emXGUI100_MDK_M3.lib(gd_rect.o)
    0x080179ec   0x080179ec   0x0000028e   Code   RO         2573    i.DrawTextEx        emXGUI100_MDK_M3.lib(gd_text.o)
    0x08017c7a   0x08017c7a   0x00000002   PAD
    0x08017c7c   0x08017c7c   0x000002d4   Code   RO         3254    i.DrawWindowNC      emXGUI100_MDK_M3.lib(gui_face.o)
    0x08017f50   0x08017f50   0x00000114   Code   RO         2950    i.EXT_LCD_CreateSurfaceRGB565  emXGUI100_MDK_M3.lib(gl_ext_lcd_16bit.o)
    0x08018064   0x08018064   0x00000054   Code   RO         2581    i.EnableAntiAlias   emXGUI100_MDK_M3.lib(gui_aa_core.o)
    0x080180b8   0x080180b8   0x0000006e   Code   RO         2727    i.EnableWindow      emXGUI100_MDK_M3.lib(gui_window.o)
    0x08018126   0x08018126   0x0000002a   Code   RO         2405    i.EndDraw           emXGUI100_MDK_M3.lib(gui_core.o)
    0x08018150   0x08018150   0x00000188   Code   RO         2728    i.EndPaint          emXGUI100_MDK_M3.lib(gui_window.o)
    0x080182d8   0x080182d8   0x00000004   Code   RO         2550    i.Fill3DRect        emXGUI100_MDK_M3.lib(gd_rect.o)
    0x080182dc   0x080182dc   0x000000a8   Code   RO         3103    i.FillArc           emXGUI100_MDK_M3.lib(gd_arc.o)
    0x08018384   0x08018384   0x00000074   Code   RO         2472    i.FillCircle        emXGUI100_MDK_M3.lib(gd_circle.o)
    0x080183f8   0x080183f8   0x000000c0   Code   RO         3121    i.FillPolygon       emXGUI100_MDK_M3.lib(gd_polygon.o)
    0x080184b8   0x080184b8   0x0000002a   Code   RO         2551    i.FillRect          emXGUI100_MDK_M3.lib(gd_rect.o)
    0x080184e2   0x080184e2   0x0000008e   Code   RO         2552    i.FillRoundRect     emXGUI100_MDK_M3.lib(gd_rect.o)
    0x08018570   0x08018570   0x00000004   Code   RO         2162    i.GDI_Init          emXGUI100_MDK_M3.lib(gui_gdi.o)
    0x08018574   0x08018574   0x0000003e   Code   RO         3289    i.GL8_copy_bits     emXGUI100_MDK_M3.lib(gl_mem_8bpp.o)
    0x080185b2   0x080185b2   0x0000010c   Code   RO         3290    i.GL8_draw_bitmap_AL1  emXGUI100_MDK_M3.lib(gl_mem_8bpp.o)
    0x080186be   0x080186be   0x00000002   Code   RO         3291    i.GL8_draw_bitmap_AL2  emXGUI100_MDK_M3.lib(gl_mem_8bpp.o)
    0x080186c0   0x080186c0   0x00000002   Code   RO         3292    i.GL8_draw_bitmap_AL4  emXGUI100_MDK_M3.lib(gl_mem_8bpp.o)
    0x080186c2   0x080186c2   0x000000d4   Code   RO         3293    i.GL8_draw_bitmap_AL8  emXGUI100_MDK_M3.lib(gl_mem_8bpp.o)
    0x08018796   0x08018796   0x0000006c   Code   RO         3294    i.GL8_draw_bitmap_ARGB1555  emXGUI100_MDK_M3.lib(gl_mem_8bpp.o)
    0x08018802   0x08018802   0x0000001e   Code   RO         3295    i.GL8_draw_bitmap_ARGB4444  emXGUI100_MDK_M3.lib(gl_mem_8bpp.o)
    0x08018820   0x08018820   0x000000da   Code   RO         3296    i.GL8_draw_bitmap_ARGB8888  emXGUI100_MDK_M3.lib(gl_mem_8bpp.o)
    0x080188fa   0x080188fa   0x00000110   Code   RO         3297    i.GL8_draw_bitmap_LUT1  emXGUI100_MDK_M3.lib(gl_mem_8bpp.o)
    0x08018a0a   0x08018a0a   0x00000002   Code   RO         3298    i.GL8_draw_bitmap_LUT2  emXGUI100_MDK_M3.lib(gl_mem_8bpp.o)
    0x08018a0c   0x08018a0c   0x00000080   Code   RO         3299    i.GL8_draw_bitmap_LUT4  emXGUI100_MDK_M3.lib(gl_mem_8bpp.o)
    0x08018a8c   0x08018a8c   0x00000050   Code   RO         3300    i.GL8_draw_bitmap_LUT8  emXGUI100_MDK_M3.lib(gl_mem_8bpp.o)
    0x08018adc   0x08018adc   0x00000062   Code   RO         3301    i.GL8_draw_bitmap_RGB332  emXGUI100_MDK_M3.lib(gl_mem_8bpp.o)
    0x08018b3e   0x08018b3e   0x00000062   Code   RO         3302    i.GL8_draw_bitmap_RGB565  emXGUI100_MDK_M3.lib(gl_mem_8bpp.o)
    0x08018ba0   0x08018ba0   0x00000070   Code   RO         3303    i.GL8_draw_bitmap_RGB888  emXGUI100_MDK_M3.lib(gl_mem_8bpp.o)
    0x08018c10   0x08018c10   0x00000062   Code   RO         3304    i.GL8_draw_bitmap_XRGB1555  emXGUI100_MDK_M3.lib(gl_mem_8bpp.o)
    0x08018c72   0x08018c72   0x00000070   Code   RO         3305    i.GL8_draw_bitmap_XRGB8888  emXGUI100_MDK_M3.lib(gl_mem_8bpp.o)
    0x08018ce2   0x08018ce2   0x0000001c   Code   RO         3306    i.GL8_draw_hline    emXGUI100_MDK_M3.lib(gl_mem_8bpp.o)
    0x08018cfe   0x08018cfe   0x0000001e   Code   RO         3307    i.GL8_draw_vline    emXGUI100_MDK_M3.lib(gl_mem_8bpp.o)
    0x08018d1c   0x08018d1c   0x00000038   Code   RO         3308    i.GL8_fill_rect     emXGUI100_MDK_M3.lib(gl_mem_8bpp.o)
    0x08018d54   0x08018d54   0x0000000c   Code   RO         3309    i.GL8_get_pixel     emXGUI100_MDK_M3.lib(gl_mem_8bpp.o)
    0x08018d60   0x08018d60   0x000003fc   Code   RO         3310    i.GL8_rotate_bitmap  emXGUI100_MDK_M3.lib(gl_mem_8bpp.o)
    0x0801915c   0x0801915c   0x000000e4   Code   RO         3311    i.GL8_scale_bitmap  emXGUI100_MDK_M3.lib(gl_mem_8bpp.o)
    0x08019240   0x08019240   0x0000000c   Code   RO         3312    i.GL8_set_addr      emXGUI100_MDK_M3.lib(gl_mem_8bpp.o)
    0x0801924c   0x0801924c   0x0000000e   Code   RO         3313    i.GL8_set_pixel     emXGUI100_MDK_M3.lib(gl_mem_8bpp.o)
    0x0801925a   0x0801925a   0x00000012   Code   RO         3314    i.GL8_xor_pixel     emXGUI100_MDK_M3.lib(gl_mem_8bpp.o)
    0x0801926c   0x0801926c   0x00000084   Code   RO         3468    i.GL_BitBlt         emXGUI100_MDK_M3.lib(gl_bitblt.o)
    0x080192f0   0x080192f0   0x00000038   Code   RO         3268    i.GL_CursorCheck    emXGUI100_MDK_M3.lib(gl_cursor.o)
    0x08019328   0x08019328   0x0000002c   Code   RO         3269    i.GL_CursorFix      emXGUI100_MDK_M3.lib(gl_cursor.o)
    0x08019354   0x08019354   0x00000154   Code   RO         3104    i.GL_DrawArc        emXGUI100_MDK_M3.lib(gd_arc.o)
    0x080194a8   0x080194a8   0x00000018   Code   RO         3271    i.GL_GetCursorPos   emXGUI100_MDK_M3.lib(gl_cursor.o)
    0x080194c0   0x080194c0   0x000000e4   Code   RO         3343    i.GL_MEM_16BPP_Init  emXGUI100_MDK_M3.lib(gl_mem_16bpp.o)
    0x080195a4   0x080195a4   0x000000e4   Code   RO         3405    i.GL_MEM_32BPP_Init  emXGUI100_MDK_M3.lib(gl_mem_32bpp.o)
    0x08019688   0x08019688   0x000000d4   Code   RO         3315    i.GL_MEM_8BPP_Init  emXGUI100_MDK_M3.lib(gl_mem_8bpp.o)
    0x0801975c   0x0801975c   0x0000006c   Code   RO         3273    i.GL_SetCursorPos   emXGUI100_MDK_M3.lib(gl_cursor.o)
    0x080197c8   0x080197c8   0x00000034   Code   RO         3274    i.GL_ShowCursor     emXGUI100_MDK_M3.lib(gl_cursor.o)
    0x080197fc   0x080197fc   0x00000078   Code   RO         2582    i.GUI_AA_Begin      emXGUI100_MDK_M3.lib(gui_aa_core.o)
    0x08019874   0x08019874   0x00000020   Code   RO         2583    i.GUI_AA_End        emXGUI100_MDK_M3.lib(gui_aa_core.o)
    0x08019894   0x08019894   0x00000046   Code   RO         3056    i.GUI_AlphaBlendColor  emXGUI100_MDK_M3.lib(gui_libc.o)
    0x080198da   0x080198da   0x0000000c   Code   RO         3057    i.GUI_AlphaBlendValue  emXGUI100_MDK_M3.lib(gui_libc.o)
    0x080198e6   0x080198e6   0x00000002   PAD
    0x080198e8   0x080198e8   0x0000001c   Code   RO         2632    i.GUI_ClrInputWindow  emXGUI100_MDK_M3.lib(gui_input.o)
    0x08019904   0x08019904   0x000000e8   Code   RO         2729    i.GUI_CreateDesktop  emXGUI100_MDK_M3.lib(gui_window.o)
    0x080199ec   0x080199ec   0x000000cc   Code   RO         2655    i.GUI_CreateMsgQ    emXGUI100_MDK_M3.lib(gui_message.o)
    0x08019ab8   0x08019ab8   0x00000160   Code   RO         2373    i.GUI_CreateSurface  emXGUI100_MDK_M3.lib(x_gui.o)
    0x08019c18   0x08019c18   0x00000092   Code   RO         2656    i.GUI_DeleteMsgQ    emXGUI100_MDK_M3.lib(gui_message.o)
    0x08019caa   0x08019caa   0x00000024   Code   RO         2374    i.GUI_DeleteSurface  emXGUI100_MDK_M3.lib(x_gui.o)
    0x08019cce   0x08019cce   0x00000002   PAD
    0x08019cd0   0x08019cd0   0x00000034   Code   RO         3262    i.GUI_FindClass     emXGUI100_MDK_M3.lib(gui_widget.o)
    0x08019d04   0x08019d04   0x00000218   Code   RO         2730    i.GUI_FlushHandler  emXGUI100_MDK_M3.lib(gui_window.o)
    0x08019f1c   0x08019f1c   0x0000004c   Code   RO         2633    i.GUI_Input_Init    emXGUI100_MDK_M3.lib(gui_input.o)
    0x08019f68   0x08019f68   0x0000005c   Code   RO         2696    i.GUI_KillWindowTimers  emXGUI100_MDK_M3.lib(gui_timer.o)
    0x08019fc4   0x08019fc4   0x0000001c   Code   RO         2375    i.GUI_Lock          emXGUI100_MDK_M3.lib(x_gui.o)
    0x08019fe0   0x08019fe0   0x000000a2   Code   RO         3059    i.GUI_MakeBilinearARGB8888ii  emXGUI100_MDK_M3.lib(gui_libc.o)
    0x0801a082   0x0801a082   0x0000007e   Code   RO         3061    i.GUI_MakeBilinearXRGB8888ii  emXGUI100_MDK_M3.lib(gui_libc.o)
    0x0801a100   0x0801a100   0x00000004   Code   RO         2657    i.GUI_Message_Init  emXGUI100_MDK_M3.lib(gui_message.o)
    0x0801a104   0x0801a104   0x0000009e   Code   RO         2732    i.GUI_PaintHandler  emXGUI100_MDK_M3.lib(gui_window.o)
    0x0801a1a2   0x0801a1a2   0x00000002   PAD
    0x0801a1a4   0x0801a1a4   0x0000005c   Code   RO         2376    i.GUI_RectLL_Alloc  emXGUI100_MDK_M3.lib(x_gui.o)
    0x0801a200   0x0801a200   0x00000058   Code   RO         2377    i.GUI_RectLL_Free   emXGUI100_MDK_M3.lib(x_gui.o)
    0x0801a258   0x0801a258   0x000000ae   Code   RO         2658    i.GUI_RemoveWindowMessage  emXGUI100_MDK_M3.lib(gui_message.o)
    0x0801a306   0x0801a306   0x00000002   PAD
    0x0801a308   0x0801a308   0x0000000c   Code   RO         2378    i.GUI_SetDefFont    emXGUI100_MDK_M3.lib(x_gui.o)
    0x0801a314   0x0801a314   0x0000000c   Code   RO         2379    i.GUI_SetFrameBufferSurface  emXGUI100_MDK_M3.lib(x_gui.o)
    0x0801a320   0x0801a320   0x0000000c   Code   RO         2380    i.GUI_SetScreenSurface  emXGUI100_MDK_M3.lib(x_gui.o)
    0x0801a32c   0x0801a32c   0x00000030   Code   RO         2697    i.GUI_TimerFromId   emXGUI100_MDK_M3.lib(gui_timer.o)
    0x0801a35c   0x0801a35c   0x00000096   Code   RO         2698    i.GUI_TimerHandler  emXGUI100_MDK_M3.lib(gui_timer.o)
    0x0801a3f2   0x0801a3f2   0x00000034   Code   RO         2699    i.GUI_TimerSetInterval  emXGUI100_MDK_M3.lib(gui_timer.o)
    0x0801a426   0x0801a426   0x0000003e   Code   RO         2700    i.GUI_TimerStart    emXGUI100_MDK_M3.lib(gui_timer.o)
    0x0801a464   0x0801a464   0x00000002   Code   RO         2701    i.GUI_Timer_Init    emXGUI100_MDK_M3.lib(gui_timer.o)
    0x0801a466   0x0801a466   0x00000002   PAD
    0x0801a468   0x0801a468   0x00000020   Code   RO         2381    i.GUI_Unlock        emXGUI100_MDK_M3.lib(x_gui.o)
    0x0801a488   0x0801a488   0x00000014   Code   RO         2733    i.GUI_Window_Init   emXGUI100_MDK_M3.lib(gui_window.o)
    0x0801a49c   0x0801a49c   0x00000008   Code   RO         3062    i.GUI_abs           emXGUI100_MDK_M3.lib(gui_libc.o)
    0x0801a4a4   0x0801a4a4   0x0000006c   Code   RO         3065    i.GUI_memset16      emXGUI100_MDK_M3.lib(gui_libc.o)
    0x0801a510   0x0801a510   0x00000084   Code   RO         3066    i.GUI_memset16_step  emXGUI100_MDK_M3.lib(gui_libc.o)
    0x0801a594   0x0801a594   0x0000006c   Code   RO         3067    i.GUI_memset32      emXGUI100_MDK_M3.lib(gui_libc.o)
    0x0801a600   0x0801a600   0x00000084   Code   RO         3068    i.GUI_memset32_step  emXGUI100_MDK_M3.lib(gui_libc.o)
    0x0801a684   0x0801a684   0x0000000a   Code   RO         3069    i.GUI_memset8       emXGUI100_MDK_M3.lib(gui_libc.o)
    0x0801a68e   0x0801a68e   0x00000074   Code   RO         3070    i.GUI_memset8_step  emXGUI100_MDK_M3.lib(gui_libc.o)
    0x0801a702   0x0801a702   0x00000040   Code   RO         3071    i.GUI_wstr_alloc    emXGUI100_MDK_M3.lib(gui_libc.o)
    0x0801a742   0x0801a742   0x00000004   Code   RO         3072    i.GUI_wstr_free     emXGUI100_MDK_M3.lib(gui_libc.o)
    0x0801a746   0x0801a746   0x00000016   Code   RO         3073    i.GUI_wstrchr       emXGUI100_MDK_M3.lib(gui_libc.o)
    0x0801a75c   0x0801a75c   0x00000012   Code   RO         3074    i.GUI_wstrlen       emXGUI100_MDK_M3.lib(gui_libc.o)
    0x0801a76e   0x0801a76e   0x0000004a   Code   RO         3075    i.GUI_wstrncasecmp  emXGUI100_MDK_M3.lib(gui_libc.o)
    0x0801a7b8   0x0801a7b8   0x00000022   Code   RO         3076    i.GUI_wstrncpy      emXGUI100_MDK_M3.lib(gui_libc.o)
    0x0801a7da   0x0801a7da   0x00000004   Code   RO         2164    i.GetBrushColor     emXGUI100_MDK_M3.lib(gui_gdi.o)
    0x0801a7de   0x0801a7de   0x00000002   PAD
    0x0801a7e0   0x0801a7e0   0x00000018   Code   RO         2734    i.GetCapture        emXGUI100_MDK_M3.lib(gui_window.o)
    0x0801a7f8   0x0801a7f8   0x0000002a   Code   RO         2735    i.GetClientRect     emXGUI100_MDK_M3.lib(gui_window.o)
    0x0801a822   0x0801a822   0x0000002c   Code   RO         2736    i.GetClientRectToScreen  emXGUI100_MDK_M3.lib(gui_window.o)
    0x0801a84e   0x0801a84e   0x0000002c   Code   RO         2115    i.GetCursorPos      emXGUI100_MDK_M3.lib(gui_cursor.o)
    0x0801a87a   0x0801a87a   0x00000026   Code   RO         2737    i.GetDC             emXGUI100_MDK_M3.lib(gui_window.o)
    0x0801a8a0   0x0801a8a0   0x000001d4   Code   RO         2738    i.GetDCEx           emXGUI100_MDK_M3.lib(gui_window.o)
    0x0801aa74   0x0801aa74   0x00000018   Code   RO         2739    i.GetDesktopWindow  emXGUI100_MDK_M3.lib(gui_window.o)
    0x0801aa8c   0x0801aa8c   0x00000034   Code   RO         2740    i.GetDlgItem        emXGUI100_MDK_M3.lib(gui_window.o)
    0x0801aac0   0x0801aac0   0x00000018   Code   RO         2741    i.GetFocus          emXGUI100_MDK_M3.lib(gui_window.o)
    0x0801aad8   0x0801aad8   0x00000004   Code   RO         2129    i.GetFont           emXGUI100_MDK_M3.lib(gui_font.o)
    0x0801aadc   0x0801aadc   0x00000030   Code   RO         2130    i.GetFontAveHeight  emXGUI100_MDK_M3.lib(gui_font.o)
    0x0801ab0c   0x0801ab0c   0x00000018   Code   RO         2742    i.GetForegroundWindow  emXGUI100_MDK_M3.lib(gui_window.o)
    0x0801ab24   0x0801ab24   0x00000024   Code   RO         2635    i.GetKeyState       emXGUI100_MDK_M3.lib(gui_input.o)
    0x0801ab48   0x0801ab48   0x0000004a   Code   RO         2659    i.GetMessage        emXGUI100_MDK_M3.lib(gui_message.o)
    0x0801ab92   0x0801ab92   0x00000018   Code   RO         2743    i.GetParent         emXGUI100_MDK_M3.lib(gui_window.o)
    0x0801abaa   0x0801abaa   0x00000034   Code   RO         2529    i.GetPixel          emXGUI100_MDK_M3.lib(gd_pixel.o)
    0x0801abde   0x0801abde   0x0000001c   Code   RO         2172    i.GetRGB            emXGUI100_MDK_M3.lib(gui_gdi.o)
    0x0801abfa   0x0801abfa   0x00000002   PAD
    0x0801abfc   0x0801abfc   0x0000001c   Code   RO         2382    i.GetSystemMetrics  emXGUI100_MDK_M3.lib(x_gui.o)
    0x0801ac18   0x0801ac18   0x0000009e   Code   RO         2131    i.GetTextExtent     emXGUI100_MDK_M3.lib(gui_font.o)
    0x0801acb6   0x0801acb6   0x00000084   Code   RO         2132    i.GetTextWidth      emXGUI100_MDK_M3.lib(gui_font.o)
    0x0801ad3a   0x0801ad3a   0x00000022   Code   RO         2744    i.GetWindow         emXGUI100_MDK_M3.lib(gui_window.o)
    0x0801ad5c   0x0801ad5c   0x00000008   Code   RO         2745    i.GetWindowDC       emXGUI100_MDK_M3.lib(gui_window.o)
    0x0801ad64   0x0801ad64   0x00000038   Code   RO         2748    i.GetWindowFromPoint  emXGUI100_MDK_M3.lib(gui_window.o)
    0x0801ad9c   0x0801ad9c   0x0000004a   Code   RO         2749    i.GetWindowLong     emXGUI100_MDK_M3.lib(gui_window.o)
    0x0801ade6   0x0801ade6   0x00000004   Code   RO         2750    i.GetWindowMsgQ     emXGUI100_MDK_M3.lib(gui_window.o)
    0x0801adea   0x0801adea   0x0000002c   Code   RO         2752    i.GetWindowRect     emXGUI100_MDK_M3.lib(gui_window.o)
    0x0801ae16   0x0801ae16   0x00000010   Code   RO         2753    i.GetWindowText     emXGUI100_MDK_M3.lib(gui_window.o)
    0x0801ae26   0x0801ae26   0x00000174   Code   RO         2553    i.GradientFillRect  emXGUI100_MDK_M3.lib(gd_rect.o)
    0x0801af9a   0x0801af9a   0x00000004   Code   RO         2175    i.HDC_Lock          emXGUI100_MDK_M3.lib(gui_gdi.o)
    0x0801af9e   0x0801af9e   0x00000002   Code   RO         2176    i.HDC_Unlock        emXGUI100_MDK_M3.lib(gui_gdi.o)
    0x0801afa0   0x0801afa0   0x00000064   Code   RO         2496    i.HLine             emXGUI100_MDK_M3.lib(gd_line.o)
    0x0801b004   0x0801b004   0x00000044   Code   RO         3539    i.HuffmanTree_makeFromLengths  libpng_MDK_CM3.lib(lodepng.o)
    0x0801b048   0x0801b048   0x00000202   Code   RO         3540    i.HuffmanTree_makeFromLengths2  libpng_MDK_CM3.lib(lodepng.o)
    0x0801b24a   0x0801b24a   0x00000026   Code   RO         2282    i.InflateRect       emXGUI100_MDK_M3.lib(gui_region.o)
    0x0801b270   0x0801b270   0x0000002e   Code   RO         2283    i.InflateRectEx     emXGUI100_MDK_M3.lib(gui_region.o)
    0x0801b29e   0x0801b29e   0x00000002   PAD
    0x0801b2a0   0x0801b2a0   0x000000d4   Code   RO         2177    i.InitDC            emXGUI100_MDK_M3.lib(gui_gdi.o)
    0x0801b374   0x0801b374   0x0000010c   Code   RO         2284    i.InsertRECT_LL     emXGUI100_MDK_M3.lib(gui_region.o)
    0x0801b480   0x0801b480   0x0000007c   Code   RO         2285    i.IntersectRect     emXGUI100_MDK_M3.lib(gui_region.o)
    0x0801b4fc   0x0801b4fc   0x00000092   Code   RO         2755    i.InvalidateRect    emXGUI100_MDK_M3.lib(gui_window.o)
    0x0801b58e   0x0801b58e   0x0000003c   Code   RO         2286    i.IsCoveredRect     emXGUI100_MDK_M3.lib(gui_region.o)
    0x0801b5ca   0x0801b5ca   0x0000000c   Code   RO         2178    i.IsEnableAlpha     emXGUI100_MDK_M3.lib(gui_gdi.o)
    0x0801b5d6   0x0801b5d6   0x00000020   Code   RO         2756    i.IsEnableDragWindow  emXGUI100_MDK_M3.lib(gui_window.o)
    0x0801b5f6   0x0801b5f6   0x00000002   PAD
    0x0801b5f8   0x0801b5f8   0x00000018   Code   RO         2757    i.IsHWND            emXGUI100_MDK_M3.lib(gui_window.o)
    0x0801b610   0x0801b610   0x00000012   Code   RO         2288    i.IsIntersectRect   emXGUI100_MDK_M3.lib(gui_region.o)
    0x0801b622   0x0801b622   0x0000000c   Code   RO         2179    i.IsMemDC           emXGUI100_MDK_M3.lib(gui_gdi.o)
    0x0801b62e   0x0801b62e   0x00000018   Code   RO         2289    i.IsRectEmpty       emXGUI100_MDK_M3.lib(gui_region.o)
    0x0801b646   0x0801b646   0x00000036   Code   RO         2758    i.IsWindowEnabled   emXGUI100_MDK_M3.lib(gui_window.o)
    0x0801b67c   0x0801b67c   0x00000094   Code   RO         2702    i.KillTimer         emXGUI100_MDK_M3.lib(gui_timer.o)
    0x0801b710   0x0801b710   0x0000003c   Code   RO         2497    i.Line              emXGUI100_MDK_M3.lib(gd_line.o)
    0x0801b74c   0x0801b74c   0x0000006e   Code   RO         3541    i.LodePNGIText_cleanup  libpng_MDK_CM3.lib(lodepng.o)
    0x0801b7ba   0x0801b7ba   0x00000070   Code   RO         2290    i.MakeMatrixRect    emXGUI100_MDK_M3.lib(gui_region.o)
    0x0801b82a   0x0801b82a   0x00000148   Code   RO         2291    i.MakeProgressRect  emXGUI100_MDK_M3.lib(gui_region.o)
    0x0801b972   0x0801b972   0x0000001c   Code   RO         2183    i.MapARGB           emXGUI100_MDK_M3.lib(gui_gdi.o)
    0x0801b98e   0x0801b98e   0x0000000a   Code   RO         2186    i.MapARGB8888       emXGUI100_MDK_M3.lib(gui_gdi.o)
    0x0801b998   0x0801b998   0x00000018   Code   RO         2187    i.MapRGB            emXGUI100_MDK_M3.lib(gui_gdi.o)
    0x0801b9b0   0x0801b9b0   0x0000000a   Code   RO         2192    i.MapXRGB8888       emXGUI100_MDK_M3.lib(gui_gdi.o)
    0x0801b9ba   0x0801b9ba   0x00000002   PAD
    0x0801b9bc   0x0801b9bc   0x00000280   Code   RO         2638    i.MouseEventHandler  emXGUI100_MDK_M3.lib(gui_input.o)
    0x0801bc3c   0x0801bc3c   0x000000cc   Code   RO         2639    i.MouseInput        emXGUI100_MDK_M3.lib(gui_input.o)
    0x0801bd08   0x0801bd08   0x000001b0   Code   RO         2640    i.MouseInputHandler  emXGUI100_MDK_M3.lib(gui_input.o)
    0x0801beb8   0x0801beb8   0x00000044   Code   RO         2760    i.MoveWindow        emXGUI100_MDK_M3.lib(gui_window.o)
    0x0801befc   0x0801befc   0x00000024   Code   RO         2660    i.NotifyParent      emXGUI100_MDK_M3.lib(gui_message.o)
    0x0801bf20   0x0801bf20   0x0000002a   Code   RO         2661    i.NotifyParentEx    emXGUI100_MDK_M3.lib(gui_message.o)
    0x0801bf4a   0x0801bf4a   0x00000014   Code   RO         2292    i.OffsetRect        emXGUI100_MDK_M3.lib(gui_region.o)
    0x0801bf5e   0x0801bf5e   0x0000001a   Code   RO         3039    i.PNG_Close         libpng_MDK_CM3.lib(lodepng_app.o)
    0x0801bf78   0x0801bf78   0x00000026   Code   RO         3041    i.PNG_GetBitmap     libpng_MDK_CM3.lib(lodepng_app.o)
    0x0801bf9e   0x0801bf9e   0x00000002   PAD
    0x0801bfa0   0x0801bfa0   0x00000074   Code   RO         3042    i.PNG_Open          libpng_MDK_CM3.lib(lodepng_app.o)
    0x0801c014   0x0801c014   0x00000186   Code   RO         2662    i.PeekMessage       emXGUI100_MDK_M3.lib(gui_message.o)
    0x0801c19a   0x0801c19a   0x00000076   Code   RO         2499    i.PolyLine          emXGUI100_MDK_M3.lib(gd_line.o)
    0x0801c210   0x0801c210   0x0000003a   Code   RO         2664    i.PostCloseMessage  emXGUI100_MDK_M3.lib(gui_message.o)
    0x0801c24a   0x0801c24a   0x00000124   Code   RO         2665    i.PostMessage       emXGUI100_MDK_M3.lib(gui_message.o)
    0x0801c36e   0x0801c36e   0x00000036   Code   RO         2666    i.PostQuitMessage   emXGUI100_MDK_M3.lib(gui_message.o)
    0x0801c3a4   0x0801c3a4   0x0000000e   Code   RO         2294    i.PtInRect          emXGUI100_MDK_M3.lib(gui_region.o)
    0x0801c3b2   0x0801c3b2   0x00000004   Code   RO         2296    i.RECT_LLAddRect    emXGUI100_MDK_M3.lib(gui_region.o)
    0x0801c3b6   0x0801c3b6   0x00000030   Code   RO         2407    i.RGB32_AVG         emXGUI100_MDK_M3.lib(gui_core.o)
    0x0801c3e6   0x0801c3e6   0x00000044   Code   RO         2408    i.RGB32_Offset      emXGUI100_MDK_M3.lib(gui_core.o)
    0x0801c42a   0x0801c42a   0x000000ee   Code   RO         2300    i.RGN_SubtractRect  emXGUI100_MDK_M3.lib(gui_region.o)
    0x0801c518   0x0801c518   0x00000018   Code   RO         2762    i.ReleaseCapture    emXGUI100_MDK_M3.lib(gui_window.o)
    0x0801c530   0x0801c530   0x0000016c   Code   RO         2763    i.ReleaseDC         emXGUI100_MDK_M3.lib(gui_window.o)
    0x0801c69c   0x0801c69c   0x00000028   Code   RO         2764    i.ScreenToClient    emXGUI100_MDK_M3.lib(gui_window.o)
    0x0801c6c4   0x0801c6c4   0x00000042   Code   RO         2765    i.ScreenToWindow    emXGUI100_MDK_M3.lib(gui_window.o)
    0x0801c706   0x0801c706   0x00000062   Code   RO         2667    i.SendMessage       emXGUI100_MDK_M3.lib(gui_message.o)
    0x0801c768   0x0801c768   0x00000008   Code   RO         2197    i.SetBrushColor     emXGUI100_MDK_M3.lib(gui_gdi.o)
    0x0801c770   0x0801c770   0x0000001c   Code   RO         2766    i.SetCapture        emXGUI100_MDK_M3.lib(gui_window.o)
    0x0801c78c   0x0801c78c   0x0000001c   Code   RO         2117    i.SetCursorPos      emXGUI100_MDK_M3.lib(gui_cursor.o)
    0x0801c7a8   0x0801c7a8   0x00000050   Code   RO         2767    i.SetFocus          emXGUI100_MDK_M3.lib(gui_window.o)
    0x0801c7f8   0x0801c7f8   0x00000024   Code   RO         2134    i.SetFont           emXGUI100_MDK_M3.lib(gui_font.o)
    0x0801c81c   0x0801c81c   0x00000150   Code   RO         2768    i.SetForegroundWindow  emXGUI100_MDK_M3.lib(gui_window.o)
    0x0801c96c   0x0801c96c   0x00000008   Code   RO         2201    i.SetPenColor       emXGUI100_MDK_M3.lib(gui_gdi.o)
    0x0801c974   0x0801c974   0x00000024   Code   RO         2308    i.SetRectArea       emXGUI100_MDK_M3.lib(gui_region.o)
    0x0801c998   0x0801c998   0x00000012   Code   RO         2309    i.SetRectEmpty      emXGUI100_MDK_M3.lib(gui_region.o)
    0x0801c9aa   0x0801c9aa   0x00000008   Code   RO         2205    i.SetTextColor      emXGUI100_MDK_M3.lib(gui_gdi.o)
    0x0801c9b2   0x0801c9b2   0x00000002   PAD
    0x0801c9b4   0x0801c9b4   0x000000d8   Code   RO         2704    i.SetTimer          emXGUI100_MDK_M3.lib(gui_timer.o)
    0x0801ca8c   0x0801ca8c   0x0000000a   Code   RO         2772    i.SetWindowFont     emXGUI100_MDK_M3.lib(gui_window.o)
    0x0801ca96   0x0801ca96   0x000000d8   Code   RO         2773    i.SetWindowLong     emXGUI100_MDK_M3.lib(gui_window.o)
    0x0801cb6e   0x0801cb6e   0x0000003e   Code   RO         2774    i.SetWindowPos      emXGUI100_MDK_M3.lib(gui_window.o)
    0x0801cbac   0x0801cbac   0x00000012   Code   RO         2776    i.SetWindowText     emXGUI100_MDK_M3.lib(gui_window.o)
    0x0801cbbe   0x0801cbbe   0x00000018   Code   RO         2118    i.ShowCursor        emXGUI100_MDK_M3.lib(gui_cursor.o)
    0x0801cbd6   0x0801cbd6   0x00000088   Code   RO         2778    i.ShowWindow        emXGUI100_MDK_M3.lib(gui_window.o)
    0x0801cc5e   0x0801cc5e   0x00000104   Code   RO         2312    i.SubtractRectEx    emXGUI100_MDK_M3.lib(gui_region.o)
    0x0801cd62   0x0801cd62   0x00000002   PAD
    0x0801cd64   0x0801cd64   0x00000020   Code   RO         3142    i.SurfaceInit_ARGB4444  emXGUI100_MDK_M3.lib(surface_argb4444.o)
    0x0801cd84   0x0801cd84   0x00000020   Code   RO         3158    i.SurfaceInit_ARGB8888  emXGUI100_MDK_M3.lib(surface_argb8888.o)
    0x0801cda4   0x0801cda4   0x00000020   Code   RO         3181    i.SurfaceInit_RGB332  emXGUI100_MDK_M3.lib(surface_rgb332.o)
    0x0801cdc4   0x0801cdc4   0x00000020   Code   RO         3204    i.SurfaceInit_RGB565  emXGUI100_MDK_M3.lib(surface_rgb565.o)
    0x0801cde4   0x0801cde4   0x00000020   Code   RO         3227    i.SurfaceInit_XRGB8888  emXGUI100_MDK_M3.lib(surface_xrgb8888.o)
    0x0801ce04   0x0801ce04   0x00000040   Code   RO         2575    i.TextOut           emXGUI100_MDK_M3.lib(gd_text.o)
    0x0801ce44   0x0801ce44   0x0000000a   Code   RO         2206    i.ToARGB            emXGUI100_MDK_M3.lib(gui_gdi.o)
    0x0801ce4e   0x0801ce4e   0x0000004c   Code   RO         2668    i.TranslateMessage  emXGUI100_MDK_M3.lib(gui_message.o)
    0x0801ce9a   0x0801ce9a   0x0000002a   Code   RO         2779    i.UpdateWindow      emXGUI100_MDK_M3.lib(gui_window.o)
    0x0801cec4   0x0801cec4   0x00000064   Code   RO         2500    i.VLine             emXGUI100_MDK_M3.lib(gd_line.o)
    0x0801cf28   0x0801cf28   0x00000030   Code   RO         2782    i.WIN_Lock          emXGUI100_MDK_M3.lib(gui_window.o)
    0x0801cf58   0x0801cf58   0x00000016   Code   RO         2783    i.WIN_Unlock        emXGUI100_MDK_M3.lib(gui_window.o)
    0x0801cf6e   0x0801cf6e   0x00000042   Code   RO         2784    i.WindowToScreen    emXGUI100_MDK_M3.lib(gui_window.o)
    0x0801cfb0   0x0801cfb0   0x0000000c   Code   RO         2426    i.XFT_CreateFont    emXGUI100_MDK_M3.lib(gui_font_xft.o)
    0x0801cfbc   0x0801cfbc   0x00000018   Code   RO         2443    i.XFT_CreateFontEx  emXGUI100_MDK_M3.lib(gui_font_xft_ex.o)
    0x0801cfd4   0x0801cfd4   0x00000134   Code   RO         2385    i.X_GUI_Init        emXGUI100_MDK_M3.lib(x_gui.o)
    0x0801d108   0x0801d108   0x0000002a   Code   RO         2531    i.XorPixel          emXGUI100_MDK_M3.lib(gd_pixel.o)
    0x0801d132   0x0801d132   0x000000fc   Code   RO         2585    i._AA_HLine         emXGUI100_MDK_M3.lib(gui_aa_core.o)
    0x0801d22e   0x0801d22e   0x0000015a   Code   RO         2785    i._CalculateWindowClipRgn  emXGUI100_MDK_M3.lib(gui_window.o)
    0x0801d388   0x0801d388   0x0000002c   Code   RO         2786    i._ClientToScreen   emXGUI100_MDK_M3.lib(gui_window.o)
    0x0801d3b4   0x0801d3b4   0x00000012   Code   RO         2315    i._CopyRect         emXGUI100_MDK_M3.lib(gui_region.o)
    0x0801d3c6   0x0801d3c6   0x00000002   PAD
    0x0801d3c8   0x0801d3c8   0x000000b0   Code   RO         3275    i._CursorHide       emXGUI100_MDK_M3.lib(gl_cursor.o)
    0x0801d478   0x0801d478   0x0000009c   Code   RO         3276    i._CursorShow       emXGUI100_MDK_M3.lib(gl_cursor.o)
    0x0801d514   0x0801d514   0x0000027c   Code   RO         3105    i._DrawArc          emXGUI100_MDK_M3.lib(gd_arc.o)
    0x0801d790   0x0801d790   0x00000024   Code   RO         2135    i._DrawChar         emXGUI100_MDK_M3.lib(gui_font.o)
    0x0801d7b4   0x0801d7b4   0x0000006a   Code   RO         2576    i._DrawString       emXGUI100_MDK_M3.lib(gd_text.o)
    0x0801d81e   0x0801d81e   0x00000002   PAD
    0x0801d820   0x0801d820   0x000000b4   Code   RO         2473    i._FillCircle       emXGUI100_MDK_M3.lib(gd_circle.o)
    0x0801d8d4   0x0801d8d4   0x00000140   Code   RO         2554    i._FillRoundRect    emXGUI100_MDK_M3.lib(gd_rect.o)
    0x0801da14   0x0801da14   0x00000104   Code   RO         2586    i._FlushLine        emXGUI100_MDK_M3.lib(gui_aa_core.o)
    0x0801db18   0x0801db18   0x0000001a   Code   RO         3159    i._GetARGB          emXGUI100_MDK_M3.lib(surface_argb8888.o)
    0x0801db32   0x0801db32   0x00000020   Code   RO         3182    i._GetARGB          emXGUI100_MDK_M3.lib(surface_rgb332.o)
    0x0801db52   0x0801db52   0x00000026   Code   RO         3205    i._GetARGB          emXGUI100_MDK_M3.lib(surface_rgb565.o)
    0x0801db78   0x0801db78   0x0000001a   Code   RO         3228    i._GetARGB          emXGUI100_MDK_M3.lib(surface_xrgb8888.o)
    0x0801db92   0x0801db92   0x0000005a   Code   RO         2791    i._GetCaptionRect   emXGUI100_MDK_M3.lib(gui_window.o)
    0x0801dbec   0x0801dbec   0x00000054   Code   RO         2793    i._GetCloseBoxRect  emXGUI100_MDK_M3.lib(gui_window.o)
    0x0801dc40   0x0801dc40   0x0000000a   Code   RO         2137    i._GetFontInfo      emXGUI100_MDK_M3.lib(gui_font.o)
    0x0801dc4a   0x0801dc4a   0x00000010   Code   RO         3160    i._GetRGB           emXGUI100_MDK_M3.lib(surface_argb8888.o)
    0x0801dc5a   0x0801dc5a   0x00000018   Code   RO         3183    i._GetRGB           emXGUI100_MDK_M3.lib(surface_rgb332.o)
    0x0801dc72   0x0801dc72   0x0000001e   Code   RO         3206    i._GetRGB           emXGUI100_MDK_M3.lib(surface_rgb565.o)
    0x0801dc90   0x0801dc90   0x00000010   Code   RO         3229    i._GetRGB           emXGUI100_MDK_M3.lib(surface_xrgb8888.o)
    0x0801dca0   0x0801dca0   0x00000076   Code   RO         2795    i._GetWindow        emXGUI100_MDK_M3.lib(gui_window.o)
    0x0801dd16   0x0801dd16   0x000000a2   Code   RO         2796    i._GetWindowClipRgn  emXGUI100_MDK_M3.lib(gui_window.o)
    0x0801ddb8   0x0801ddb8   0x0000009a   Code   RO         2797    i._GetWindowFromPoint  emXGUI100_MDK_M3.lib(gui_window.o)
    0x0801de52   0x0801de52   0x00000012   Code   RO         2798    i._GetWindowRect    emXGUI100_MDK_M3.lib(gui_window.o)
    0x0801de64   0x0801de64   0x000000ea   Code   RO         2799    i._HideWindow       emXGUI100_MDK_M3.lib(gui_window.o)
    0x0801df4e   0x0801df4e   0x0000001e   Code   RO         2316    i._InflateRect      emXGUI100_MDK_M3.lib(gui_region.o)
    0x0801df6c   0x0801df6c   0x00000144   Code   RO         2800    i._InitWindow       emXGUI100_MDK_M3.lib(gui_window.o)
    0x0801e0b0   0x0801e0b0   0x00000116   Code   RO         2801    i._InsertInvRect    emXGUI100_MDK_M3.lib(gui_window.o)
    0x0801e1c6   0x0801e1c6   0x00000072   Code   RO         2317    i._IntersectRect    emXGUI100_MDK_M3.lib(gui_region.o)
    0x0801e238   0x0801e238   0x0000000c   Code   RO         2802    i._IsChild          emXGUI100_MDK_M3.lib(gui_window.o)
    0x0801e244   0x0801e244   0x0000000e   Code   RO         2587    i._IsEnableAA       emXGUI100_MDK_M3.lib(gui_aa_core.o)
    0x0801e252   0x0801e252   0x0000003e   Code   RO         2318    i._IsIntersectRect  emXGUI100_MDK_M3.lib(gui_region.o)
    0x0801e290   0x0801e290   0x0000001c   Code   RO         2807    i._IsWindowVisible  emXGUI100_MDK_M3.lib(gui_window.o)
    0x0801e2ac   0x0801e2ac   0x00000042   Code   RO         2210    i._LPtoDP           emXGUI100_MDK_M3.lib(gui_gdi.o)
    0x0801e2ee   0x0801e2ee   0x0000000e   Code   RO         3161    i._MapARGB          emXGUI100_MDK_M3.lib(surface_argb8888.o)
    0x0801e2fc   0x0801e2fc   0x00000010   Code   RO         3184    i._MapARGB          emXGUI100_MDK_M3.lib(surface_rgb332.o)
    0x0801e30c   0x0801e30c   0x00000010   Code   RO         3207    i._MapARGB          emXGUI100_MDK_M3.lib(surface_rgb565.o)
    0x0801e31c   0x0801e31c   0x0000000e   Code   RO         3230    i._MapARGB          emXGUI100_MDK_M3.lib(surface_xrgb8888.o)
    0x0801e32a   0x0801e32a   0x0000000e   Code   RO         3162    i._MapRGB           emXGUI100_MDK_M3.lib(surface_argb8888.o)
    0x0801e338   0x0801e338   0x00000010   Code   RO         3185    i._MapRGB           emXGUI100_MDK_M3.lib(surface_rgb332.o)
    0x0801e348   0x0801e348   0x00000010   Code   RO         3208    i._MapRGB           emXGUI100_MDK_M3.lib(surface_rgb565.o)
    0x0801e358   0x0801e358   0x0000000a   Code   RO         3231    i._MapRGB           emXGUI100_MDK_M3.lib(surface_xrgb8888.o)
    0x0801e362   0x0801e362   0x0000001c   Code   RO         3163    i._MapRGB332        emXGUI100_MDK_M3.lib(surface_argb8888.o)
    0x0801e37e   0x0801e37e   0x00000002   Code   RO         3186    i._MapRGB332        emXGUI100_MDK_M3.lib(surface_rgb332.o)
    0x0801e380   0x0801e380   0x0000001e   Code   RO         3209    i._MapRGB332        emXGUI100_MDK_M3.lib(surface_rgb565.o)
    0x0801e39e   0x0801e39e   0x00000018   Code   RO         3232    i._MapRGB332        emXGUI100_MDK_M3.lib(surface_xrgb8888.o)
    0x0801e3b6   0x0801e3b6   0x0000001e   Code   RO         3164    i._MapRGB565        emXGUI100_MDK_M3.lib(surface_argb8888.o)
    0x0801e3d4   0x0801e3d4   0x00000016   Code   RO         3187    i._MapRGB565        emXGUI100_MDK_M3.lib(surface_rgb332.o)
    0x0801e3ea   0x0801e3ea   0x00000002   Code   RO         3210    i._MapRGB565        emXGUI100_MDK_M3.lib(surface_rgb565.o)
    0x0801e3ec   0x0801e3ec   0x0000001a   Code   RO         3233    i._MapRGB565        emXGUI100_MDK_M3.lib(surface_xrgb8888.o)
    0x0801e406   0x0801e406   0x0000001c   Code   RO         3165    i._MapXRGB1555      emXGUI100_MDK_M3.lib(surface_argb8888.o)
    0x0801e422   0x0801e422   0x00000016   Code   RO         3188    i._MapXRGB1555      emXGUI100_MDK_M3.lib(surface_rgb332.o)
    0x0801e438   0x0801e438   0x00000018   Code   RO         3211    i._MapXRGB1555      emXGUI100_MDK_M3.lib(surface_rgb565.o)
    0x0801e450   0x0801e450   0x00000018   Code   RO         3234    i._MapXRGB1555      emXGUI100_MDK_M3.lib(surface_xrgb8888.o)
    0x0801e468   0x0801e468   0x0000001c   Code   RO         3166    i._MapXRGB4444      emXGUI100_MDK_M3.lib(surface_argb8888.o)
    0x0801e484   0x0801e484   0x00000016   Code   RO         3189    i._MapXRGB4444      emXGUI100_MDK_M3.lib(surface_rgb332.o)
    0x0801e49a   0x0801e49a   0x00000018   Code   RO         3212    i._MapXRGB4444      emXGUI100_MDK_M3.lib(surface_rgb565.o)
    0x0801e4b2   0x0801e4b2   0x00000018   Code   RO         3235    i._MapXRGB4444      emXGUI100_MDK_M3.lib(surface_xrgb8888.o)
    0x0801e4ca   0x0801e4ca   0x00000006   Code   RO         3167    i._MapXRGB8888      emXGUI100_MDK_M3.lib(surface_argb8888.o)
    0x0801e4d0   0x0801e4d0   0x00000016   Code   RO         3190    i._MapXRGB8888      emXGUI100_MDK_M3.lib(surface_rgb332.o)
    0x0801e4e6   0x0801e4e6   0x00000016   Code   RO         3213    i._MapXRGB8888      emXGUI100_MDK_M3.lib(surface_rgb565.o)
    0x0801e4fc   0x0801e4fc   0x00000002   Code   RO         3236    i._MapXRGB8888      emXGUI100_MDK_M3.lib(surface_xrgb8888.o)
    0x0801e4fe   0x0801e4fe   0x0000000e   Code   RO         2319    i._OffsetRect       emXGUI100_MDK_M3.lib(gui_region.o)
    0x0801e50c   0x0801e50c   0x00000048   Code   RO         2808    i._OffsetWindowRect  emXGUI100_MDK_M3.lib(gui_window.o)
    0x0801e554   0x0801e554   0x00000058   Code   RO         2670    i._PostFlushMessage  emXGUI100_MDK_M3.lib(gui_message.o)
    0x0801e5ac   0x0801e5ac   0x0000002a   Code   RO         2672    i._PostNCPaintMessage  emXGUI100_MDK_M3.lib(gui_message.o)
    0x0801e5d6   0x0801e5d6   0x00000020   Code   RO         2673    i._PostPaintMessage  emXGUI100_MDK_M3.lib(gui_message.o)
    0x0801e5f6   0x0801e5f6   0x0000002a   Code   RO         2322    i._PtInRect         emXGUI100_MDK_M3.lib(gui_region.o)
    0x0801e620   0x0801e620   0x00000134   Code   RO         2809    i._RedrawWindow     emXGUI100_MDK_M3.lib(gui_window.o)
    0x0801e754   0x0801e754   0x00000030   Code   RO         2810    i._ScreenToClient   emXGUI100_MDK_M3.lib(gui_window.o)
    0x0801e784   0x0801e784   0x00000030   Code   RO         2811    i._ScreenToWindow   emXGUI100_MDK_M3.lib(gui_window.o)
    0x0801e7b4   0x0801e7b4   0x00000032   Code   RO         2812    i._SendMessage_WM_MOVE_AllChild  emXGUI100_MDK_M3.lib(gui_window.o)
    0x0801e7e6   0x0801e7e6   0x00000032   Code   RO         2813    i._SendMessage_WM_SIZE_AllChild  emXGUI100_MDK_M3.lib(gui_window.o)
    0x0801e818   0x0801e818   0x0000004a   Code   RO         2211    i._SetDrawRect      emXGUI100_MDK_M3.lib(gui_gdi.o)
    0x0801e862   0x0801e862   0x0000000c   Code   RO         2324    i._SetRectEmpty     emXGUI100_MDK_M3.lib(gui_region.o)
    0x0801e86e   0x0801e86e   0x0000008c   Code   RO         2814    i._SetWindowClipFlag  emXGUI100_MDK_M3.lib(gui_window.o)
    0x0801e8fa   0x0801e8fa   0x00000002   PAD
    0x0801e8fc   0x0801e8fc   0x00000374   Code   RO         2816    i._SetWindowPos     emXGUI100_MDK_M3.lib(gui_window.o)
    0x0801ec70   0x0801ec70   0x0000009a   Code   RO         2817    i._SetWindowSize    emXGUI100_MDK_M3.lib(gui_window.o)
    0x0801ed0a   0x0801ed0a   0x00000002   PAD
    0x0801ed0c   0x0801ed0c   0x00000054   Code   RO         2818    i._SetWindowToTop   emXGUI100_MDK_M3.lib(gui_window.o)
    0x0801ed60   0x0801ed60   0x00000040   Code   RO         2819    i._ShowWindow       emXGUI100_MDK_M3.lib(gui_window.o)
    0x0801eda0   0x0801eda0   0x00000002   Code   RO         3168    i._ToARGB           emXGUI100_MDK_M3.lib(surface_argb8888.o)
    0x0801eda2   0x0801eda2   0x0000001c   Code   RO         3191    i._ToARGB           emXGUI100_MDK_M3.lib(surface_rgb332.o)
    0x0801edbe   0x0801edbe   0x0000001e   Code   RO         3214    i._ToARGB           emXGUI100_MDK_M3.lib(surface_rgb565.o)
    0x0801eddc   0x0801eddc   0x00000002   Code   RO         3237    i._ToARGB           emXGUI100_MDK_M3.lib(surface_xrgb8888.o)
    0x0801edde   0x0801edde   0x00000002   PAD
    0x0801ede0   0x0801ede0   0x00000078   Code   RO         2820    i._WindowCleanup    emXGUI100_MDK_M3.lib(gui_window.o)
    0x0801ee58   0x0801ee58   0x0000002c   Code   RO         2821    i._WindowToScreen   emXGUI100_MDK_M3.lib(gui_window.o)
    0x0801ee84   0x0801ee84   0x000001c4   Code   RO         2501    i._Wu_DrawBoldLine  emXGUI100_MDK_M3.lib(gd_line.o)
    0x0801f048   0x0801f048   0x0000013c   Code   RO         2502    i._Wu_DrawLine      emXGUI100_MDK_M3.lib(gd_line.o)
    0x0801f184   0x0801f184   0x00000020   Code   RO         4112    i.__0printf$3       mc_w.l(printf3.o)
    0x0801f1a4   0x0801f1a4   0x00000028   Code   RO         4114    i.__0sprintf$3      mc_w.l(printf3.o)
    0x0801f1cc   0x0801f1cc   0x00000028   Code   RO         4413    i.__ARM_fpclassify  m_ws.l(fpclassify.o)
    0x0801f1f4   0x0801f1f4   0x0000009a   Code   RO         3077    i.__CaluCircle4     emXGUI100_MDK_M3.lib(gui_libc.o)
    0x0801f28e   0x0801f28e   0x00000018   Code   RO         3078    i.__InitCircle4     emXGUI100_MDK_M3.lib(gui_libc.o)
    0x0801f2a6   0x0801f2a6   0x00000002   PAD
    0x0801f2a8   0x0801f2a8   0x00000008   Code   RO         4389    i.__aeabi_errno_addr  mc_w.l(errno.o)
    0x0801f2b0   0x0801f2b0   0x000000d0   Code   RO         3344    i.__blend_argb      emXGUI100_MDK_M3.lib(gl_mem_16bpp.o)
    0x0801f380   0x0801f380   0x000000d0   Code   RO         3406    i.__blend_argb      emXGUI100_MDK_M3.lib(gl_mem_32bpp.o)
    0x0801f450   0x0801f450   0x0000002a   Code   RO         2951    i.__copy_bits       emXGUI100_MDK_M3.lib(gl_ext_lcd_16bit.o)
    0x0801f47a   0x0801f47a   0x0000005c   Code   RO         3345    i.__copy_bits       emXGUI100_MDK_M3.lib(gl_mem_16bpp.o)
    0x0801f4d6   0x0801f4d6   0x0000005c   Code   RO         3407    i.__copy_bits       emXGUI100_MDK_M3.lib(gl_mem_32bpp.o)
    0x0801f532   0x0801f532   0x0000003e   Code   RO         2427    i.__create_font     emXGUI100_MDK_M3.lib(gui_font_xft.o)
    0x0801f570   0x0801f570   0x0000005c   Code   RO         2444    i.__create_font     emXGUI100_MDK_M3.lib(gui_font_xft_ex.o)
    0x0801f5cc   0x0801f5cc   0x0000000a   Code   RO         2428    i.__delete_font     emXGUI100_MDK_M3.lib(gui_font_xft.o)
    0x0801f5d6   0x0801f5d6   0x00000014   Code   RO         2445    i.__delete_font     emXGUI100_MDK_M3.lib(gui_font_xft_ex.o)
    0x0801f5ea   0x0801f5ea   0x0000021a   Code   RO         2952    i.__draw_bitmap_AL1  emXGUI100_MDK_M3.lib(gl_ext_lcd_16bit.o)
    0x0801f804   0x0801f804   0x0000010e   Code   RO         3346    i.__draw_bitmap_AL1  emXGUI100_MDK_M3.lib(gl_mem_16bpp.o)
    0x0801f912   0x0801f912   0x0000010c   Code   RO         3408    i.__draw_bitmap_AL1  emXGUI100_MDK_M3.lib(gl_mem_32bpp.o)
    0x0801fa1e   0x0801fa1e   0x00000002   PAD
    0x0801fa20   0x0801fa20   0x00000220   Code   RO         2953    i.__draw_bitmap_AL2  emXGUI100_MDK_M3.lib(gl_ext_lcd_16bit.o)
    0x0801fc40   0x0801fc40   0x00000188   Code   RO         3347    i.__draw_bitmap_AL2  emXGUI100_MDK_M3.lib(gl_mem_16bpp.o)
    0x0801fdc8   0x0801fdc8   0x00000184   Code   RO         3409    i.__draw_bitmap_AL2  emXGUI100_MDK_M3.lib(gl_mem_32bpp.o)
    0x0801ff4c   0x0801ff4c   0x00000140   Code   RO         2954    i.__draw_bitmap_AL4  emXGUI100_MDK_M3.lib(gl_ext_lcd_16bit.o)
    0x0802008c   0x0802008c   0x000000f0   Code   RO         3348    i.__draw_bitmap_AL4  emXGUI100_MDK_M3.lib(gl_mem_16bpp.o)
    0x0802017c   0x0802017c   0x000000ec   Code   RO         3410    i.__draw_bitmap_AL4  emXGUI100_MDK_M3.lib(gl_mem_32bpp.o)
    0x08020268   0x08020268   0x00000074   Code   RO         2955    i.__draw_bitmap_AL8  emXGUI100_MDK_M3.lib(gl_ext_lcd_16bit.o)
    0x080202dc   0x080202dc   0x0000008e   Code   RO         3349    i.__draw_bitmap_AL8  emXGUI100_MDK_M3.lib(gl_mem_16bpp.o)
    0x0802036a   0x0802036a   0x0000008a   Code   RO         3411    i.__draw_bitmap_AL8  emXGUI100_MDK_M3.lib(gl_mem_32bpp.o)
    0x080203f4   0x080203f4   0x00000090   Code   RO         2956    i.__draw_bitmap_ARGB1555  emXGUI100_MDK_M3.lib(gl_ext_lcd_16bit.o)
    0x08020484   0x08020484   0x00000090   Code   RO         3350    i.__draw_bitmap_ARGB1555  emXGUI100_MDK_M3.lib(gl_mem_16bpp.o)
    0x08020514   0x08020514   0x00000090   Code   RO         3412    i.__draw_bitmap_ARGB1555  emXGUI100_MDK_M3.lib(gl_mem_32bpp.o)
    0x080205a4   0x080205a4   0x000000bc   Code   RO         2957    i.__draw_bitmap_ARGB4444  emXGUI100_MDK_M3.lib(gl_ext_lcd_16bit.o)
    0x08020660   0x08020660   0x000000c8   Code   RO         3351    i.__draw_bitmap_ARGB4444  emXGUI100_MDK_M3.lib(gl_mem_16bpp.o)
    0x08020728   0x08020728   0x000000c8   Code   RO         3413    i.__draw_bitmap_ARGB4444  emXGUI100_MDK_M3.lib(gl_mem_32bpp.o)
    0x080207f0   0x080207f0   0x000000bc   Code   RO         2958    i.__draw_bitmap_ARGB8888  emXGUI100_MDK_M3.lib(gl_ext_lcd_16bit.o)
    0x080208ac   0x080208ac   0x000000c0   Code   RO         3352    i.__draw_bitmap_ARGB8888  emXGUI100_MDK_M3.lib(gl_mem_16bpp.o)
    0x0802096c   0x0802096c   0x000000c0   Code   RO         3414    i.__draw_bitmap_ARGB8888  emXGUI100_MDK_M3.lib(gl_mem_32bpp.o)
    0x08020a2c   0x08020a2c   0x0000012c   Code   RO         2959    i.__draw_bitmap_LUT1  emXGUI100_MDK_M3.lib(gl_ext_lcd_16bit.o)
    0x08020b58   0x08020b58   0x00000116   Code   RO         3353    i.__draw_bitmap_LUT1  emXGUI100_MDK_M3.lib(gl_mem_16bpp.o)
    0x08020c6e   0x08020c6e   0x00000112   Code   RO         3415    i.__draw_bitmap_LUT1  emXGUI100_MDK_M3.lib(gl_mem_32bpp.o)
    0x08020d80   0x08020d80   0x00000002   Code   RO         2960    i.__draw_bitmap_LUT2  emXGUI100_MDK_M3.lib(gl_ext_lcd_16bit.o)
    0x08020d82   0x08020d82   0x00000002   Code   RO         3354    i.__draw_bitmap_LUT2  emXGUI100_MDK_M3.lib(gl_mem_16bpp.o)
    0x08020d84   0x08020d84   0x00000002   Code   RO         3416    i.__draw_bitmap_LUT2  emXGUI100_MDK_M3.lib(gl_mem_32bpp.o)
    0x08020d86   0x08020d86   0x000000a6   Code   RO         2961    i.__draw_bitmap_LUT4  emXGUI100_MDK_M3.lib(gl_ext_lcd_16bit.o)
    0x08020e2c   0x08020e2c   0x00000082   Code   RO         3355    i.__draw_bitmap_LUT4  emXGUI100_MDK_M3.lib(gl_mem_16bpp.o)
    0x08020eae   0x08020eae   0x00000082   Code   RO         3417    i.__draw_bitmap_LUT4  emXGUI100_MDK_M3.lib(gl_mem_32bpp.o)
    0x08020f30   0x08020f30   0x0000006a   Code   RO         2962    i.__draw_bitmap_LUT8  emXGUI100_MDK_M3.lib(gl_ext_lcd_16bit.o)
    0x08020f9a   0x08020f9a   0x00000050   Code   RO         3356    i.__draw_bitmap_LUT8  emXGUI100_MDK_M3.lib(gl_mem_16bpp.o)
    0x08020fea   0x08020fea   0x00000050   Code   RO         3418    i.__draw_bitmap_LUT8  emXGUI100_MDK_M3.lib(gl_mem_32bpp.o)
    0x0802103a   0x0802103a   0x00000066   Code   RO         2963    i.__draw_bitmap_RGB332  emXGUI100_MDK_M3.lib(gl_ext_lcd_16bit.o)
    0x080210a0   0x080210a0   0x00000086   Code   RO         3357    i.__draw_bitmap_RGB332  emXGUI100_MDK_M3.lib(gl_mem_16bpp.o)
    0x08021126   0x08021126   0x00000086   Code   RO         3419    i.__draw_bitmap_RGB332  emXGUI100_MDK_M3.lib(gl_mem_32bpp.o)
    0x080211ac   0x080211ac   0x00000028   Code   RO         2964    i.__draw_bitmap_RGB565  emXGUI100_MDK_M3.lib(gl_ext_lcd_16bit.o)
    0x080211d4   0x080211d4   0x000000ca   Code   RO         3358    i.__draw_bitmap_RGB565  emXGUI100_MDK_M3.lib(gl_mem_16bpp.o)
    0x0802129e   0x0802129e   0x00000086   Code   RO         3420    i.__draw_bitmap_RGB565  emXGUI100_MDK_M3.lib(gl_mem_32bpp.o)
    0x08021324   0x08021324   0x00000078   Code   RO         2965    i.__draw_bitmap_RGB888  emXGUI100_MDK_M3.lib(gl_ext_lcd_16bit.o)
    0x0802139c   0x0802139c   0x00000094   Code   RO         3359    i.__draw_bitmap_RGB888  emXGUI100_MDK_M3.lib(gl_mem_16bpp.o)
    0x08021430   0x08021430   0x00000094   Code   RO         3421    i.__draw_bitmap_RGB888  emXGUI100_MDK_M3.lib(gl_mem_32bpp.o)
    0x080214c4   0x080214c4   0x00000066   Code   RO         2966    i.__draw_bitmap_XRGB1555  emXGUI100_MDK_M3.lib(gl_ext_lcd_16bit.o)
    0x0802152a   0x0802152a   0x00000086   Code   RO         3360    i.__draw_bitmap_XRGB1555  emXGUI100_MDK_M3.lib(gl_mem_16bpp.o)
    0x080215b0   0x080215b0   0x00000086   Code   RO         3422    i.__draw_bitmap_XRGB1555  emXGUI100_MDK_M3.lib(gl_mem_32bpp.o)
    0x08021636   0x08021636   0x00000078   Code   RO         2967    i.__draw_bitmap_XRGB8888  emXGUI100_MDK_M3.lib(gl_ext_lcd_16bit.o)
    0x080216ae   0x080216ae   0x00000094   Code   RO         3361    i.__draw_bitmap_XRGB8888  emXGUI100_MDK_M3.lib(gl_mem_16bpp.o)
    0x08021742   0x08021742   0x000000de   Code   RO         3423    i.__draw_bitmap_XRGB8888  emXGUI100_MDK_M3.lib(gl_mem_32bpp.o)
    0x08021820   0x08021820   0x00000120   Code   RO         2429    i.__draw_char       emXGUI100_MDK_M3.lib(gui_font_xft.o)
    0x08021940   0x08021940   0x000000ee   Code   RO         2446    i.__draw_char       emXGUI100_MDK_M3.lib(gui_font_xft_ex.o)
    0x08021a2e   0x08021a2e   0x0000001e   Code   RO         2968    i.__draw_hline      emXGUI100_MDK_M3.lib(gl_ext_lcd_16bit.o)
    0x08021a4c   0x08021a4c   0x0000001e   Code   RO         3362    i.__draw_hline      emXGUI100_MDK_M3.lib(gl_mem_16bpp.o)
    0x08021a6a   0x08021a6a   0x0000001c   Code   RO         3424    i.__draw_hline      emXGUI100_MDK_M3.lib(gl_mem_32bpp.o)
    0x08021a86   0x08021a86   0x0000001c   Code   RO         2969    i.__draw_vline      emXGUI100_MDK_M3.lib(gl_ext_lcd_16bit.o)
    0x08021aa2   0x08021aa2   0x00000022   Code   RO         3363    i.__draw_vline      emXGUI100_MDK_M3.lib(gl_mem_16bpp.o)
    0x08021ac4   0x08021ac4   0x00000020   Code   RO         3425    i.__draw_vline      emXGUI100_MDK_M3.lib(gl_mem_32bpp.o)
    0x08021ae4   0x08021ae4   0x00000020   Code   RO         2970    i.__fill_rect       emXGUI100_MDK_M3.lib(gl_ext_lcd_16bit.o)
    0x08021b04   0x08021b04   0x0000005a   Code   RO         3364    i.__fill_rect       emXGUI100_MDK_M3.lib(gl_mem_16bpp.o)
    0x08021b5e   0x08021b5e   0x00000058   Code   RO         3426    i.__fill_rect       emXGUI100_MDK_M3.lib(gl_mem_32bpp.o)
    0x08021bb6   0x08021bb6   0x00000052   Code   RO         2971    i.__fill_rect_ARGB  emXGUI100_MDK_M3.lib(gl_ext_lcd_16bit.o)
    0x08021c08   0x08021c08   0x00000078   Code   RO         3365    i.__fill_rect_ARGB  emXGUI100_MDK_M3.lib(gl_mem_16bpp.o)
    0x08021c80   0x08021c80   0x00000078   Code   RO         3427    i.__fill_rect_ARGB  emXGUI100_MDK_M3.lib(gl_mem_32bpp.o)
    0x08021cf8   0x08021cf8   0x00000080   Code   RO         2430    i.__get_char_info   emXGUI100_MDK_M3.lib(gui_font_xft.o)
    0x08021d78   0x08021d78   0x00000048   Code   RO         2447    i.__get_char_info   emXGUI100_MDK_M3.lib(gui_font_xft_ex.o)
    0x08021dc0   0x08021dc0   0x0000000c   Code   RO         2431    i.__get_font_info   emXGUI100_MDK_M3.lib(gui_font_xft.o)
    0x08021dcc   0x08021dcc   0x0000000c   Code   RO         2448    i.__get_font_info   emXGUI100_MDK_M3.lib(gui_font_xft_ex.o)
    0x08021dd8   0x08021dd8   0x00000024   Code   RO         2972    i.__get_pixel       emXGUI100_MDK_M3.lib(gl_ext_lcd_16bit.o)
    0x08021dfc   0x08021dfc   0x0000000e   Code   RO         3366    i.__get_pixel       emXGUI100_MDK_M3.lib(gl_mem_16bpp.o)
    0x08021e0a   0x08021e0a   0x0000000e   Code   RO         3428    i.__get_pixel       emXGUI100_MDK_M3.lib(gl_mem_32bpp.o)
    0x08021e18   0x08021e18   0x00000388   Code   RO         4353    i.__ieee754_rem_pio2  m_ws.l(rred.o)
    0x080221a0   0x080221a0   0x000000fc   Code   RO         4336    i.__kernel_cos      m_ws.l(cos_i.o)
    0x0802229c   0x0802229c   0x000000aa   Code   RO         4415    i.__kernel_poly     m_ws.l(poly.o)
    0x08022346   0x08022346   0x00000002   PAD
    0x08022348   0x08022348   0x000000ec   Code   RO         4358    i.__kernel_sin      m_ws.l(sin_i.o)
    0x08022434   0x08022434   0x00000006   Code   RO         4340    i.__mathlib_dbl_infnan  m_ws.l(dunder.o)
    0x0802243a   0x0802243a   0x0000000c   Code   RO         4342    i.__mathlib_dbl_invalid  m_ws.l(dunder.o)
    0x08022446   0x08022446   0x00000002   PAD
    0x08022448   0x08022448   0x00000010   Code   RO         4345    i.__mathlib_dbl_underflow  m_ws.l(dunder.o)
    0x08022458   0x08022458   0x0000000e   Code   RO         2599    i.__mem_get_data    emXGUI100_MDK_M3.lib(gui_imagebmp.o)
    0x08022466   0x08022466   0x00000002   PAD
    0x08022468   0x08022468   0x00000576   Code   RO         2973    i.__rotate_bitmap   emXGUI100_MDK_M3.lib(gl_ext_lcd_16bit.o)
    0x080229de   0x080229de   0x00000002   PAD
    0x080229e0   0x080229e0   0x0000060a   Code   RO         3367    i.__rotate_bitmap   emXGUI100_MDK_M3.lib(gl_mem_16bpp.o)
    0x08022fea   0x08022fea   0x00000002   PAD
    0x08022fec   0x08022fec   0x00000608   Code   RO         3429    i.__rotate_bitmap   emXGUI100_MDK_M3.lib(gl_mem_32bpp.o)
    0x080235f4   0x080235f4   0x000002fc   Code   RO         2974    i.__scale_bitmap    emXGUI100_MDK_M3.lib(gl_ext_lcd_16bit.o)
    0x080238f0   0x080238f0   0x00000314   Code   RO         3368    i.__scale_bitmap    emXGUI100_MDK_M3.lib(gl_mem_16bpp.o)
    0x08023c04   0x08023c04   0x0000032a   Code   RO         3430    i.__scale_bitmap    emXGUI100_MDK_M3.lib(gl_mem_32bpp.o)
    0x08023f2e   0x08023f2e   0x0000000e   Code   RO         4458    i.__scatterload_copy  mc_w.l(handlers.o)
    0x08023f3c   0x08023f3c   0x00000002   Code   RO         4459    i.__scatterload_null  mc_w.l(handlers.o)
    0x08023f3e   0x08023f3e   0x0000000e   Code   RO         4460    i.__scatterload_zeroinit  mc_w.l(handlers.o)
    0x08023f4c   0x08023f4c   0x0000000c   Code   RO         4391    i.__set_errno       mc_w.l(errno.o)
    0x08023f58   0x08023f58   0x00000028   Code   RO         2975    i.__set_pixel       emXGUI100_MDK_M3.lib(gl_ext_lcd_16bit.o)
    0x08023f80   0x08023f80   0x00000010   Code   RO         3369    i.__set_pixel       emXGUI100_MDK_M3.lib(gl_mem_16bpp.o)
    0x08023f90   0x08023f90   0x00000010   Code   RO         3431    i.__set_pixel       emXGUI100_MDK_M3.lib(gl_mem_32bpp.o)
    0x08023fa0   0x08023fa0   0x000000b0   Code   RO         2976    i.__set_pixel_ARGB  emXGUI100_MDK_M3.lib(gl_ext_lcd_16bit.o)
    0x08024050   0x08024050   0x0000004a   Code   RO         3370    i.__set_pixel_ARGB  emXGUI100_MDK_M3.lib(gl_mem_16bpp.o)
    0x0802409a   0x0802409a   0x0000004a   Code   RO         3432    i.__set_pixel_ARGB  emXGUI100_MDK_M3.lib(gl_mem_32bpp.o)
    0x080240e4   0x080240e4   0x00000020   Code   RO         2977    i.__set_pos         emXGUI100_MDK_M3.lib(gl_ext_lcd_16bit.o)
    0x08024104   0x08024104   0x0000000e   Code   RO         3371    i.__set_pos         emXGUI100_MDK_M3.lib(gl_mem_16bpp.o)
    0x08024112   0x08024112   0x0000000e   Code   RO         3433    i.__set_pos         emXGUI100_MDK_M3.lib(gl_mem_32bpp.o)
    0x08024120   0x08024120   0x00000048   Code   RO         2978    i.__xor_pixel       emXGUI100_MDK_M3.lib(gl_ext_lcd_16bit.o)
    0x08024168   0x08024168   0x00000018   Code   RO         3372    i.__xor_pixel       emXGUI100_MDK_M3.lib(gl_mem_16bpp.o)
    0x08024180   0x08024180   0x00000014   Code   RO         3434    i.__xor_pixel       emXGUI100_MDK_M3.lib(gl_mem_32bpp.o)
    0x08024194   0x08024194   0x0000009c   Code   RO         3106    i._gdDrawArc        emXGUI100_MDK_M3.lib(gd_arc.o)
    0x08024230   0x08024230   0x00000090   Code   RO         2475    i._gdDrawCircle     emXGUI100_MDK_M3.lib(gd_circle.o)
    0x080242c0   0x080242c0   0x0000024a   Code   RO         3122    i._gdFillPolygon    emXGUI100_MDK_M3.lib(gd_polygon.o)
    0x0802450a   0x0802450a   0x00000124   Code   RO         2555    i._gdFillRect       emXGUI100_MDK_M3.lib(gd_rect.o)
    0x0802462e   0x0802462e   0x00000142   Code   RO         2503    i._gdHLine          emXGUI100_MDK_M3.lib(gd_line.o)
    0x08024770   0x08024770   0x000000cc   Code   RO         2532    i._gdSetPixel       emXGUI100_MDK_M3.lib(gd_pixel.o)
    0x0802483c   0x0802483c   0x000000a0   Code   RO         2533    i._gdSetPixelARGB   emXGUI100_MDK_M3.lib(gd_pixel.o)
    0x080248dc   0x080248dc   0x00000140   Code   RO         2504    i._gdVLine          emXGUI100_MDK_M3.lib(gd_line.o)
    0x08024a1c   0x08024a1c   0x00000088   Code   RO         2534    i._gdXorPixel       emXGUI100_MDK_M3.lib(gd_pixel.o)
    0x08024aa4   0x08024aa4   0x000001b8   Code   RO         4119    i._printf_core      mc_w.l(printf3.o)
    0x08024c5c   0x08024c5c   0x0000000a   Code   RO         4121    i._sputc            mc_w.l(printf3.o)
    0x08024c66   0x08024c66   0x00000002   PAD
    0x08024c68   0x08024c68   0x000000dc   Code   RO         3963    i.ceil              m_ws.l(ceil.o)
    0x08024d44   0x08024d44   0x00000020   Code   RO         3542    i.color_tree_cleanup  libpng_MDK_CM3.lib(lodepng.o)
    0x08024d64   0x08024d64   0x0000009c   Code   RO         3967    i.cos               m_ws.l(cos.o)
    0x08024e00   0x08024e00   0x00000c84   Code   RO         3543    i.decodeGeneric     libpng_MDK_CM3.lib(lodepng.o)
    0x08025a84   0x08025a84   0x00000068   Code   RO         2007    i.double_val_init   x_libc_MDK_M3.lib(x_stdlib.o)
    0x08025aec   0x08025aec   0x000000fc   Code   RO         3255    i.draw_window_frame  emXGUI100_MDK_M3.lib(gui_face.o)
    0x08025be8   0x08025be8   0x000000dc   Code   RO         3975    i.floor             m_ws.l(floor.o)
    0x08025cc4   0x08025cc4   0x0000005a   Code   RO         2556    i.gdDraw3DRect      emXGUI100_MDK_M3.lib(gd_rect.o)
    0x08025d1e   0x08025d1e   0x00000078   Code   RO         2558    i.gdFill3DRect      emXGUI100_MDK_M3.lib(gd_rect.o)
    0x08025d96   0x08025d96   0x0000002a   Code   RO         2559    i.gdFillRect        emXGUI100_MDK_M3.lib(gd_rect.o)
    0x08025dc0   0x08025dc0   0x0000004e   Code   RO         2505    i.gdHLine           emXGUI100_MDK_M3.lib(gd_line.o)
    0x08025e0e   0x08025e0e   0x000000ce   Code   RO         2506    i.gdLine            emXGUI100_MDK_M3.lib(gd_line.o)
    0x08025edc   0x08025edc   0x0000002e   Code   RO         2536    i.gdSetPixel        emXGUI100_MDK_M3.lib(gd_pixel.o)
    0x08025f0a   0x08025f0a   0x00000040   Code   RO         2537    i.gdSetPixelARGB    emXGUI100_MDK_M3.lib(gd_pixel.o)
    0x08025f4a   0x08025f4a   0x00000050   Code   RO         2509    i.gdVLine           emXGUI100_MDK_M3.lib(gd_line.o)
    0x08025f9a   0x08025f9a   0x0000039e   Code   RO         3544    i.getPixelColorsRGBA8  libpng_MDK_CM3.lib(lodepng.o)
    0x08026338   0x08026338   0x00000410   Code   RO         3545    i.getTreeInflateDynamic  libpng_MDK_CM3.lib(lodepng.o)
    0x08026748   0x08026748   0x00000086   Code   RO         3698    i.get_hscroll_rect  emXGUI100_MDK_M3.lib(widget_scrollbar2.o)
    0x080267ce   0x080267ce   0x00000086   Code   RO         3699    i.get_vscroll_rect  emXGUI100_MDK_M3.lib(widget_scrollbar2.o)
    0x08026854   0x08026854   0x00000008   Code   RO         2929    i.hBmpArrowDown     emXGUI100_MDK_M3.lib(gui_resource.o)
    0x0802685c   0x0802685c   0x00000008   Code   RO         2930    i.hBmpArrowLeft     emXGUI100_MDK_M3.lib(gui_resource.o)
    0x08026864   0x08026864   0x00000008   Code   RO         2931    i.hBmpArrowRight    emXGUI100_MDK_M3.lib(gui_resource.o)
    0x0802686c   0x0802686c   0x00000008   Code   RO         2932    i.hBmpArrowUp       emXGUI100_MDK_M3.lib(gui_resource.o)
    0x08026874   0x08026874   0x00000030   Code   RO         3690    i.listbox_find_item  emXGUI100_MDK_M3.lib(widget_listbox2.o)
    0x080268a4   0x080268a4   0x0000010a   Code   RO         3546    i.lodepng_add_itext  libpng_MDK_CM3.lib(lodepng.o)
    0x080269ae   0x080269ae   0x0000008e   Code   RO         3547    i.lodepng_add_text  libpng_MDK_CM3.lib(lodepng.o)
    0x08026a3c   0x08026a3c   0x00000060   Code   RO         3566    i.lodepng_color_mode_copy  libpng_MDK_CM3.lib(lodepng.o)
    0x08026a9c   0x08026a9c   0x00000068   Code   RO         3567    i.lodepng_color_mode_equal  libpng_MDK_CM3.lib(lodepng.o)
    0x08026b04   0x08026b04   0x00000814   Code   RO         3569    i.lodepng_convert   libpng_MDK_CM3.lib(lodepng.o)
    0x08027318   0x08027318   0x000000d4   Code   RO         3571    i.lodepng_decode    libpng_MDK_CM3.lib(lodepng.o)
    0x080273ec   0x080273ec   0x00000082   Code   RO         3574    i.lodepng_decode_memory  libpng_MDK_CM3.lib(lodepng.o)
    0x0802746e   0x0802746e   0x00000004   Code   RO         3043    i.lodepng_free      libpng_MDK_CM3.lib(lodepng_app.o)
    0x08027472   0x08027472   0x0000002a   Code   RO         3578    i.lodepng_get_bpp   libpng_MDK_CM3.lib(lodepng.o)
    0x0802749c   0x0802749c   0x000003fc   Code   RO         3584    i.lodepng_inflatev  libpng_MDK_CM3.lib(lodepng.o)
    0x08027898   0x08027898   0x0000006c   Code   RO         3585    i.lodepng_info_cleanup  libpng_MDK_CM3.lib(lodepng.o)
    0x08027904   0x08027904   0x0000005a   Code   RO         3587    i.lodepng_info_init  libpng_MDK_CM3.lib(lodepng.o)
    0x0802795e   0x0802795e   0x00000002   PAD
    0x08027960   0x08027960   0x000001e4   Code   RO         3589    i.lodepng_inspect   libpng_MDK_CM3.lib(lodepng.o)
    0x08027b44   0x08027b44   0x00000004   Code   RO         3044    i.lodepng_malloc    libpng_MDK_CM3.lib(lodepng_app.o)
    0x08027b48   0x08027b48   0x00000038   Code   RO         3045    i.lodepng_realloc   libpng_MDK_CM3.lib(lodepng_app.o)
    0x08027b80   0x08027b80   0x0000012c   Code   RO         3599    i.lodepng_zlib_decompress  libpng_MDK_CM3.lib(lodepng.o)
    0x08027cac   0x08027cac   0x00000086   Code   RO         3700    i.make_hscroll_by_value  emXGUI100_MDK_M3.lib(widget_scrollbar2.o)
    0x08027d32   0x08027d32   0x00000086   Code   RO         3701    i.make_vscroll_by_value  emXGUI100_MDK_M3.lib(widget_scrollbar2.o)
    0x08027db8   0x08027db8   0x0000005a   Code   RO         1997    i.plug_holes        x_libc_MDK_M3.lib(x_heap.o)
    0x08027e12   0x08027e12   0x00000002   PAD
    0x08027e14   0x08027e14   0x00000314   Code   RO         3600    i.postProcessScanlines  libpng_MDK_CM3.lib(lodepng.o)
    0x08028128   0x08028128   0x00000044   Code   RO         3682    i.pushbutton_paint  emXGUI100_MDK_M3.lib(widget_button2.o)
    0x0802816c   0x0802816c   0x0000003a   Code   RO         3601    i.readBitsFromStream  libpng_MDK_CM3.lib(lodepng.o)
    0x080281a6   0x080281a6   0x0000007a   Code   RO         3602    i.removePaddingBits  libpng_MDK_CM3.lib(lodepng.o)
    0x08028220   0x08028220   0x000000a0   Code   RO         3979    i.sin               m_ws.l(sin.o)
    0x080282c0   0x080282c0   0x00000304   Code   RO         2510    i.solid_line        emXGUI100_MDK_M3.lib(gd_line.o)
    0x080285c4   0x080285c4   0x0000001a   Code   RO         3603    i.string_init       libpng_MDK_CM3.lib(lodepng.o)
    0x080285de   0x080285de   0x00000038   Code   RO         3604    i.string_set        libpng_MDK_CM3.lib(lodepng.o)
    0x08028616   0x08028616   0x00000032   Code   RO         3605    i.ucvector_resize   libpng_MDK_CM3.lib(lodepng.o)
    0x08028648   0x08028648   0x000001dc   Code   RO         3606    i.unfilter          libpng_MDK_CM3.lib(lodepng.o)
    0x08028824   0x08028824   0x000000e4   Code   RO         2070    i.vprtf_ltoa_store  x_libc_MDK_M3.lib(x_wstring.o)
    0x08028908   0x08028908   0x000003f8   Code   RO         3683    i.win_proc          emXGUI100_MDK_M3.lib(widget_button2.o)
    0x08028d00   0x08028d00   0x000000f2   Code   RO         3687    i.win_proc          emXGUI100_MDK_M3.lib(widget_groupbox2.o)
    0x08028df2   0x08028df2   0x00000994   Code   RO         3691    i.win_proc          emXGUI100_MDK_M3.lib(widget_listbox2.o)
    0x08029786   0x08029786   0x0000019c   Code   RO         3695    i.win_proc          emXGUI100_MDK_M3.lib(widget_progressbar2.o)
    0x08029922   0x08029922   0x0000072c   Code   RO         3702    i.win_proc          emXGUI100_MDK_M3.lib(widget_scrollbar2.o)
    0x0802a04e   0x0802a04e   0x0000016e   Code   RO         3709    i.win_proc          emXGUI100_MDK_M3.lib(widget_textbox2.o)
    0x0802a1bc   0x0802a1bc   0x0000011c   Code   RO         1998    i.x_heap_alloc      x_libc_MDK_M3.lib(x_heap.o)
    0x0802a2d8   0x0802a2d8   0x00000042   Code   RO         1999    i.x_heap_free       x_libc_MDK_M3.lib(x_heap.o)
    0x0802a31a   0x0802a31a   0x00000074   Code   RO         2000    i.x_heap_init       x_libc_MDK_M3.lib(x_heap.o)
    0x0802a38e   0x0802a38e   0x00000002   PAD
    0x0802a390   0x0802a390   0x0000003c   Code   RO         2012    i.x_rand            x_libc_MDK_M3.lib(x_stdlib.o)
    0x0802a3cc   0x0802a3cc   0x00000010   Code   RO         2037    i.x_strlen          x_libc_MDK_M3.lib(x_string.o)
    0x0802a3dc   0x0802a3dc   0x00000114   Code   RO         2038    i.x_strncasecmp     x_libc_MDK_M3.lib(x_string.o)
    0x0802a4f0   0x0802a4f0   0x0000000c   Code   RO         2046    i.x_toupper         x_libc_MDK_M3.lib(x_string.o)
    0x0802a4fc   0x0802a4fc   0x00000012   Code   RO         2071    i.x_wsprintf        x_libc_MDK_M3.lib(x_wstring.o)
    0x0802a50e   0x0802a50e   0x00000012   Code   RO         2076    i.x_wstrcpy         x_libc_MDK_M3.lib(x_wstring.o)
    0x0802a520   0x0802a520   0x00000012   Code   RO         2077    i.x_wstrlen         x_libc_MDK_M3.lib(x_wstring.o)
    0x0802a532   0x0802a532   0x00000002   PAD
    0x0802a534   0x0802a534   0x00000398   Code   RO         2089    i.x_wvsprintf       x_libc_MDK_M3.lib(x_wstring.o)
    0x0802a8cc   0x0802a8cc   0x00000064   Code   RO         2449    i.xft_get_chr_entry_ex  emXGUI100_MDK_M3.lib(gui_font_xft_ex.o)
    0x0802a930   0x0802a930   0x00000066   Code   RO         2450    i.xft_get_chr_info_ex  emXGUI100_MDK_M3.lib(gui_font_xft_ex.o)
    0x0802a996   0x0802a996   0x00000002   PAD
    0x0802a998   0x0802a998   0x00000018   Data   RO          664    .constdata          ads7843.o
    0x0802a9b0   0x0802a9b0   0x0000003a   Data   RO          805    .constdata          ff.o
    0x0802a9ea   0x0802a9ea   0x0002b0c0   Data   RO          829    .constdata          cc936.o
    0x08055aaa   0x08055aaa   0x00005af8   Data   RO         1249    .constdata          ascii_16_4bpp.o
    0x0805b5a2   0x0805b5a2   0x00009db8   Data   RO         1263    .constdata          ascii_24_4bpp.o
    0x0806535a   0x0806535a   0x0000000b   Data   RO         1707    .constdata          backend_res_writer.o
    0x08065365   0x08065365   0x00000001   PAD
    0x08065366   0x08065366   0x000002c8   Data   RO         1759    .constdata          gui_demo_slidewindow.o
    0x0806562e   0x0806562e   0x00000002   PAD
    0x08065630   0x08065630   0x00000190   Data   RO         1779    .constdata          gui_board_app_desktop.o
    0x080657c0   0x080657c0   0x00000020   Data   RO         1806    .constdata          clistmenu.o
    0x080657e0   0x080657e0   0x00000048   Data   RO         1922    .constdata          gui_demo_showwave.o
    0x08065828   0x08065828   0x000026ce   Data   RO         1978    .constdata          boot_logo.o
    0x08067ef6   0x08067ef6   0x00000002   PAD
    0x08067ef8   0x08067ef8   0x00000098   Data   RO         2017    .constdata          x_libc_MDK_M3.lib(x_stdlib.o)
    0x08067f90   0x08067f90   0x000000a0   Data   RO         2090    .constdata          x_libc_MDK_M3.lib(x_wstring.o)
    0x08068030   0x08068030   0x00000014   Data   RO         2434    .constdata          emXGUI100_MDK_M3.lib(gui_font_xft.o)
    0x08068044   0x08068044   0x00000014   Data   RO         2451    .constdata          emXGUI100_MDK_M3.lib(gui_font_xft_ex.o)
    0x08068058   0x08068058   0x00000044   Data   RO         2511    .constdata          emXGUI100_MDK_M3.lib(gd_line.o)
    0x0806809c   0x0806809c   0x00006c2c   Data   RO         2939    .constdata          emXGUI100_MDK_M3.lib(gui_resource.o)
    0x0806ecc8   0x0806ecc8   0x00000014   Data   RO         2980    .constdata          emXGUI100_MDK_M3.lib(gl_ext_lcd_16bit.o)
    0x0806ecdc   0x0806ecdc   0x00000034   Data   RO         3143    .constdata          emXGUI100_MDK_M3.lib(surface_argb4444.o)
    0x0806ed10   0x0806ed10   0x00000034   Data   RO         3169    .constdata          emXGUI100_MDK_M3.lib(surface_argb8888.o)
    0x0806ed44   0x0806ed44   0x00000034   Data   RO         3192    .constdata          emXGUI100_MDK_M3.lib(surface_rgb332.o)
    0x0806ed78   0x0806ed78   0x00000034   Data   RO         3215    .constdata          emXGUI100_MDK_M3.lib(surface_rgb565.o)
    0x0806edac   0x0806edac   0x00000034   Data   RO         3238    .constdata          emXGUI100_MDK_M3.lib(surface_xrgb8888.o)
    0x0806ede0   0x0806ede0   0x00000038   Data   RO         3264    .constdata          emXGUI100_MDK_M3.lib(gui_widget.o)
    0x0806ee18   0x0806ee18   0x00000014   Data   RO         3373    .constdata          emXGUI100_MDK_M3.lib(gl_mem_16bpp.o)
    0x0806ee2c   0x0806ee2c   0x00000014   Data   RO         3435    .constdata          emXGUI100_MDK_M3.lib(gl_mem_32bpp.o)
    0x0806ee40   0x0806ee40   0x00000294   Data   RO         3607    .constdata          libpng_MDK_CM3.lib(lodepng.o)
    0x0806f0d4   0x0806f0d4   0x00000020   Data   RO         3684    .constdata          emXGUI100_MDK_M3.lib(widget_button2.o)
    0x0806f0f4   0x0806f0f4   0x00000020   Data   RO         3688    .constdata          emXGUI100_MDK_M3.lib(widget_groupbox2.o)
    0x0806f114   0x0806f114   0x00000020   Data   RO         3692    .constdata          emXGUI100_MDK_M3.lib(widget_listbox2.o)
    0x0806f134   0x0806f134   0x00000020   Data   RO         3696    .constdata          emXGUI100_MDK_M3.lib(widget_progressbar2.o)
    0x0806f154   0x0806f154   0x00000020   Data   RO         3703    .constdata          emXGUI100_MDK_M3.lib(widget_scrollbar2.o)
    0x0806f174   0x0806f174   0x00000020   Data   RO         3710    .constdata          emXGUI100_MDK_M3.lib(widget_textbox2.o)
    0x0806f194   0x0806f194   0x00000004   PAD
    0x0806f198   0x0806f198   0x00000030   Data   RO         4337    .constdata          m_ws.l(cos_i.o)
    0x0806f1c8   0x0806f1c8   0x000000c8   Data   RO         4355    .constdata          m_ws.l(rred.o)
    0x0806f290   0x0806f290   0x00000028   Data   RO         4359    .constdata          m_ws.l(sin_i.o)
    0x0806f2b8   0x0806f2b8   0x00000081   Data   RO         4422    .constdata          mc_w.l(ctype_o.o)
    0x0806f339   0x0806f339   0x00000003   PAD
    0x0806f33c   0x0806f33c   0x00000004   Data   RO         4423    .constdata          mc_w.l(ctype_o.o)
    0x0806f340   0x0806f340   0x00000052   Data   RO         1708    .conststring        backend_res_writer.o
    0x0806f392   0x0806f392   0x00000002   PAD
    0x0806f394   0x0806f394   0x0000004e   Data   RO         1663    .constwstring       gui_boot_interface_dialog.o
    0x0806f3e2   0x0806f3e2   0x00000002   PAD
    0x0806f3e4   0x0806f3e4   0x0000024e   Data   RO         1709    .constwstring       backend_res_writer.o
    0x0806f632   0x0806f632   0x00000002   PAD
    0x0806f634   0x0806f634   0x00000404   Data   RO         1735    .constwstring       gui_res_writer_dialog.o
    0x0806fa38   0x0806fa38   0x0000010c   Data   RO         1780    .constwstring       gui_board_app_desktop.o
    0x0806fb44   0x0806fb44   0x00000060   Data   RO         1889    .constwstring       gui_app_desktop.o
    0x0806fba4   0x0806fba4   0x000000d8   Data   RO         1923    .constwstring       gui_demo_showwave.o
    0x0806fc7c   0x0806fc7c   0x00000070   Data   RO         3265    .constwstring       emXGUI100_MDK_M3.lib(gui_widget.o)
    0x0806fcec   0x0806fcec   0x00000020   Data   RO         4456    Region$$Table       anon$$obj.o


    Execution Region RW_IRAM1 (Exec base: 0x20000000, Load base: 0x0806fd0c, Size: 0x0000db90, Max: 0x00010000, ABSOLUTE, COMPRESSED[0x0000050c])

    Exec Addr    Load Addr    Size         Type   Attr      Idx    E Section Name        Object

    0x20000000   COMPRESSED   0x00000014   Data   RW           25    .data               system_stm32f10x.o
    0x20000014   COMPRESSED   0x00000014   Data   RW          318    .data               stm32f10x_rcc.o
    0x20000028   COMPRESSED   0x00000004   Data   RW          500    .data               bsp_flash_spi.o
    0x2000002c   COMPRESSED   0x00000014   Data   RW          627    .data               bsp_sdio_sdcard.o
    0x20000040   COMPRESSED   0x00000004   Data   RW          665    .data               ads7843.o
    0x20000044   COMPRESSED   0x0000000e   Data   RW          729    .data               dma_lcd.o
    0x20000052   COMPRESSED   0x00000002   PAD
    0x20000054   COMPRESSED   0x0000000a   Data   RW          806    .data               ff.o
    0x2000005e   COMPRESSED   0x00000002   PAD
    0x20000060   COMPRESSED   0x0000003c   Data   RW          923    .data               tasks.o
    0x2000009c   COMPRESSED   0x00000018   Data   RW          960    .data               heap_4.o
    0x200000b4   COMPRESSED   0x0000000c   Data   RW          975    .data               port.o
    0x200000c0   COMPRESSED   0x00000010   Data   RW         1004    .data               oem_button.o
    0x200000d0   COMPRESSED   0x00000008   Data   RW         1040    .data               oem_checkbox.o
    0x200000d8   COMPRESSED   0x00000008   Data   RW         1054    .data               oem_groupbox.o
    0x200000e0   COMPRESSED   0x00000008   Data   RW         1068    .data               oem_listbox.o
    0x200000e8   COMPRESSED   0x00000008   Data   RW         1082    .data               oem_progressbar.o
    0x200000f0   COMPRESSED   0x00000008   Data   RW         1096    .data               oem_radiobox.o
    0x200000f8   COMPRESSED   0x00000008   Data   RW         1110    .data               oem_scrollbar.o
    0x20000100   COMPRESSED   0x00000008   Data   RW         1124    .data               oem_textbox.o
    0x20000108   COMPRESSED   0x00000004   Data   RW         1182    .data               gui_gpu.o
    0x2000010c   COMPRESSED   0x00000011   Data   RW         1223    .data               gui_touchpanel.o
    0x2000011d   COMPRESSED   0x00000003   PAD
    0x20000120   COMPRESSED   0x00000004   Data   RW         1539    .data               gui_touch_port.o
    0x20000124   COMPRESSED   0x00000038   Data   RW         1558    .data               gui_font_port.o
    0x2000015c   COMPRESSED   0x00000004   Data   RW         1590    .data               gui_mem_port.o
    0x20000160   COMPRESSED   0x00000004   Data   RW         1618    .data               gui_resource_port.o
    0x20000164   COMPRESSED   0x00000010   Data   RW         1664    .data               gui_boot_interface_dialog.o
    0x20000174   COMPRESSED   0x00000004   Data   RW         1687    .data               gui_desktop.o
    0x20000178   COMPRESSED   0x00000018   Data   RW         1710    .data               backend_res_writer.o
    0x20000190   COMPRESSED   0x00000010   Data   RW         1736    .data               gui_res_writer_dialog.o
    0x200001a0   COMPRESSED   0x0000000c   Data   RW         1760    .data               gui_demo_slidewindow.o
    0x200001ac   COMPRESSED   0x0000008c   Data   RW         1890    .data               gui_app_desktop.o
    0x20000238   COMPRESSED   0x0000005c   Data   RW         1905    .data               gui_demo_graphics_accelerator.o
    0x20000294   COMPRESSED   0x000000ac   Data   RW         1924    .data               gui_demo_showwave.o
    0x20000340   COMPRESSED   0x00000004   Data   RW         2018    .data               x_libc_MDK_M3.lib(x_stdlib.o)
    0x20000344   COMPRESSED   0x00000028   Data   RW         2389    .data               emXGUI100_MDK_M3.lib(x_gui.o)
    0x2000036c   COMPRESSED   0x00000034   Data   RW         2643    .data               emXGUI100_MDK_M3.lib(gui_input.o)
    0x200003a0   COMPRESSED   0x00000010   Data   RW         2822    .data               emXGUI100_MDK_M3.lib(gui_window.o)
    0x200003b0   COMPRESSED   0x00000018   Data   RW         3279    .data               emXGUI100_MDK_M3.lib(gl_cursor.o)
    0x200003c8   COMPRESSED   0x00000400   Data   RW         3612    .data               libpng_MDK_CM3.lib(lodepng.o)
    0x200007c8   COMPRESSED   0x00000004   Data   RW         4378    .data               mc_w.l(stdout.o)
    0x200007cc   COMPRESSED   0x00000004   Data   RW         4392    .data               mc_w.l(errno.o)
    0x200007d0        -       0x000000cc   Zero   RW          626    .bss                bsp_sdio_sdcard.o
    0x2000089c        -       0x00000030   Zero   RW          663    .bss                ads7843.o
    0x200008cc        -       0x00000050   Zero   RW          904    .bss                queue.o
    0x2000091c        -       0x000002e4   Zero   RW          922    .bss                tasks.o
    0x20000c00        -       0x00008000   Zero   RW          959    .bss                heap_4.o
    0x20008c00        -       0x00000028   Zero   RW         1222    .bss                gui_touchpanel.o
    0x20008c28        -       0x0000001c   Zero   RW         1589    .bss                gui_mem_port.o
    0x20008c44        -       0x00001030   Zero   RW         1633    .bss                gui_fs_port.o
    0x20009c74        -       0x00000018   Zero   RW         1662    .bss                gui_boot_interface_dialog.o
    0x20009c8c        -       0x000001ff   Zero   RW         1706    .bss                backend_res_writer.o
    0x20009e8b   COMPRESSED   0x00000001   PAD
    0x20009e8c        -       0x00000194   Zero   RW         1904    .bss                gui_demo_graphics_accelerator.o
    0x2000a020        -       0x00000080   Zero   RW         1921    .bss                gui_demo_showwave.o
    0x2000a0a0        -       0x0000295c   Zero   RW         2387    .bss                emXGUI100_MDK_M3.lib(x_gui.o)
    0x2000c9fc        -       0x00000100   Zero   RW         2642    .bss                emXGUI100_MDK_M3.lib(gui_input.o)
    0x2000cafc        -       0x00000074   Zero   RW         2979    .bss                emXGUI100_MDK_M3.lib(gl_ext_lcd_16bit.o)
    0x2000cb70        -       0x00000020   Zero   RW         3277    .bss                emXGUI100_MDK_M3.lib(gl_cursor.o)
    0x2000cb90        -       0x00001000   Zero   RW            1    STACK               startup_stm32f10x_hd.o



  Load Region LR$$.ARM.__AT_0x68000000 (Base: 0x68000000, Size: 0x00000000, Max: 0x00100000, ABSOLUTE)

    Execution Region ER$$.ARM.__AT_0x68000000 (Exec base: 0x68000000, Load base: 0x68000000, Size: 0x00100000, Max: 0x00100000, ABSOLUTE, UNINIT)

    Exec Addr    Load Addr    Size         Type   Attr      Idx    E Section Name        Object

    0x68000000        -       0x00100000   Zero   RW         1588    .ARM.__AT_0x68000000  gui_mem_port.o


==============================================================================

Image component sizes


      Code (inc. data)   RO Data    RW Data    ZI Data      Debug   Object Name

       792         16         24          4         48       4671   ads7843.o
         0          0      23288          0          0        632   ascii_16_4bpp.o
         0          0      40376          0          0        632   ascii_24_4bpp.o
      4324       1836        683         24        511       6355   backend_res_writer.o
         6          0       9934          0          0       1239   boot_logo.o
      1396         70          0          4          0      34624   bsp_flash_spi.o
       436         18          0          0          0       1243   bsp_fsmc.o
       104         10          0          0          0       1223   bsp_key.o
        96          6          0          0          0        598   bsp_led.o
      5892        212          0         20        204      23828   bsp_sdio_sdcard.o
       368         10          0          0          0       2620   bsp_usart.o
       216         16     176320          0          0       1997   cc936.o
      4048         40         32          0          0      18068   clistmenu.o
         0          0          0          0          0       4508   core_cm3.o
       556         10          0          0          0     215019   diskio.o
       572         24          0         14          0      13981   dma_lcd.o
         0          0          0          0          0       1472   event_groups.o
     12312        122         58         10          0      37060   ff.o
      1378        176         96        140          0       3430   gui_app_desktop.o
         4          0          0          0          0      29644   gui_arch.o
       940        106        668          0          0       4253   gui_board_app_desktop.o
      1416        354         78         16         24       3700   gui_boot_interface_dialog.o
      4108        814          0         92        404       6418   gui_demo_graphics_accelerator.o
     10048        930        288        172        128      39802   gui_demo_showwave.o
      1084        122        712         12          0       3690   gui_demo_slidewindow.o
      1100        180          0          4          0       2433   gui_desktop.o
       668        278          0         56          0       4109   gui_font_port.o
       304        186          0          0       4144        986   gui_fs_port.o
        66          0          0          4          0       3141   gui_gpu.o
        44          0          0          0          0        813   gui_input_port.o
       204         38          0          0          0       1607   gui_lcd_port.o
        12          0          0          0          0        714   gui_log_port.o
       304        110          0          4    1048604       3112   gui_mem_port.o
       876         50          0          0          0       5128   gui_picture_port.o
      1640        304       1028         16          0      19126   gui_res_writer_dialog.o
       568         40          0          4          0       4560   gui_resource_port.o
       492        332          0          0          0       1378   gui_startup.o
        88          4          0          4          0       2062   gui_touch_port.o
       928        162          0         17         40       5280   gui_touchpanel.o
      1020        184          0          0          0       2763   gui_touchpanel_calibration.o
       672         82          0         24      32768       3468   heap_4.o
      1808         30          0          0          0       8727   ili9341_16bit.o
       148          0          0          0          0       1990   list.o
       240         98          0          0          0      10083   main.o
       220         22          0          0          0       1941   misc.o
       904         24          0         16          0      34647   oem_button.o
       588         30          0          8          0       2589   oem_checkbox.o
       564         20          0          8          0       2453   oem_groupbox.o
       644         16          0          8          0       2608   oem_listbox.o
      1016         24          0          8          0       4120   oem_progressbar.o
       552         24          0          8          0       2721   oem_radiobox.o
      1552         20          0          8          0       4798   oem_scrollbar.o
       372         28          0          8          0       2284   oem_textbox.o
       766         96          0         12          0       7995   port.o
      2872         58          0          0         80      13574   queue.o
        36          8        304          0       4096        920   startup_stm32f10x_hd.o
       596          8          0          0          0       4506   stm32f10x_dma.o
      1548         18          0          0          0       5515   stm32f10x_fsmc.o
       860         38          0          0          0       5869   stm32f10x_gpio.o
        56         14          0          0          0       1187   stm32f10x_it.o
       932         36          0         20          0       9112   stm32f10x_rcc.o
       468         22          0          0          0       7256   stm32f10x_sdio.o
       780         14          0          0          0       6754   stm32f10x_spi.o
      1032         22          0          0          0       8600   stm32f10x_usart.o
       480         38          0         20          0     264659   system_stm32f10x.o
      5392        348          0         60        740      29173   tasks.o
       400         54          0          0          0       5472   x_gui_freertos.o
      1264          0          0          0          0      44778   x_obj.o

    ----------------------------------------------------------------------
     85178       7952     253932        832    1091792    1015718   Object Totals
         0          0         32          0          0          0   (incl. Generated)
         6          0         11          7          1          0   (incl. Padding)

    ----------------------------------------------------------------------

      Code (inc. data)   RO Data    RW Data    ZI Data      Debug   Library Member Name

      1300         12          0          0          0        436   gd_arc.o
       636         12          0          0          0        388   gd_circle.o
      2946         12         68          0          0       1360   gd_line.o
       704          0          0          0          0        656   gd_pixel.o
       778          0          0          0          0        220   gd_polygon.o
      2248          6          0          0          0       1076   gd_rect.o
       824          0          0          0          0        292   gd_text.o
       132          8          0          0          0        100   gl_bitblt.o
       616         54          0         24         32        560   gl_cursor.o
      6104        152         20          0        116       2756   gl_ext_lcd_16bit.o
      6114        148         20          0          0       2896   gl_mem_16bpp.o
      6112        146         20          0          0       2896   gl_mem_32bpp.o
      3532        134          0          0          0       2384   gl_mem_8bpp.o
       762         28          0          0          0        496   gui_aa_core.o
       994         20          0          0          0        100   gui_bitmap.o
       300          0          0          0          0        112   gui_blt.o
       202          0          0          0          0        316   gui_core.o
       140         10          0          0          0        376   gui_cursor.o
      1362         18          0          0          0        392   gui_face.o
       544         32          0          0          0        732   gui_font.o
       512          4         20          0          0        508   gui_font_xft.o
       660          4         20          0          0        672   gui_font_xft_ex.o
       974         44          0          0          0       1896   gui_gdi.o
      2740          6          0          0          0        520   gui_imagebmp.o
      1416         56          0         52        256        568   gui_input.o
      1378         40          0          0          0       1424   gui_libc.o
      1850          0          0          0          0       1392   gui_message.o
      1986          0          0          0          0       1968   gui_region.o
        32         16      27692          0          0        272   gui_resource.o
       770         10          0          0          0        660   gui_timer.o
        52          4        168          0          0         80   gui_widget.o
      9746        196          0         16          0       6380   gui_window.o
       346          6         52          0          0        988   surface_argb4444.o
       224          6         52          0          0        772   surface_argb8888.o
       238          6         52          0          0        772   surface_rgb332.o
       264          6         52          0          0        784   surface_rgb565.o
       200          6         52          0          0        772   surface_xrgb8888.o
      1084          0         32          0          0        224   widget_button2.o
       242          0         32          0          0        116   widget_groupbox2.o
      2500         10         32          0          0        244   widget_listbox2.o
       412          0         32          0          0        128   widget_progressbar2.o
      2372          0         32          0          0        480   widget_scrollbar2.o
       366          0         32          0          0        120   widget_textbox2.o
      1000        268          0         40      10588        844   x_gui.o
     12808        174        660       1024          0       2648   lodepng.o
       244          6          0          0          0        476   lodepng_app.o
       220         16          0          0          0         84   ceil.o
       156          8          0          0          0        104   cos.o
       252         22         48          0          0        124   cos_i.o
        34          6          0          0          0        204   dunder.o
       220         16          0          0          0         84   floor.o
        40          0          0          0          0         68   fpclassify.o
       170          0          0          0          0         96   poly.o
       904         76        200          0          0        140   rred.o
       160         10          0          0          0        108   sin.o
       236         12         40          0          0        128   sin_i.o
        86          0          0          0          0          0   __dczerorl2.o
        28          0          0          0          0         68   _chval.o
       158          0          0          0          0         92   _strtoul.o
        26          0          0          0          0         80   atoi.o
         8          4        133          0          0         68   ctype_o.o
         0          0          0          0          0          0   entry.o
         0          0          0          0          0          0   entry10a.o
         0          0          0          0          0          0   entry11a.o
         8          4          0          0          0          0   entry2.o
         4          0          0          0          0          0   entry5.o
         0          0          0          0          0          0   entry7b.o
         0          0          0          0          0          0   entry8b.o
         8          4          0          0          0          0   entry9a.o
        20         10          0          4          0        136   errno.o
        30          0          0          0          0          0   handlers.o
        36          8          0          0          0         68   init.o
         0          0          0          0          0          0   iusefp.o
        30          0          0          0          0         68   llshl.o
        36          0          0          0          0         68   llsshr.o
        32          0          0          0          0         68   llushr.o
        40          0          0          0          0         76   memcpy.o
        36          0          0          0          0        108   memseta.o
       522         20          0          0          0        336   printf3.o
         0          0          0          4          0          0   stdout.o
        42          0          0          0          0         84   strcasecmp.o
        18          0          0          0          0         68   strcpy.o
        14          0          0          0          0         68   strlen.o
        32          0          0          0          0         68   strrchr.o
       112          0          0          0          0         88   strtol.o
        12          0          0          0          0         68   tolower.o
        44          0          0          0          0         80   uidiv.o
        98          0          0          0          0         92   uldiv.o
        48          0          0          0          0         68   cdcmple.o
        48          0          0          0          0         68   cdrcmple.o
        20          0          0          0          0         68   cfcmple.o
        20          0          0          0          0         68   cfrcmple.o
        56          0          0          0          0         88   d2f.o
       334          0          0          0          0        148   dadd.o
       222          0          0          0          0        100   ddiv.o
       186          0          0          0          0        176   depilogue.o
        62          0          0          0          0         80   dfixi.o
        50          0          0          0          0         76   dfixui.o
        34          0          0          0          0         76   dflti.o
        26          0          0          0          0         76   dfltui.o
       228          0          0          0          0         96   dmul.o
        46          0          0          0          0         80   dscalb.o
        38          0          0          0          0         68   f2d.o
       176          0          0          0          0        140   fadd.o
       124          0          0          0          0         88   fdiv.o
       110          0          0          0          0        168   fepilogue.o
        50          0          0          0          0         68   ffixi.o
        40          0          0          0          0         68   ffixui.o
        18          0          0          0          0         68   fflti.o
        10          0          0          0          0         68   ffltui.o
       100          0          0          0          0         76   fmul.o
        24          0          0          0          0         68   fscalb.o
       556          0          0          0          0        312   x_heap.o
       164         16        152          4          0        152   x_stdlib.o
       304          0          0          0          0        228   x_string.o
      1202         32        160          0          0        416   x_wstring.o

    ----------------------------------------------------------------------
     89006       1924      29880       1168      10992      50500   Library Totals
        72          0          7          0          0          0   (incl. Padding)

    ----------------------------------------------------------------------

      Code (inc. data)   RO Data    RW Data    ZI Data      Debug   Library Name

     67714       1480      28480        132      10992      41128   emXGUI100_MDK_M3.lib
     13052        180        660       1024          0       3124   libpng_MDK_CM3.lib
      2392        166        288          0          0       1140   m_ws.l
      1480         50        133          8          0       1852   mc_w.l
      2070          0          0          0          0       2148   mf_w.l
      2226         48        312          4          0       1108   x_libc_MDK_M3.lib

    ----------------------------------------------------------------------
     89006       1924      29880       1168      10992      50500   Library Totals

    ----------------------------------------------------------------------

==============================================================================


      Code (inc. data)   RO Data    RW Data    ZI Data      Debug   

    174184       9876     283812       2000    1102784    1030674   Grand Totals
    174184       9876     283812       1292    1102784    1030674   ELF Image Totals (compressed)
    174184       9876     283812       1292          0          0   ROM Totals

==============================================================================

    Total RO  Size (Code + RO Data)               457996 ( 447.26kB)
    Total RW  Size (RW Data + ZI Data)           1104784 (1078.89kB)
    Total ROM Size (Code + RO Data + RW Data)     459288 ( 448.52kB)

==============================================================================

