<!doctype html public "-//w3c//dtd html 4.0 transitional//en">
<html><head>
<title>Static Call Graph - [..\..\Output\Fire_FreeRTOS.axf]</title></head>
<body><HR>
<H1>Static Call Graph for image ..\..\Output\Fire_FreeRTOS.axf</H1><HR>
<BR><P>#&#060CALLGRAPH&#062# ARM Linker, 5060750: Last Updated: Fri Jul 12 16:41:35 2019
<BR><P>
<H3>Maximum Stack Usage =       2896 bytes + Unknown(Cycles, Untraceable Function Pointers)</H3><H3>
Call chain for Maximum Stack Depth:</H3>
win_proc &rArr; App_FLASH_Writer &rArr; BurnFile &rArr; Burn_Content &rArr; Read_CatalogInfo &rArr; f_open &rArr; dir_register &rArr; dir_find &rArr; dir_next &rArr; create_chain &rArr; put_fat &rArr; move_window &rArr; sync_window &rArr; disk_write &rArr;  disk_write (Cycle)
<P>
<H3>
Mutually Recursive functions
</H3> <LI><a href="#[31]">ADC1_2_IRQHandler</a>&nbsp;&nbsp;&nbsp;&rArr;&nbsp;&nbsp;&nbsp;<a href="#[31]">ADC1_2_IRQHandler</a><BR>
 <LI><a href="#[3e4]">_SetWindowClipFlag</a>&nbsp;&nbsp;&nbsp;&rArr;&nbsp;&nbsp;&nbsp;<a href="#[3e4]">_SetWindowClipFlag</a><BR>
 <LI><a href="#[40c]">GUI_PaintHandler</a>&nbsp;&nbsp;&nbsp;&rArr;&nbsp;&nbsp;&nbsp;<a href="#[40c]">GUI_PaintHandler</a><BR>
 <LI><a href="#[455]">_RedrawWindow</a>&nbsp;&nbsp;&nbsp;&rArr;&nbsp;&nbsp;&nbsp;<a href="#[455]">_RedrawWindow</a><BR>
 <LI><a href="#[46b]">_SendMessage_WM_SIZE_AllChild</a>&nbsp;&nbsp;&nbsp;&rArr;&nbsp;&nbsp;&nbsp;<a href="#[46b]">_SendMessage_WM_SIZE_AllChild</a><BR>
 <LI><a href="#[46a]">_SendMessage_WM_MOVE_AllChild</a>&nbsp;&nbsp;&nbsp;&rArr;&nbsp;&nbsp;&nbsp;<a href="#[46a]">_SendMessage_WM_MOVE_AllChild</a><BR>
 <LI><a href="#[468]">_OffsetWindowRect</a>&nbsp;&nbsp;&nbsp;&rArr;&nbsp;&nbsp;&nbsp;<a href="#[468]">_OffsetWindowRect</a><BR>
 <LI><a href="#[1e4]">disk_write</a>&nbsp;&nbsp;&nbsp;&rArr;&nbsp;&nbsp;&nbsp;<a href="#[1e4]">disk_write</a><BR>
 <LI><a href="#[1e2]">disk_read</a>&nbsp;&nbsp;&nbsp;&rArr;&nbsp;&nbsp;&nbsp;<a href="#[1e2]">disk_read</a><BR>
 <LI><a href="#[48f]">color_tree_cleanup</a>&nbsp;&nbsp;&nbsp;&rArr;&nbsp;&nbsp;&nbsp;<a href="#[48f]">color_tree_cleanup</a><BR>
 <LI><a href="#[32e]">DestroyWindow</a>&nbsp;&nbsp;&nbsp;&rArr;&nbsp;&nbsp;&nbsp;<a href="#[32e]">DestroyWindow</a><BR>
 <LI><a href="#[436]">_GetWindowFromPoint</a>&nbsp;&nbsp;&nbsp;&rArr;&nbsp;&nbsp;&nbsp;<a href="#[436]">_GetWindowFromPoint</a><BR>
 <LI><a href="#[340]">Make_Catalog</a>&nbsp;&nbsp;&nbsp;&rArr;&nbsp;&nbsp;&nbsp;<a href="#[340]">Make_Catalog</a><BR>
 <LI><a href="#[2e2]">x_obj_del</a>&nbsp;&nbsp;&nbsp;&rArr;&nbsp;&nbsp;&nbsp;<a href="#[2e2]">x_obj_del</a><BR>
</UL>
<P>
<H3>
Function Pointers
</H3><UL>
 <LI><a href="#[31]">ADC1_2_IRQHandler</a> from startup_stm32f10x_hd.o(.text) referenced from startup_stm32f10x_hd.o(RESET)
 <LI><a href="#[4e]">ADC3_IRQHandler</a> from startup_stm32f10x_hd.o(.text) referenced from startup_stm32f10x_hd.o(RESET)
 <LI><a href="#[107]">ARGB4444_GetARGB</a> from surface_argb4444.o(i.ARGB4444_GetARGB) referenced from surface_argb4444.o(.constdata)
 <LI><a href="#[106]">ARGB4444_GetRGB</a> from surface_argb4444.o(i.ARGB4444_GetRGB) referenced from surface_argb4444.o(.constdata)
 <LI><a href="#[105]">ARGB4444_MapARGB</a> from surface_argb4444.o(i.ARGB4444_MapARGB) referenced from surface_argb4444.o(.constdata)
 <LI><a href="#[fe]">ARGB4444_MapARGB1555</a> from surface_argb4444.o(i.ARGB4444_MapARGB1555) referenced from surface_argb4444.o(.constdata)
 <LI><a href="#[100]">ARGB4444_MapARGB4444</a> from surface_argb4444.o(i.ARGB4444_MapARGB4444) referenced from surface_argb4444.o(.constdata)
 <LI><a href="#[102]">ARGB4444_MapARGB8888</a> from surface_argb4444.o(i.ARGB4444_MapARGB8888) referenced from surface_argb4444.o(.constdata)
 <LI><a href="#[104]">ARGB4444_MapRGB</a> from surface_argb4444.o(i.ARGB4444_MapRGB) referenced from surface_argb4444.o(.constdata)
 <LI><a href="#[fb]">ARGB4444_MapRGB332</a> from surface_argb4444.o(i.ARGB4444_MapRGB332) referenced from surface_argb4444.o(.constdata)
 <LI><a href="#[fc]">ARGB4444_MapRGB565</a> from surface_argb4444.o(i.ARGB4444_MapRGB565) referenced from surface_argb4444.o(.constdata)
 <LI><a href="#[fd]">ARGB4444_MapXRGB1555</a> from surface_argb4444.o(i.ARGB4444_MapXRGB1555) referenced from surface_argb4444.o(.constdata)
 <LI><a href="#[ff]">ARGB4444_MapXRGB4444</a> from surface_argb4444.o(i.ARGB4444_MapXRGB4444) referenced from surface_argb4444.o(.constdata)
 <LI><a href="#[101]">ARGB4444_MapXRGB8888</a> from surface_argb4444.o(i.ARGB4444_MapXRGB8888) referenced from surface_argb4444.o(.constdata)
 <LI><a href="#[103]">ARGB4444_ToARGB</a> from surface_argb4444.o(i.ARGB4444_ToARGB) referenced from surface_argb4444.o(.constdata)
 <LI><a href="#[6b]">App_FLASH_Writer</a> from gui_res_writer_dialog.o(.text) referenced from gui_res_writer_dialog.o(.text)
 <LI><a href="#[64]">App_Load_Res</a> from gui_boot_interface_dialog.o(.text) referenced from gui_boot_interface_dialog.o(.text)
 <LI><a href="#[19]">BusFault_Handler</a> from stm32f10x_it.o(.text) referenced from startup_stm32f10x_hd.o(RESET)
 <LI><a href="#[34]">CAN1_RX1_IRQHandler</a> from startup_stm32f10x_hd.o(.text) referenced from startup_stm32f10x_hd.o(RESET)
 <LI><a href="#[35]">CAN1_SCE_IRQHandler</a> from startup_stm32f10x_hd.o(.text) referenced from startup_stm32f10x_hd.o(RESET)
 <LI><a href="#[2a]">DMA1_Channel1_IRQHandler</a> from startup_stm32f10x_hd.o(.text) referenced from startup_stm32f10x_hd.o(RESET)
 <LI><a href="#[2b]">DMA1_Channel2_IRQHandler</a> from startup_stm32f10x_hd.o(.text) referenced from startup_stm32f10x_hd.o(RESET)
 <LI><a href="#[2c]">DMA1_Channel3_IRQHandler</a> from startup_stm32f10x_hd.o(.text) referenced from startup_stm32f10x_hd.o(RESET)
 <LI><a href="#[2d]">DMA1_Channel4_IRQHandler</a> from startup_stm32f10x_hd.o(.text) referenced from startup_stm32f10x_hd.o(RESET)
 <LI><a href="#[2e]">DMA1_Channel5_IRQHandler</a> from startup_stm32f10x_hd.o(.text) referenced from startup_stm32f10x_hd.o(RESET)
 <LI><a href="#[2f]">DMA1_Channel6_IRQHandler</a> from dma_lcd.o(.text) referenced from startup_stm32f10x_hd.o(RESET)
 <LI><a href="#[30]">DMA1_Channel7_IRQHandler</a> from startup_stm32f10x_hd.o(.text) referenced from startup_stm32f10x_hd.o(RESET)
 <LI><a href="#[57]">DMA2_Channel1_IRQHandler</a> from startup_stm32f10x_hd.o(.text) referenced from startup_stm32f10x_hd.o(RESET)
 <LI><a href="#[58]">DMA2_Channel2_IRQHandler</a> from startup_stm32f10x_hd.o(.text) referenced from startup_stm32f10x_hd.o(RESET)
 <LI><a href="#[59]">DMA2_Channel3_IRQHandler</a> from startup_stm32f10x_hd.o(.text) referenced from startup_stm32f10x_hd.o(RESET)
 <LI><a href="#[5a]">DMA2_Channel4_5_IRQHandler</a> from startup_stm32f10x_hd.o(.text) referenced from startup_stm32f10x_hd.o(RESET)
 <LI><a href="#[1c]">DebugMon_Handler</a> from stm32f10x_it.o(.text) referenced from startup_stm32f10x_hd.o(RESET)
 <LI><a href="#[25]">EXTI0_IRQHandler</a> from startup_stm32f10x_hd.o(.text) referenced from startup_stm32f10x_hd.o(RESET)
 <LI><a href="#[47]">EXTI15_10_IRQHandler</a> from startup_stm32f10x_hd.o(.text) referenced from startup_stm32f10x_hd.o(RESET)
 <LI><a href="#[26]">EXTI1_IRQHandler</a> from startup_stm32f10x_hd.o(.text) referenced from startup_stm32f10x_hd.o(RESET)
 <LI><a href="#[27]">EXTI2_IRQHandler</a> from startup_stm32f10x_hd.o(.text) referenced from startup_stm32f10x_hd.o(RESET)
 <LI><a href="#[28]">EXTI3_IRQHandler</a> from startup_stm32f10x_hd.o(.text) referenced from startup_stm32f10x_hd.o(RESET)
 <LI><a href="#[29]">EXTI4_IRQHandler</a> from startup_stm32f10x_hd.o(.text) referenced from startup_stm32f10x_hd.o(RESET)
 <LI><a href="#[36]">EXTI9_5_IRQHandler</a> from startup_stm32f10x_hd.o(.text) referenced from startup_stm32f10x_hd.o(RESET)
 <LI><a href="#[23]">FLASH_IRQHandler</a> from startup_stm32f10x_hd.o(.text) referenced from startup_stm32f10x_hd.o(RESET)
 <LI><a href="#[4f]">FSMC_IRQHandler</a> from startup_stm32f10x_hd.o(.text) referenced from startup_stm32f10x_hd.o(RESET)
 <LI><a href="#[d3]">GL8_copy_bits</a> from gl_mem_8bpp.o(i.GL8_copy_bits) referenced from gl_mem_8bpp.o(i.GL_MEM_8BPP_Init)
 <LI><a href="#[e0]">GL8_draw_bitmap_AL1</a> from gl_mem_8bpp.o(i.GL8_draw_bitmap_AL1) referenced from gl_mem_8bpp.o(i.GL_MEM_8BPP_Init)
 <LI><a href="#[e1]">GL8_draw_bitmap_AL2</a> from gl_mem_8bpp.o(i.GL8_draw_bitmap_AL2) referenced from gl_mem_8bpp.o(i.GL_MEM_8BPP_Init)
 <LI><a href="#[e2]">GL8_draw_bitmap_AL4</a> from gl_mem_8bpp.o(i.GL8_draw_bitmap_AL4) referenced from gl_mem_8bpp.o(i.GL_MEM_8BPP_Init)
 <LI><a href="#[e3]">GL8_draw_bitmap_AL8</a> from gl_mem_8bpp.o(i.GL8_draw_bitmap_AL8) referenced from gl_mem_8bpp.o(i.GL_MEM_8BPP_Init)
 <LI><a href="#[db]">GL8_draw_bitmap_ARGB1555</a> from gl_mem_8bpp.o(i.GL8_draw_bitmap_ARGB1555) referenced from gl_mem_8bpp.o(i.GL_MEM_8BPP_Init)
 <LI><a href="#[dc]">GL8_draw_bitmap_ARGB4444</a> from gl_mem_8bpp.o(i.GL8_draw_bitmap_ARGB4444) referenced from gl_mem_8bpp.o(i.GL_MEM_8BPP_Init)
 <LI><a href="#[df]">GL8_draw_bitmap_ARGB8888</a> from gl_mem_8bpp.o(i.GL8_draw_bitmap_ARGB8888) referenced from gl_mem_8bpp.o(i.GL_MEM_8BPP_Init)
 <LI><a href="#[d4]">GL8_draw_bitmap_LUT1</a> from gl_mem_8bpp.o(i.GL8_draw_bitmap_LUT1) referenced from gl_mem_8bpp.o(i.GL_MEM_8BPP_Init)
 <LI><a href="#[d5]">GL8_draw_bitmap_LUT2</a> from gl_mem_8bpp.o(i.GL8_draw_bitmap_LUT2) referenced from gl_mem_8bpp.o(i.GL_MEM_8BPP_Init)
 <LI><a href="#[d6]">GL8_draw_bitmap_LUT4</a> from gl_mem_8bpp.o(i.GL8_draw_bitmap_LUT4) referenced from gl_mem_8bpp.o(i.GL_MEM_8BPP_Init)
 <LI><a href="#[d7]">GL8_draw_bitmap_LUT8</a> from gl_mem_8bpp.o(i.GL8_draw_bitmap_LUT8) referenced from gl_mem_8bpp.o(i.GL_MEM_8BPP_Init)
 <LI><a href="#[d8]">GL8_draw_bitmap_RGB332</a> from gl_mem_8bpp.o(i.GL8_draw_bitmap_RGB332) referenced from gl_mem_8bpp.o(i.GL_MEM_8BPP_Init)
 <LI><a href="#[d9]">GL8_draw_bitmap_RGB565</a> from gl_mem_8bpp.o(i.GL8_draw_bitmap_RGB565) referenced from gl_mem_8bpp.o(i.GL_MEM_8BPP_Init)
 <LI><a href="#[dd]">GL8_draw_bitmap_RGB888</a> from gl_mem_8bpp.o(i.GL8_draw_bitmap_RGB888) referenced from gl_mem_8bpp.o(i.GL_MEM_8BPP_Init)
 <LI><a href="#[da]">GL8_draw_bitmap_XRGB1555</a> from gl_mem_8bpp.o(i.GL8_draw_bitmap_XRGB1555) referenced from gl_mem_8bpp.o(i.GL_MEM_8BPP_Init)
 <LI><a href="#[de]">GL8_draw_bitmap_XRGB8888</a> from gl_mem_8bpp.o(i.GL8_draw_bitmap_XRGB8888) referenced from gl_mem_8bpp.o(i.GL_MEM_8BPP_Init)
 <LI><a href="#[d0]">GL8_draw_hline</a> from gl_mem_8bpp.o(i.GL8_draw_hline) referenced from gl_mem_8bpp.o(i.GL_MEM_8BPP_Init)
 <LI><a href="#[d1]">GL8_draw_vline</a> from gl_mem_8bpp.o(i.GL8_draw_vline) referenced from gl_mem_8bpp.o(i.GL_MEM_8BPP_Init)
 <LI><a href="#[d2]">GL8_fill_rect</a> from gl_mem_8bpp.o(i.GL8_fill_rect) referenced from gl_mem_8bpp.o(i.GL_MEM_8BPP_Init)
 <LI><a href="#[ce]">GL8_get_pixel</a> from gl_mem_8bpp.o(i.GL8_get_pixel) referenced from gl_mem_8bpp.o(i.GL_MEM_8BPP_Init)
 <LI><a href="#[e5]">GL8_rotate_bitmap</a> from gl_mem_8bpp.o(i.GL8_rotate_bitmap) referenced from gl_mem_8bpp.o(i.GL_MEM_8BPP_Init)
 <LI><a href="#[e4]">GL8_scale_bitmap</a> from gl_mem_8bpp.o(i.GL8_scale_bitmap) referenced from gl_mem_8bpp.o(i.GL_MEM_8BPP_Init)
 <LI><a href="#[cc]">GL8_set_addr</a> from gl_mem_8bpp.o(i.GL8_set_addr) referenced from gl_mem_8bpp.o(i.GL_MEM_8BPP_Init)
 <LI><a href="#[cd]">GL8_set_pixel</a> from gl_mem_8bpp.o(i.GL8_set_pixel) referenced from gl_mem_8bpp.o(i.GL_MEM_8BPP_Init)
 <LI><a href="#[cf]">GL8_xor_pixel</a> from gl_mem_8bpp.o(i.GL8_xor_pixel) referenced from gl_mem_8bpp.o(i.GL_MEM_8BPP_Init)
 <LI><a href="#[ee]">GUI_App_Desktop</a> from gui_app_desktop.o(.text) referenced from gui_board_app_desktop.o(.constdata)
 <LI><a href="#[68]">GUI_Board_App_Desktop</a> from gui_board_app_desktop.o(.text) referenced from gui_boot_interface_dialog.o(.text)
 <LI><a href="#[69]">GUI_Boot_Interface_Dialog</a> from gui_boot_interface_dialog.o(.text) referenced from gui_desktop.o(.text)
 <LI><a href="#[12]">GUI_DEMO_Graphics_Accelerator</a> from gui_demo_graphics_accelerator.o(.text) referenced 2 times from gui_app_desktop.o(.data)
 <LI><a href="#[13]">GUI_DEMO_ShowWave</a> from gui_demo_showwave.o(.text) referenced 2 times from gui_app_desktop.o(.data)
 <LI><a href="#[67]">GUI_DEMO_SlideWindow</a> from gui_demo_slidewindow.o(.text) referenced from gui_boot_interface_dialog.o(.text)
 <LI><a href="#[66]">GUI_RES_Writer_Dialog</a> from gui_res_writer_dialog.o(.text) referenced from gui_board_app_desktop.o(.constdata)
 <LI><a href="#[66]">GUI_RES_Writer_Dialog</a> from gui_res_writer_dialog.o(.text) referenced from gui_boot_interface_dialog.o(.text)
 <LI><a href="#[5e]">GUI_Thread_Entry</a> from main.o(.text) referenced from main.o(.text)
 <LI><a href="#[eb]">GetPoint</a> from ads7843.o(.text) referenced from ads7843.o(.constdata)
 <LI><a href="#[ea]">GetSample</a> from ads7843.o(.text) referenced from ads7843.o(.constdata)
 <LI><a href="#[e9]">GetState</a> from ads7843.o(.text) referenced from ads7843.o(.constdata)
 <LI><a href="#[17]">HardFault_Handler</a> from stm32f10x_it.o(.text) referenced from startup_stm32f10x_hd.o(RESET)
 <LI><a href="#[3f]">I2C1_ER_IRQHandler</a> from startup_stm32f10x_hd.o(.text) referenced from startup_stm32f10x_hd.o(RESET)
 <LI><a href="#[3e]">I2C1_EV_IRQHandler</a> from startup_stm32f10x_hd.o(.text) referenced from startup_stm32f10x_hd.o(RESET)
 <LI><a href="#[41]">I2C2_ER_IRQHandler</a> from startup_stm32f10x_hd.o(.text) referenced from startup_stm32f10x_hd.o(RESET)
 <LI><a href="#[40]">I2C2_EV_IRQHandler</a> from startup_stm32f10x_hd.o(.text) referenced from startup_stm32f10x_hd.o(RESET)
 <LI><a href="#[e8]">Init</a> from ads7843.o(.text) referenced from ads7843.o(.constdata)
 <LI><a href="#[ec]">LoadCfg</a> from ads7843.o(.text) referenced from ads7843.o(.constdata)
 <LI><a href="#[18]">MemManage_Handler</a> from stm32f10x_it.o(.text) referenced from startup_stm32f10x_hd.o(RESET)
 <LI><a href="#[16]">NMI_Handler</a> from stm32f10x_it.o(.text) referenced from startup_stm32f10x_hd.o(RESET)
 <LI><a href="#[20]">PVD_IRQHandler</a> from startup_stm32f10x_hd.o(.text) referenced from startup_stm32f10x_hd.o(RESET)
 <LI><a href="#[1d]">PendSV_Handler</a> from port.o(.emb_text) referenced from startup_stm32f10x_hd.o(RESET)
 <LI><a href="#[24]">RCC_IRQHandler</a> from startup_stm32f10x_hd.o(.text) referenced from startup_stm32f10x_hd.o(RESET)
 <LI><a href="#[48]">RTCAlarm_IRQHandler</a> from startup_stm32f10x_hd.o(.text) referenced from startup_stm32f10x_hd.o(RESET)
 <LI><a href="#[22]">RTC_IRQHandler</a> from startup_stm32f10x_hd.o(.text) referenced from startup_stm32f10x_hd.o(RESET)
 <LI><a href="#[15]">Reset_Handler</a> from startup_stm32f10x_hd.o(.text) referenced from startup_stm32f10x_hd.o(RESET)
 <LI><a href="#[50]">SDIO_IRQHandler</a> from bsp_sdio_sdcard.o(.text) referenced from startup_stm32f10x_hd.o(RESET)
 <LI><a href="#[42]">SPI1_IRQHandler</a> from startup_stm32f10x_hd.o(.text) referenced from startup_stm32f10x_hd.o(RESET)
 <LI><a href="#[43]">SPI2_IRQHandler</a> from startup_stm32f10x_hd.o(.text) referenced from startup_stm32f10x_hd.o(RESET)
 <LI><a href="#[52]">SPI3_IRQHandler</a> from startup_stm32f10x_hd.o(.text) referenced from startup_stm32f10x_hd.o(RESET)
 <LI><a href="#[1b]">SVC_Handler</a> from port.o(.emb_text) referenced from startup_stm32f10x_hd.o(RESET)
 <LI><a href="#[ed]">SaveCfg</a> from ads7843.o(.text) referenced from ads7843.o(.constdata)
 <LI><a href="#[1e]">SysTick_Handler</a> from stm32f10x_it.o(.text) referenced from startup_stm32f10x_hd.o(RESET)
 <LI><a href="#[5c]">SystemInit</a> from system_stm32f10x.o(.text) referenced from startup_stm32f10x_hd.o(.text)
 <LI><a href="#[21]">TAMPER_IRQHandler</a> from startup_stm32f10x_hd.o(.text) referenced from startup_stm32f10x_hd.o(RESET)
 <LI><a href="#[37]">TIM1_BRK_IRQHandler</a> from startup_stm32f10x_hd.o(.text) referenced from startup_stm32f10x_hd.o(RESET)
 <LI><a href="#[3a]">TIM1_CC_IRQHandler</a> from startup_stm32f10x_hd.o(.text) referenced from startup_stm32f10x_hd.o(RESET)
 <LI><a href="#[39]">TIM1_TRG_COM_IRQHandler</a> from startup_stm32f10x_hd.o(.text) referenced from startup_stm32f10x_hd.o(RESET)
 <LI><a href="#[38]">TIM1_UP_IRQHandler</a> from startup_stm32f10x_hd.o(.text) referenced from startup_stm32f10x_hd.o(RESET)
 <LI><a href="#[3b]">TIM2_IRQHandler</a> from startup_stm32f10x_hd.o(.text) referenced from startup_stm32f10x_hd.o(RESET)
 <LI><a href="#[3c]">TIM3_IRQHandler</a> from startup_stm32f10x_hd.o(.text) referenced from startup_stm32f10x_hd.o(RESET)
 <LI><a href="#[3d]">TIM4_IRQHandler</a> from startup_stm32f10x_hd.o(.text) referenced from startup_stm32f10x_hd.o(RESET)
 <LI><a href="#[51]">TIM5_IRQHandler</a> from startup_stm32f10x_hd.o(.text) referenced from startup_stm32f10x_hd.o(RESET)
 <LI><a href="#[55]">TIM6_IRQHandler</a> from startup_stm32f10x_hd.o(.text) referenced from startup_stm32f10x_hd.o(RESET)
 <LI><a href="#[56]">TIM7_IRQHandler</a> from startup_stm32f10x_hd.o(.text) referenced from startup_stm32f10x_hd.o(RESET)
 <LI><a href="#[4a]">TIM8_BRK_IRQHandler</a> from startup_stm32f10x_hd.o(.text) referenced from startup_stm32f10x_hd.o(RESET)
 <LI><a href="#[4d]">TIM8_CC_IRQHandler</a> from startup_stm32f10x_hd.o(.text) referenced from startup_stm32f10x_hd.o(RESET)
 <LI><a href="#[4c]">TIM8_TRG_COM_IRQHandler</a> from startup_stm32f10x_hd.o(.text) referenced from startup_stm32f10x_hd.o(RESET)
 <LI><a href="#[4b]">TIM8_UP_IRQHandler</a> from startup_stm32f10x_hd.o(.text) referenced from startup_stm32f10x_hd.o(RESET)
 <LI><a href="#[53]">UART4_IRQHandler</a> from startup_stm32f10x_hd.o(.text) referenced from startup_stm32f10x_hd.o(RESET)
 <LI><a href="#[54]">UART5_IRQHandler</a> from startup_stm32f10x_hd.o(.text) referenced from startup_stm32f10x_hd.o(RESET)
 <LI><a href="#[44]">USART1_IRQHandler</a> from startup_stm32f10x_hd.o(.text) referenced from startup_stm32f10x_hd.o(RESET)
 <LI><a href="#[45]">USART2_IRQHandler</a> from startup_stm32f10x_hd.o(.text) referenced from startup_stm32f10x_hd.o(RESET)
 <LI><a href="#[46]">USART3_IRQHandler</a> from startup_stm32f10x_hd.o(.text) referenced from startup_stm32f10x_hd.o(RESET)
 <LI><a href="#[49]">USBWakeUp_IRQHandler</a> from startup_stm32f10x_hd.o(.text) referenced from startup_stm32f10x_hd.o(RESET)
 <LI><a href="#[32]">USB_HP_CAN1_TX_IRQHandler</a> from startup_stm32f10x_hd.o(.text) referenced from startup_stm32f10x_hd.o(RESET)
 <LI><a href="#[33]">USB_LP_CAN1_RX0_IRQHandler</a> from startup_stm32f10x_hd.o(.text) referenced from startup_stm32f10x_hd.o(RESET)
 <LI><a href="#[1a]">UsageFault_Handler</a> from stm32f10x_it.o(.text) referenced from startup_stm32f10x_hd.o(RESET)
 <LI><a href="#[1f]">WWDG_IRQHandler</a> from startup_stm32f10x_hd.o(.text) referenced from startup_stm32f10x_hd.o(RESET)
 <LI><a href="#[6d]">WinProc</a> from gui_demo_slidewindow.o(.text) referenced 4 times from gui_demo_slidewindow.o(.text)
 <LI><a href="#[92]">_AA_HLine</a> from gui_aa_core.o(i._AA_HLine) referenced from gui_aa_core.o(i.EnableAntiAlias)
 <LI><a href="#[92]">_AA_HLine</a> from gui_aa_core.o(i._AA_HLine) referenced from gui_aa_core.o(i.GUI_AA_Begin)
 <LI><a href="#[111]">_GetARGB</a> from surface_argb8888.o(i._GetARGB) referenced 4 times from surface_argb8888.o(.constdata)
 <LI><a href="#[110]">_GetRGB</a> from surface_argb8888.o(i._GetRGB) referenced 4 times from surface_argb8888.o(.constdata)
 <LI><a href="#[10f]">_MapARGB</a> from surface_argb8888.o(i._MapARGB) referenced 4 times from surface_argb8888.o(.constdata)
 <LI><a href="#[10e]">_MapRGB</a> from surface_argb8888.o(i._MapRGB) referenced 4 times from surface_argb8888.o(.constdata)
 <LI><a href="#[108]">_MapRGB332</a> from surface_argb8888.o(i._MapRGB332) referenced 4 times from surface_argb8888.o(.constdata)
 <LI><a href="#[109]">_MapRGB565</a> from surface_argb8888.o(i._MapRGB565) referenced 4 times from surface_argb8888.o(.constdata)
 <LI><a href="#[10a]">_MapXRGB1555</a> from surface_argb8888.o(i._MapXRGB1555) referenced 8 times from surface_argb8888.o(.constdata)
 <LI><a href="#[10b]">_MapXRGB4444</a> from surface_argb8888.o(i._MapXRGB4444) referenced 8 times from surface_argb8888.o(.constdata)
 <LI><a href="#[10c]">_MapXRGB8888</a> from surface_argb8888.o(i._MapXRGB8888) referenced 8 times from surface_argb8888.o(.constdata)
 <LI><a href="#[2]">_Paint</a> from oem_button.o(.text) referenced 16 times from oem_button.o(.data)
 <LI><a href="#[3]">_Paint_FLAT</a> from oem_button.o(.text) referenced 2 times from oem_button.o(.data)
 <LI><a href="#[1]">_SetColor</a> from oem_button.o(.text) referenced 18 times from oem_button.o(.data)
 <LI><a href="#[10d]">_ToARGB</a> from surface_argb8888.o(i._ToARGB) referenced 4 times from surface_argb8888.o(.constdata)
 <LI><a href="#[73]">WaveWinProc(tagWINDOW*, unsigned, unsigned, long)</a> from gui_demo_showwave.o(.text) referenced from gui_demo_showwave.o(.text)
 <LI><a href="#[6f]">ListItemDraw(tagDC*, __x_obj_item*)</a> from clistmenu.o(.text) referenced from clistmenu.o(.text)
 <LI><a href="#[f0]">WinProc(tagWINDOW*, unsigned, unsigned, long)</a> from clistmenu.o(.text) referenced from clistmenu.o(.constdata)
 <LI><a href="#[74]">WinProc(tagWINDOW*, unsigned, unsigned, long)</a> from gui_demo_showwave.o(.text) referenced from gui_demo_showwave.o(.text)
 <LI><a href="#[72]">btn_draw(tagDC*, __x_obj_item*)</a> from gui_demo_showwave.o(.text) referenced from gui_demo_showwave.o(.text)
 <LI><a href="#[7f]">__copy_bits</a> from gl_ext_lcd_16bit.o(i.__copy_bits) referenced from gl_ext_lcd_16bit.o(i.EXT_LCD_CreateSurfaceRGB565)
 <LI><a href="#[9d]">__copy_bits</a> from gl_mem_16bpp.o(i.__copy_bits) referenced from gl_mem_16bpp.o(i.GL_MEM_16BPP_Init)
 <LI><a href="#[b9]">__copy_bits</a> from gl_mem_32bpp.o(i.__copy_bits) referenced from gl_mem_32bpp.o(i.GL_MEM_32BPP_Init)
 <LI><a href="#[f1]">__create_font</a> from gui_font_xft.o(i.__create_font) referenced 2 times from gui_font_xft.o(.constdata)
 <LI><a href="#[f2]">__delete_font</a> from gui_font_xft.o(i.__delete_font) referenced 2 times from gui_font_xft.o(.constdata)
 <LI><a href="#[8c]">__draw_bitmap_AL1</a> from gl_ext_lcd_16bit.o(i.__draw_bitmap_AL1) referenced from gl_ext_lcd_16bit.o(i.EXT_LCD_CreateSurfaceRGB565)
 <LI><a href="#[aa]">__draw_bitmap_AL1</a> from gl_mem_16bpp.o(i.__draw_bitmap_AL1) referenced from gl_mem_16bpp.o(i.GL_MEM_16BPP_Init)
 <LI><a href="#[c6]">__draw_bitmap_AL1</a> from gl_mem_32bpp.o(i.__draw_bitmap_AL1) referenced from gl_mem_32bpp.o(i.GL_MEM_32BPP_Init)
 <LI><a href="#[8d]">__draw_bitmap_AL2</a> from gl_ext_lcd_16bit.o(i.__draw_bitmap_AL2) referenced from gl_ext_lcd_16bit.o(i.EXT_LCD_CreateSurfaceRGB565)
 <LI><a href="#[ab]">__draw_bitmap_AL2</a> from gl_mem_16bpp.o(i.__draw_bitmap_AL2) referenced from gl_mem_16bpp.o(i.GL_MEM_16BPP_Init)
 <LI><a href="#[c7]">__draw_bitmap_AL2</a> from gl_mem_32bpp.o(i.__draw_bitmap_AL2) referenced from gl_mem_32bpp.o(i.GL_MEM_32BPP_Init)
 <LI><a href="#[8e]">__draw_bitmap_AL4</a> from gl_ext_lcd_16bit.o(i.__draw_bitmap_AL4) referenced from gl_ext_lcd_16bit.o(i.EXT_LCD_CreateSurfaceRGB565)
 <LI><a href="#[ac]">__draw_bitmap_AL4</a> from gl_mem_16bpp.o(i.__draw_bitmap_AL4) referenced from gl_mem_16bpp.o(i.GL_MEM_16BPP_Init)
 <LI><a href="#[c8]">__draw_bitmap_AL4</a> from gl_mem_32bpp.o(i.__draw_bitmap_AL4) referenced from gl_mem_32bpp.o(i.GL_MEM_32BPP_Init)
 <LI><a href="#[8f]">__draw_bitmap_AL8</a> from gl_ext_lcd_16bit.o(i.__draw_bitmap_AL8) referenced from gl_ext_lcd_16bit.o(i.EXT_LCD_CreateSurfaceRGB565)
 <LI><a href="#[ad]">__draw_bitmap_AL8</a> from gl_mem_16bpp.o(i.__draw_bitmap_AL8) referenced from gl_mem_16bpp.o(i.GL_MEM_16BPP_Init)
 <LI><a href="#[c9]">__draw_bitmap_AL8</a> from gl_mem_32bpp.o(i.__draw_bitmap_AL8) referenced from gl_mem_32bpp.o(i.GL_MEM_32BPP_Init)
 <LI><a href="#[87]">__draw_bitmap_ARGB1555</a> from gl_ext_lcd_16bit.o(i.__draw_bitmap_ARGB1555) referenced from gl_ext_lcd_16bit.o(i.EXT_LCD_CreateSurfaceRGB565)
 <LI><a href="#[a5]">__draw_bitmap_ARGB1555</a> from gl_mem_16bpp.o(i.__draw_bitmap_ARGB1555) referenced from gl_mem_16bpp.o(i.GL_MEM_16BPP_Init)
 <LI><a href="#[c1]">__draw_bitmap_ARGB1555</a> from gl_mem_32bpp.o(i.__draw_bitmap_ARGB1555) referenced from gl_mem_32bpp.o(i.GL_MEM_32BPP_Init)
 <LI><a href="#[88]">__draw_bitmap_ARGB4444</a> from gl_ext_lcd_16bit.o(i.__draw_bitmap_ARGB4444) referenced from gl_ext_lcd_16bit.o(i.EXT_LCD_CreateSurfaceRGB565)
 <LI><a href="#[a6]">__draw_bitmap_ARGB4444</a> from gl_mem_16bpp.o(i.__draw_bitmap_ARGB4444) referenced from gl_mem_16bpp.o(i.GL_MEM_16BPP_Init)
 <LI><a href="#[c2]">__draw_bitmap_ARGB4444</a> from gl_mem_32bpp.o(i.__draw_bitmap_ARGB4444) referenced from gl_mem_32bpp.o(i.GL_MEM_32BPP_Init)
 <LI><a href="#[8b]">__draw_bitmap_ARGB8888</a> from gl_ext_lcd_16bit.o(i.__draw_bitmap_ARGB8888) referenced from gl_ext_lcd_16bit.o(i.EXT_LCD_CreateSurfaceRGB565)
 <LI><a href="#[a9]">__draw_bitmap_ARGB8888</a> from gl_mem_16bpp.o(i.__draw_bitmap_ARGB8888) referenced from gl_mem_16bpp.o(i.GL_MEM_16BPP_Init)
 <LI><a href="#[c5]">__draw_bitmap_ARGB8888</a> from gl_mem_32bpp.o(i.__draw_bitmap_ARGB8888) referenced from gl_mem_32bpp.o(i.GL_MEM_32BPP_Init)
 <LI><a href="#[80]">__draw_bitmap_LUT1</a> from gl_ext_lcd_16bit.o(i.__draw_bitmap_LUT1) referenced from gl_ext_lcd_16bit.o(i.EXT_LCD_CreateSurfaceRGB565)
 <LI><a href="#[9e]">__draw_bitmap_LUT1</a> from gl_mem_16bpp.o(i.__draw_bitmap_LUT1) referenced from gl_mem_16bpp.o(i.GL_MEM_16BPP_Init)
 <LI><a href="#[ba]">__draw_bitmap_LUT1</a> from gl_mem_32bpp.o(i.__draw_bitmap_LUT1) referenced from gl_mem_32bpp.o(i.GL_MEM_32BPP_Init)
 <LI><a href="#[81]">__draw_bitmap_LUT2</a> from gl_ext_lcd_16bit.o(i.__draw_bitmap_LUT2) referenced from gl_ext_lcd_16bit.o(i.EXT_LCD_CreateSurfaceRGB565)
 <LI><a href="#[9f]">__draw_bitmap_LUT2</a> from gl_mem_16bpp.o(i.__draw_bitmap_LUT2) referenced from gl_mem_16bpp.o(i.GL_MEM_16BPP_Init)
 <LI><a href="#[bb]">__draw_bitmap_LUT2</a> from gl_mem_32bpp.o(i.__draw_bitmap_LUT2) referenced from gl_mem_32bpp.o(i.GL_MEM_32BPP_Init)
 <LI><a href="#[82]">__draw_bitmap_LUT4</a> from gl_ext_lcd_16bit.o(i.__draw_bitmap_LUT4) referenced from gl_ext_lcd_16bit.o(i.EXT_LCD_CreateSurfaceRGB565)
 <LI><a href="#[a0]">__draw_bitmap_LUT4</a> from gl_mem_16bpp.o(i.__draw_bitmap_LUT4) referenced from gl_mem_16bpp.o(i.GL_MEM_16BPP_Init)
 <LI><a href="#[bc]">__draw_bitmap_LUT4</a> from gl_mem_32bpp.o(i.__draw_bitmap_LUT4) referenced from gl_mem_32bpp.o(i.GL_MEM_32BPP_Init)
 <LI><a href="#[83]">__draw_bitmap_LUT8</a> from gl_ext_lcd_16bit.o(i.__draw_bitmap_LUT8) referenced from gl_ext_lcd_16bit.o(i.EXT_LCD_CreateSurfaceRGB565)
 <LI><a href="#[a1]">__draw_bitmap_LUT8</a> from gl_mem_16bpp.o(i.__draw_bitmap_LUT8) referenced from gl_mem_16bpp.o(i.GL_MEM_16BPP_Init)
 <LI><a href="#[bd]">__draw_bitmap_LUT8</a> from gl_mem_32bpp.o(i.__draw_bitmap_LUT8) referenced from gl_mem_32bpp.o(i.GL_MEM_32BPP_Init)
 <LI><a href="#[84]">__draw_bitmap_RGB332</a> from gl_ext_lcd_16bit.o(i.__draw_bitmap_RGB332) referenced from gl_ext_lcd_16bit.o(i.EXT_LCD_CreateSurfaceRGB565)
 <LI><a href="#[a2]">__draw_bitmap_RGB332</a> from gl_mem_16bpp.o(i.__draw_bitmap_RGB332) referenced from gl_mem_16bpp.o(i.GL_MEM_16BPP_Init)
 <LI><a href="#[be]">__draw_bitmap_RGB332</a> from gl_mem_32bpp.o(i.__draw_bitmap_RGB332) referenced from gl_mem_32bpp.o(i.GL_MEM_32BPP_Init)
 <LI><a href="#[85]">__draw_bitmap_RGB565</a> from gl_ext_lcd_16bit.o(i.__draw_bitmap_RGB565) referenced from gl_ext_lcd_16bit.o(i.EXT_LCD_CreateSurfaceRGB565)
 <LI><a href="#[a3]">__draw_bitmap_RGB565</a> from gl_mem_16bpp.o(i.__draw_bitmap_RGB565) referenced from gl_mem_16bpp.o(i.GL_MEM_16BPP_Init)
 <LI><a href="#[bf]">__draw_bitmap_RGB565</a> from gl_mem_32bpp.o(i.__draw_bitmap_RGB565) referenced from gl_mem_32bpp.o(i.GL_MEM_32BPP_Init)
 <LI><a href="#[89]">__draw_bitmap_RGB888</a> from gl_ext_lcd_16bit.o(i.__draw_bitmap_RGB888) referenced from gl_ext_lcd_16bit.o(i.EXT_LCD_CreateSurfaceRGB565)
 <LI><a href="#[a7]">__draw_bitmap_RGB888</a> from gl_mem_16bpp.o(i.__draw_bitmap_RGB888) referenced from gl_mem_16bpp.o(i.GL_MEM_16BPP_Init)
 <LI><a href="#[c3]">__draw_bitmap_RGB888</a> from gl_mem_32bpp.o(i.__draw_bitmap_RGB888) referenced from gl_mem_32bpp.o(i.GL_MEM_32BPP_Init)
 <LI><a href="#[86]">__draw_bitmap_XRGB1555</a> from gl_ext_lcd_16bit.o(i.__draw_bitmap_XRGB1555) referenced from gl_ext_lcd_16bit.o(i.EXT_LCD_CreateSurfaceRGB565)
 <LI><a href="#[a4]">__draw_bitmap_XRGB1555</a> from gl_mem_16bpp.o(i.__draw_bitmap_XRGB1555) referenced from gl_mem_16bpp.o(i.GL_MEM_16BPP_Init)
 <LI><a href="#[c0]">__draw_bitmap_XRGB1555</a> from gl_mem_32bpp.o(i.__draw_bitmap_XRGB1555) referenced from gl_mem_32bpp.o(i.GL_MEM_32BPP_Init)
 <LI><a href="#[8a]">__draw_bitmap_XRGB8888</a> from gl_ext_lcd_16bit.o(i.__draw_bitmap_XRGB8888) referenced from gl_ext_lcd_16bit.o(i.EXT_LCD_CreateSurfaceRGB565)
 <LI><a href="#[a8]">__draw_bitmap_XRGB8888</a> from gl_mem_16bpp.o(i.__draw_bitmap_XRGB8888) referenced from gl_mem_16bpp.o(i.GL_MEM_16BPP_Init)
 <LI><a href="#[c4]">__draw_bitmap_XRGB8888</a> from gl_mem_32bpp.o(i.__draw_bitmap_XRGB8888) referenced from gl_mem_32bpp.o(i.GL_MEM_32BPP_Init)
 <LI><a href="#[f5]">__draw_char</a> from gui_font_xft.o(i.__draw_char) referenced 2 times from gui_font_xft.o(.constdata)
 <LI><a href="#[7b]">__draw_hline</a> from gl_ext_lcd_16bit.o(i.__draw_hline) referenced from gl_ext_lcd_16bit.o(i.EXT_LCD_CreateSurfaceRGB565)
 <LI><a href="#[99]">__draw_hline</a> from gl_mem_16bpp.o(i.__draw_hline) referenced from gl_mem_16bpp.o(i.GL_MEM_16BPP_Init)
 <LI><a href="#[b5]">__draw_hline</a> from gl_mem_32bpp.o(i.__draw_hline) referenced from gl_mem_32bpp.o(i.GL_MEM_32BPP_Init)
 <LI><a href="#[7c]">__draw_vline</a> from gl_ext_lcd_16bit.o(i.__draw_vline) referenced from gl_ext_lcd_16bit.o(i.EXT_LCD_CreateSurfaceRGB565)
 <LI><a href="#[9a]">__draw_vline</a> from gl_mem_16bpp.o(i.__draw_vline) referenced from gl_mem_16bpp.o(i.GL_MEM_16BPP_Init)
 <LI><a href="#[b6]">__draw_vline</a> from gl_mem_32bpp.o(i.__draw_vline) referenced from gl_mem_32bpp.o(i.GL_MEM_32BPP_Init)
 <LI><a href="#[7d]">__fill_rect</a> from gl_ext_lcd_16bit.o(i.__fill_rect) referenced from gl_ext_lcd_16bit.o(i.EXT_LCD_CreateSurfaceRGB565)
 <LI><a href="#[9b]">__fill_rect</a> from gl_mem_16bpp.o(i.__fill_rect) referenced from gl_mem_16bpp.o(i.GL_MEM_16BPP_Init)
 <LI><a href="#[b7]">__fill_rect</a> from gl_mem_32bpp.o(i.__fill_rect) referenced from gl_mem_32bpp.o(i.GL_MEM_32BPP_Init)
 <LI><a href="#[7e]">__fill_rect_ARGB</a> from gl_ext_lcd_16bit.o(i.__fill_rect_ARGB) referenced from gl_ext_lcd_16bit.o(i.EXT_LCD_CreateSurfaceRGB565)
 <LI><a href="#[9c]">__fill_rect_ARGB</a> from gl_mem_16bpp.o(i.__fill_rect_ARGB) referenced from gl_mem_16bpp.o(i.GL_MEM_16BPP_Init)
 <LI><a href="#[b8]">__fill_rect_ARGB</a> from gl_mem_32bpp.o(i.__fill_rect_ARGB) referenced from gl_mem_32bpp.o(i.GL_MEM_32BPP_Init)
 <LI><a href="#[f4]">__get_char_info</a> from gui_font_xft.o(i.__get_char_info) referenced 2 times from gui_font_xft.o(.constdata)
 <LI><a href="#[f3]">__get_font_info</a> from gui_font_xft.o(i.__get_font_info) referenced 2 times from gui_font_xft.o(.constdata)
 <LI><a href="#[78]">__get_pixel</a> from gl_ext_lcd_16bit.o(i.__get_pixel) referenced from gl_ext_lcd_16bit.o(i.EXT_LCD_CreateSurfaceRGB565)
 <LI><a href="#[96]">__get_pixel</a> from gl_mem_16bpp.o(i.__get_pixel) referenced from gl_mem_16bpp.o(i.GL_MEM_16BPP_Init)
 <LI><a href="#[b2]">__get_pixel</a> from gl_mem_32bpp.o(i.__get_pixel) referenced from gl_mem_32bpp.o(i.GL_MEM_32BPP_Init)
 <LI><a href="#[5d]">__main</a> from entry.o(.ARM.Collect$$$$00000000) referenced from startup_stm32f10x_hd.o(.text)
 <LI><a href="#[75]">__mem_get_data</a> from gui_imagebmp.o(i.__mem_get_data) referenced from gui_imagebmp.o(i.BMP_Draw)
 <LI><a href="#[91]">__rotate_bitmap</a> from gl_ext_lcd_16bit.o(i.__rotate_bitmap) referenced from gl_ext_lcd_16bit.o(i.EXT_LCD_CreateSurfaceRGB565)
 <LI><a href="#[af]">__rotate_bitmap</a> from gl_mem_16bpp.o(i.__rotate_bitmap) referenced from gl_mem_16bpp.o(i.GL_MEM_16BPP_Init)
 <LI><a href="#[cb]">__rotate_bitmap</a> from gl_mem_32bpp.o(i.__rotate_bitmap) referenced from gl_mem_32bpp.o(i.GL_MEM_32BPP_Init)
 <LI><a href="#[90]">__scale_bitmap</a> from gl_ext_lcd_16bit.o(i.__scale_bitmap) referenced from gl_ext_lcd_16bit.o(i.EXT_LCD_CreateSurfaceRGB565)
 <LI><a href="#[ae]">__scale_bitmap</a> from gl_mem_16bpp.o(i.__scale_bitmap) referenced from gl_mem_16bpp.o(i.GL_MEM_16BPP_Init)
 <LI><a href="#[ca]">__scale_bitmap</a> from gl_mem_32bpp.o(i.__scale_bitmap) referenced from gl_mem_32bpp.o(i.GL_MEM_32BPP_Init)
 <LI><a href="#[77]">__set_pixel</a> from gl_ext_lcd_16bit.o(i.__set_pixel) referenced from gl_ext_lcd_16bit.o(i.EXT_LCD_CreateSurfaceRGB565)
 <LI><a href="#[95]">__set_pixel</a> from gl_mem_16bpp.o(i.__set_pixel) referenced from gl_mem_16bpp.o(i.GL_MEM_16BPP_Init)
 <LI><a href="#[b1]">__set_pixel</a> from gl_mem_32bpp.o(i.__set_pixel) referenced from gl_mem_32bpp.o(i.GL_MEM_32BPP_Init)
 <LI><a href="#[7a]">__set_pixel_ARGB</a> from gl_ext_lcd_16bit.o(i.__set_pixel_ARGB) referenced from gl_ext_lcd_16bit.o(i.EXT_LCD_CreateSurfaceRGB565)
 <LI><a href="#[98]">__set_pixel_ARGB</a> from gl_mem_16bpp.o(i.__set_pixel_ARGB) referenced from gl_mem_16bpp.o(i.GL_MEM_16BPP_Init)
 <LI><a href="#[b4]">__set_pixel_ARGB</a> from gl_mem_32bpp.o(i.__set_pixel_ARGB) referenced from gl_mem_32bpp.o(i.GL_MEM_32BPP_Init)
 <LI><a href="#[76]">__set_pos</a> from gl_ext_lcd_16bit.o(i.__set_pos) referenced from gl_ext_lcd_16bit.o(i.EXT_LCD_CreateSurfaceRGB565)
 <LI><a href="#[94]">__set_pos</a> from gl_mem_16bpp.o(i.__set_pos) referenced from gl_mem_16bpp.o(i.GL_MEM_16BPP_Init)
 <LI><a href="#[b0]">__set_pos</a> from gl_mem_32bpp.o(i.__set_pos) referenced from gl_mem_32bpp.o(i.GL_MEM_32BPP_Init)
 <LI><a href="#[79]">__xor_pixel</a> from gl_ext_lcd_16bit.o(i.__xor_pixel) referenced from gl_ext_lcd_16bit.o(i.EXT_LCD_CreateSurfaceRGB565)
 <LI><a href="#[97]">__xor_pixel</a> from gl_mem_16bpp.o(i.__xor_pixel) referenced from gl_mem_16bpp.o(i.GL_MEM_16BPP_Init)
 <LI><a href="#[b3]">__xor_pixel</a> from gl_mem_32bpp.o(i.__xor_pixel) referenced from gl_mem_32bpp.o(i.GL_MEM_32BPP_Init)
 <LI><a href="#[93]">_gdHLine</a> from gd_line.o(i._gdHLine) referenced from gui_aa_core.o(i.EnableAntiAlias)
 <LI><a href="#[93]">_gdHLine</a> from gd_line.o(i._gdHLine) referenced from gui_aa_core.o(i.GUI_AA_End)
 <LI><a href="#[93]">_gdHLine</a> from gd_line.o(i._gdHLine) referenced from gui_gdi.o(i.InitDC)
 <LI><a href="#[e7]">_sputc</a> from printf3.o(i._sputc) referenced from printf3.o(i.__0sprintf$3)
 <LI><a href="#[62]">bmp_read_data_Res</a> from gui_picture_port.o(.text) referenced from gui_picture_port.o(.text)
 <LI><a href="#[63]">bmp_read_data_fs</a> from gui_picture_port.o(.text) referenced from gui_picture_port.o(.text)
 <LI><a href="#[6a]">desktop_proc</a> from gui_desktop.o(.text) referenced from gui_desktop.o(.text)
 <LI><a href="#[ef]">dummy</a> from gui_board_app_desktop.o(.text) referenced 17 times from gui_board_app_desktop.o(.constdata)
 <LI><a href="#[14]">dummy</a> from gui_app_desktop.o(.text) referenced 8 times from gui_app_desktop.o(.data)
 <LI><a href="#[61]">font_read_data_exFlash</a> from gui_font_port.o(.text) referenced from gui_font_port.o(.text)
 <LI><a href="#[e6]">fputc</a> from bsp_usart.o(.text) referenced from printf3.o(i.__0printf$3)
 <LI><a href="#[5b]">main</a> from main.o(.text) referenced from entry9a.o(.ARM.Collect$$$$0000000B)
 <LI><a href="#[5f]">prvIdleTask</a> from tasks.o(.text) referenced from tasks.o(.text)
 <LI><a href="#[60]">prvTaskExitError</a> from port.o(.text) referenced from port.o(.text)
 <LI><a href="#[130]">win_proc</a> from widget_button2.o(i.win_proc) referenced 6 times from widget_button2.o(.constdata)
 <LI><a href="#[65]">win_proc</a> from gui_boot_interface_dialog.o(.text) referenced 2 times from gui_boot_interface_dialog.o(.text)
</UL>
<P>
<H3>
Global Symbols
</H3>
<P><STRONG><a name="[5d]"></a>__main</STRONG> (Thumb, 0 bytes, Stack size unknown bytes, entry.o(.ARM.Collect$$$$00000000))
<BR>[Address Reference Count : 1]<UL><LI> startup_stm32f10x_hd.o(.text)
</UL>
<P><STRONG><a name="[4c0]"></a>_main_stk</STRONG> (Thumb, 0 bytes, Stack size unknown bytes, entry2.o(.ARM.Collect$$$$00000001))

<P><STRONG><a name="[136]"></a>_main_scatterload</STRONG> (Thumb, 0 bytes, Stack size unknown bytes, entry5.o(.ARM.Collect$$$$00000004))
<BR><BR>[Calls]<UL><LI><a href="#[137]">&gt;&gt;</a>&nbsp;&nbsp;&nbsp;__scatterload
</UL>

<P><STRONG><a name="[3b4]"></a>__main_after_scatterload</STRONG> (Thumb, 0 bytes, Stack size unknown bytes, entry5.o(.ARM.Collect$$$$00000004))
<BR><BR>[Called By]<UL><LI><a href="#[137]">&gt;&gt;</a>&nbsp;&nbsp;&nbsp;__scatterload
</UL>

<P><STRONG><a name="[4c1]"></a>_main_clock</STRONG> (Thumb, 0 bytes, Stack size unknown bytes, entry7b.o(.ARM.Collect$$$$00000008))

<P><STRONG><a name="[4c2]"></a>_main_cpp_init</STRONG> (Thumb, 0 bytes, Stack size unknown bytes, entry8b.o(.ARM.Collect$$$$0000000A))

<P><STRONG><a name="[4c3]"></a>_main_init</STRONG> (Thumb, 0 bytes, Stack size unknown bytes, entry9a.o(.ARM.Collect$$$$0000000B))

<P><STRONG><a name="[4c4]"></a>__rt_final_cpp</STRONG> (Thumb, 0 bytes, Stack size unknown bytes, entry10a.o(.ARM.Collect$$$$0000000D))

<P><STRONG><a name="[4c5]"></a>__rt_final_exit</STRONG> (Thumb, 0 bytes, Stack size unknown bytes, entry11a.o(.ARM.Collect$$$$0000000F))

<P><STRONG><a name="[1b]"></a>SVC_Handler</STRONG> (Thumb, 32 bytes, Stack size 0 bytes, port.o(.emb_text))
<BR>[Address Reference Count : 1]<UL><LI> startup_stm32f10x_hd.o(RESET)
</UL>
<P><STRONG><a name="[275]"></a>__asm___6_port_c_39a90d8d__prvStartFirstTask</STRONG> (Thumb, 28 bytes, Stack size 0 bytes, port.o(.emb_text))
<BR><BR>[Called By]<UL><LI><a href="#[265]">&gt;&gt;</a>&nbsp;&nbsp;&nbsp;xPortStartScheduler
</UL>

<P><STRONG><a name="[1d]"></a>PendSV_Handler</STRONG> (Thumb, 72 bytes, Stack size 0 bytes, port.o(.emb_text))
<BR><BR>[Stack]<UL><LI>Max Depth = 32<LI>Call Chain = PendSV_Handler &rArr; vTaskSwitchContext &rArr; __2printf
</UL>
<BR>[Calls]<UL><LI><a href="#[138]">&gt;&gt;</a>&nbsp;&nbsp;&nbsp;vTaskSwitchContext
</UL>
<BR>[Address Reference Count : 1]<UL><LI> startup_stm32f10x_hd.o(RESET)
</UL>
<P><STRONG><a name="[276]"></a>vPortGetIPSR</STRONG> (Thumb, 6 bytes, Stack size 0 bytes, port.o(.emb_text))
<BR><BR>[Called By]<UL><LI><a href="#[242]">&gt;&gt;</a>&nbsp;&nbsp;&nbsp;vPortValidateInterruptPriority
</UL>

<P><STRONG><a name="[15]"></a>Reset_Handler</STRONG> (Thumb, 8 bytes, Stack size 0 bytes, startup_stm32f10x_hd.o(.text))
<BR>[Address Reference Count : 1]<UL><LI> startup_stm32f10x_hd.o(RESET)
</UL>
<P><STRONG><a name="[31]"></a>ADC1_2_IRQHandler</STRONG> (Thumb, 0 bytes, Stack size 0 bytes, startup_stm32f10x_hd.o(.text))
<BR><BR>[Calls]<UL><LI><a href="#[31]">&gt;&gt;</a>&nbsp;&nbsp;&nbsp;ADC1_2_IRQHandler
</UL>
<BR>[Called By]<UL><LI><a href="#[31]">&gt;&gt;</a>&nbsp;&nbsp;&nbsp;ADC1_2_IRQHandler
</UL>
<BR>[Address Reference Count : 1]<UL><LI> startup_stm32f10x_hd.o(RESET)
</UL>
<P><STRONG><a name="[4e]"></a>ADC3_IRQHandler</STRONG> (Thumb, 0 bytes, Stack size 0 bytes, startup_stm32f10x_hd.o(.text))
<BR>[Address Reference Count : 1]<UL><LI> startup_stm32f10x_hd.o(RESET)
</UL>
<P><STRONG><a name="[34]"></a>CAN1_RX1_IRQHandler</STRONG> (Thumb, 0 bytes, Stack size 0 bytes, startup_stm32f10x_hd.o(.text))
<BR>[Address Reference Count : 1]<UL><LI> startup_stm32f10x_hd.o(RESET)
</UL>
<P><STRONG><a name="[35]"></a>CAN1_SCE_IRQHandler</STRONG> (Thumb, 0 bytes, Stack size 0 bytes, startup_stm32f10x_hd.o(.text))
<BR>[Address Reference Count : 1]<UL><LI> startup_stm32f10x_hd.o(RESET)
</UL>
<P><STRONG><a name="[2a]"></a>DMA1_Channel1_IRQHandler</STRONG> (Thumb, 0 bytes, Stack size 0 bytes, startup_stm32f10x_hd.o(.text))
<BR>[Address Reference Count : 1]<UL><LI> startup_stm32f10x_hd.o(RESET)
</UL>
<P><STRONG><a name="[2b]"></a>DMA1_Channel2_IRQHandler</STRONG> (Thumb, 0 bytes, Stack size 0 bytes, startup_stm32f10x_hd.o(.text))
<BR>[Address Reference Count : 1]<UL><LI> startup_stm32f10x_hd.o(RESET)
</UL>
<P><STRONG><a name="[2c]"></a>DMA1_Channel3_IRQHandler</STRONG> (Thumb, 0 bytes, Stack size 0 bytes, startup_stm32f10x_hd.o(.text))
<BR>[Address Reference Count : 1]<UL><LI> startup_stm32f10x_hd.o(RESET)
</UL>
<P><STRONG><a name="[2d]"></a>DMA1_Channel4_IRQHandler</STRONG> (Thumb, 0 bytes, Stack size 0 bytes, startup_stm32f10x_hd.o(.text))
<BR>[Address Reference Count : 1]<UL><LI> startup_stm32f10x_hd.o(RESET)
</UL>
<P><STRONG><a name="[2e]"></a>DMA1_Channel5_IRQHandler</STRONG> (Thumb, 0 bytes, Stack size 0 bytes, startup_stm32f10x_hd.o(.text))
<BR>[Address Reference Count : 1]<UL><LI> startup_stm32f10x_hd.o(RESET)
</UL>
<P><STRONG><a name="[30]"></a>DMA1_Channel7_IRQHandler</STRONG> (Thumb, 0 bytes, Stack size 0 bytes, startup_stm32f10x_hd.o(.text))
<BR>[Address Reference Count : 1]<UL><LI> startup_stm32f10x_hd.o(RESET)
</UL>
<P><STRONG><a name="[57]"></a>DMA2_Channel1_IRQHandler</STRONG> (Thumb, 0 bytes, Stack size 0 bytes, startup_stm32f10x_hd.o(.text))
<BR>[Address Reference Count : 1]<UL><LI> startup_stm32f10x_hd.o(RESET)
</UL>
<P><STRONG><a name="[58]"></a>DMA2_Channel2_IRQHandler</STRONG> (Thumb, 0 bytes, Stack size 0 bytes, startup_stm32f10x_hd.o(.text))
<BR>[Address Reference Count : 1]<UL><LI> startup_stm32f10x_hd.o(RESET)
</UL>
<P><STRONG><a name="[59]"></a>DMA2_Channel3_IRQHandler</STRONG> (Thumb, 0 bytes, Stack size 0 bytes, startup_stm32f10x_hd.o(.text))
<BR>[Address Reference Count : 1]<UL><LI> startup_stm32f10x_hd.o(RESET)
</UL>
<P><STRONG><a name="[5a]"></a>DMA2_Channel4_5_IRQHandler</STRONG> (Thumb, 0 bytes, Stack size 0 bytes, startup_stm32f10x_hd.o(.text))
<BR>[Address Reference Count : 1]<UL><LI> startup_stm32f10x_hd.o(RESET)
</UL>
<P><STRONG><a name="[25]"></a>EXTI0_IRQHandler</STRONG> (Thumb, 0 bytes, Stack size 0 bytes, startup_stm32f10x_hd.o(.text))
<BR>[Address Reference Count : 1]<UL><LI> startup_stm32f10x_hd.o(RESET)
</UL>
<P><STRONG><a name="[47]"></a>EXTI15_10_IRQHandler</STRONG> (Thumb, 0 bytes, Stack size 0 bytes, startup_stm32f10x_hd.o(.text))
<BR>[Address Reference Count : 1]<UL><LI> startup_stm32f10x_hd.o(RESET)
</UL>
<P><STRONG><a name="[26]"></a>EXTI1_IRQHandler</STRONG> (Thumb, 0 bytes, Stack size 0 bytes, startup_stm32f10x_hd.o(.text))
<BR>[Address Reference Count : 1]<UL><LI> startup_stm32f10x_hd.o(RESET)
</UL>
<P><STRONG><a name="[27]"></a>EXTI2_IRQHandler</STRONG> (Thumb, 0 bytes, Stack size 0 bytes, startup_stm32f10x_hd.o(.text))
<BR>[Address Reference Count : 1]<UL><LI> startup_stm32f10x_hd.o(RESET)
</UL>
<P><STRONG><a name="[28]"></a>EXTI3_IRQHandler</STRONG> (Thumb, 0 bytes, Stack size 0 bytes, startup_stm32f10x_hd.o(.text))
<BR>[Address Reference Count : 1]<UL><LI> startup_stm32f10x_hd.o(RESET)
</UL>
<P><STRONG><a name="[29]"></a>EXTI4_IRQHandler</STRONG> (Thumb, 0 bytes, Stack size 0 bytes, startup_stm32f10x_hd.o(.text))
<BR>[Address Reference Count : 1]<UL><LI> startup_stm32f10x_hd.o(RESET)
</UL>
<P><STRONG><a name="[36]"></a>EXTI9_5_IRQHandler</STRONG> (Thumb, 0 bytes, Stack size 0 bytes, startup_stm32f10x_hd.o(.text))
<BR>[Address Reference Count : 1]<UL><LI> startup_stm32f10x_hd.o(RESET)
</UL>
<P><STRONG><a name="[23]"></a>FLASH_IRQHandler</STRONG> (Thumb, 0 bytes, Stack size 0 bytes, startup_stm32f10x_hd.o(.text))
<BR>[Address Reference Count : 1]<UL><LI> startup_stm32f10x_hd.o(RESET)
</UL>
<P><STRONG><a name="[4f]"></a>FSMC_IRQHandler</STRONG> (Thumb, 0 bytes, Stack size 0 bytes, startup_stm32f10x_hd.o(.text))
<BR>[Address Reference Count : 1]<UL><LI> startup_stm32f10x_hd.o(RESET)
</UL>
<P><STRONG><a name="[3f]"></a>I2C1_ER_IRQHandler</STRONG> (Thumb, 0 bytes, Stack size 0 bytes, startup_stm32f10x_hd.o(.text))
<BR>[Address Reference Count : 1]<UL><LI> startup_stm32f10x_hd.o(RESET)
</UL>
<P><STRONG><a name="[3e]"></a>I2C1_EV_IRQHandler</STRONG> (Thumb, 0 bytes, Stack size 0 bytes, startup_stm32f10x_hd.o(.text))
<BR>[Address Reference Count : 1]<UL><LI> startup_stm32f10x_hd.o(RESET)
</UL>
<P><STRONG><a name="[41]"></a>I2C2_ER_IRQHandler</STRONG> (Thumb, 0 bytes, Stack size 0 bytes, startup_stm32f10x_hd.o(.text))
<BR>[Address Reference Count : 1]<UL><LI> startup_stm32f10x_hd.o(RESET)
</UL>
<P><STRONG><a name="[40]"></a>I2C2_EV_IRQHandler</STRONG> (Thumb, 0 bytes, Stack size 0 bytes, startup_stm32f10x_hd.o(.text))
<BR>[Address Reference Count : 1]<UL><LI> startup_stm32f10x_hd.o(RESET)
</UL>
<P><STRONG><a name="[20]"></a>PVD_IRQHandler</STRONG> (Thumb, 0 bytes, Stack size 0 bytes, startup_stm32f10x_hd.o(.text))
<BR>[Address Reference Count : 1]<UL><LI> startup_stm32f10x_hd.o(RESET)
</UL>
<P><STRONG><a name="[24]"></a>RCC_IRQHandler</STRONG> (Thumb, 0 bytes, Stack size 0 bytes, startup_stm32f10x_hd.o(.text))
<BR>[Address Reference Count : 1]<UL><LI> startup_stm32f10x_hd.o(RESET)
</UL>
<P><STRONG><a name="[48]"></a>RTCAlarm_IRQHandler</STRONG> (Thumb, 0 bytes, Stack size 0 bytes, startup_stm32f10x_hd.o(.text))
<BR>[Address Reference Count : 1]<UL><LI> startup_stm32f10x_hd.o(RESET)
</UL>
<P><STRONG><a name="[22]"></a>RTC_IRQHandler</STRONG> (Thumb, 0 bytes, Stack size 0 bytes, startup_stm32f10x_hd.o(.text))
<BR>[Address Reference Count : 1]<UL><LI> startup_stm32f10x_hd.o(RESET)
</UL>
<P><STRONG><a name="[42]"></a>SPI1_IRQHandler</STRONG> (Thumb, 0 bytes, Stack size 0 bytes, startup_stm32f10x_hd.o(.text))
<BR>[Address Reference Count : 1]<UL><LI> startup_stm32f10x_hd.o(RESET)
</UL>
<P><STRONG><a name="[43]"></a>SPI2_IRQHandler</STRONG> (Thumb, 0 bytes, Stack size 0 bytes, startup_stm32f10x_hd.o(.text))
<BR>[Address Reference Count : 1]<UL><LI> startup_stm32f10x_hd.o(RESET)
</UL>
<P><STRONG><a name="[52]"></a>SPI3_IRQHandler</STRONG> (Thumb, 0 bytes, Stack size 0 bytes, startup_stm32f10x_hd.o(.text))
<BR>[Address Reference Count : 1]<UL><LI> startup_stm32f10x_hd.o(RESET)
</UL>
<P><STRONG><a name="[21]"></a>TAMPER_IRQHandler</STRONG> (Thumb, 0 bytes, Stack size 0 bytes, startup_stm32f10x_hd.o(.text))
<BR>[Address Reference Count : 1]<UL><LI> startup_stm32f10x_hd.o(RESET)
</UL>
<P><STRONG><a name="[37]"></a>TIM1_BRK_IRQHandler</STRONG> (Thumb, 0 bytes, Stack size 0 bytes, startup_stm32f10x_hd.o(.text))
<BR>[Address Reference Count : 1]<UL><LI> startup_stm32f10x_hd.o(RESET)
</UL>
<P><STRONG><a name="[3a]"></a>TIM1_CC_IRQHandler</STRONG> (Thumb, 0 bytes, Stack size 0 bytes, startup_stm32f10x_hd.o(.text))
<BR>[Address Reference Count : 1]<UL><LI> startup_stm32f10x_hd.o(RESET)
</UL>
<P><STRONG><a name="[39]"></a>TIM1_TRG_COM_IRQHandler</STRONG> (Thumb, 0 bytes, Stack size 0 bytes, startup_stm32f10x_hd.o(.text))
<BR>[Address Reference Count : 1]<UL><LI> startup_stm32f10x_hd.o(RESET)
</UL>
<P><STRONG><a name="[38]"></a>TIM1_UP_IRQHandler</STRONG> (Thumb, 0 bytes, Stack size 0 bytes, startup_stm32f10x_hd.o(.text))
<BR>[Address Reference Count : 1]<UL><LI> startup_stm32f10x_hd.o(RESET)
</UL>
<P><STRONG><a name="[3b]"></a>TIM2_IRQHandler</STRONG> (Thumb, 0 bytes, Stack size 0 bytes, startup_stm32f10x_hd.o(.text))
<BR>[Address Reference Count : 1]<UL><LI> startup_stm32f10x_hd.o(RESET)
</UL>
<P><STRONG><a name="[3c]"></a>TIM3_IRQHandler</STRONG> (Thumb, 0 bytes, Stack size 0 bytes, startup_stm32f10x_hd.o(.text))
<BR>[Address Reference Count : 1]<UL><LI> startup_stm32f10x_hd.o(RESET)
</UL>
<P><STRONG><a name="[3d]"></a>TIM4_IRQHandler</STRONG> (Thumb, 0 bytes, Stack size 0 bytes, startup_stm32f10x_hd.o(.text))
<BR>[Address Reference Count : 1]<UL><LI> startup_stm32f10x_hd.o(RESET)
</UL>
<P><STRONG><a name="[51]"></a>TIM5_IRQHandler</STRONG> (Thumb, 0 bytes, Stack size 0 bytes, startup_stm32f10x_hd.o(.text))
<BR>[Address Reference Count : 1]<UL><LI> startup_stm32f10x_hd.o(RESET)
</UL>
<P><STRONG><a name="[55]"></a>TIM6_IRQHandler</STRONG> (Thumb, 0 bytes, Stack size 0 bytes, startup_stm32f10x_hd.o(.text))
<BR>[Address Reference Count : 1]<UL><LI> startup_stm32f10x_hd.o(RESET)
</UL>
<P><STRONG><a name="[56]"></a>TIM7_IRQHandler</STRONG> (Thumb, 0 bytes, Stack size 0 bytes, startup_stm32f10x_hd.o(.text))
<BR>[Address Reference Count : 1]<UL><LI> startup_stm32f10x_hd.o(RESET)
</UL>
<P><STRONG><a name="[4a]"></a>TIM8_BRK_IRQHandler</STRONG> (Thumb, 0 bytes, Stack size 0 bytes, startup_stm32f10x_hd.o(.text))
<BR>[Address Reference Count : 1]<UL><LI> startup_stm32f10x_hd.o(RESET)
</UL>
<P><STRONG><a name="[4d]"></a>TIM8_CC_IRQHandler</STRONG> (Thumb, 0 bytes, Stack size 0 bytes, startup_stm32f10x_hd.o(.text))
<BR>[Address Reference Count : 1]<UL><LI> startup_stm32f10x_hd.o(RESET)
</UL>
<P><STRONG><a name="[4c]"></a>TIM8_TRG_COM_IRQHandler</STRONG> (Thumb, 0 bytes, Stack size 0 bytes, startup_stm32f10x_hd.o(.text))
<BR>[Address Reference Count : 1]<UL><LI> startup_stm32f10x_hd.o(RESET)
</UL>
<P><STRONG><a name="[4b]"></a>TIM8_UP_IRQHandler</STRONG> (Thumb, 0 bytes, Stack size 0 bytes, startup_stm32f10x_hd.o(.text))
<BR>[Address Reference Count : 1]<UL><LI> startup_stm32f10x_hd.o(RESET)
</UL>
<P><STRONG><a name="[53]"></a>UART4_IRQHandler</STRONG> (Thumb, 0 bytes, Stack size 0 bytes, startup_stm32f10x_hd.o(.text))
<BR>[Address Reference Count : 1]<UL><LI> startup_stm32f10x_hd.o(RESET)
</UL>
<P><STRONG><a name="[54]"></a>UART5_IRQHandler</STRONG> (Thumb, 0 bytes, Stack size 0 bytes, startup_stm32f10x_hd.o(.text))
<BR>[Address Reference Count : 1]<UL><LI> startup_stm32f10x_hd.o(RESET)
</UL>
<P><STRONG><a name="[44]"></a>USART1_IRQHandler</STRONG> (Thumb, 0 bytes, Stack size 0 bytes, startup_stm32f10x_hd.o(.text))
<BR>[Address Reference Count : 1]<UL><LI> startup_stm32f10x_hd.o(RESET)
</UL>
<P><STRONG><a name="[45]"></a>USART2_IRQHandler</STRONG> (Thumb, 0 bytes, Stack size 0 bytes, startup_stm32f10x_hd.o(.text))
<BR>[Address Reference Count : 1]<UL><LI> startup_stm32f10x_hd.o(RESET)
</UL>
<P><STRONG><a name="[46]"></a>USART3_IRQHandler</STRONG> (Thumb, 0 bytes, Stack size 0 bytes, startup_stm32f10x_hd.o(.text))
<BR>[Address Reference Count : 1]<UL><LI> startup_stm32f10x_hd.o(RESET)
</UL>
<P><STRONG><a name="[49]"></a>USBWakeUp_IRQHandler</STRONG> (Thumb, 0 bytes, Stack size 0 bytes, startup_stm32f10x_hd.o(.text))
<BR>[Address Reference Count : 1]<UL><LI> startup_stm32f10x_hd.o(RESET)
</UL>
<P><STRONG><a name="[32]"></a>USB_HP_CAN1_TX_IRQHandler</STRONG> (Thumb, 0 bytes, Stack size 0 bytes, startup_stm32f10x_hd.o(.text))
<BR>[Address Reference Count : 1]<UL><LI> startup_stm32f10x_hd.o(RESET)
</UL>
<P><STRONG><a name="[33]"></a>USB_LP_CAN1_RX0_IRQHandler</STRONG> (Thumb, 0 bytes, Stack size 0 bytes, startup_stm32f10x_hd.o(.text))
<BR>[Address Reference Count : 1]<UL><LI> startup_stm32f10x_hd.o(RESET)
</UL>
<P><STRONG><a name="[1f]"></a>WWDG_IRQHandler</STRONG> (Thumb, 0 bytes, Stack size 0 bytes, startup_stm32f10x_hd.o(.text))
<BR>[Address Reference Count : 1]<UL><LI> startup_stm32f10x_hd.o(RESET)
</UL>
<P><STRONG><a name="[5c]"></a>SystemInit</STRONG> (Thumb, 78 bytes, Stack size 8 bytes, system_stm32f10x.o(.text))
<BR><BR>[Stack]<UL><LI>Max Depth = 28<LI>Call Chain = SystemInit &rArr; SetSysClock &rArr; SetSysClockTo72
</UL>
<BR>[Calls]<UL><LI><a href="#[139]">&gt;&gt;</a>&nbsp;&nbsp;&nbsp;SetSysClock
</UL>
<BR>[Address Reference Count : 1]<UL><LI> startup_stm32f10x_hd.o(.text)
</UL>
<P><STRONG><a name="[4c6]"></a>SystemCoreClockUpdate</STRONG> (Thumb, 142 bytes, Stack size 8 bytes, system_stm32f10x.o(.text), UNUSED)

<P><STRONG><a name="[14a]"></a>NVIC_PriorityGroupConfig</STRONG> (Thumb, 10 bytes, Stack size 0 bytes, misc.o(.text))
<BR><BR>[Called By]<UL><LI><a href="#[17f]">&gt;&gt;</a>&nbsp;&nbsp;&nbsp;NVIC_Configuration
<LI><a href="#[149]">&gt;&gt;</a>&nbsp;&nbsp;&nbsp;BSP_Init
</UL>

<P><STRONG><a name="[180]"></a>NVIC_Init</STRONG> (Thumb, 100 bytes, Stack size 16 bytes, misc.o(.text))
<BR><BR>[Stack]<UL><LI>Max Depth = 16<LI>Call Chain = NVIC_Init
</UL>
<BR>[Called By]<UL><LI><a href="#[1d9]">&gt;&gt;</a>&nbsp;&nbsp;&nbsp;LCD_DMA_Init
<LI><a href="#[17f]">&gt;&gt;</a>&nbsp;&nbsp;&nbsp;NVIC_Configuration
</UL>

<P><STRONG><a name="[4c7]"></a>NVIC_SetVectorTable</STRONG> (Thumb, 14 bytes, Stack size 0 bytes, misc.o(.text), UNUSED)

<P><STRONG><a name="[4c8]"></a>NVIC_SystemLPConfig</STRONG> (Thumb, 34 bytes, Stack size 0 bytes, misc.o(.text), UNUSED)

<P><STRONG><a name="[4c9]"></a>SysTick_CLKSourceConfig</STRONG> (Thumb, 40 bytes, Stack size 0 bytes, misc.o(.text), UNUSED)

<P><STRONG><a name="[4ca]"></a>DMA_DeInit</STRONG> (Thumb, 324 bytes, Stack size 0 bytes, stm32f10x_dma.o(.text), UNUSED)

<P><STRONG><a name="[186]"></a>DMA_Init</STRONG> (Thumb, 60 bytes, Stack size 8 bytes, stm32f10x_dma.o(.text))
<BR><BR>[Stack]<UL><LI>Max Depth = 8<LI>Call Chain = DMA_Init
</UL>
<BR>[Called By]<UL><LI><a href="#[1d9]">&gt;&gt;</a>&nbsp;&nbsp;&nbsp;LCD_DMA_Init
<LI><a href="#[187]">&gt;&gt;</a>&nbsp;&nbsp;&nbsp;SD_DMA_TxConfig
<LI><a href="#[183]">&gt;&gt;</a>&nbsp;&nbsp;&nbsp;SD_DMA_RxConfig
</UL>

<P><STRONG><a name="[4cb]"></a>DMA_StructInit</STRONG> (Thumb, 26 bytes, Stack size 0 bytes, stm32f10x_dma.o(.text), UNUSED)

<P><STRONG><a name="[185]"></a>DMA_Cmd</STRONG> (Thumb, 24 bytes, Stack size 0 bytes, stm32f10x_dma.o(.text))
<BR><BR>[Called By]<UL><LI><a href="#[187]">&gt;&gt;</a>&nbsp;&nbsp;&nbsp;SD_DMA_TxConfig
<LI><a href="#[183]">&gt;&gt;</a>&nbsp;&nbsp;&nbsp;SD_DMA_RxConfig
</UL>

<P><STRONG><a name="[1db]"></a>DMA_ITConfig</STRONG> (Thumb, 18 bytes, Stack size 0 bytes, stm32f10x_dma.o(.text), UNUSED)
<BR><BR>[Called By]<UL><LI><a href="#[1d9]">&gt;&gt;</a>&nbsp;&nbsp;&nbsp;LCD_DMA_Init
</UL>

<P><STRONG><a name="[4cc]"></a>DMA_SetCurrDataCounter</STRONG> (Thumb, 4 bytes, Stack size 0 bytes, stm32f10x_dma.o(.text), UNUSED)

<P><STRONG><a name="[4cd]"></a>DMA_GetCurrDataCounter</STRONG> (Thumb, 8 bytes, Stack size 0 bytes, stm32f10x_dma.o(.text), UNUSED)

<P><STRONG><a name="[182]"></a>DMA_GetFlagStatus</STRONG> (Thumb, 40 bytes, Stack size 0 bytes, stm32f10x_dma.o(.text))
<BR><BR>[Called By]<UL><LI><a href="#[181]">&gt;&gt;</a>&nbsp;&nbsp;&nbsp;SD_DMAEndOfTransferStatus
</UL>

<P><STRONG><a name="[184]"></a>DMA_ClearFlag</STRONG> (Thumb, 22 bytes, Stack size 0 bytes, stm32f10x_dma.o(.text))
<BR><BR>[Called By]<UL><LI><a href="#[1d9]">&gt;&gt;</a>&nbsp;&nbsp;&nbsp;LCD_DMA_Init
<LI><a href="#[2f]">&gt;&gt;</a>&nbsp;&nbsp;&nbsp;DMA1_Channel6_IRQHandler
<LI><a href="#[187]">&gt;&gt;</a>&nbsp;&nbsp;&nbsp;SD_DMA_TxConfig
<LI><a href="#[183]">&gt;&gt;</a>&nbsp;&nbsp;&nbsp;SD_DMA_RxConfig
</UL>

<P><STRONG><a name="[1d6]"></a>DMA_GetITStatus</STRONG> (Thumb, 40 bytes, Stack size 0 bytes, stm32f10x_dma.o(.text))
<BR><BR>[Called By]<UL><LI><a href="#[2f]">&gt;&gt;</a>&nbsp;&nbsp;&nbsp;DMA1_Channel6_IRQHandler
</UL>

<P><STRONG><a name="[1d7]"></a>DMA_ClearITPendingBit</STRONG> (Thumb, 22 bytes, Stack size 0 bytes, stm32f10x_dma.o(.text))
<BR><BR>[Called By]<UL><LI><a href="#[1d9]">&gt;&gt;</a>&nbsp;&nbsp;&nbsp;LCD_DMA_Init
<LI><a href="#[2f]">&gt;&gt;</a>&nbsp;&nbsp;&nbsp;DMA1_Channel6_IRQHandler
</UL>

<P><STRONG><a name="[4ce]"></a>FSMC_NORSRAMDeInit</STRONG> (Thumb, 54 bytes, Stack size 0 bytes, stm32f10x_fsmc.o(.text), UNUSED)

<P><STRONG><a name="[4cf]"></a>FSMC_NANDDeInit</STRONG> (Thumb, 62 bytes, Stack size 0 bytes, stm32f10x_fsmc.o(.text), UNUSED)

<P><STRONG><a name="[4d0]"></a>FSMC_PCCARDDeInit</STRONG> (Thumb, 36 bytes, Stack size 0 bytes, stm32f10x_fsmc.o(.text), UNUSED)

<P><STRONG><a name="[1d4]"></a>FSMC_NORSRAMInit</STRONG> (Thumb, 230 bytes, Stack size 0 bytes, stm32f10x_fsmc.o(.text))
<BR><BR>[Called By]<UL><LI><a href="#[14e]">&gt;&gt;</a>&nbsp;&nbsp;&nbsp;FSMC_InitSRAM
<LI><a href="#[14f]">&gt;&gt;</a>&nbsp;&nbsp;&nbsp;FSMC_InitLCD
</UL>

<P><STRONG><a name="[4d1]"></a>FSMC_NANDInit</STRONG> (Thumb, 132 bytes, Stack size 12 bytes, stm32f10x_fsmc.o(.text), UNUSED)

<P><STRONG><a name="[4d2]"></a>FSMC_PCCARDInit</STRONG> (Thumb, 130 bytes, Stack size 0 bytes, stm32f10x_fsmc.o(.text), UNUSED)

<P><STRONG><a name="[4d3]"></a>FSMC_NORSRAMStructInit</STRONG> (Thumb, 114 bytes, Stack size 0 bytes, stm32f10x_fsmc.o(.text), UNUSED)

<P><STRONG><a name="[4d4]"></a>FSMC_NANDStructInit</STRONG> (Thumb, 54 bytes, Stack size 0 bytes, stm32f10x_fsmc.o(.text), UNUSED)

<P><STRONG><a name="[4d5]"></a>FSMC_PCCARDStructInit</STRONG> (Thumb, 60 bytes, Stack size 0 bytes, stm32f10x_fsmc.o(.text), UNUSED)

<P><STRONG><a name="[1d5]"></a>FSMC_NORSRAMCmd</STRONG> (Thumb, 46 bytes, Stack size 0 bytes, stm32f10x_fsmc.o(.text))
<BR><BR>[Called By]<UL><LI><a href="#[14e]">&gt;&gt;</a>&nbsp;&nbsp;&nbsp;FSMC_InitSRAM
<LI><a href="#[14f]">&gt;&gt;</a>&nbsp;&nbsp;&nbsp;FSMC_InitLCD
</UL>

<P><STRONG><a name="[4d6]"></a>FSMC_NANDCmd</STRONG> (Thumb, 86 bytes, Stack size 0 bytes, stm32f10x_fsmc.o(.text), UNUSED)

<P><STRONG><a name="[4d7]"></a>FSMC_PCCARDCmd</STRONG> (Thumb, 44 bytes, Stack size 0 bytes, stm32f10x_fsmc.o(.text), UNUSED)

<P><STRONG><a name="[4d8]"></a>FSMC_NANDECCCmd</STRONG> (Thumb, 90 bytes, Stack size 0 bytes, stm32f10x_fsmc.o(.text), UNUSED)

<P><STRONG><a name="[4d9]"></a>FSMC_GetECC</STRONG> (Thumb, 24 bytes, Stack size 0 bytes, stm32f10x_fsmc.o(.text), UNUSED)

<P><STRONG><a name="[4da]"></a>FSMC_ITConfig</STRONG> (Thumb, 128 bytes, Stack size 8 bytes, stm32f10x_fsmc.o(.text), UNUSED)

<P><STRONG><a name="[4db]"></a>FSMC_GetFlagStatus</STRONG> (Thumb, 54 bytes, Stack size 8 bytes, stm32f10x_fsmc.o(.text), UNUSED)

<P><STRONG><a name="[4dc]"></a>FSMC_ClearFlag</STRONG> (Thumb, 62 bytes, Stack size 0 bytes, stm32f10x_fsmc.o(.text), UNUSED)

<P><STRONG><a name="[4dd]"></a>FSMC_GetITStatus</STRONG> (Thumb, 64 bytes, Stack size 16 bytes, stm32f10x_fsmc.o(.text), UNUSED)

<P><STRONG><a name="[4de]"></a>FSMC_ClearITPendingBit</STRONG> (Thumb, 68 bytes, Stack size 0 bytes, stm32f10x_fsmc.o(.text), UNUSED)

<P><STRONG><a name="[13b]"></a>GPIO_DeInit</STRONG> (Thumb, 172 bytes, Stack size 8 bytes, stm32f10x_gpio.o(.text), UNUSED)
<BR><BR>[Calls]<UL><LI><a href="#[13c]">&gt;&gt;</a>&nbsp;&nbsp;&nbsp;RCC_APB2PeriphResetCmd
</UL>

<P><STRONG><a name="[13d]"></a>GPIO_AFIODeInit</STRONG> (Thumb, 20 bytes, Stack size 8 bytes, stm32f10x_gpio.o(.text), UNUSED)
<BR><BR>[Calls]<UL><LI><a href="#[13c]">&gt;&gt;</a>&nbsp;&nbsp;&nbsp;RCC_APB2PeriphResetCmd
</UL>

<P><STRONG><a name="[156]"></a>GPIO_Init</STRONG> (Thumb, 278 bytes, Stack size 24 bytes, stm32f10x_gpio.o(.text))
<BR><BR>[Stack]<UL><LI>Max Depth = 24<LI>Call Chain = GPIO_Init
</UL>
<BR>[Called By]<UL><LI><a href="#[1cc]">&gt;&gt;</a>&nbsp;&nbsp;&nbsp;ADS7843_HardInit
<LI><a href="#[1c9]">&gt;&gt;</a>&nbsp;&nbsp;&nbsp;LCD_Init
<LI><a href="#[17a]">&gt;&gt;</a>&nbsp;&nbsp;&nbsp;SD_DeInit
<LI><a href="#[188]">&gt;&gt;</a>&nbsp;&nbsp;&nbsp;GPIO_Configuration
<LI><a href="#[168]">&gt;&gt;</a>&nbsp;&nbsp;&nbsp;SPI_FLASH_Init
<LI><a href="#[14b]">&gt;&gt;</a>&nbsp;&nbsp;&nbsp;LED_GPIO_Config
<LI><a href="#[150]">&gt;&gt;</a>&nbsp;&nbsp;&nbsp;Key_GPIO_Config
<LI><a href="#[14f]">&gt;&gt;</a>&nbsp;&nbsp;&nbsp;FSMC_InitLCD
<LI><a href="#[14d]">&gt;&gt;</a>&nbsp;&nbsp;&nbsp;FSMC_Init
<LI><a href="#[14c]">&gt;&gt;</a>&nbsp;&nbsp;&nbsp;Debug_USART_Config
</UL>

<P><STRONG><a name="[4df]"></a>GPIO_StructInit</STRONG> (Thumb, 16 bytes, Stack size 0 bytes, stm32f10x_gpio.o(.text), UNUSED)

<P><STRONG><a name="[179]"></a>GPIO_ReadInputDataBit</STRONG> (Thumb, 18 bytes, Stack size 0 bytes, stm32f10x_gpio.o(.text))
<BR><BR>[Called By]<UL><LI><a href="#[178]">&gt;&gt;</a>&nbsp;&nbsp;&nbsp;Key_Scan
</UL>

<P><STRONG><a name="[4e0]"></a>GPIO_ReadInputData</STRONG> (Thumb, 8 bytes, Stack size 0 bytes, stm32f10x_gpio.o(.text), UNUSED)

<P><STRONG><a name="[4e1]"></a>GPIO_ReadOutputDataBit</STRONG> (Thumb, 18 bytes, Stack size 0 bytes, stm32f10x_gpio.o(.text), UNUSED)

<P><STRONG><a name="[4e2]"></a>GPIO_ReadOutputData</STRONG> (Thumb, 8 bytes, Stack size 0 bytes, stm32f10x_gpio.o(.text), UNUSED)

<P><STRONG><a name="[167]"></a>GPIO_SetBits</STRONG> (Thumb, 4 bytes, Stack size 0 bytes, stm32f10x_gpio.o(.text))
<BR><BR>[Called By]<UL><LI><a href="#[1cb]">&gt;&gt;</a>&nbsp;&nbsp;&nbsp;LCD_BackLed_Control
<LI><a href="#[1c9]">&gt;&gt;</a>&nbsp;&nbsp;&nbsp;LCD_Init
<LI><a href="#[177]">&gt;&gt;</a>&nbsp;&nbsp;&nbsp;SPI_Flash_WAKEUP
<LI><a href="#[176]">&gt;&gt;</a>&nbsp;&nbsp;&nbsp;SPI_Flash_PowerDown
<LI><a href="#[172]">&gt;&gt;</a>&nbsp;&nbsp;&nbsp;SPI_FLASH_ReadDeviceID
<LI><a href="#[171]">&gt;&gt;</a>&nbsp;&nbsp;&nbsp;SPI_FLASH_BufferRead
<LI><a href="#[16f]">&gt;&gt;</a>&nbsp;&nbsp;&nbsp;SPI_FLASH_PageWrite
<LI><a href="#[16e]">&gt;&gt;</a>&nbsp;&nbsp;&nbsp;SPI_FLASH_BulkErase
<LI><a href="#[16d]">&gt;&gt;</a>&nbsp;&nbsp;&nbsp;SPI_FLASH_SectorErase
<LI><a href="#[16c]">&gt;&gt;</a>&nbsp;&nbsp;&nbsp;SPI_FLASH_WriteEnable
<LI><a href="#[16b]">&gt;&gt;</a>&nbsp;&nbsp;&nbsp;SPI_FLASH_WaitForWriteEnd
<LI><a href="#[168]">&gt;&gt;</a>&nbsp;&nbsp;&nbsp;SPI_FLASH_Init
<LI><a href="#[165]">&gt;&gt;</a>&nbsp;&nbsp;&nbsp;SPI_FLASH_ReadID
<LI><a href="#[14b]">&gt;&gt;</a>&nbsp;&nbsp;&nbsp;LED_GPIO_Config
</UL>

<P><STRONG><a name="[166]"></a>GPIO_ResetBits</STRONG> (Thumb, 4 bytes, Stack size 0 bytes, stm32f10x_gpio.o(.text))
<BR><BR>[Called By]<UL><LI><a href="#[1cb]">&gt;&gt;</a>&nbsp;&nbsp;&nbsp;LCD_BackLed_Control
<LI><a href="#[1c9]">&gt;&gt;</a>&nbsp;&nbsp;&nbsp;LCD_Init
<LI><a href="#[177]">&gt;&gt;</a>&nbsp;&nbsp;&nbsp;SPI_Flash_WAKEUP
<LI><a href="#[176]">&gt;&gt;</a>&nbsp;&nbsp;&nbsp;SPI_Flash_PowerDown
<LI><a href="#[173]">&gt;&gt;</a>&nbsp;&nbsp;&nbsp;SPI_FLASH_StartReadSequence
<LI><a href="#[172]">&gt;&gt;</a>&nbsp;&nbsp;&nbsp;SPI_FLASH_ReadDeviceID
<LI><a href="#[171]">&gt;&gt;</a>&nbsp;&nbsp;&nbsp;SPI_FLASH_BufferRead
<LI><a href="#[16f]">&gt;&gt;</a>&nbsp;&nbsp;&nbsp;SPI_FLASH_PageWrite
<LI><a href="#[16e]">&gt;&gt;</a>&nbsp;&nbsp;&nbsp;SPI_FLASH_BulkErase
<LI><a href="#[16d]">&gt;&gt;</a>&nbsp;&nbsp;&nbsp;SPI_FLASH_SectorErase
<LI><a href="#[16c]">&gt;&gt;</a>&nbsp;&nbsp;&nbsp;SPI_FLASH_WriteEnable
<LI><a href="#[16b]">&gt;&gt;</a>&nbsp;&nbsp;&nbsp;SPI_FLASH_WaitForWriteEnd
<LI><a href="#[165]">&gt;&gt;</a>&nbsp;&nbsp;&nbsp;SPI_FLASH_ReadID
</UL>

<P><STRONG><a name="[4e3]"></a>GPIO_WriteBit</STRONG> (Thumb, 10 bytes, Stack size 0 bytes, stm32f10x_gpio.o(.text), UNUSED)

<P><STRONG><a name="[4e4]"></a>GPIO_Write</STRONG> (Thumb, 4 bytes, Stack size 0 bytes, stm32f10x_gpio.o(.text), UNUSED)

<P><STRONG><a name="[4e5]"></a>GPIO_PinLockConfig</STRONG> (Thumb, 18 bytes, Stack size 0 bytes, stm32f10x_gpio.o(.text), UNUSED)

<P><STRONG><a name="[4e6]"></a>GPIO_EventOutputConfig</STRONG> (Thumb, 26 bytes, Stack size 0 bytes, stm32f10x_gpio.o(.text), UNUSED)

<P><STRONG><a name="[4e7]"></a>GPIO_EventOutputCmd</STRONG> (Thumb, 6 bytes, Stack size 0 bytes, stm32f10x_gpio.o(.text), UNUSED)

<P><STRONG><a name="[4e8]"></a>GPIO_PinRemapConfig</STRONG> (Thumb, 138 bytes, Stack size 20 bytes, stm32f10x_gpio.o(.text), UNUSED)

<P><STRONG><a name="[4e9]"></a>GPIO_EXTILineConfig</STRONG> (Thumb, 66 bytes, Stack size 12 bytes, stm32f10x_gpio.o(.text), UNUSED)

<P><STRONG><a name="[4ea]"></a>GPIO_ETH_MediaInterfaceConfig</STRONG> (Thumb, 8 bytes, Stack size 0 bytes, stm32f10x_gpio.o(.text), UNUSED)

<P><STRONG><a name="[4eb]"></a>RCC_DeInit</STRONG> (Thumb, 64 bytes, Stack size 0 bytes, stm32f10x_rcc.o(.text), UNUSED)

<P><STRONG><a name="[4ec]"></a>RCC_HSEConfig</STRONG> (Thumb, 70 bytes, Stack size 0 bytes, stm32f10x_rcc.o(.text), UNUSED)

<P><STRONG><a name="[13f]"></a>RCC_GetFlagStatus</STRONG> (Thumb, 56 bytes, Stack size 8 bytes, stm32f10x_rcc.o(.text), UNUSED)
<BR><BR>[Called By]<UL><LI><a href="#[13e]">&gt;&gt;</a>&nbsp;&nbsp;&nbsp;RCC_WaitForHSEStartUp
</UL>

<P><STRONG><a name="[13e]"></a>RCC_WaitForHSEStartUp</STRONG> (Thumb, 56 bytes, Stack size 16 bytes, stm32f10x_rcc.o(.text), UNUSED)
<BR><BR>[Calls]<UL><LI><a href="#[13f]">&gt;&gt;</a>&nbsp;&nbsp;&nbsp;RCC_GetFlagStatus
</UL>

<P><STRONG><a name="[4ed]"></a>RCC_AdjustHSICalibrationValue</STRONG> (Thumb, 20 bytes, Stack size 0 bytes, stm32f10x_rcc.o(.text), UNUSED)

<P><STRONG><a name="[4ee]"></a>RCC_HSICmd</STRONG> (Thumb, 6 bytes, Stack size 0 bytes, stm32f10x_rcc.o(.text), UNUSED)

<P><STRONG><a name="[4ef]"></a>RCC_PLLConfig</STRONG> (Thumb, 24 bytes, Stack size 0 bytes, stm32f10x_rcc.o(.text), UNUSED)

<P><STRONG><a name="[4f0]"></a>RCC_PLLCmd</STRONG> (Thumb, 6 bytes, Stack size 0 bytes, stm32f10x_rcc.o(.text), UNUSED)

<P><STRONG><a name="[4f1]"></a>RCC_SYSCLKConfig</STRONG> (Thumb, 18 bytes, Stack size 0 bytes, stm32f10x_rcc.o(.text), UNUSED)

<P><STRONG><a name="[4f2]"></a>RCC_GetSYSCLKSource</STRONG> (Thumb, 10 bytes, Stack size 0 bytes, stm32f10x_rcc.o(.text), UNUSED)

<P><STRONG><a name="[4f3]"></a>RCC_HCLKConfig</STRONG> (Thumb, 18 bytes, Stack size 0 bytes, stm32f10x_rcc.o(.text), UNUSED)

<P><STRONG><a name="[4f4]"></a>RCC_PCLK1Config</STRONG> (Thumb, 18 bytes, Stack size 0 bytes, stm32f10x_rcc.o(.text), UNUSED)

<P><STRONG><a name="[4f5]"></a>RCC_PCLK2Config</STRONG> (Thumb, 20 bytes, Stack size 0 bytes, stm32f10x_rcc.o(.text), UNUSED)

<P><STRONG><a name="[4f6]"></a>RCC_ITConfig</STRONG> (Thumb, 26 bytes, Stack size 0 bytes, stm32f10x_rcc.o(.text), UNUSED)

<P><STRONG><a name="[4f7]"></a>RCC_USBCLKConfig</STRONG> (Thumb, 8 bytes, Stack size 0 bytes, stm32f10x_rcc.o(.text), UNUSED)

<P><STRONG><a name="[4f8]"></a>RCC_ADCCLKConfig</STRONG> (Thumb, 18 bytes, Stack size 0 bytes, stm32f10x_rcc.o(.text), UNUSED)

<P><STRONG><a name="[4f9]"></a>RCC_LSEConfig</STRONG> (Thumb, 50 bytes, Stack size 0 bytes, stm32f10x_rcc.o(.text), UNUSED)

<P><STRONG><a name="[4fa]"></a>RCC_LSICmd</STRONG> (Thumb, 6 bytes, Stack size 0 bytes, stm32f10x_rcc.o(.text), UNUSED)

<P><STRONG><a name="[4fb]"></a>RCC_RTCCLKConfig</STRONG> (Thumb, 12 bytes, Stack size 0 bytes, stm32f10x_rcc.o(.text), UNUSED)

<P><STRONG><a name="[4fc]"></a>RCC_RTCCLKCmd</STRONG> (Thumb, 8 bytes, Stack size 0 bytes, stm32f10x_rcc.o(.text), UNUSED)

<P><STRONG><a name="[143]"></a>RCC_GetClocksFreq</STRONG> (Thumb, 192 bytes, Stack size 12 bytes, stm32f10x_rcc.o(.text))
<BR><BR>[Stack]<UL><LI>Max Depth = 12<LI>Call Chain = RCC_GetClocksFreq
</UL>
<BR>[Called By]<UL><LI><a href="#[145]">&gt;&gt;</a>&nbsp;&nbsp;&nbsp;USART_Init
<LI><a href="#[142]">&gt;&gt;</a>&nbsp;&nbsp;&nbsp;I2S_Init
</UL>

<P><STRONG><a name="[17e]"></a>RCC_AHBPeriphClockCmd</STRONG> (Thumb, 26 bytes, Stack size 0 bytes, stm32f10x_rcc.o(.text))
<BR><BR>[Called By]<UL><LI><a href="#[1d9]">&gt;&gt;</a>&nbsp;&nbsp;&nbsp;LCD_DMA_Init
<LI><a href="#[17a]">&gt;&gt;</a>&nbsp;&nbsp;&nbsp;SD_DeInit
<LI><a href="#[188]">&gt;&gt;</a>&nbsp;&nbsp;&nbsp;GPIO_Configuration
<LI><a href="#[14d]">&gt;&gt;</a>&nbsp;&nbsp;&nbsp;FSMC_Init
</UL>

<P><STRONG><a name="[155]"></a>RCC_APB2PeriphClockCmd</STRONG> (Thumb, 26 bytes, Stack size 0 bytes, stm32f10x_rcc.o(.text))
<BR><BR>[Called By]<UL><LI><a href="#[188]">&gt;&gt;</a>&nbsp;&nbsp;&nbsp;GPIO_Configuration
<LI><a href="#[168]">&gt;&gt;</a>&nbsp;&nbsp;&nbsp;SPI_FLASH_Init
<LI><a href="#[14b]">&gt;&gt;</a>&nbsp;&nbsp;&nbsp;LED_GPIO_Config
<LI><a href="#[150]">&gt;&gt;</a>&nbsp;&nbsp;&nbsp;Key_GPIO_Config
<LI><a href="#[14d]">&gt;&gt;</a>&nbsp;&nbsp;&nbsp;FSMC_Init
<LI><a href="#[14c]">&gt;&gt;</a>&nbsp;&nbsp;&nbsp;Debug_USART_Config
</UL>

<P><STRONG><a name="[4fd]"></a>RCC_APB1PeriphClockCmd</STRONG> (Thumb, 26 bytes, Stack size 0 bytes, stm32f10x_rcc.o(.text), UNUSED)

<P><STRONG><a name="[13c]"></a>RCC_APB2PeriphResetCmd</STRONG> (Thumb, 26 bytes, Stack size 0 bytes, stm32f10x_rcc.o(.text), UNUSED)
<BR><BR>[Called By]<UL><LI><a href="#[144]">&gt;&gt;</a>&nbsp;&nbsp;&nbsp;USART_DeInit
<LI><a href="#[140]">&gt;&gt;</a>&nbsp;&nbsp;&nbsp;SPI_I2S_DeInit
<LI><a href="#[13d]">&gt;&gt;</a>&nbsp;&nbsp;&nbsp;GPIO_AFIODeInit
<LI><a href="#[13b]">&gt;&gt;</a>&nbsp;&nbsp;&nbsp;GPIO_DeInit
</UL>

<P><STRONG><a name="[141]"></a>RCC_APB1PeriphResetCmd</STRONG> (Thumb, 26 bytes, Stack size 0 bytes, stm32f10x_rcc.o(.text), UNUSED)
<BR><BR>[Called By]<UL><LI><a href="#[144]">&gt;&gt;</a>&nbsp;&nbsp;&nbsp;USART_DeInit
<LI><a href="#[140]">&gt;&gt;</a>&nbsp;&nbsp;&nbsp;SPI_I2S_DeInit
</UL>

<P><STRONG><a name="[4fe]"></a>RCC_BackupResetCmd</STRONG> (Thumb, 8 bytes, Stack size 0 bytes, stm32f10x_rcc.o(.text), UNUSED)

<P><STRONG><a name="[4ff]"></a>RCC_ClockSecuritySystemCmd</STRONG> (Thumb, 6 bytes, Stack size 0 bytes, stm32f10x_rcc.o(.text), UNUSED)

<P><STRONG><a name="[500]"></a>RCC_MCOConfig</STRONG> (Thumb, 6 bytes, Stack size 0 bytes, stm32f10x_rcc.o(.text), UNUSED)

<P><STRONG><a name="[501]"></a>RCC_ClearFlag</STRONG> (Thumb, 14 bytes, Stack size 0 bytes, stm32f10x_rcc.o(.text), UNUSED)

<P><STRONG><a name="[502]"></a>RCC_GetITStatus</STRONG> (Thumb, 20 bytes, Stack size 0 bytes, stm32f10x_rcc.o(.text), UNUSED)

<P><STRONG><a name="[503]"></a>RCC_ClearITPendingBit</STRONG> (Thumb, 6 bytes, Stack size 0 bytes, stm32f10x_rcc.o(.text), UNUSED)

<P><STRONG><a name="[17d]"></a>SDIO_DeInit</STRONG> (Thumb, 28 bytes, Stack size 0 bytes, stm32f10x_sdio.o(.text))
<BR><BR>[Called By]<UL><LI><a href="#[19e]">&gt;&gt;</a>&nbsp;&nbsp;&nbsp;SD_Init
<LI><a href="#[17a]">&gt;&gt;</a>&nbsp;&nbsp;&nbsp;SD_DeInit
</UL>

<P><STRONG><a name="[193]"></a>SDIO_Init</STRONG> (Thumb, 42 bytes, Stack size 0 bytes, stm32f10x_sdio.o(.text))
<BR><BR>[Called By]<UL><LI><a href="#[19e]">&gt;&gt;</a>&nbsp;&nbsp;&nbsp;SD_Init
<LI><a href="#[19d]">&gt;&gt;</a>&nbsp;&nbsp;&nbsp;SD_PowerON
<LI><a href="#[192]">&gt;&gt;</a>&nbsp;&nbsp;&nbsp;SD_EnableWideBusOperation
</UL>

<P><STRONG><a name="[504]"></a>SDIO_StructInit</STRONG> (Thumb, 16 bytes, Stack size 0 bytes, stm32f10x_sdio.o(.text), UNUSED)

<P><STRONG><a name="[17b]"></a>SDIO_ClockCmd</STRONG> (Thumb, 6 bytes, Stack size 0 bytes, stm32f10x_sdio.o(.text))
<BR><BR>[Called By]<UL><LI><a href="#[19d]">&gt;&gt;</a>&nbsp;&nbsp;&nbsp;SD_PowerON
<LI><a href="#[17a]">&gt;&gt;</a>&nbsp;&nbsp;&nbsp;SD_DeInit
</UL>

<P><STRONG><a name="[17c]"></a>SDIO_SetPowerState</STRONG> (Thumb, 22 bytes, Stack size 0 bytes, stm32f10x_sdio.o(.text))
<BR><BR>[Called By]<UL><LI><a href="#[1a3]">&gt;&gt;</a>&nbsp;&nbsp;&nbsp;SD_PowerOFF
<LI><a href="#[19d]">&gt;&gt;</a>&nbsp;&nbsp;&nbsp;SD_PowerON
<LI><a href="#[17a]">&gt;&gt;</a>&nbsp;&nbsp;&nbsp;SD_DeInit
</UL>

<P><STRONG><a name="[199]"></a>SDIO_GetPowerState</STRONG> (Thumb, 10 bytes, Stack size 0 bytes, stm32f10x_sdio.o(.text))
<BR><BR>[Called By]<UL><LI><a href="#[198]">&gt;&gt;</a>&nbsp;&nbsp;&nbsp;SD_InitializeCards
</UL>

<P><STRONG><a name="[1a8]"></a>SDIO_ITConfig</STRONG> (Thumb, 26 bytes, Stack size 0 bytes, stm32f10x_sdio.o(.text))
<BR><BR>[Called By]<UL><LI><a href="#[1b2]">&gt;&gt;</a>&nbsp;&nbsp;&nbsp;SD_ProcessIRQSrc
<LI><a href="#[1ad]">&gt;&gt;</a>&nbsp;&nbsp;&nbsp;SD_WriteMultiBlocks
<LI><a href="#[1ac]">&gt;&gt;</a>&nbsp;&nbsp;&nbsp;SD_WriteBlock
<LI><a href="#[1aa]">&gt;&gt;</a>&nbsp;&nbsp;&nbsp;SD_ReadMultiBlocks
<LI><a href="#[1a6]">&gt;&gt;</a>&nbsp;&nbsp;&nbsp;SD_ReadBlock
</UL>

<P><STRONG><a name="[1a9]"></a>SDIO_DMACmd</STRONG> (Thumb, 6 bytes, Stack size 0 bytes, stm32f10x_sdio.o(.text))
<BR><BR>[Called By]<UL><LI><a href="#[1ad]">&gt;&gt;</a>&nbsp;&nbsp;&nbsp;SD_WriteMultiBlocks
<LI><a href="#[1ac]">&gt;&gt;</a>&nbsp;&nbsp;&nbsp;SD_WriteBlock
<LI><a href="#[1aa]">&gt;&gt;</a>&nbsp;&nbsp;&nbsp;SD_ReadMultiBlocks
<LI><a href="#[1a6]">&gt;&gt;</a>&nbsp;&nbsp;&nbsp;SD_ReadBlock
</UL>

<P><STRONG><a name="[18a]"></a>SDIO_SendCommand</STRONG> (Thumb, 38 bytes, Stack size 0 bytes, stm32f10x_sdio.o(.text))
<BR><BR>[Called By]<UL><LI><a href="#[1b1]">&gt;&gt;</a>&nbsp;&nbsp;&nbsp;SD_Erase
<LI><a href="#[1ad]">&gt;&gt;</a>&nbsp;&nbsp;&nbsp;SD_WriteMultiBlocks
<LI><a href="#[1ac]">&gt;&gt;</a>&nbsp;&nbsp;&nbsp;SD_WriteBlock
<LI><a href="#[1aa]">&gt;&gt;</a>&nbsp;&nbsp;&nbsp;SD_ReadMultiBlocks
<LI><a href="#[1a6]">&gt;&gt;</a>&nbsp;&nbsp;&nbsp;SD_ReadBlock
<LI><a href="#[1a4]">&gt;&gt;</a>&nbsp;&nbsp;&nbsp;SD_SendSDStatus
<LI><a href="#[19d]">&gt;&gt;</a>&nbsp;&nbsp;&nbsp;SD_PowerON
<LI><a href="#[198]">&gt;&gt;</a>&nbsp;&nbsp;&nbsp;SD_InitializeCards
<LI><a href="#[194]">&gt;&gt;</a>&nbsp;&nbsp;&nbsp;SD_SelectDeselect
<LI><a href="#[1b0]">&gt;&gt;</a>&nbsp;&nbsp;&nbsp;IsCardProgramming
<LI><a href="#[190]">&gt;&gt;</a>&nbsp;&nbsp;&nbsp;SDEnWideBus
<LI><a href="#[189]">&gt;&gt;</a>&nbsp;&nbsp;&nbsp;FindSCR
</UL>

<P><STRONG><a name="[505]"></a>SDIO_CmdStructInit</STRONG> (Thumb, 14 bytes, Stack size 0 bytes, stm32f10x_sdio.o(.text), UNUSED)

<P><STRONG><a name="[197]"></a>SDIO_GetCommandResponse</STRONG> (Thumb, 8 bytes, Stack size 0 bytes, stm32f10x_sdio.o(.text))
<BR><BR>[Called By]<UL><LI><a href="#[1b0]">&gt;&gt;</a>&nbsp;&nbsp;&nbsp;IsCardProgramming
<LI><a href="#[196]">&gt;&gt;</a>&nbsp;&nbsp;&nbsp;CmdResp6Error
</UL>

<P><STRONG><a name="[191]"></a>SDIO_GetResponse</STRONG> (Thumb, 22 bytes, Stack size 8 bytes, stm32f10x_sdio.o(.text))
<BR><BR>[Stack]<UL><LI>Max Depth = 8<LI>Call Chain = SDIO_GetResponse
</UL>
<BR>[Called By]<UL><LI><a href="#[1b1]">&gt;&gt;</a>&nbsp;&nbsp;&nbsp;SD_Erase
<LI><a href="#[1a4]">&gt;&gt;</a>&nbsp;&nbsp;&nbsp;SD_SendSDStatus
<LI><a href="#[19d]">&gt;&gt;</a>&nbsp;&nbsp;&nbsp;SD_PowerON
<LI><a href="#[198]">&gt;&gt;</a>&nbsp;&nbsp;&nbsp;SD_InitializeCards
<LI><a href="#[1b0]">&gt;&gt;</a>&nbsp;&nbsp;&nbsp;IsCardProgramming
<LI><a href="#[196]">&gt;&gt;</a>&nbsp;&nbsp;&nbsp;CmdResp6Error
<LI><a href="#[190]">&gt;&gt;</a>&nbsp;&nbsp;&nbsp;SDEnWideBus
</UL>

<P><STRONG><a name="[18c]"></a>SDIO_DataConfig</STRONG> (Thumb, 42 bytes, Stack size 0 bytes, stm32f10x_sdio.o(.text))
<BR><BR>[Called By]<UL><LI><a href="#[1ad]">&gt;&gt;</a>&nbsp;&nbsp;&nbsp;SD_WriteMultiBlocks
<LI><a href="#[1ac]">&gt;&gt;</a>&nbsp;&nbsp;&nbsp;SD_WriteBlock
<LI><a href="#[1aa]">&gt;&gt;</a>&nbsp;&nbsp;&nbsp;SD_ReadMultiBlocks
<LI><a href="#[1a6]">&gt;&gt;</a>&nbsp;&nbsp;&nbsp;SD_ReadBlock
<LI><a href="#[1a4]">&gt;&gt;</a>&nbsp;&nbsp;&nbsp;SD_SendSDStatus
<LI><a href="#[189]">&gt;&gt;</a>&nbsp;&nbsp;&nbsp;FindSCR
</UL>

<P><STRONG><a name="[506]"></a>SDIO_DataStructInit</STRONG> (Thumb, 20 bytes, Stack size 0 bytes, stm32f10x_sdio.o(.text), UNUSED)

<P><STRONG><a name="[507]"></a>SDIO_GetDataCounter</STRONG> (Thumb, 6 bytes, Stack size 0 bytes, stm32f10x_sdio.o(.text), UNUSED)

<P><STRONG><a name="[18e]"></a>SDIO_ReadData</STRONG> (Thumb, 8 bytes, Stack size 0 bytes, stm32f10x_sdio.o(.text))
<BR><BR>[Called By]<UL><LI><a href="#[1a4]">&gt;&gt;</a>&nbsp;&nbsp;&nbsp;SD_SendSDStatus
<LI><a href="#[189]">&gt;&gt;</a>&nbsp;&nbsp;&nbsp;FindSCR
</UL>

<P><STRONG><a name="[508]"></a>SDIO_WriteData</STRONG> (Thumb, 8 bytes, Stack size 0 bytes, stm32f10x_sdio.o(.text), UNUSED)

<P><STRONG><a name="[509]"></a>SDIO_GetFIFOCount</STRONG> (Thumb, 6 bytes, Stack size 0 bytes, stm32f10x_sdio.o(.text), UNUSED)

<P><STRONG><a name="[50a]"></a>SDIO_StartSDIOReadWait</STRONG> (Thumb, 8 bytes, Stack size 0 bytes, stm32f10x_sdio.o(.text), UNUSED)

<P><STRONG><a name="[50b]"></a>SDIO_StopSDIOReadWait</STRONG> (Thumb, 8 bytes, Stack size 0 bytes, stm32f10x_sdio.o(.text), UNUSED)

<P><STRONG><a name="[50c]"></a>SDIO_SetSDIOReadWaitMode</STRONG> (Thumb, 8 bytes, Stack size 0 bytes, stm32f10x_sdio.o(.text), UNUSED)

<P><STRONG><a name="[50d]"></a>SDIO_SetSDIOOperation</STRONG> (Thumb, 8 bytes, Stack size 0 bytes, stm32f10x_sdio.o(.text), UNUSED)

<P><STRONG><a name="[50e]"></a>SDIO_SendSDIOSuspendCmd</STRONG> (Thumb, 6 bytes, Stack size 0 bytes, stm32f10x_sdio.o(.text), UNUSED)

<P><STRONG><a name="[50f]"></a>SDIO_CommandCompletionCmd</STRONG> (Thumb, 8 bytes, Stack size 0 bytes, stm32f10x_sdio.o(.text), UNUSED)

<P><STRONG><a name="[510]"></a>SDIO_CEATAITCmd</STRONG> (Thumb, 12 bytes, Stack size 0 bytes, stm32f10x_sdio.o(.text), UNUSED)

<P><STRONG><a name="[511]"></a>SDIO_SendCEATACmd</STRONG> (Thumb, 8 bytes, Stack size 0 bytes, stm32f10x_sdio.o(.text), UNUSED)

<P><STRONG><a name="[18d]"></a>SDIO_GetFlagStatus</STRONG> (Thumb, 20 bytes, Stack size 0 bytes, stm32f10x_sdio.o(.text))
<BR><BR>[Called By]<UL><LI><a href="#[1a4]">&gt;&gt;</a>&nbsp;&nbsp;&nbsp;SD_SendSDStatus
<LI><a href="#[19c]">&gt;&gt;</a>&nbsp;&nbsp;&nbsp;CmdError
<LI><a href="#[189]">&gt;&gt;</a>&nbsp;&nbsp;&nbsp;FindSCR
</UL>

<P><STRONG><a name="[18f]"></a>SDIO_ClearFlag</STRONG> (Thumb, 6 bytes, Stack size 0 bytes, stm32f10x_sdio.o(.text))
<BR><BR>[Called By]<UL><LI><a href="#[1ae]">&gt;&gt;</a>&nbsp;&nbsp;&nbsp;SD_WaitWriteOperation
<LI><a href="#[1a4]">&gt;&gt;</a>&nbsp;&nbsp;&nbsp;SD_SendSDStatus
<LI><a href="#[1b0]">&gt;&gt;</a>&nbsp;&nbsp;&nbsp;IsCardProgramming
<LI><a href="#[19c]">&gt;&gt;</a>&nbsp;&nbsp;&nbsp;CmdError
<LI><a href="#[19b]">&gt;&gt;</a>&nbsp;&nbsp;&nbsp;CmdResp7Error
<LI><a href="#[19a]">&gt;&gt;</a>&nbsp;&nbsp;&nbsp;CmdResp3Error
<LI><a href="#[196]">&gt;&gt;</a>&nbsp;&nbsp;&nbsp;CmdResp6Error
<LI><a href="#[195]">&gt;&gt;</a>&nbsp;&nbsp;&nbsp;CmdResp2Error
<LI><a href="#[189]">&gt;&gt;</a>&nbsp;&nbsp;&nbsp;FindSCR
</UL>

<P><STRONG><a name="[512]"></a>SDIO_GetITStatus</STRONG> (Thumb, 20 bytes, Stack size 0 bytes, stm32f10x_sdio.o(.text), UNUSED)

<P><STRONG><a name="[1b3]"></a>SDIO_ClearITPendingBit</STRONG> (Thumb, 6 bytes, Stack size 0 bytes, stm32f10x_sdio.o(.text))
<BR><BR>[Called By]<UL><LI><a href="#[1b2]">&gt;&gt;</a>&nbsp;&nbsp;&nbsp;SD_ProcessIRQSrc
</UL>

<P><STRONG><a name="[140]"></a>SPI_I2S_DeInit</STRONG> (Thumb, 76 bytes, Stack size 8 bytes, stm32f10x_spi.o(.text), UNUSED)
<BR><BR>[Calls]<UL><LI><a href="#[141]">&gt;&gt;</a>&nbsp;&nbsp;&nbsp;RCC_APB1PeriphResetCmd
<LI><a href="#[13c]">&gt;&gt;</a>&nbsp;&nbsp;&nbsp;RCC_APB2PeriphResetCmd
</UL>

<P><STRONG><a name="[169]"></a>SPI_Init</STRONG> (Thumb, 60 bytes, Stack size 8 bytes, stm32f10x_spi.o(.text))
<BR><BR>[Stack]<UL><LI>Max Depth = 8<LI>Call Chain = SPI_Init
</UL>
<BR>[Called By]<UL><LI><a href="#[168]">&gt;&gt;</a>&nbsp;&nbsp;&nbsp;SPI_FLASH_Init
</UL>

<P><STRONG><a name="[142]"></a>I2S_Init</STRONG> (Thumb, 226 bytes, Stack size 56 bytes, stm32f10x_spi.o(.text), UNUSED)
<BR><BR>[Calls]<UL><LI><a href="#[143]">&gt;&gt;</a>&nbsp;&nbsp;&nbsp;RCC_GetClocksFreq
</UL>

<P><STRONG><a name="[513]"></a>SPI_StructInit</STRONG> (Thumb, 24 bytes, Stack size 0 bytes, stm32f10x_spi.o(.text), UNUSED)

<P><STRONG><a name="[514]"></a>I2S_StructInit</STRONG> (Thumb, 20 bytes, Stack size 0 bytes, stm32f10x_spi.o(.text), UNUSED)

<P><STRONG><a name="[16a]"></a>SPI_Cmd</STRONG> (Thumb, 24 bytes, Stack size 0 bytes, stm32f10x_spi.o(.text))
<BR><BR>[Called By]<UL><LI><a href="#[168]">&gt;&gt;</a>&nbsp;&nbsp;&nbsp;SPI_FLASH_Init
</UL>

<P><STRONG><a name="[515]"></a>I2S_Cmd</STRONG> (Thumb, 24 bytes, Stack size 0 bytes, stm32f10x_spi.o(.text), UNUSED)

<P><STRONG><a name="[516]"></a>SPI_I2S_ITConfig</STRONG> (Thumb, 32 bytes, Stack size 12 bytes, stm32f10x_spi.o(.text), UNUSED)

<P><STRONG><a name="[517]"></a>SPI_I2S_DMACmd</STRONG> (Thumb, 18 bytes, Stack size 0 bytes, stm32f10x_spi.o(.text), UNUSED)

<P><STRONG><a name="[163]"></a>SPI_I2S_SendData</STRONG> (Thumb, 4 bytes, Stack size 0 bytes, stm32f10x_spi.o(.text))
<BR><BR>[Called By]<UL><LI><a href="#[175]">&gt;&gt;</a>&nbsp;&nbsp;&nbsp;SPI_FLASH_SendHalfWord
<LI><a href="#[161]">&gt;&gt;</a>&nbsp;&nbsp;&nbsp;SPI_FLASH_SendByte
</UL>

<P><STRONG><a name="[164]"></a>SPI_I2S_ReceiveData</STRONG> (Thumb, 6 bytes, Stack size 0 bytes, stm32f10x_spi.o(.text))
<BR><BR>[Called By]<UL><LI><a href="#[175]">&gt;&gt;</a>&nbsp;&nbsp;&nbsp;SPI_FLASH_SendHalfWord
<LI><a href="#[161]">&gt;&gt;</a>&nbsp;&nbsp;&nbsp;SPI_FLASH_SendByte
</UL>

<P><STRONG><a name="[518]"></a>SPI_NSSInternalSoftwareConfig</STRONG> (Thumb, 30 bytes, Stack size 0 bytes, stm32f10x_spi.o(.text), UNUSED)

<P><STRONG><a name="[519]"></a>SPI_SSOutputCmd</STRONG> (Thumb, 24 bytes, Stack size 0 bytes, stm32f10x_spi.o(.text), UNUSED)

<P><STRONG><a name="[51a]"></a>SPI_DataSizeConfig</STRONG> (Thumb, 18 bytes, Stack size 0 bytes, stm32f10x_spi.o(.text), UNUSED)

<P><STRONG><a name="[51b]"></a>SPI_TransmitCRC</STRONG> (Thumb, 10 bytes, Stack size 0 bytes, stm32f10x_spi.o(.text), UNUSED)

<P><STRONG><a name="[51c]"></a>SPI_CalculateCRC</STRONG> (Thumb, 24 bytes, Stack size 0 bytes, stm32f10x_spi.o(.text), UNUSED)

<P><STRONG><a name="[51d]"></a>SPI_GetCRC</STRONG> (Thumb, 16 bytes, Stack size 0 bytes, stm32f10x_spi.o(.text), UNUSED)

<P><STRONG><a name="[51e]"></a>SPI_GetCRCPolynomial</STRONG> (Thumb, 6 bytes, Stack size 0 bytes, stm32f10x_spi.o(.text), UNUSED)

<P><STRONG><a name="[51f]"></a>SPI_BiDirectionalLineConfig</STRONG> (Thumb, 28 bytes, Stack size 0 bytes, stm32f10x_spi.o(.text), UNUSED)

[...]
<LI><a href="#[48f]">&gt;&gt;</a>&nbsp;&nbsp;&nbsp;color_tree_cleanup
</UL>

<P><STRONG><a name="[491]"></a>decodeGeneric</STRONG> (Thumb, 3200 bytes, Stack size 120 bytes, lodepng.o(i.decodeGeneric))
<BR><BR>[Stack]<UL><LI>Max Depth = 600<LI>Call Chain = decodeGeneric &rArr; lodepng_zlib_decompress &rArr; lodepng_inflatev &rArr; getTreeInflateDynamic &rArr; HuffmanTree_makeFromLengths2 &rArr; lodepng_realloc &rArr; GUI_VMEM_Alloc &rArr; GUI_MutexLock &rArr; xQueueTakeMutexRecursive &rArr; xQueueGenericReceive &rArr; xTaskResumeAll &rArr; xTaskIncrementTick &rArr; __2printf
</UL>
<BR>[Calls]<UL><LI><a href="#[43b]">&gt;&gt;</a>&nbsp;&nbsp;&nbsp;lodepng_realloc
<LI><a href="#[439]">&gt;&gt;</a>&nbsp;&nbsp;&nbsp;lodepng_malloc
<LI><a href="#[43c]">&gt;&gt;</a>&nbsp;&nbsp;&nbsp;lodepng_free
<LI><a href="#[495]">&gt;&gt;</a>&nbsp;&nbsp;&nbsp;lodepng_zlib_decompress
<LI><a href="#[492]">&gt;&gt;</a>&nbsp;&nbsp;&nbsp;lodepng_inspect
<LI><a href="#[497]">&gt;&gt;</a>&nbsp;&nbsp;&nbsp;lodepng_get_bpp
<LI><a href="#[494]">&gt;&gt;</a>&nbsp;&nbsp;&nbsp;lodepng_add_text
<LI><a href="#[496]">&gt;&gt;</a>&nbsp;&nbsp;&nbsp;lodepng_add_itext
<LI><a href="#[493]">&gt;&gt;</a>&nbsp;&nbsp;&nbsp;ucvector_resize
<LI><a href="#[498]">&gt;&gt;</a>&nbsp;&nbsp;&nbsp;postProcessScanlines
<LI><a href="#[33d]">&gt;&gt;</a>&nbsp;&nbsp;&nbsp;strlen
</UL>
<BR>[Called By]<UL><LI><a href="#[4a9]">&gt;&gt;</a>&nbsp;&nbsp;&nbsp;lodepng_decode
</UL>

<P><STRONG><a name="[4a8]"></a>getPixelColorsRGBA8</STRONG> (Thumb, 926 bytes, Stack size 36 bytes, lodepng.o(i.getPixelColorsRGBA8))
<BR><BR>[Stack]<UL><LI>Max Depth = 36<LI>Call Chain = getPixelColorsRGBA8
</UL>
<BR>[Called By]<UL><LI><a href="#[4a6]">&gt;&gt;</a>&nbsp;&nbsp;&nbsp;lodepng_convert
</UL>

<P><STRONG><a name="[49d]"></a>getTreeInflateDynamic</STRONG> (Thumb, 1034 bytes, Stack size 88 bytes, lodepng.o(i.getTreeInflateDynamic))
<BR><BR>[Stack]<UL><LI>Max Depth = 320<LI>Call Chain = getTreeInflateDynamic &rArr; HuffmanTree_makeFromLengths2 &rArr; lodepng_realloc &rArr; GUI_VMEM_Alloc &rArr; GUI_MutexLock &rArr; xQueueTakeMutexRecursive &rArr; xQueueGenericReceive &rArr; xTaskResumeAll &rArr; xTaskIncrementTick &rArr; __2printf
</UL>
<BR>[Calls]<UL><LI><a href="#[439]">&gt;&gt;</a>&nbsp;&nbsp;&nbsp;lodepng_malloc
<LI><a href="#[43c]">&gt;&gt;</a>&nbsp;&nbsp;&nbsp;lodepng_free
<LI><a href="#[49e]">&gt;&gt;</a>&nbsp;&nbsp;&nbsp;readBitsFromStream
<LI><a href="#[43a]">&gt;&gt;</a>&nbsp;&nbsp;&nbsp;HuffmanTree_makeFromLengths2
</UL>
<BR>[Called By]<UL><LI><a href="#[4ac]">&gt;&gt;</a>&nbsp;&nbsp;&nbsp;lodepng_inflatev
</UL>

<P><STRONG><a name="[4a7]"></a>lodepng_color_mode_equal</STRONG> (Thumb, 104 bytes, Stack size 4 bytes, lodepng.o(i.lodepng_color_mode_equal))
<BR><BR>[Stack]<UL><LI>Max Depth = 4<LI>Call Chain = lodepng_color_mode_equal
</UL>
<BR>[Called By]<UL><LI><a href="#[4a9]">&gt;&gt;</a>&nbsp;&nbsp;&nbsp;lodepng_decode
<LI><a href="#[4a6]">&gt;&gt;</a>&nbsp;&nbsp;&nbsp;lodepng_convert
</UL>

<P><STRONG><a name="[4ac]"></a>lodepng_inflatev</STRONG> (Thumb, 1004 bytes, Stack size 120 bytes, lodepng.o(i.lodepng_inflatev))
<BR><BR>[Stack]<UL><LI>Max Depth = 440<LI>Call Chain = lodepng_inflatev &rArr; getTreeInflateDynamic &rArr; HuffmanTree_makeFromLengths2 &rArr; lodepng_realloc &rArr; GUI_VMEM_Alloc &rArr; GUI_MutexLock &rArr; xQueueTakeMutexRecursive &rArr; xQueueGenericReceive &rArr; xTaskResumeAll &rArr; xTaskIncrementTick &rArr; __2printf
</UL>
<BR>[Calls]<UL><LI><a href="#[439]">&gt;&gt;</a>&nbsp;&nbsp;&nbsp;lodepng_malloc
<LI><a href="#[43c]">&gt;&gt;</a>&nbsp;&nbsp;&nbsp;lodepng_free
<LI><a href="#[493]">&gt;&gt;</a>&nbsp;&nbsp;&nbsp;ucvector_resize
<LI><a href="#[49d]">&gt;&gt;</a>&nbsp;&nbsp;&nbsp;getTreeInflateDynamic
<LI><a href="#[438]">&gt;&gt;</a>&nbsp;&nbsp;&nbsp;HuffmanTree_makeFromLengths
<LI><a href="#[1e3]">&gt;&gt;</a>&nbsp;&nbsp;&nbsp;__aeabi_memcpy
</UL>
<BR>[Called By]<UL><LI><a href="#[495]">&gt;&gt;</a>&nbsp;&nbsp;&nbsp;lodepng_zlib_decompress
</UL>

<P><STRONG><a name="[498]"></a>postProcessScanlines</STRONG> (Thumb, 776 bytes, Stack size 376 bytes, lodepng.o(i.postProcessScanlines))
<BR><BR>[Stack]<UL><LI>Max Depth = 432<LI>Call Chain = postProcessScanlines &rArr; unfilter
</UL>
<BR>[Calls]<UL><LI><a href="#[497]">&gt;&gt;</a>&nbsp;&nbsp;&nbsp;lodepng_get_bpp
<LI><a href="#[4af]">&gt;&gt;</a>&nbsp;&nbsp;&nbsp;unfilter
<LI><a href="#[4b0]">&gt;&gt;</a>&nbsp;&nbsp;&nbsp;removePaddingBits
<LI><a href="#[4ae]">&gt;&gt;</a>&nbsp;&nbsp;&nbsp;Adam7_getpassvalues
</UL>
<BR>[Called By]<UL><LI><a href="#[491]">&gt;&gt;</a>&nbsp;&nbsp;&nbsp;decodeGeneric
</UL>

<P><STRONG><a name="[49e]"></a>readBitsFromStream</STRONG> (Thumb, 58 bytes, Stack size 12 bytes, lodepng.o(i.readBitsFromStream))
<BR><BR>[Stack]<UL><LI>Max Depth = 12<LI>Call Chain = readBitsFromStream
</UL>
<BR>[Called By]<UL><LI><a href="#[49d]">&gt;&gt;</a>&nbsp;&nbsp;&nbsp;getTreeInflateDynamic
</UL>

<P><STRONG><a name="[4b0]"></a>removePaddingBits</STRONG> (Thumb, 122 bytes, Stack size 32 bytes, lodepng.o(i.removePaddingBits))
<BR><BR>[Stack]<UL><LI>Max Depth = 32<LI>Call Chain = removePaddingBits
</UL>
<BR>[Called By]<UL><LI><a href="#[498]">&gt;&gt;</a>&nbsp;&nbsp;&nbsp;postProcessScanlines
</UL>

<P><STRONG><a name="[4a3]"></a>string_init</STRONG> (Thumb, 26 bytes, Stack size 16 bytes, lodepng.o(i.string_init))
<BR><BR>[Stack]<UL><LI>Max Depth = 208<LI>Call Chain = string_init &rArr; lodepng_realloc &rArr; GUI_VMEM_Alloc &rArr; GUI_MutexLock &rArr; xQueueTakeMutexRecursive &rArr; xQueueGenericReceive &rArr; xTaskResumeAll &rArr; xTaskIncrementTick &rArr; __2printf
</UL>
<BR>[Calls]<UL><LI><a href="#[43b]">&gt;&gt;</a>&nbsp;&nbsp;&nbsp;lodepng_realloc
</UL>
<BR>[Called By]<UL><LI><a href="#[494]">&gt;&gt;</a>&nbsp;&nbsp;&nbsp;lodepng_add_text
<LI><a href="#[496]">&gt;&gt;</a>&nbsp;&nbsp;&nbsp;lodepng_add_itext
</UL>

<P><STRONG><a name="[4a4]"></a>string_set</STRONG> (Thumb, 56 bytes, Stack size 16 bytes, lodepng.o(i.string_set))
<BR><BR>[Stack]<UL><LI>Max Depth = 208<LI>Call Chain = string_set &rArr; lodepng_realloc &rArr; GUI_VMEM_Alloc &rArr; GUI_MutexLock &rArr; xQueueTakeMutexRecursive &rArr; xQueueGenericReceive &rArr; xTaskResumeAll &rArr; xTaskIncrementTick &rArr; __2printf
</UL>
<BR>[Calls]<UL><LI><a href="#[43b]">&gt;&gt;</a>&nbsp;&nbsp;&nbsp;lodepng_realloc
<LI><a href="#[33d]">&gt;&gt;</a>&nbsp;&nbsp;&nbsp;strlen
</UL>
<BR>[Called By]<UL><LI><a href="#[494]">&gt;&gt;</a>&nbsp;&nbsp;&nbsp;lodepng_add_text
<LI><a href="#[496]">&gt;&gt;</a>&nbsp;&nbsp;&nbsp;lodepng_add_itext
</UL>

<P><STRONG><a name="[493]"></a>ucvector_resize</STRONG> (Thumb, 50 bytes, Stack size 16 bytes, lodepng.o(i.ucvector_resize))
<BR><BR>[Stack]<UL><LI>Max Depth = 208<LI>Call Chain = ucvector_resize &rArr; lodepng_realloc &rArr; GUI_VMEM_Alloc &rArr; GUI_MutexLock &rArr; xQueueTakeMutexRecursive &rArr; xQueueGenericReceive &rArr; xTaskResumeAll &rArr; xTaskIncrementTick &rArr; __2printf
</UL>
<BR>[Calls]<UL><LI><a href="#[43b]">&gt;&gt;</a>&nbsp;&nbsp;&nbsp;lodepng_realloc
</UL>
<BR>[Called By]<UL><LI><a href="#[4ac]">&gt;&gt;</a>&nbsp;&nbsp;&nbsp;lodepng_inflatev
<LI><a href="#[491]">&gt;&gt;</a>&nbsp;&nbsp;&nbsp;decodeGeneric
</UL>

<P><STRONG><a name="[4af]"></a>unfilter</STRONG> (Thumb, 476 bytes, Stack size 56 bytes, lodepng.o(i.unfilter))
<BR><BR>[Stack]<UL><LI>Max Depth = 56<LI>Call Chain = unfilter
</UL>
<BR>[Called By]<UL><LI><a href="#[498]">&gt;&gt;</a>&nbsp;&nbsp;&nbsp;postProcessScanlines
</UL>

<P><STRONG><a name="[4b1]"></a>pushbutton_paint</STRONG> (Thumb, 68 bytes, Stack size 32 bytes, widget_button2.o(i.pushbutton_paint))
<BR><BR>[Stack]<UL><LI>Max Depth = 264<LI>Call Chain = pushbutton_paint &rArr; SendMessage &rArr; PostMessage &rArr; WIN_Lock &rArr; GUI_Lock &rArr; GUI_MutexLock &rArr; xQueueTakeMutexRecursive &rArr; xQueueGenericReceive &rArr; xTaskResumeAll &rArr; xTaskIncrementTick &rArr; __2printf
</UL>
<BR>[Calls]<UL><LI><a href="#[28d]">&gt;&gt;</a>&nbsp;&nbsp;&nbsp;SendMessage
<LI><a href="#[4b2]">&gt;&gt;</a>&nbsp;&nbsp;&nbsp;GetButtonOEM
<LI><a href="#[361]">&gt;&gt;</a>&nbsp;&nbsp;&nbsp;GetParent
</UL>
<BR>[Called By]<UL><LI><a href="#[130]">&gt;&gt;</a>&nbsp;&nbsp;&nbsp;win_proc
</UL>

<P><STRONG><a name="[130]"></a>win_proc</STRONG> (Thumb, 1016 bytes, Stack size 128 bytes, widget_button2.o(i.win_proc))
<BR><BR>[Stack]<UL><LI>Max Depth = 1344<LI>Call Chain = win_proc &rArr; DefWindowProc &rArr; DestroyWindow &rArr;  DestroyWindow (Cycle)
</UL>
<BR>[Calls]<UL><LI><a href="#[2c5]">&gt;&gt;</a>&nbsp;&nbsp;&nbsp;MapRGB
<LI><a href="#[4b4]">&gt;&gt;</a>&nbsp;&nbsp;&nbsp;GetRadioBoxOEM
<LI><a href="#[291]">&gt;&gt;</a>&nbsp;&nbsp;&nbsp;GetClientRect
<LI><a href="#[28d]">&gt;&gt;</a>&nbsp;&nbsp;&nbsp;SendMessage
<LI><a href="#[4b3]">&gt;&gt;</a>&nbsp;&nbsp;&nbsp;GetCheckBoxOEM
<LI><a href="#[27e]">&gt;&gt;</a>&nbsp;&nbsp;&nbsp;SetBrushColor
<LI><a href="#[27f]">&gt;&gt;</a>&nbsp;&nbsp;&nbsp;FillRect
<LI><a href="#[372]">&gt;&gt;</a>&nbsp;&nbsp;&nbsp;SetWindowLong
<LI><a href="#[366]">&gt;&gt;</a>&nbsp;&nbsp;&nbsp;InvalidateRect
<LI><a href="#[358]">&gt;&gt;</a>&nbsp;&nbsp;&nbsp;GetWindowLong
<LI><a href="#[361]">&gt;&gt;</a>&nbsp;&nbsp;&nbsp;GetParent
<LI><a href="#[34d]">&gt;&gt;</a>&nbsp;&nbsp;&nbsp;EndPaint
<LI><a href="#[34c]">&gt;&gt;</a>&nbsp;&nbsp;&nbsp;BeginPaint
<LI><a href="#[32f]">&gt;&gt;</a>&nbsp;&nbsp;&nbsp;DefWindowProc
<LI><a href="#[449]">&gt;&gt;</a>&nbsp;&nbsp;&nbsp;NotifyParent
<LI><a href="#[434]">&gt;&gt;</a>&nbsp;&nbsp;&nbsp;GetWindow
<LI><a href="#[432]">&gt;&gt;</a>&nbsp;&nbsp;&nbsp;GetFocus
<LI><a href="#[3cc]">&gt;&gt;</a>&nbsp;&nbsp;&nbsp;CommFace_DrawFocusRect
<LI><a href="#[453]">&gt;&gt;</a>&nbsp;&nbsp;&nbsp;SetFocus
<LI><a href="#[4b1]">&gt;&gt;</a>&nbsp;&nbsp;&nbsp;pushbutton_paint
</UL>
<BR>[Address Reference Count : 1]<UL><LI> widget_button2.o(.constdata)
</UL>
<P><STRONG><a name="[131]"></a>win_proc</STRONG> (Thumb, 242 bytes, Stack size 120 bytes, widget_groupbox2.o(i.win_proc))
<BR><BR>[Stack]<UL><LI>Max Depth = 1336<LI>Call Chain = win_proc &rArr; DefWindowProc &rArr; DestroyWindow &rArr;  DestroyWindow (Cycle)
</UL>
<BR>[Calls]<UL><LI><a href="#[2c5]">&gt;&gt;</a>&nbsp;&nbsp;&nbsp;MapRGB
<LI><a href="#[291]">&gt;&gt;</a>&nbsp;&nbsp;&nbsp;GetClientRect
<LI><a href="#[28d]">&gt;&gt;</a>&nbsp;&nbsp;&nbsp;SendMessage
<LI><a href="#[4b5]">&gt;&gt;</a>&nbsp;&nbsp;&nbsp;GetGroupBoxOEM
<LI><a href="#[27e]">&gt;&gt;</a>&nbsp;&nbsp;&nbsp;SetBrushColor
<LI><a href="#[27f]">&gt;&gt;</a>&nbsp;&nbsp;&nbsp;FillRect
<LI><a href="#[358]">&gt;&gt;</a>&nbsp;&nbsp;&nbsp;GetWindowLong
<LI><a href="#[361]">&gt;&gt;</a>&nbsp;&nbsp;&nbsp;GetParent
<LI><a href="#[34d]">&gt;&gt;</a>&nbsp;&nbsp;&nbsp;EndPaint
<LI><a href="#[34c]">&gt;&gt;</a>&nbsp;&nbsp;&nbsp;BeginPaint
<LI><a href="#[32f]">&gt;&gt;</a>&nbsp;&nbsp;&nbsp;DefWindowProc
</UL>
<BR>[Address Reference Count : 1]<UL><LI> widget_groupbox2.o(.constdata)
</UL>
<P><STRONG><a name="[4b6]"></a>listbox_find_item</STRONG> (Thumb, 48 bytes, Stack size 0 bytes, widget_listbox2.o(i.listbox_find_item))
<BR><BR>[Called By]<UL><LI><a href="#[132]">&gt;&gt;</a>&nbsp;&nbsp;&nbsp;win_proc
</UL>

<P><STRONG><a name="[132]"></a>win_proc</STRONG> (Thumb, 2452 bytes, Stack size 136 bytes, widget_listbox2.o(i.win_proc))
<BR><BR>[Stack]<UL><LI>Max Depth = 1352<LI>Call Chain = win_proc &rArr; DefWindowProc &rArr; DestroyWindow &rArr;  DestroyWindow (Cycle)
</UL>
<BR>[Calls]<UL><LI><a href="#[2e4]">&gt;&gt;</a>&nbsp;&nbsp;&nbsp;PtInRect
<LI><a href="#[2d2]">&gt;&gt;</a>&nbsp;&nbsp;&nbsp;GUI_MEM_Free
<LI><a href="#[2d0]">&gt;&gt;</a>&nbsp;&nbsp;&nbsp;GUI_MEM_Alloc
<LI><a href="#[2c5]">&gt;&gt;</a>&nbsp;&nbsp;&nbsp;MapRGB
<LI><a href="#[2af]">&gt;&gt;</a>&nbsp;&nbsp;&nbsp;GUI_GetTickCount
<LI><a href="#[297]">&gt;&gt;</a>&nbsp;&nbsp;&nbsp;GetFontAveHeight
<LI><a href="#[291]">&gt;&gt;</a>&nbsp;&nbsp;&nbsp;GetClientRect
<LI><a href="#[28d]">&gt;&gt;</a>&nbsp;&nbsp;&nbsp;SendMessage
<LI><a href="#[4b8]">&gt;&gt;</a>&nbsp;&nbsp;&nbsp;GetListBoxOEM
<LI><a href="#[27e]">&gt;&gt;</a>&nbsp;&nbsp;&nbsp;SetBrushColor
<LI><a href="#[27f]">&gt;&gt;</a>&nbsp;&nbsp;&nbsp;FillRect
<LI><a href="#[372]">&gt;&gt;</a>&nbsp;&nbsp;&nbsp;SetWindowLong
<LI><a href="#[366]">&gt;&gt;</a>&nbsp;&nbsp;&nbsp;InvalidateRect
<LI><a href="#[358]">&gt;&gt;</a>&nbsp;&nbsp;&nbsp;GetWindowLong
<LI><a href="#[361]">&gt;&gt;</a>&nbsp;&nbsp;&nbsp;GetParent
<LI><a href="#[34d]">&gt;&gt;</a>&nbsp;&nbsp;&nbsp;EndPaint
<LI><a href="#[34c]">&gt;&gt;</a>&nbsp;&nbsp;&nbsp;BeginPaint
<LI><a href="#[32b]">&gt;&gt;</a>&nbsp;&nbsp;&nbsp;SetTimer
<LI><a href="#[32f]">&gt;&gt;</a>&nbsp;&nbsp;&nbsp;DefWindowProc
<LI><a href="#[449]">&gt;&gt;</a>&nbsp;&nbsp;&nbsp;NotifyParent
<LI><a href="#[3ec]">&gt;&gt;</a>&nbsp;&nbsp;&nbsp;GUI_wstrlen
<LI><a href="#[448]">&gt;&gt;</a>&nbsp;&nbsp;&nbsp;GUI_abs
<LI><a href="#[3ed]">&gt;&gt;</a>&nbsp;&nbsp;&nbsp;GUI_wstrncpy
<LI><a href="#[3ea]">&gt;&gt;</a>&nbsp;&nbsp;&nbsp;GUI_wstr_free
<LI><a href="#[3eb]">&gt;&gt;</a>&nbsp;&nbsp;&nbsp;GUI_wstr_alloc
<LI><a href="#[42d]">&gt;&gt;</a>&nbsp;&nbsp;&nbsp;GUI_TimerStart
<LI><a href="#[42c]">&gt;&gt;</a>&nbsp;&nbsp;&nbsp;GUI_TimerSetInterval
<LI><a href="#[4b7]">&gt;&gt;</a>&nbsp;&nbsp;&nbsp;GUI_TimerFromId
<LI><a href="#[4b6]">&gt;&gt;</a>&nbsp;&nbsp;&nbsp;listbox_find_item
</UL>
<BR>[Address Reference Count : 1]<UL><LI> widget_listbox2.o(.constdata)
</UL>
<P><STRONG><a name="[133]"></a>win_proc</STRONG> (Thumb, 412 bytes, Stack size 120 bytes, widget_progressbar2.o(i.win_proc))
<BR><BR>[Stack]<UL><LI>Max Depth = 1336<LI>Call Chain = win_proc &rArr; DefWindowProc &rArr; DestroyWindow &rArr;  DestroyWindow (Cycle)
</UL>
<BR>[Calls]<UL><LI><a href="#[2c5]">&gt;&gt;</a>&nbsp;&nbsp;&nbsp;MapRGB
<LI><a href="#[291]">&gt;&gt;</a>&nbsp;&nbsp;&nbsp;GetClientRect
<LI><a href="#[4b9]">&gt;&gt;</a>&nbsp;&nbsp;&nbsp;GetProgressBarOEM
<LI><a href="#[28d]">&gt;&gt;</a>&nbsp;&nbsp;&nbsp;SendMessage
<LI><a href="#[27e]">&gt;&gt;</a>&nbsp;&nbsp;&nbsp;SetBrushColor
<LI><a href="#[27f]">&gt;&gt;</a>&nbsp;&nbsp;&nbsp;FillRect
<LI><a href="#[366]">&gt;&gt;</a>&nbsp;&nbsp;&nbsp;InvalidateRect
<LI><a href="#[358]">&gt;&gt;</a>&nbsp;&nbsp;&nbsp;GetWindowLong
<LI><a href="#[361]">&gt;&gt;</a>&nbsp;&nbsp;&nbsp;GetParent
<LI><a href="#[34d]">&gt;&gt;</a>&nbsp;&nbsp;&nbsp;EndPaint
<LI><a href="#[34c]">&gt;&gt;</a>&nbsp;&nbsp;&nbsp;BeginPaint
<LI><a href="#[32f]">&gt;&gt;</a>&nbsp;&nbsp;&nbsp;DefWindowProc
</UL>
<BR>[Address Reference Count : 1]<UL><LI> widget_progressbar2.o(.constdata)
</UL>
<P><STRONG><a name="[49f]"></a>get_hscroll_rect</STRONG> (Thumb, 134 bytes, Stack size 40 bytes, widget_scrollbar2.o(i.get_hscroll_rect))
<BR><BR>[Stack]<UL><LI>Max Depth = 56<LI>Call Chain = get_hscroll_rect &rArr; make_hscroll_by_value
</UL>
<BR>[Calls]<UL><LI><a href="#[2c4]">&gt;&gt;</a>&nbsp;&nbsp;&nbsp;CopyRect
<LI><a href="#[27d]">&gt;&gt;</a>&nbsp;&nbsp;&nbsp;InflateRect
<LI><a href="#[4a0]">&gt;&gt;</a>&nbsp;&nbsp;&nbsp;make_hscroll_by_value
</UL>
<BR>[Called By]<UL><LI><a href="#[134]">&gt;&gt;</a>&nbsp;&nbsp;&nbsp;win_proc
</UL>

<P><STRONG><a name="[4a1]"></a>get_vscroll_rect</STRONG> (Thumb, 134 bytes, Stack size 40 bytes, widget_scrollbar2.o(i.get_vscroll_rect))
<BR><BR>[Stack]<UL><LI>Max Depth = 56<LI>Call Chain = get_vscroll_rect &rArr; make_vscroll_by_value
</UL>
<BR>[Calls]<UL><LI><a href="#[2c4]">&gt;&gt;</a>&nbsp;&nbsp;&nbsp;CopyRect
<LI><a href="#[27d]">&gt;&gt;</a>&nbsp;&nbsp;&nbsp;InflateRect
<LI><a href="#[4a2]">&gt;&gt;</a>&nbsp;&nbsp;&nbsp;make_vscroll_by_value
</UL>
<BR>[Called By]<UL><LI><a href="#[134]">&gt;&gt;</a>&nbsp;&nbsp;&nbsp;win_proc
</UL>

<P><STRONG><a name="[4a0]"></a>make_hscroll_by_value</STRONG> (Thumb, 134 bytes, Stack size 16 bytes, widget_scrollbar2.o(i.make_hscroll_by_value))
<BR><BR>[Stack]<UL><LI>Max Depth = 16<LI>Call Chain = make_hscroll_by_value
</UL>
<BR>[Calls]<UL><LI><a href="#[2c4]">&gt;&gt;</a>&nbsp;&nbsp;&nbsp;CopyRect
<LI><a href="#[4ad]">&gt;&gt;</a>&nbsp;&nbsp;&nbsp;SetRectEmpty
</UL>
<BR>[Called By]<UL><LI><a href="#[49f]">&gt;&gt;</a>&nbsp;&nbsp;&nbsp;get_hscroll_rect
</UL>

<P><STRONG><a name="[4a2]"></a>make_vscroll_by_value</STRONG> (Thumb, 134 bytes, Stack size 16 bytes, widget_scrollbar2.o(i.make_vscroll_by_value))
<BR><BR>[Stack]<UL><LI>Max Depth = 16<LI>Call Chain = make_vscroll_by_value
</UL>
<BR>[Calls]<UL><LI><a href="#[2c4]">&gt;&gt;</a>&nbsp;&nbsp;&nbsp;CopyRect
<LI><a href="#[4ad]">&gt;&gt;</a>&nbsp;&nbsp;&nbsp;SetRectEmpty
</UL>
<BR>[Called By]<UL><LI><a href="#[4a1]">&gt;&gt;</a>&nbsp;&nbsp;&nbsp;get_vscroll_rect
</UL>

<P><STRONG><a name="[134]"></a>win_proc</STRONG> (Thumb, 1836 bytes, Stack size 192 bytes, widget_scrollbar2.o(i.win_proc))
<BR><BR>[Stack]<UL><LI>Max Depth = 1408<LI>Call Chain = win_proc &rArr; DefWindowProc &rArr; DestroyWindow &rArr;  DestroyWindow (Cycle)
</UL>
<BR>[Calls]<UL><LI><a href="#[2e4]">&gt;&gt;</a>&nbsp;&nbsp;&nbsp;PtInRect
<LI><a href="#[2c5]">&gt;&gt;</a>&nbsp;&nbsp;&nbsp;MapRGB
<LI><a href="#[2c4]">&gt;&gt;</a>&nbsp;&nbsp;&nbsp;CopyRect
<LI><a href="#[4ba]">&gt;&gt;</a>&nbsp;&nbsp;&nbsp;GetScrollBarOEM
<LI><a href="#[291]">&gt;&gt;</a>&nbsp;&nbsp;&nbsp;GetClientRect
<LI><a href="#[28d]">&gt;&gt;</a>&nbsp;&nbsp;&nbsp;SendMessage
<LI><a href="#[27e]">&gt;&gt;</a>&nbsp;&nbsp;&nbsp;SetBrushColor
<LI><a href="#[27f]">&gt;&gt;</a>&nbsp;&nbsp;&nbsp;FillRect
<LI><a href="#[36c]">&gt;&gt;</a>&nbsp;&nbsp;&nbsp;NotifyParentEx
<LI><a href="#[366]">&gt;&gt;</a>&nbsp;&nbsp;&nbsp;InvalidateRect
<LI><a href="#[358]">&gt;&gt;</a>&nbsp;&nbsp;&nbsp;GetWindowLong
<LI><a href="#[361]">&gt;&gt;</a>&nbsp;&nbsp;&nbsp;GetParent
<LI><a href="#[34d]">&gt;&gt;</a>&nbsp;&nbsp;&nbsp;EndPaint
<LI><a href="#[34c]">&gt;&gt;</a>&nbsp;&nbsp;&nbsp;BeginPaint
<LI><a href="#[32f]">&gt;&gt;</a>&nbsp;&nbsp;&nbsp;DefWindowProc
<LI><a href="#[448]">&gt;&gt;</a>&nbsp;&nbsp;&nbsp;GUI_abs
<LI><a href="#[452]">&gt;&gt;</a>&nbsp;&nbsp;&nbsp;SetCapture
<LI><a href="#[450]">&gt;&gt;</a>&nbsp;&nbsp;&nbsp;ReleaseCapture
<LI><a href="#[4a1]">&gt;&gt;</a>&nbsp;&nbsp;&nbsp;get_vscroll_rect
<LI><a href="#[49f]">&gt;&gt;</a>&nbsp;&nbsp;&nbsp;get_hscroll_rect
</UL>
<BR>[Address Reference Count : 1]<UL><LI> widget_scrollbar2.o(.constdata)
</UL>
<P><STRONG><a name="[135]"></a>win_proc</STRONG> (Thumb, 366 bytes, Stack size 120 bytes, widget_textbox2.o(i.win_proc))
<BR><BR>[Stack]<UL><LI>Max Depth = 1336<LI>Call Chain = win_proc &rArr; DefWindowProc &rArr; DestroyWindow &rArr;  DestroyWindow (Cycle)
</UL>
<BR>[Calls]<UL><LI><a href="#[2c5]">&gt;&gt;</a>&nbsp;&nbsp;&nbsp;MapRGB
<LI><a href="#[4bb]">&gt;&gt;</a>&nbsp;&nbsp;&nbsp;GetTextBoxOEM
<LI><a href="#[291]">&gt;&gt;</a>&nbsp;&nbsp;&nbsp;GetClientRect
<LI><a href="#[28d]">&gt;&gt;</a>&nbsp;&nbsp;&nbsp;SendMessage
<LI><a href="#[27e]">&gt;&gt;</a>&nbsp;&nbsp;&nbsp;SetBrushColor
<LI><a href="#[27f]">&gt;&gt;</a>&nbsp;&nbsp;&nbsp;FillRect
<LI><a href="#[366]">&gt;&gt;</a>&nbsp;&nbsp;&nbsp;InvalidateRect
<LI><a href="#[358]">&gt;&gt;</a>&nbsp;&nbsp;&nbsp;GetWindowLong
<LI><a href="#[361]">&gt;&gt;</a>&nbsp;&nbsp;&nbsp;GetParent
<LI><a href="#[34d]">&gt;&gt;</a>&nbsp;&nbsp;&nbsp;EndPaint
<LI><a href="#[34c]">&gt;&gt;</a>&nbsp;&nbsp;&nbsp;BeginPaint
<LI><a href="#[32f]">&gt;&gt;</a>&nbsp;&nbsp;&nbsp;DefWindowProc
<LI><a href="#[449]">&gt;&gt;</a>&nbsp;&nbsp;&nbsp;NotifyParent
</UL>
<BR>[Address Reference Count : 1]<UL><LI> widget_textbox2.o(.constdata)
</UL>
<P><STRONG><a name="[471]"></a>_printf_core</STRONG> (Thumb, 436 bytes, Stack size 96 bytes, printf3.o(i._printf_core), UNUSED)
<BR><BR>[Calls]<UL><LI><a href="#[48d]">&gt;&gt;</a>&nbsp;&nbsp;&nbsp;__aeabi_uidivmod
</UL>
<BR>[Called By]<UL><LI><a href="#[472]">&gt;&gt;</a>&nbsp;&nbsp;&nbsp;__0sprintf$3
<LI><a href="#[470]">&gt;&gt;</a>&nbsp;&nbsp;&nbsp;__0printf$3
</UL>

<P><STRONG><a name="[e7]"></a>_sputc</STRONG> (Thumb, 10 bytes, Stack size 0 bytes, printf3.o(i._sputc))
<BR><BR>[Called By]<UL><LI><a href="#[472]">&gt;&gt;</a>&nbsp;&nbsp;&nbsp;__0sprintf$3
</UL>
<BR>[Address Reference Count : 1]<UL><LI> printf3.o(i.__0sprintf$3)
</UL><P>
<H3>
Undefined Global Symbols
</H3><HR></body></html>
