<!doctype html public "-//w3c//dtd html 4.0 transitional//en">
<html><head>
<title>Static Call Graph - [..\..\Output\Fire_FreeRTOS.axf]</title></head>
<body><HR>
<H1>Static Call Graph for image ..\..\Output\Fire_FreeRTOS.axf</H1><HR>
<BR><P>#&#060CALLGRAPH&#062# ARM Linker, 5060750: Last Updated: Sat Jul 06 09:33:46 2019
<BR><P>
<H3>Maximum Stack Usage =       1272 bytes + Unknown(Cycles, Untraceable Function Pointers)</H3><H3>
Call chain for Maximum Stack Depth:</H3>
GUI_Thread_Entry &rArr; GUI_Startup &rArr; GUI_DesktopStartup &rArr; ShowWindow &rArr; SetWindowPos &rArr; _SetWindowPos &rArr; _HideWindow &rArr; _RedrawWindow &rArr;  _RedrawWindow (Cycle)
<P>
<H3>
Mutually Recursive functions
</H3> <LI><a href="#[1c]">ADC1_2_IRQHandler</a>&nbsp;&nbsp;&nbsp;&rArr;&nbsp;&nbsp;&nbsp;<a href="#[1c]">ADC1_2_IRQHandler</a><BR>
 <LI><a href="#[33c]">_SetWindowClipFlag</a>&nbsp;&nbsp;&nbsp;&rArr;&nbsp;&nbsp;&nbsp;<a href="#[33c]">_SetWindowClipFlag</a><BR>
 <LI><a href="#[300]">GUI_PaintHandler</a>&nbsp;&nbsp;&nbsp;&rArr;&nbsp;&nbsp;&nbsp;<a href="#[300]">GUI_PaintHandler</a><BR>
 <LI><a href="#[33d]">_RedrawWindow</a>&nbsp;&nbsp;&nbsp;&rArr;&nbsp;&nbsp;&nbsp;<a href="#[33d]">_RedrawWindow</a><BR>
 <LI><a href="#[357]">_SendMessage_WM_SIZE_AllChild</a>&nbsp;&nbsp;&nbsp;&rArr;&nbsp;&nbsp;&nbsp;<a href="#[357]">_SendMessage_WM_SIZE_AllChild</a><BR>
 <LI><a href="#[356]">_SendMessage_WM_MOVE_AllChild</a>&nbsp;&nbsp;&nbsp;&rArr;&nbsp;&nbsp;&nbsp;<a href="#[356]">_SendMessage_WM_MOVE_AllChild</a><BR>
 <LI><a href="#[354]">_OffsetWindowRect</a>&nbsp;&nbsp;&nbsp;&rArr;&nbsp;&nbsp;&nbsp;<a href="#[354]">_OffsetWindowRect</a><BR>
 <LI><a href="#[17c]">disk_write</a>&nbsp;&nbsp;&nbsp;&rArr;&nbsp;&nbsp;&nbsp;<a href="#[17c]">disk_write</a><BR>
 <LI><a href="#[17a]">disk_read</a>&nbsp;&nbsp;&nbsp;&rArr;&nbsp;&nbsp;&nbsp;<a href="#[17a]">disk_read</a><BR>
 <LI><a href="#[326]">_GetWindowFromPoint</a>&nbsp;&nbsp;&nbsp;&rArr;&nbsp;&nbsp;&nbsp;<a href="#[326]">_GetWindowFromPoint</a><BR>
 <LI><a href="#[2cf]">DestroyWindow</a>&nbsp;&nbsp;&nbsp;&rArr;&nbsp;&nbsp;&nbsp;<a href="#[2cf]">DestroyWindow</a><BR>
</UL>
<P>
<H3>
Function Pointers
</H3><UL>
 <LI><a href="#[1c]">ADC1_2_IRQHandler</a> from startup_stm32f10x_hd.o(.text) referenced from startup_stm32f10x_hd.o(RESET)
 <LI><a href="#[39]">ADC3_IRQHandler</a> from startup_stm32f10x_hd.o(.text) referenced from startup_stm32f10x_hd.o(RESET)
 <LI><a href="#[4]">BusFault_Handler</a> from stm32f10x_it.o(.text) referenced from startup_stm32f10x_hd.o(RESET)
 <LI><a href="#[1f]">CAN1_RX1_IRQHandler</a> from startup_stm32f10x_hd.o(.text) referenced from startup_stm32f10x_hd.o(RESET)
 <LI><a href="#[20]">CAN1_SCE_IRQHandler</a> from startup_stm32f10x_hd.o(.text) referenced from startup_stm32f10x_hd.o(RESET)
 <LI><a href="#[15]">DMA1_Channel1_IRQHandler</a> from startup_stm32f10x_hd.o(.text) referenced from startup_stm32f10x_hd.o(RESET)
 <LI><a href="#[16]">DMA1_Channel2_IRQHandler</a> from startup_stm32f10x_hd.o(.text) referenced from startup_stm32f10x_hd.o(RESET)
 <LI><a href="#[17]">DMA1_Channel3_IRQHandler</a> from startup_stm32f10x_hd.o(.text) referenced from startup_stm32f10x_hd.o(RESET)
 <LI><a href="#[18]">DMA1_Channel4_IRQHandler</a> from startup_stm32f10x_hd.o(.text) referenced from startup_stm32f10x_hd.o(RESET)
 <LI><a href="#[19]">DMA1_Channel5_IRQHandler</a> from startup_stm32f10x_hd.o(.text) referenced from startup_stm32f10x_hd.o(RESET)
 <LI><a href="#[1a]">DMA1_Channel6_IRQHandler</a> from startup_stm32f10x_hd.o(.text) referenced from startup_stm32f10x_hd.o(RESET)
 <LI><a href="#[1b]">DMA1_Channel7_IRQHandler</a> from startup_stm32f10x_hd.o(.text) referenced from startup_stm32f10x_hd.o(RESET)
 <LI><a href="#[42]">DMA2_Channel1_IRQHandler</a> from startup_stm32f10x_hd.o(.text) referenced from startup_stm32f10x_hd.o(RESET)
 <LI><a href="#[43]">DMA2_Channel2_IRQHandler</a> from startup_stm32f10x_hd.o(.text) referenced from startup_stm32f10x_hd.o(RESET)
 <LI><a href="#[44]">DMA2_Channel3_IRQHandler</a> from startup_stm32f10x_hd.o(.text) referenced from startup_stm32f10x_hd.o(RESET)
 <LI><a href="#[45]">DMA2_Channel4_5_IRQHandler</a> from startup_stm32f10x_hd.o(.text) referenced from startup_stm32f10x_hd.o(RESET)
 <LI><a href="#[7]">DebugMon_Handler</a> from stm32f10x_it.o(.text) referenced from startup_stm32f10x_hd.o(RESET)
 <LI><a href="#[10]">EXTI0_IRQHandler</a> from startup_stm32f10x_hd.o(.text) referenced from startup_stm32f10x_hd.o(RESET)
 <LI><a href="#[32]">EXTI15_10_IRQHandler</a> from startup_stm32f10x_hd.o(.text) referenced from startup_stm32f10x_hd.o(RESET)
 <LI><a href="#[11]">EXTI1_IRQHandler</a> from startup_stm32f10x_hd.o(.text) referenced from startup_stm32f10x_hd.o(RESET)
 <LI><a href="#[12]">EXTI2_IRQHandler</a> from startup_stm32f10x_hd.o(.text) referenced from startup_stm32f10x_hd.o(RESET)
 <LI><a href="#[13]">EXTI3_IRQHandler</a> from startup_stm32f10x_hd.o(.text) referenced from startup_stm32f10x_hd.o(RESET)
 <LI><a href="#[14]">EXTI4_IRQHandler</a> from startup_stm32f10x_hd.o(.text) referenced from startup_stm32f10x_hd.o(RESET)
 <LI><a href="#[21]">EXTI9_5_IRQHandler</a> from startup_stm32f10x_hd.o(.text) referenced from startup_stm32f10x_hd.o(RESET)
 <LI><a href="#[e]">FLASH_IRQHandler</a> from startup_stm32f10x_hd.o(.text) referenced from startup_stm32f10x_hd.o(RESET)
 <LI><a href="#[3a]">FSMC_IRQHandler</a> from startup_stm32f10x_hd.o(.text) referenced from startup_stm32f10x_hd.o(RESET)
 <LI><a href="#[a9]">GL8_copy_bits</a> from gl_mem_8bpp.o(i.GL8_copy_bits) referenced from gl_mem_8bpp.o(i.GL_MEM_8BPP_Init)
 <LI><a href="#[b6]">GL8_draw_bitmap_AL1</a> from gl_mem_8bpp.o(i.GL8_draw_bitmap_AL1) referenced from gl_mem_8bpp.o(i.GL_MEM_8BPP_Init)
 <LI><a href="#[b7]">GL8_draw_bitmap_AL2</a> from gl_mem_8bpp.o(i.GL8_draw_bitmap_AL2) referenced from gl_mem_8bpp.o(i.GL_MEM_8BPP_Init)
 <LI><a href="#[b8]">GL8_draw_bitmap_AL4</a> from gl_mem_8bpp.o(i.GL8_draw_bitmap_AL4) referenced from gl_mem_8bpp.o(i.GL_MEM_8BPP_Init)
 <LI><a href="#[b9]">GL8_draw_bitmap_AL8</a> from gl_mem_8bpp.o(i.GL8_draw_bitmap_AL8) referenced from gl_mem_8bpp.o(i.GL_MEM_8BPP_Init)
 <LI><a href="#[b1]">GL8_draw_bitmap_ARGB1555</a> from gl_mem_8bpp.o(i.GL8_draw_bitmap_ARGB1555) referenced from gl_mem_8bpp.o(i.GL_MEM_8BPP_Init)
 <LI><a href="#[b2]">GL8_draw_bitmap_ARGB4444</a> from gl_mem_8bpp.o(i.GL8_draw_bitmap_ARGB4444) referenced from gl_mem_8bpp.o(i.GL_MEM_8BPP_Init)
 <LI><a href="#[b5]">GL8_draw_bitmap_ARGB8888</a> from gl_mem_8bpp.o(i.GL8_draw_bitmap_ARGB8888) referenced from gl_mem_8bpp.o(i.GL_MEM_8BPP_Init)
 <LI><a href="#[aa]">GL8_draw_bitmap_LUT1</a> from gl_mem_8bpp.o(i.GL8_draw_bitmap_LUT1) referenced from gl_mem_8bpp.o(i.GL_MEM_8BPP_Init)
 <LI><a href="#[ab]">GL8_draw_bitmap_LUT2</a> from gl_mem_8bpp.o(i.GL8_draw_bitmap_LUT2) referenced from gl_mem_8bpp.o(i.GL_MEM_8BPP_Init)
 <LI><a href="#[ac]">GL8_draw_bitmap_LUT4</a> from gl_mem_8bpp.o(i.GL8_draw_bitmap_LUT4) referenced from gl_mem_8bpp.o(i.GL_MEM_8BPP_Init)
 <LI><a href="#[ad]">GL8_draw_bitmap_LUT8</a> from gl_mem_8bpp.o(i.GL8_draw_bitmap_LUT8) referenced from gl_mem_8bpp.o(i.GL_MEM_8BPP_Init)
 <LI><a href="#[ae]">GL8_draw_bitmap_RGB332</a> from gl_mem_8bpp.o(i.GL8_draw_bitmap_RGB332) referenced from gl_mem_8bpp.o(i.GL_MEM_8BPP_Init)
 <LI><a href="#[af]">GL8_draw_bitmap_RGB565</a> from gl_mem_8bpp.o(i.GL8_draw_bitmap_RGB565) referenced from gl_mem_8bpp.o(i.GL_MEM_8BPP_Init)
 <LI><a href="#[b3]">GL8_draw_bitmap_RGB888</a> from gl_mem_8bpp.o(i.GL8_draw_bitmap_RGB888) referenced from gl_mem_8bpp.o(i.GL_MEM_8BPP_Init)
 <LI><a href="#[b0]">GL8_draw_bitmap_XRGB1555</a> from gl_mem_8bpp.o(i.GL8_draw_bitmap_XRGB1555) referenced from gl_mem_8bpp.o(i.GL_MEM_8BPP_Init)
 <LI><a href="#[b4]">GL8_draw_bitmap_XRGB8888</a> from gl_mem_8bpp.o(i.GL8_draw_bitmap_XRGB8888) referenced from gl_mem_8bpp.o(i.GL_MEM_8BPP_Init)
 <LI><a href="#[a6]">GL8_draw_hline</a> from gl_mem_8bpp.o(i.GL8_draw_hline) referenced from gl_mem_8bpp.o(i.GL_MEM_8BPP_Init)
 <LI><a href="#[a7]">GL8_draw_vline</a> from gl_mem_8bpp.o(i.GL8_draw_vline) referenced from gl_mem_8bpp.o(i.GL_MEM_8BPP_Init)
 <LI><a href="#[a8]">GL8_fill_rect</a> from gl_mem_8bpp.o(i.GL8_fill_rect) referenced from gl_mem_8bpp.o(i.GL_MEM_8BPP_Init)
 <LI><a href="#[a4]">GL8_get_pixel</a> from gl_mem_8bpp.o(i.GL8_get_pixel) referenced from gl_mem_8bpp.o(i.GL_MEM_8BPP_Init)
 <LI><a href="#[bb]">GL8_rotate_bitmap</a> from gl_mem_8bpp.o(i.GL8_rotate_bitmap) referenced from gl_mem_8bpp.o(i.GL_MEM_8BPP_Init)
 <LI><a href="#[ba]">GL8_scale_bitmap</a> from gl_mem_8bpp.o(i.GL8_scale_bitmap) referenced from gl_mem_8bpp.o(i.GL_MEM_8BPP_Init)
 <LI><a href="#[a2]">GL8_set_addr</a> from gl_mem_8bpp.o(i.GL8_set_addr) referenced from gl_mem_8bpp.o(i.GL_MEM_8BPP_Init)
 <LI><a href="#[a3]">GL8_set_pixel</a> from gl_mem_8bpp.o(i.GL8_set_pixel) referenced from gl_mem_8bpp.o(i.GL_MEM_8BPP_Init)
 <LI><a href="#[a5]">GL8_xor_pixel</a> from gl_mem_8bpp.o(i.GL8_xor_pixel) referenced from gl_mem_8bpp.o(i.GL_MEM_8BPP_Init)
 <LI><a href="#[49]">GUI_Thread_Entry</a> from main.o(.text) referenced from main.o(.text)
 <LI><a href="#[c2]">GetPoint</a> from ads7843.o(.text) referenced from ads7843.o(.constdata)
 <LI><a href="#[c1]">GetSample</a> from ads7843.o(.text) referenced from ads7843.o(.constdata)
 <LI><a href="#[c0]">GetState</a> from ads7843.o(.text) referenced from ads7843.o(.constdata)
 <LI><a href="#[2]">HardFault_Handler</a> from stm32f10x_it.o(.text) referenced from startup_stm32f10x_hd.o(RESET)
 <LI><a href="#[2a]">I2C1_ER_IRQHandler</a> from startup_stm32f10x_hd.o(.text) referenced from startup_stm32f10x_hd.o(RESET)
 <LI><a href="#[29]">I2C1_EV_IRQHandler</a> from startup_stm32f10x_hd.o(.text) referenced from startup_stm32f10x_hd.o(RESET)
 <LI><a href="#[2c]">I2C2_ER_IRQHandler</a> from startup_stm32f10x_hd.o(.text) referenced from startup_stm32f10x_hd.o(RESET)
 <LI><a href="#[2b]">I2C2_EV_IRQHandler</a> from startup_stm32f10x_hd.o(.text) referenced from startup_stm32f10x_hd.o(RESET)
 <LI><a href="#[bf]">Init</a> from ads7843.o(.text) referenced from ads7843.o(.constdata)
 <LI><a href="#[c3]">LoadCfg</a> from ads7843.o(.text) referenced from ads7843.o(.constdata)
 <LI><a href="#[3]">MemManage_Handler</a> from stm32f10x_it.o(.text) referenced from startup_stm32f10x_hd.o(RESET)
 <LI><a href="#[1]">NMI_Handler</a> from stm32f10x_it.o(.text) referenced from startup_stm32f10x_hd.o(RESET)
 <LI><a href="#[b]">PVD_IRQHandler</a> from startup_stm32f10x_hd.o(.text) referenced from startup_stm32f10x_hd.o(RESET)
 <LI><a href="#[8]">PendSV_Handler</a> from port.o(.emb_text) referenced from startup_stm32f10x_hd.o(RESET)
 <LI><a href="#[f]">RCC_IRQHandler</a> from startup_stm32f10x_hd.o(.text) referenced from startup_stm32f10x_hd.o(RESET)
 <LI><a href="#[33]">RTCAlarm_IRQHandler</a> from startup_stm32f10x_hd.o(.text) referenced from startup_stm32f10x_hd.o(RESET)
 <LI><a href="#[d]">RTC_IRQHandler</a> from startup_stm32f10x_hd.o(.text) referenced from startup_stm32f10x_hd.o(RESET)
 <LI><a href="#[0]">Reset_Handler</a> from startup_stm32f10x_hd.o(.text) referenced from startup_stm32f10x_hd.o(RESET)
 <LI><a href="#[3b]">SDIO_IRQHandler</a> from bsp_sdio_sdcard.o(.text) referenced from startup_stm32f10x_hd.o(RESET)
 <LI><a href="#[2d]">SPI1_IRQHandler</a> from startup_stm32f10x_hd.o(.text) referenced from startup_stm32f10x_hd.o(RESET)
 <LI><a href="#[2e]">SPI2_IRQHandler</a> from startup_stm32f10x_hd.o(.text) referenced from startup_stm32f10x_hd.o(RESET)
 <LI><a href="#[3d]">SPI3_IRQHandler</a> from startup_stm32f10x_hd.o(.text) referenced from startup_stm32f10x_hd.o(RESET)
 <LI><a href="#[6]">SVC_Handler</a> from port.o(.emb_text) referenced from startup_stm32f10x_hd.o(RESET)
 <LI><a href="#[c4]">SaveCfg</a> from ads7843.o(.text) referenced from ads7843.o(.constdata)
 <LI><a href="#[9]">SysTick_Handler</a> from stm32f10x_it.o(.text) referenced from startup_stm32f10x_hd.o(RESET)
 <LI><a href="#[47]">SystemInit</a> from system_stm32f10x.o(.text) referenced from startup_stm32f10x_hd.o(.text)
 <LI><a href="#[c]">TAMPER_IRQHandler</a> from startup_stm32f10x_hd.o(.text) referenced from startup_stm32f10x_hd.o(RESET)
 <LI><a href="#[22]">TIM1_BRK_IRQHandler</a> from startup_stm32f10x_hd.o(.text) referenced from startup_stm32f10x_hd.o(RESET)
 <LI><a href="#[25]">TIM1_CC_IRQHandler</a> from startup_stm32f10x_hd.o(.text) referenced from startup_stm32f10x_hd.o(RESET)
 <LI><a href="#[24]">TIM1_TRG_COM_IRQHandler</a> from startup_stm32f10x_hd.o(.text) referenced from startup_stm32f10x_hd.o(RESET)
 <LI><a href="#[23]">TIM1_UP_IRQHandler</a> from startup_stm32f10x_hd.o(.text) referenced from startup_stm32f10x_hd.o(RESET)
 <LI><a href="#[26]">TIM2_IRQHandler</a> from startup_stm32f10x_hd.o(.text) referenced from startup_stm32f10x_hd.o(RESET)
 <LI><a href="#[27]">TIM3_IRQHandler</a> from startup_stm32f10x_hd.o(.text) referenced from startup_stm32f10x_hd.o(RESET)
 <LI><a href="#[28]">TIM4_IRQHandler</a> from startup_stm32f10x_hd.o(.text) referenced from startup_stm32f10x_hd.o(RESET)
 <LI><a href="#[3c]">TIM5_IRQHandler</a> from startup_stm32f10x_hd.o(.text) referenced from startup_stm32f10x_hd.o(RESET)
 <LI><a href="#[40]">TIM6_IRQHandler</a> from startup_stm32f10x_hd.o(.text) referenced from startup_stm32f10x_hd.o(RESET)
 <LI><a href="#[41]">TIM7_IRQHandler</a> from startup_stm32f10x_hd.o(.text) referenced from startup_stm32f10x_hd.o(RESET)
 <LI><a href="#[35]">TIM8_BRK_IRQHandler</a> from startup_stm32f10x_hd.o(.text) referenced from startup_stm32f10x_hd.o(RESET)
 <LI><a href="#[38]">TIM8_CC_IRQHandler</a> from startup_stm32f10x_hd.o(.text) referenced from startup_stm32f10x_hd.o(RESET)
 <LI><a href="#[37]">TIM8_TRG_COM_IRQHandler</a> from startup_stm32f10x_hd.o(.text) referenced from startup_stm32f10x_hd.o(RESET)
 <LI><a href="#[36]">TIM8_UP_IRQHandler</a> from startup_stm32f10x_hd.o(.text) referenced from startup_stm32f10x_hd.o(RESET)
 <LI><a href="#[3e]">UART4_IRQHandler</a> from startup_stm32f10x_hd.o(.text) referenced from startup_stm32f10x_hd.o(RESET)
 <LI><a href="#[3f]">UART5_IRQHandler</a> from startup_stm32f10x_hd.o(.text) referenced from startup_stm32f10x_hd.o(RESET)
 <LI><a href="#[2f]">USART1_IRQHandler</a> from startup_stm32f10x_hd.o(.text) referenced from startup_stm32f10x_hd.o(RESET)
 <LI><a href="#[30]">USART2_IRQHandler</a> from startup_stm32f10x_hd.o(.text) referenced from startup_stm32f10x_hd.o(RESET)
 <LI><a href="#[31]">USART3_IRQHandler</a> from startup_stm32f10x_hd.o(.text) referenced from startup_stm32f10x_hd.o(RESET)
 <LI><a href="#[34]">USBWakeUp_IRQHandler</a> from startup_stm32f10x_hd.o(.text) referenced from startup_stm32f10x_hd.o(RESET)
 <LI><a href="#[1d]">USB_HP_CAN1_TX_IRQHandler</a> from startup_stm32f10x_hd.o(.text) referenced from startup_stm32f10x_hd.o(RESET)
 <LI><a href="#[1e]">USB_LP_CAN1_RX0_IRQHandler</a> from startup_stm32f10x_hd.o(.text) referenced from startup_stm32f10x_hd.o(RESET)
 <LI><a href="#[5]">UsageFault_Handler</a> from stm32f10x_it.o(.text) referenced from startup_stm32f10x_hd.o(RESET)
 <LI><a href="#[a]">WWDG_IRQHandler</a> from startup_stm32f10x_hd.o(.text) referenced from startup_stm32f10x_hd.o(RESET)
 <LI><a href="#[bc]">_AA_HLine</a> from gui_aa_core.o(i._AA_HLine) referenced from gui_aa_core.o(i.GUI_AA_Begin)
 <LI><a href="#[d8]">_GetARGB</a> from surface_rgb565.o(i._GetARGB) referenced from surface_rgb565.o(.constdata)
 <LI><a href="#[d7]">_GetRGB</a> from surface_rgb565.o(i._GetRGB) referenced from surface_rgb565.o(.constdata)
 <LI><a href="#[d6]">_MapARGB</a> from surface_rgb565.o(i._MapARGB) referenced from surface_rgb565.o(.constdata)
 <LI><a href="#[d5]">_MapRGB</a> from surface_rgb565.o(i._MapRGB) referenced from surface_rgb565.o(.constdata)
 <LI><a href="#[cf]">_MapRGB332</a> from surface_rgb565.o(i._MapRGB332) referenced from surface_rgb565.o(.constdata)
 <LI><a href="#[d0]">_MapRGB565</a> from surface_rgb565.o(i._MapRGB565) referenced from surface_rgb565.o(.constdata)
 <LI><a href="#[d1]">_MapXRGB1555</a> from surface_rgb565.o(i._MapXRGB1555) referenced 2 times from surface_rgb565.o(.constdata)
 <LI><a href="#[d2]">_MapXRGB4444</a> from surface_rgb565.o(i._MapXRGB4444) referenced 2 times from surface_rgb565.o(.constdata)
 <LI><a href="#[d3]">_MapXRGB8888</a> from surface_rgb565.o(i._MapXRGB8888) referenced 2 times from surface_rgb565.o(.constdata)
 <LI><a href="#[d4]">_ToARGB</a> from surface_rgb565.o(i._ToARGB) referenced from surface_rgb565.o(.constdata)
 <LI><a href="#[57]">__copy_bits</a> from gl_ext_lcd_16bit.o(i.__copy_bits) referenced from gl_ext_lcd_16bit.o(i.EXT_LCD_CreateSurfaceRGB565)
 <LI><a href="#[73]">__copy_bits</a> from gl_mem_16bpp.o(i.__copy_bits) referenced from gl_mem_16bpp.o(i.GL_MEM_16BPP_Init)
 <LI><a href="#[8f]">__copy_bits</a> from gl_mem_32bpp.o(i.__copy_bits) referenced from gl_mem_32bpp.o(i.GL_MEM_32BPP_Init)
 <LI><a href="#[c5]">__create_font</a> from gui_font_xft.o(i.__create_font) referenced 2 times from gui_font_xft.o(.constdata)
 <LI><a href="#[c6]">__delete_font</a> from gui_font_xft.o(i.__delete_font) referenced 2 times from gui_font_xft.o(.constdata)
 <LI><a href="#[64]">__draw_bitmap_AL1</a> from gl_ext_lcd_16bit.o(i.__draw_bitmap_AL1) referenced from gl_ext_lcd_16bit.o(i.EXT_LCD_CreateSurfaceRGB565)
 <LI><a href="#[80]">__draw_bitmap_AL1</a> from gl_mem_16bpp.o(i.__draw_bitmap_AL1) referenced from gl_mem_16bpp.o(i.GL_MEM_16BPP_Init)
 <LI><a href="#[9c]">__draw_bitmap_AL1</a> from gl_mem_32bpp.o(i.__draw_bitmap_AL1) referenced from gl_mem_32bpp.o(i.GL_MEM_32BPP_Init)
 <LI><a href="#[65]">__draw_bitmap_AL2</a> from gl_ext_lcd_16bit.o(i.__draw_bitmap_AL2) referenced from gl_ext_lcd_16bit.o(i.EXT_LCD_CreateSurfaceRGB565)
 <LI><a href="#[81]">__draw_bitmap_AL2</a> from gl_mem_16bpp.o(i.__draw_bitmap_AL2) referenced from gl_mem_16bpp.o(i.GL_MEM_16BPP_Init)
 <LI><a href="#[9d]">__draw_bitmap_AL2</a> from gl_mem_32bpp.o(i.__draw_bitmap_AL2) referenced from gl_mem_32bpp.o(i.GL_MEM_32BPP_Init)
 <LI><a href="#[66]">__draw_bitmap_AL4</a> from gl_ext_lcd_16bit.o(i.__draw_bitmap_AL4) referenced from gl_ext_lcd_16bit.o(i.EXT_LCD_CreateSurfaceRGB565)
 <LI><a href="#[82]">__draw_bitmap_AL4</a> from gl_mem_16bpp.o(i.__draw_bitmap_AL4) referenced from gl_mem_16bpp.o(i.GL_MEM_16BPP_Init)
 <LI><a href="#[9e]">__draw_bitmap_AL4</a> from gl_mem_32bpp.o(i.__draw_bitmap_AL4) referenced from gl_mem_32bpp.o(i.GL_MEM_32BPP_Init)
 <LI><a href="#[67]">__draw_bitmap_AL8</a> from gl_ext_lcd_16bit.o(i.__draw_bitmap_AL8) referenced from gl_ext_lcd_16bit.o(i.EXT_LCD_CreateSurfaceRGB565)
 <LI><a href="#[83]">__draw_bitmap_AL8</a> from gl_mem_16bpp.o(i.__draw_bitmap_AL8) referenced from gl_mem_16bpp.o(i.GL_MEM_16BPP_Init)
 <LI><a href="#[9f]">__draw_bitmap_AL8</a> from gl_mem_32bpp.o(i.__draw_bitmap_AL8) referenced from gl_mem_32bpp.o(i.GL_MEM_32BPP_Init)
 <LI><a href="#[5f]">__draw_bitmap_ARGB1555</a> from gl_ext_lcd_16bit.o(i.__draw_bitmap_ARGB1555) referenced from gl_ext_lcd_16bit.o(i.EXT_LCD_CreateSurfaceRGB565)
 <LI><a href="#[7b]">__draw_bitmap_ARGB1555</a> from gl_mem_16bpp.o(i.__draw_bitmap_ARGB1555) referenced from gl_mem_16bpp.o(i.GL_MEM_16BPP_Init)
 <LI><a href="#[97]">__draw_bitmap_ARGB1555</a> from gl_mem_32bpp.o(i.__draw_bitmap_ARGB1555) referenced from gl_mem_32bpp.o(i.GL_MEM_32BPP_Init)
 <LI><a href="#[60]">__draw_bitmap_ARGB4444</a> from gl_ext_lcd_16bit.o(i.__draw_bitmap_ARGB4444) referenced from gl_ext_lcd_16bit.o(i.EXT_LCD_CreateSurfaceRGB565)
 <LI><a href="#[7c]">__draw_bitmap_ARGB4444</a> from gl_mem_16bpp.o(i.__draw_bitmap_ARGB4444) referenced from gl_mem_16bpp.o(i.GL_MEM_16BPP_Init)
 <LI><a href="#[98]">__draw_bitmap_ARGB4444</a> from gl_mem_32bpp.o(i.__draw_bitmap_ARGB4444) referenced from gl_mem_32bpp.o(i.GL_MEM_32BPP_Init)
 <LI><a href="#[63]">__draw_bitmap_ARGB8888</a> from gl_ext_lcd_16bit.o(i.__draw_bitmap_ARGB8888) referenced from gl_ext_lcd_16bit.o(i.EXT_LCD_CreateSurfaceRGB565)
 <LI><a href="#[7f]">__draw_bitmap_ARGB8888</a> from gl_mem_16bpp.o(i.__draw_bitmap_ARGB8888) referenced from gl_mem_16bpp.o(i.GL_MEM_16BPP_Init)
 <LI><a href="#[9b]">__draw_bitmap_ARGB8888</a> from gl_mem_32bpp.o(i.__draw_bitmap_ARGB8888) referenced from gl_mem_32bpp.o(i.GL_MEM_32BPP_Init)
 <LI><a href="#[58]">__draw_bitmap_LUT1</a> from gl_ext_lcd_16bit.o(i.__draw_bitmap_LUT1) referenced from gl_ext_lcd_16bit.o(i.EXT_LCD_CreateSurfaceRGB565)
 <LI><a href="#[74]">__draw_bitmap_LUT1</a> from gl_mem_16bpp.o(i.__draw_bitmap_LUT1) referenced from gl_mem_16bpp.o(i.GL_MEM_16BPP_Init)
 <LI><a href="#[90]">__draw_bitmap_LUT1</a> from gl_mem_32bpp.o(i.__draw_bitmap_LUT1) referenced from gl_mem_32bpp.o(i.GL_MEM_32BPP_Init)
 <LI><a href="#[59]">__draw_bitmap_LUT2</a> from gl_ext_lcd_16bit.o(i.__draw_bitmap_LUT2) referenced from gl_ext_lcd_16bit.o(i.EXT_LCD_CreateSurfaceRGB565)
 <LI><a href="#[75]">__draw_bitmap_LUT2</a> from gl_mem_16bpp.o(i.__draw_bitmap_LUT2) referenced from gl_mem_16bpp.o(i.GL_MEM_16BPP_Init)
 <LI><a href="#[91]">__draw_bitmap_LUT2</a> from gl_mem_32bpp.o(i.__draw_bitmap_LUT2) referenced from gl_mem_32bpp.o(i.GL_MEM_32BPP_Init)
 <LI><a href="#[5a]">__draw_bitmap_LUT4</a> from gl_ext_lcd_16bit.o(i.__draw_bitmap_LUT4) referenced from gl_ext_lcd_16bit.o(i.EXT_LCD_CreateSurfaceRGB565)
 <LI><a href="#[76]">__draw_bitmap_LUT4</a> from gl_mem_16bpp.o(i.__draw_bitmap_LUT4) referenced from gl_mem_16bpp.o(i.GL_MEM_16BPP_Init)
 <LI><a href="#[92]">__draw_bitmap_LUT4</a> from gl_mem_32bpp.o(i.__draw_bitmap_LUT4) referenced from gl_mem_32bpp.o(i.GL_MEM_32BPP_Init)
 <LI><a href="#[5b]">__draw_bitmap_LUT8</a> from gl_ext_lcd_16bit.o(i.__draw_bitmap_LUT8) referenced from gl_ext_lcd_16bit.o(i.EXT_LCD_CreateSurfaceRGB565)
 <LI><a href="#[77]">__draw_bitmap_LUT8</a> from gl_mem_16bpp.o(i.__draw_bitmap_LUT8) referenced from gl_mem_16bpp.o(i.GL_MEM_16BPP_Init)
 <LI><a href="#[93]">__draw_bitmap_LUT8</a> from gl_mem_32bpp.o(i.__draw_bitmap_LUT8) referenced from gl_mem_32bpp.o(i.GL_MEM_32BPP_Init)
 <LI><a href="#[5c]">__draw_bitmap_RGB332</a> from gl_ext_lcd_16bit.o(i.__draw_bitmap_RGB332) referenced from gl_ext_lcd_16bit.o(i.EXT_LCD_CreateSurfaceRGB565)
 <LI><a href="#[78]">__draw_bitmap_RGB332</a> from gl_mem_16bpp.o(i.__draw_bitmap_RGB332) referenced from gl_mem_16bpp.o(i.GL_MEM_16BPP_Init)
 <LI><a href="#[94]">__draw_bitmap_RGB332</a> from gl_mem_32bpp.o(i.__draw_bitmap_RGB332) referenced from gl_mem_32bpp.o(i.GL_MEM_32BPP_Init)
 <LI><a href="#[5d]">__draw_bitmap_RGB565</a> from gl_ext_lcd_16bit.o(i.__draw_bitmap_RGB565) referenced from gl_ext_lcd_16bit.o(i.EXT_LCD_CreateSurfaceRGB565)
 <LI><a href="#[79]">__draw_bitmap_RGB565</a> from gl_mem_16bpp.o(i.__draw_bitmap_RGB565) referenced from gl_mem_16bpp.o(i.GL_MEM_16BPP_Init)
 <LI><a href="#[95]">__draw_bitmap_RGB565</a> from gl_mem_32bpp.o(i.__draw_bitmap_RGB565) referenced from gl_mem_32bpp.o(i.GL_MEM_32BPP_Init)
 <LI><a href="#[61]">__draw_bitmap_RGB888</a> from gl_ext_lcd_16bit.o(i.__draw_bitmap_RGB888) referenced from gl_ext_lcd_16bit.o(i.EXT_LCD_CreateSurfaceRGB565)
 <LI><a href="#[7d]">__draw_bitmap_RGB888</a> from gl_mem_16bpp.o(i.__draw_bitmap_RGB888) referenced from gl_mem_16bpp.o(i.GL_MEM_16BPP_Init)
 <LI><a href="#[99]">__draw_bitmap_RGB888</a> from gl_mem_32bpp.o(i.__draw_bitmap_RGB888) referenced from gl_mem_32bpp.o(i.GL_MEM_32BPP_Init)
 <LI><a href="#[5e]">__draw_bitmap_XRGB1555</a> from gl_ext_lcd_16bit.o(i.__draw_bitmap_XRGB1555) referenced from gl_ext_lcd_16bit.o(i.EXT_LCD_CreateSurfaceRGB565)
 <LI><a href="#[7a]">__draw_bitmap_XRGB1555</a> from gl_mem_16bpp.o(i.__draw_bitmap_XRGB1555) referenced from gl_mem_16bpp.o(i.GL_MEM_16BPP_Init)
 <LI><a href="#[96]">__draw_bitmap_XRGB1555</a> from gl_mem_32bpp.o(i.__draw_bitmap_XRGB1555) referenced from gl_mem_32bpp.o(i.GL_MEM_32BPP_Init)
 <LI><a href="#[62]">__draw_bitmap_XRGB8888</a> from gl_ext_lcd_16bit.o(i.__draw_bitmap_XRGB8888) referenced from gl_ext_lcd_16bit.o(i.EXT_LCD_CreateSurfaceRGB565)
 <LI><a href="#[7e]">__draw_bitmap_XRGB8888</a> from gl_mem_16bpp.o(i.__draw_bitmap_XRGB8888) referenced from gl_mem_16bpp.o(i.GL_MEM_16BPP_Init)
 <LI><a href="#[9a]">__draw_bitmap_XRGB8888</a> from gl_mem_32bpp.o(i.__draw_bitmap_XRGB8888) referenced from gl_mem_32bpp.o(i.GL_MEM_32BPP_Init)
 <LI><a href="#[c9]">__draw_char</a> from gui_font_xft.o(i.__draw_char) referenced 2 times from gui_font_xft.o(.constdata)
 <LI><a href="#[53]">__draw_hline</a> from gl_ext_lcd_16bit.o(i.__draw_hline) referenced from gl_ext_lcd_16bit.o(i.EXT_LCD_CreateSurfaceRGB565)
 <LI><a href="#[6f]">__draw_hline</a> from gl_mem_16bpp.o(i.__draw_hline) referenced from gl_mem_16bpp.o(i.GL_MEM_16BPP_Init)
 <LI><a href="#[8b]">__draw_hline</a> from gl_mem_32bpp.o(i.__draw_hline) referenced from gl_mem_32bpp.o(i.GL_MEM_32BPP_Init)
 <LI><a href="#[54]">__draw_vline</a> from gl_ext_lcd_16bit.o(i.__draw_vline) referenced from gl_ext_lcd_16bit.o(i.EXT_LCD_CreateSurfaceRGB565)
 <LI><a href="#[70]">__draw_vline</a> from gl_mem_16bpp.o(i.__draw_vline) referenced from gl_mem_16bpp.o(i.GL_MEM_16BPP_Init)
 <LI><a href="#[8c]">__draw_vline</a> from gl_mem_32bpp.o(i.__draw_vline) referenced from gl_mem_32bpp.o(i.GL_MEM_32BPP_Init)
 <LI><a href="#[55]">__fill_rect</a> from gl_ext_lcd_16bit.o(i.__fill_rect) referenced from gl_ext_lcd_16bit.o(i.EXT_LCD_CreateSurfaceRGB565)
 <LI><a href="#[71]">__fill_rect</a> from gl_mem_16bpp.o(i.__fill_rect) referenced from gl_mem_16bpp.o(i.GL_MEM_16BPP_Init)
 <LI><a href="#[8d]">__fill_rect</a> from gl_mem_32bpp.o(i.__fill_rect) referenced from gl_mem_32bpp.o(i.GL_MEM_32BPP_Init)
 <LI><a href="#[56]">__fill_rect_ARGB</a> from gl_ext_lcd_16bit.o(i.__fill_rect_ARGB) referenced from gl_ext_lcd_16bit.o(i.EXT_LCD_CreateSurfaceRGB565)
 <LI><a href="#[72]">__fill_rect_ARGB</a> from gl_mem_16bpp.o(i.__fill_rect_ARGB) referenced from gl_mem_16bpp.o(i.GL_MEM_16BPP_Init)
 <LI><a href="#[8e]">__fill_rect_ARGB</a> from gl_mem_32bpp.o(i.__fill_rect_ARGB) referenced from gl_mem_32bpp.o(i.GL_MEM_32BPP_Init)
 <LI><a href="#[c8]">__get_char_info</a> from gui_font_xft.o(i.__get_char_info) referenced 2 times from gui_font_xft.o(.constdata)
 <LI><a href="#[c7]">__get_font_info</a> from gui_font_xft.o(i.__get_font_info) referenced 2 times from gui_font_xft.o(.constdata)
 <LI><a href="#[50]">__get_pixel</a> from gl_ext_lcd_16bit.o(i.__get_pixel) referenced from gl_ext_lcd_16bit.o(i.EXT_LCD_CreateSurfaceRGB565)
 <LI><a href="#[6c]">__get_pixel</a> from gl_mem_16bpp.o(i.__get_pixel) referenced from gl_mem_16bpp.o(i.GL_MEM_16BPP_Init)
 <LI><a href="#[88]">__get_pixel</a> from gl_mem_32bpp.o(i.__get_pixel) referenced from gl_mem_32bpp.o(i.GL_MEM_32BPP_Init)
 <LI><a href="#[48]">__main</a> from entry.o(.ARM.Collect$$$$00000000) referenced from startup_stm32f10x_hd.o(.text)
 <LI><a href="#[69]">__rotate_bitmap</a> from gl_ext_lcd_16bit.o(i.__rotate_bitmap) referenced from gl_ext_lcd_16bit.o(i.EXT_LCD_CreateSurfaceRGB565)
 <LI><a href="#[85]">__rotate_bitmap</a> from gl_mem_16bpp.o(i.__rotate_bitmap) referenced from gl_mem_16bpp.o(i.GL_MEM_16BPP_Init)
 <LI><a href="#[a1]">__rotate_bitmap</a> from gl_mem_32bpp.o(i.__rotate_bitmap) referenced from gl_mem_32bpp.o(i.GL_MEM_32BPP_Init)
 <LI><a href="#[68]">__scale_bitmap</a> from gl_ext_lcd_16bit.o(i.__scale_bitmap) referenced from gl_ext_lcd_16bit.o(i.EXT_LCD_CreateSurfaceRGB565)
 <LI><a href="#[84]">__scale_bitmap</a> from gl_mem_16bpp.o(i.__scale_bitmap) referenced from gl_mem_16bpp.o(i.GL_MEM_16BPP_Init)
 <LI><a href="#[a0]">__scale_bitmap</a> from gl_mem_32bpp.o(i.__scale_bitmap) referenced from gl_mem_32bpp.o(i.GL_MEM_32BPP_Init)
 <LI><a href="#[4f]">__set_pixel</a> from gl_ext_lcd_16bit.o(i.__set_pixel) referenced from gl_ext_lcd_16bit.o(i.EXT_LCD_CreateSurfaceRGB565)
 <LI><a href="#[6b]">__set_pixel</a> from gl_mem_16bpp.o(i.__set_pixel) referenced from gl_mem_16bpp.o(i.GL_MEM_16BPP_Init)
 <LI><a href="#[87]">__set_pixel</a> from gl_mem_32bpp.o(i.__set_pixel) referenced from gl_mem_32bpp.o(i.GL_MEM_32BPP_Init)
 <LI><a href="#[52]">__set_pixel_ARGB</a> from gl_ext_lcd_16bit.o(i.__set_pixel_ARGB) referenced from gl_ext_lcd_16bit.o(i.EXT_LCD_CreateSurfaceRGB565)
 <LI><a href="#[6e]">__set_pixel_ARGB</a> from gl_mem_16bpp.o(i.__set_pixel_ARGB) referenced from gl_mem_16bpp.o(i.GL_MEM_16BPP_Init)
 <LI><a href="#[8a]">__set_pixel_ARGB</a> from gl_mem_32bpp.o(i.__set_pixel_ARGB) referenced from gl_mem_32bpp.o(i.GL_MEM_32BPP_Init)
 <LI><a href="#[4e]">__set_pos</a> from gl_ext_lcd_16bit.o(i.__set_pos) referenced from gl_ext_lcd_16bit.o(i.EXT_LCD_CreateSurfaceRGB565)
 <LI><a href="#[6a]">__set_pos</a> from gl_mem_16bpp.o(i.__set_pos) referenced from gl_mem_16bpp.o(i.GL_MEM_16BPP_Init)
 <LI><a href="#[86]">__set_pos</a> from gl_mem_32bpp.o(i.__set_pos) referenced from gl_mem_32bpp.o(i.GL_MEM_32BPP_Init)
 <LI><a href="#[51]">__xor_pixel</a> from gl_ext_lcd_16bit.o(i.__xor_pixel) referenced from gl_ext_lcd_16bit.o(i.EXT_LCD_CreateSurfaceRGB565)
 <LI><a href="#[6d]">__xor_pixel</a> from gl_mem_16bpp.o(i.__xor_pixel) referenced from gl_mem_16bpp.o(i.GL_MEM_16BPP_Init)
 <LI><a href="#[89]">__xor_pixel</a> from gl_mem_32bpp.o(i.__xor_pixel) referenced from gl_mem_32bpp.o(i.GL_MEM_32BPP_Init)
 <LI><a href="#[bd]">_gdHLine</a> from gd_line.o(i._gdHLine) referenced from gui_aa_core.o(i.GUI_AA_End)
 <LI><a href="#[bd]">_gdHLine</a> from gd_line.o(i._gdHLine) referenced from gui_gdi.o(i.InitDC)
 <LI><a href="#[4d]">desktop_proc</a> from gui_desktop.o(.text) referenced from gui_desktop.o(.text)
 <LI><a href="#[4c]">font_read_data_exFlash</a> from gui_font_port.o(.text) referenced from gui_font_port.o(.text)
 <LI><a href="#[be]">fputc</a> from bsp_usart.o(.text) referenced from printf3.o(i.__0printf$3)
 <LI><a href="#[274]">gui_app_thread</a> from gui_desktop.o(.text) referenced from gui_desktop.o(.text)
 <LI><a href="#[46]">main</a> from main.o(.text) referenced from entry9a.o(.ARM.Collect$$$$0000000B)
 <LI><a href="#[4a]">prvIdleTask</a> from tasks.o(.text) referenced from tasks.o(.text)
 <LI><a href="#[4b]">prvTaskExitError</a> from port.o(.text) referenced from port.o(.text)
</UL>
<P>
<H3>
Global Symbols
</H3>
<P><STRONG><a name="[48]"></a>__main</STRONG> (Thumb, 0 bytes, Stack size unknown bytes, entry.o(.ARM.Collect$$$$00000000))
<BR>[Address Reference Count : 1]<UL><LI> startup_stm32f10x_hd.o(.text)
</UL>
<P><STRONG><a name="[37e]"></a>_main_stk</STRONG> (Thumb, 0 bytes, Stack size unknown bytes, entry2.o(.ARM.Collect$$$$00000001))

<P><STRONG><a name="[d9]"></a>_main_scatterload</STRONG> (Thumb, 0 bytes, Stack size unknown bytes, entry5.o(.ARM.Collect$$$$00000004))
<BR><BR>[Calls]<UL><LI><a href="#[da]">&gt;&gt;</a>&nbsp;&nbsp;&nbsp;__scatterload
</UL>

<P><STRONG><a name="[299]"></a>__main_after_scatterload</STRONG> (Thumb, 0 bytes, Stack size unknown bytes, entry5.o(.ARM.Collect$$$$00000004))
<BR><BR>[Called By]<UL><LI><a href="#[da]">&gt;&gt;</a>&nbsp;&nbsp;&nbsp;__scatterload
</UL>

<P><STRONG><a name="[37f]"></a>_main_clock</STRONG> (Thumb, 0 bytes, Stack size unknown bytes, entry7b.o(.ARM.Collect$$$$00000008))

<P><STRONG><a name="[380]"></a>_main_cpp_init</STRONG> (Thumb, 0 bytes, Stack size unknown bytes, entry8b.o(.ARM.Collect$$$$0000000A))

<P><STRONG><a name="[381]"></a>_main_init</STRONG> (Thumb, 0 bytes, Stack size unknown bytes, entry9a.o(.ARM.Collect$$$$0000000B))

<P><STRONG><a name="[382]"></a>__rt_final_cpp</STRONG> (Thumb, 0 bytes, Stack size unknown bytes, entry10a.o(.ARM.Collect$$$$0000000D))

<P><STRONG><a name="[383]"></a>__rt_final_exit</STRONG> (Thumb, 0 bytes, Stack size unknown bytes, entry11a.o(.ARM.Collect$$$$0000000F))

<P><STRONG><a name="[6]"></a>SVC_Handler</STRONG> (Thumb, 32 bytes, Stack size 0 bytes, port.o(.emb_text))
<BR>[Address Reference Count : 1]<UL><LI> startup_stm32f10x_hd.o(RESET)
</UL>
<P><STRONG><a name="[20d]"></a>__asm___6_port_c_39a90d8d__prvStartFirstTask</STRONG> (Thumb, 28 bytes, Stack size 0 bytes, port.o(.emb_text))
<BR><BR>[Called By]<UL><LI><a href="#[1fd]">&gt;&gt;</a>&nbsp;&nbsp;&nbsp;xPortStartScheduler
</UL>

<P><STRONG><a name="[8]"></a>PendSV_Handler</STRONG> (Thumb, 72 bytes, Stack size 0 bytes, port.o(.emb_text))
<BR><BR>[Stack]<UL><LI>Max Depth = 32<LI>Call Chain = PendSV_Handler &rArr; vTaskSwitchContext &rArr; __2printf
</UL>
<BR>[Calls]<UL><LI><a href="#[db]">&gt;&gt;</a>&nbsp;&nbsp;&nbsp;vTaskSwitchContext
</UL>
<BR>[Address Reference Count : 1]<UL><LI> startup_stm32f10x_hd.o(RESET)
</UL>
<P><STRONG><a name="[20e]"></a>vPortGetIPSR</STRONG> (Thumb, 6 bytes, Stack size 0 bytes, port.o(.emb_text), UNUSED)
<BR><BR>[Called By]<UL><LI><a href="#[1da]">&gt;&gt;</a>&nbsp;&nbsp;&nbsp;vPortValidateInterruptPriority
</UL>

<P><STRONG><a name="[0]"></a>Reset_Handler</STRONG> (Thumb, 8 bytes, Stack size 0 bytes, startup_stm32f10x_hd.o(.text))
<BR>[Address Reference Count : 1]<UL><LI> startup_stm32f10x_hd.o(RESET)
</UL>
<P><STRONG><a name="[1c]"></a>ADC1_2_IRQHandler</STRONG> (Thumb, 0 bytes, Stack size 0 bytes, startup_stm32f10x_hd.o(.text))
<BR><BR>[Calls]<UL><LI><a href="#[1c]">&gt;&gt;</a>&nbsp;&nbsp;&nbsp;ADC1_2_IRQHandler
</UL>
<BR>[Called By]<UL><LI><a href="#[1c]">&gt;&gt;</a>&nbsp;&nbsp;&nbsp;ADC1_2_IRQHandler
</UL>
<BR>[Address Reference Count : 1]<UL><LI> startup_stm32f10x_hd.o(RESET)
</UL>
<P><STRONG><a name="[39]"></a>ADC3_IRQHandler</STRONG> (Thumb, 0 bytes, Stack size 0 bytes, startup_stm32f10x_hd.o(.text))
<BR>[Address Reference Count : 1]<UL><LI> startup_stm32f10x_hd.o(RESET)
</UL>
<P><STRONG><a name="[1f]"></a>CAN1_RX1_IRQHandler</STRONG> (Thumb, 0 bytes, Stack size 0 bytes, startup_stm32f10x_hd.o(.text))
<BR>[Address Reference Count : 1]<UL><LI> startup_stm32f10x_hd.o(RESET)
</UL>
<P><STRONG><a name="[20]"></a>CAN1_SCE_IRQHandler</STRONG> (Thumb, 0 bytes, Stack size 0 bytes, startup_stm32f10x_hd.o(.text))
<BR>[Address Reference Count : 1]<UL><LI> startup_stm32f10x_hd.o(RESET)
</UL>
<P><STRONG><a name="[15]"></a>DMA1_Channel1_IRQHandler</STRONG> (Thumb, 0 bytes, Stack size 0 bytes, startup_stm32f10x_hd.o(.text))
<BR>[Address Reference Count : 1]<UL><LI> startup_stm32f10x_hd.o(RESET)
</UL>
<P><STRONG><a name="[16]"></a>DMA1_Channel2_IRQHandler</STRONG> (Thumb, 0 bytes, Stack size 0 bytes, startup_stm32f10x_hd.o(.text))
<BR>[Address Reference Count : 1]<UL><LI> startup_stm32f10x_hd.o(RESET)
</UL>
<P><STRONG><a name="[17]"></a>DMA1_Channel3_IRQHandler</STRONG> (Thumb, 0 bytes, Stack size 0 bytes, startup_stm32f10x_hd.o(.text))
<BR>[Address Reference Count : 1]<UL><LI> startup_stm32f10x_hd.o(RESET)
</UL>
<P><STRONG><a name="[18]"></a>DMA1_Channel4_IRQHandler</STRONG> (Thumb, 0 bytes, Stack size 0 bytes, startup_stm32f10x_hd.o(.text))
<BR>[Address Reference Count : 1]<UL><LI> startup_stm32f10x_hd.o(RESET)
</UL>
<P><STRONG><a name="[19]"></a>DMA1_Channel5_IRQHandler</STRONG> (Thumb, 0 bytes, Stack size 0 bytes, startup_stm32f10x_hd.o(.text))
<BR>[Address Reference Count : 1]<UL><LI> startup_stm32f10x_hd.o(RESET)
</UL>
<P><STRONG><a name="[1a]"></a>DMA1_Channel6_IRQHandler</STRONG> (Thumb, 0 bytes, Stack size 0 bytes, startup_stm32f10x_hd.o(.text))
<BR>[Address Reference Count : 1]<UL><LI> startup_stm32f10x_hd.o(RESET)
</UL>
<P><STRONG><a name="[1b]"></a>DMA1_Channel7_IRQHandler</STRONG> (Thumb, 0 bytes, Stack size 0 bytes, startup_stm32f10x_hd.o(.text))
<BR>[Address Reference Count : 1]<UL><LI> startup_stm32f10x_hd.o(RESET)
</UL>
<P><STRONG><a name="[42]"></a>DMA2_Channel1_IRQHandler</STRONG> (Thumb, 0 bytes, Stack size 0 bytes, startup_stm32f10x_hd.o(.text))
<BR>[Address Reference Count : 1]<UL><LI> startup_stm32f10x_hd.o(RESET)
</UL>
<P><STRONG><a name="[43]"></a>DMA2_Channel2_IRQHandler</STRONG> (Thumb, 0 bytes, Stack size 0 bytes, startup_stm32f10x_hd.o(.text))
<BR>[Address Reference Count : 1]<UL><LI> startup_stm32f10x_hd.o(RESET)
</UL>
<P><STRONG><a name="[44]"></a>DMA2_Channel3_IRQHandler</STRONG> (Thumb, 0 bytes, Stack size 0 bytes, startup_stm32f10x_hd.o(.text))
<BR>[Address Reference Count : 1]<UL><LI> startup_stm32f10x_hd.o(RESET)
</UL>
<P><STRONG><a name="[45]"></a>DMA2_Channel4_5_IRQHandler</STRONG> (Thumb, 0 bytes, Stack size 0 bytes, startup_stm32f10x_hd.o(.text))
<BR>[Address Reference Count : 1]<UL><LI> startup_stm32f10x_hd.o(RESET)
</UL>
<P><STRONG><a name="[10]"></a>EXTI0_IRQHandler</STRONG> (Thumb, 0 bytes, Stack size 0 bytes, startup_stm32f10x_hd.o(.text))
<BR>[Address Reference Count : 1]<UL><LI> startup_stm32f10x_hd.o(RESET)
</UL>
<P><STRONG><a name="[32]"></a>EXTI15_10_IRQHandler</STRONG> (Thumb, 0 bytes, Stack size 0 bytes, startup_stm32f10x_hd.o(.text))
<BR>[Address Reference Count : 1]<UL><LI> startup_stm32f10x_hd.o(RESET)
</UL>
<P><STRONG><a name="[11]"></a>EXTI1_IRQHandler</STRONG> (Thumb, 0 bytes, Stack size 0 bytes, startup_stm32f10x_hd.o(.text))
<BR>[Address Reference Count : 1]<UL><LI> startup_stm32f10x_hd.o(RESET)
</UL>
<P><STRONG><a name="[12]"></a>EXTI2_IRQHandler</STRONG> (Thumb, 0 bytes, Stack size 0 bytes, startup_stm32f10x_hd.o(.text))
<BR>[Address Reference Count : 1]<UL><LI> startup_stm32f10x_hd.o(RESET)
</UL>
<P><STRONG><a name="[13]"></a>EXTI3_IRQHandler</STRONG> (Thumb, 0 bytes, Stack size 0 bytes, startup_stm32f10x_hd.o(.text))
<BR>[Address Reference Count : 1]<UL><LI> startup_stm32f10x_hd.o(RESET)
</UL>
<P><STRONG><a name="[14]"></a>EXTI4_IRQHandler</STRONG> (Thumb, 0 bytes, Stack size 0 bytes, startup_stm32f10x_hd.o(.text))
<BR>[Address Reference Count : 1]<UL><LI> startup_stm32f10x_hd.o(RESET)
</UL>
<P><STRONG><a name="[21]"></a>EXTI9_5_IRQHandler</STRONG> (Thumb, 0 bytes, Stack size 0 bytes, startup_stm32f10x_hd.o(.text))
<BR>[Address Reference Count : 1]<UL><LI> startup_stm32f10x_hd.o(RESET)
</UL>
<P><STRONG><a name="[e]"></a>FLASH_IRQHandler</STRONG> (Thumb, 0 bytes, Stack size 0 bytes, startup_stm32f10x_hd.o(.text))
<BR>[Address Reference Count : 1]<UL><LI> startup_stm32f10x_hd.o(RESET)
</UL>
<P><STRONG><a name="[3a]"></a>FSMC_IRQHandler</STRONG> (Thumb, 0 bytes, Stack size 0 bytes, startup_stm32f10x_hd.o(.text))
<BR>[Address Reference Count : 1]<UL><LI> startup_stm32f10x_hd.o(RESET)
</UL>
<P><STRONG><a name="[2a]"></a>I2C1_ER_IRQHandler</STRONG> (Thumb, 0 bytes, Stack size 0 bytes, startup_stm32f10x_hd.o(.text))
<BR>[Address Reference Count : 1]<UL><LI> startup_stm32f10x_hd.o(RESET)
</UL>
<P><STRONG><a name="[29]"></a>I2C1_EV_IRQHandler</STRONG> (Thumb, 0 bytes, Stack size 0 bytes, startup_stm32f10x_hd.o(.text))
<BR>[Address Reference Count : 1]<UL><LI> startup_stm32f10x_hd.o(RESET)
</UL>
<P><STRONG><a name="[2c]"></a>I2C2_ER_IRQHandler</STRONG> (Thumb, 0 bytes, Stack size 0 bytes, startup_stm32f10x_hd.o(.text))
<BR>[Address Reference Count : 1]<UL><LI> startup_stm32f10x_hd.o(RESET)
</UL>
<P><STRONG><a name="[2b]"></a>I2C2_EV_IRQHandler</STRONG> (Thumb, 0 bytes, Stack size 0 bytes, startup_stm32f10x_hd.o(.text))
<BR>[Address Reference Count : 1]<UL><LI> startup_stm32f10x_hd.o(RESET)
</UL>
<P><STRONG><a name="[b]"></a>PVD_IRQHandler</STRONG> (Thumb, 0 bytes, Stack size 0 bytes, startup_stm32f10x_hd.o(.text))
<BR>[Address Reference Count : 1]<UL><LI> startup_stm32f10x_hd.o(RESET)
</UL>
<P><STRONG><a name="[f]"></a>RCC_IRQHandler</STRONG> (Thumb, 0 bytes, Stack size 0 bytes, startup_stm32f10x_hd.o(.text))
<BR>[Address Reference Count : 1]<UL><LI> startup_stm32f10x_hd.o(RESET)
</UL>
<P><STRONG><a name="[33]"></a>RTCAlarm_IRQHandler</STRONG> (Thumb, 0 bytes, Stack size 0 bytes, startup_stm32f10x_hd.o(.text))
<BR>[Address Reference Count : 1]<UL><LI> startup_stm32f10x_hd.o(RESET)
</UL>
<P><STRONG><a name="[d]"></a>RTC_IRQHandler</STRONG> (Thumb, 0 bytes, Stack size 0 bytes, startup_stm32f10x_hd.o(.text))
<BR>[Address Reference Count : 1]<UL><LI> startup_stm32f10x_hd.o(RESET)
</UL>
<P><STRONG><a name="[2d]"></a>SPI1_IRQHandler</STRONG> (Thumb, 0 bytes, Stack size 0 bytes, startup_stm32f10x_hd.o(.text))
<BR>[Address Reference Count : 1]<UL><LI> startup_stm32f10x_hd.o(RESET)
</UL>
<P><STRONG><a name="[2e]"></a>SPI2_IRQHandler</STRONG> (Thumb, 0 bytes, Stack size 0 bytes, startup_stm32f10x_hd.o(.text))
<BR>[Address Reference Count : 1]<UL><LI> startup_stm32f10x_hd.o(RESET)
</UL>
<P><STRONG><a name="[3d]"></a>SPI3_IRQHandler</STRONG> (Thumb, 0 bytes, Stack size 0 bytes, startup_stm32f10x_hd.o(.text))
<BR>[Address Reference Count : 1]<UL><LI> startup_stm32f10x_hd.o(RESET)
</UL>
<P><STRONG><a name="[c]"></a>TAMPER_IRQHandler</STRONG> (Thumb, 0 bytes, Stack size 0 bytes, startup_stm32f10x_hd.o(.text))
<BR>[Address Reference Count : 1]<UL><LI> startup_stm32f10x_hd.o(RESET)
</UL>
<P><STRONG><a name="[22]"></a>TIM1_BRK_IRQHandler</STRONG> (Thumb, 0 bytes, Stack size 0 bytes, startup_stm32f10x_hd.o(.text))
<BR>[Address Reference Count : 1]<UL><LI> startup_stm32f10x_hd.o(RESET)
</UL>
<P><STRONG><a name="[25]"></a>TIM1_CC_IRQHandler</STRONG> (Thumb, 0 bytes, Stack size 0 bytes, startup_stm32f10x_hd.o(.text))
<BR>[Address Reference Count : 1]<UL><LI> startup_stm32f10x_hd.o(RESET)
</UL>
<P><STRONG><a name="[24]"></a>TIM1_TRG_COM_IRQHandler</STRONG> (Thumb, 0 bytes, Stack size 0 bytes, startup_stm32f10x_hd.o(.text))
<BR>[Address Reference Count : 1]<UL><LI> startup_stm32f10x_hd.o(RESET)
</UL>
<P><STRONG><a name="[23]"></a>TIM1_UP_IRQHandler</STRONG> (Thumb, 0 bytes, Stack size 0 bytes, startup_stm32f10x_hd.o(.text))
<BR>[Address Reference Count : 1]<UL><LI> startup_stm32f10x_hd.o(RESET)
</UL>
<P><STRONG><a name="[26]"></a>TIM2_IRQHandler</STRONG> (Thumb, 0 bytes, Stack size 0 bytes, startup_stm32f10x_hd.o(.text))
<BR>[Address Reference Count : 1]<UL><LI> startup_stm32f10x_hd.o(RESET)
</UL>
<P><STRONG><a name="[27]"></a>TIM3_IRQHandler</STRONG> (Thumb, 0 bytes, Stack size 0 bytes, startup_stm32f10x_hd.o(.text))
<BR>[Address Reference Count : 1]<UL><LI> startup_stm32f10x_hd.o(RESET)
</UL>
<P><STRONG><a name="[28]"></a>TIM4_IRQHandler</STRONG> (Thumb, 0 bytes, Stack size 0 bytes, startup_stm32f10x_hd.o(.text))
<BR>[Address Reference Count : 1]<UL><LI> startup_stm32f10x_hd.o(RESET)
</UL>
<P><STRONG><a name="[3c]"></a>TIM5_IRQHandler</STRONG> (Thumb, 0 bytes, Stack size 0 bytes, startup_stm32f10x_hd.o(.text))
<BR>[Address Reference Count : 1]<UL><LI> startup_stm32f10x_hd.o(RESET)
</UL>
<P><STRONG><a name="[40]"></a>TIM6_IRQHandler</STRONG> (Thumb, 0 bytes, Stack size 0 bytes, startup_stm32f10x_hd.o(.text))
<BR>[Address Reference Count : 1]<UL><LI> startup_stm32f10x_hd.o(RESET)
</UL>
<P><STRONG><a name="[41]"></a>TIM7_IRQHandler</STRONG> (Thumb, 0 bytes, Stack size 0 bytes, startup_stm32f10x_hd.o(.text))
<BR>[Address Reference Count : 1]<UL><LI> startup_stm32f10x_hd.o(RESET)
</UL>
<P><STRONG><a name="[35]"></a>TIM8_BRK_IRQHandler</STRONG> (Thumb, 0 bytes, Stack size 0 bytes, startup_stm32f10x_hd.o(.text))
<BR>[Address Reference Count : 1]<UL><LI> startup_stm32f10x_hd.o(RESET)
</UL>
<P><STRONG><a name="[38]"></a>TIM8_CC_IRQHandler</STRONG> (Thumb, 0 bytes, Stack size 0 bytes, startup_stm32f10x_hd.o(.text))
<BR>[Address Reference Count : 1]<UL><LI> startup_stm32f10x_hd.o(RESET)
</UL>
<P><STRONG><a name="[37]"></a>TIM8_TRG_COM_IRQHandler</STRONG> (Thumb, 0 bytes, Stack size 0 bytes, startup_stm32f10x_hd.o(.text))
<BR>[Address Reference Count : 1]<UL><LI> startup_stm32f10x_hd.o(RESET)
</UL>
<P><STRONG><a name="[36]"></a>TIM8_UP_IRQHandler</STRONG> (Thumb, 0 bytes, Stack size 0 bytes, startup_stm32f10x_hd.o(.text))
<BR>[Address Reference Count : 1]<UL><LI> startup_stm32f10x_hd.o(RESET)
</UL>
<P><STRONG><a name="[3e]"></a>UART4_IRQHandler</STRONG> (Thumb, 0 bytes, Stack size 0 bytes, startup_stm32f10x_hd.o(.text))
<BR>[Address Reference Count : 1]<UL><LI> startup_stm32f10x_hd.o(RESET)
</UL>
<P><STRONG><a name="[3f]"></a>UART5_IRQHandler</STRONG> (Thumb, 0 bytes, Stack size 0 bytes, startup_stm32f10x_hd.o(.text))
<BR>[Address Reference Count : 1]<UL><LI> startup_stm32f10x_hd.o(RESET)
</UL>
<P><STRONG><a name="[2f]"></a>USART1_IRQHandler</STRONG> (Thumb, 0 bytes, Stack size 0 bytes, startup_stm32f10x_hd.o(.text))
<BR>[Address Reference Count : 1]<UL><LI> startup_stm32f10x_hd.o(RESET)
</UL>
<P><STRONG><a name="[30]"></a>USART2_IRQHandler</STRONG> (Thumb, 0 bytes, Stack size 0 bytes, startup_stm32f10x_hd.o(.text))
<BR>[Address Reference Count : 1]<UL><LI> startup_stm32f10x_hd.o(RESET)
</UL>
<P><STRONG><a name="[31]"></a>USART3_IRQHandler</STRONG> (Thumb, 0 bytes, Stack size 0 bytes, startup_stm32f10x_hd.o(.text))
<BR>[Address Reference Count : 1]<UL><LI> startup_stm32f10x_hd.o(RESET)
</UL>
<P><STRONG><a name="[34]"></a>USBWakeUp_IRQHandler</STRONG> (Thumb, 0 bytes, Stack size 0 bytes, startup_stm32f10x_hd.o(.text))
<BR>[Address Reference Count : 1]<UL><LI> startup_stm32f10x_hd.o(RESET)
</UL>
<P><STRONG><a name="[1d]"></a>USB_HP_CAN1_TX_IRQHandler</STRONG> (Thumb, 0 bytes, Stack size 0 bytes, startup_stm32f10x_hd.o(.text))
<BR>[Address Reference Count : 1]<UL><LI> startup_stm32f10x_hd.o(RESET)
</UL>
<P><STRONG><a name="[1e]"></a>USB_LP_CAN1_RX0_IRQHandler</STRONG> (Thumb, 0 bytes, Stack size 0 bytes, startup_stm32f10x_hd.o(.text))
<BR>[Address Reference Count : 1]<UL><LI> startup_stm32f10x_hd.o(RESET)
</UL>
<P><STRONG><a name="[a]"></a>WWDG_IRQHandler</STRONG> (Thumb, 0 bytes, Stack size 0 bytes, startup_stm32f10x_hd.o(.text))
<BR>[Address Reference Count : 1]<UL><LI> startup_stm32f10x_hd.o(RESET)
</UL>
<P><STRONG><a name="[47]"></a>SystemInit</STRONG> (Thumb, 78 bytes, Stack size 8 bytes, system_stm32f10x.o(.text))
<BR><BR>[Stack]<UL><LI>Max Depth = 28<LI>Call Chain = SystemInit &rArr; SetSysClock &rArr; SetSysClockTo72
</UL>
<BR>[Calls]<UL><LI><a href="#[dc]">&gt;&gt;</a>&nbsp;&nbsp;&nbsp;SetSysClock
</UL>
<BR>[Address Reference Count : 1]<UL><LI> startup_stm32f10x_hd.o(.text)
</UL>
<P><STRONG><a name="[384]"></a>SystemCoreClockUpdate</STRONG> (Thumb, 142 bytes, Stack size 8 bytes, system_stm32f10x.o(.text), UNUSED)

<P><STRONG><a name="[122]"></a>NVIC_PriorityGroupConfig</STRONG> (Thumb, 10 bytes, Stack size 0 bytes, misc.o(.text))
<BR><BR>[Called By]<UL><LI><a href="#[121]">&gt;&gt;</a>&nbsp;&nbsp;&nbsp;NVIC_Configuration
</UL>

<P><STRONG><a name="[123]"></a>NVIC_Init</STRONG> (Thumb, 100 bytes, Stack size 16 bytes, misc.o(.text))
<BR><BR>[Stack]<UL><LI>Max Depth = 16<LI>Call Chain = NVIC_Init
</UL>
<BR>[Called By]<UL><LI><a href="#[121]">&gt;&gt;</a>&nbsp;&nbsp;&nbsp;NVIC_Configuration
</UL>

<P><STRONG><a name="[385]"></a>NVIC_SetVectorTable</STRONG> (Thumb, 14 bytes, Stack size 0 bytes, misc.o(.text), UNUSED)

<P><STRONG><a name="[386]"></a>NVIC_SystemLPConfig</STRONG> (Thumb, 34 bytes, Stack size 0 bytes, misc.o(.text), UNUSED)

<P><STRONG><a name="[387]"></a>SysTick_CLKSourceConfig</STRONG> (Thumb, 40 bytes, Stack size 0 bytes, misc.o(.text), UNUSED)

<P><STRONG><a name="[388]"></a>DMA_DeInit</STRONG> (Thumb, 324 bytes, Stack size 0 bytes, stm32f10x_dma.o(.text), UNUSED)

<P><STRONG><a name="[129]"></a>DMA_Init</STRONG> (Thumb, 60 bytes, Stack size 8 bytes, stm32f10x_dma.o(.text))
<BR><BR>[Stack]<UL><LI>Max Depth = 8<LI>Call Chain = DMA_Init
</UL>
<BR>[Called By]<UL><LI><a href="#[12a]">&gt;&gt;</a>&nbsp;&nbsp;&nbsp;SD_DMA_TxConfig
<LI><a href="#[126]">&gt;&gt;</a>&nbsp;&nbsp;&nbsp;SD_DMA_RxConfig
</UL>

<P><STRONG><a name="[389]"></a>DMA_StructInit</STRONG> (Thumb, 26 bytes, Stack size 0 bytes, stm32f10x_dma.o(.text), UNUSED)

<P><STRONG><a name="[128]"></a>DMA_Cmd</STRONG> (Thumb, 24 bytes, Stack size 0 bytes, stm32f10x_dma.o(.text))
<BR><BR>[Called By]<UL><LI><a href="#[12a]">&gt;&gt;</a>&nbsp;&nbsp;&nbsp;SD_DMA_TxConfig
<LI><a href="#[126]">&gt;&gt;</a>&nbsp;&nbsp;&nbsp;SD_DMA_RxConfig
</UL>

<P><STRONG><a name="[38a]"></a>DMA_ITConfig</STRONG> (Thumb, 18 bytes, Stack size 0 bytes, stm32f10x_dma.o(.text), UNUSED)

<P><STRONG><a name="[38b]"></a>DMA_SetCurrDataCounter</STRONG> (Thumb, 4 bytes, Stack size 0 bytes, stm32f10x_dma.o(.text), UNUSED)

<P><STRONG><a name="[38c]"></a>DMA_GetCurrDataCounter</STRONG> (Thumb, 8 bytes, Stack size 0 bytes, stm32f10x_dma.o(.text), UNUSED)

<P><STRONG><a name="[125]"></a>DMA_GetFlagStatus</STRONG> (Thumb, 40 bytes, Stack size 0 bytes, stm32f10x_dma.o(.text))
<BR><BR>[Called By]<UL><LI><a href="#[124]">&gt;&gt;</a>&nbsp;&nbsp;&nbsp;SD_DMAEndOfTransferStatus
</UL>

<P><STRONG><a name="[127]"></a>DMA_ClearFlag</STRONG> (Thumb, 22 bytes, Stack size 0 bytes, stm32f10x_dma.o(.text))
<BR><BR>[Called By]<UL><LI><a href="#[12a]">&gt;&gt;</a>&nbsp;&nbsp;&nbsp;SD_DMA_TxConfig
<LI><a href="#[126]">&gt;&gt;</a>&nbsp;&nbsp;&nbsp;SD_DMA_RxConfig
</UL>

<P><STRONG><a name="[38d]"></a>DMA_GetITStatus</STRONG> (Thumb, 40 bytes, Stack size 0 bytes, stm32f10x_dma.o(.text), UNUSED)

<P><STRONG><a name="[38e]"></a>DMA_ClearITPendingBit</STRONG> (Thumb, 22 bytes, Stack size 0 bytes, stm32f10x_dma.o(.text), UNUSED)

<P><STRONG><a name="[38f]"></a>FSMC_NORSRAMDeInit</STRONG> (Thumb, 54 bytes, Stack size 0 bytes, stm32f10x_fsmc.o(.text), UNUSED)

<P><STRONG><a name="[390]"></a>FSMC_NANDDeInit</STRONG> (Thumb, 62 bytes, Stack size 0 bytes, stm32f10x_fsmc.o(.text), UNUSED)

<P><STRONG><a name="[391]"></a>FSMC_PCCARDDeInit</STRONG> (Thumb, 36 bytes, Stack size 0 bytes, stm32f10x_fsmc.o(.text), UNUSED)

<P><STRONG><a name="[177]"></a>FSMC_NORSRAMInit</STRONG> (Thumb, 230 bytes, Stack size 0 bytes, stm32f10x_fsmc.o(.text))
<BR><BR>[Called By]<UL><LI><a href="#[f0]">&gt;&gt;</a>&nbsp;&nbsp;&nbsp;FSMC_InitSRAM
<LI><a href="#[f1]">&gt;&gt;</a>&nbsp;&nbsp;&nbsp;FSMC_InitLCD
</UL>

<P><STRONG><a name="[392]"></a>FSMC_NANDInit</STRONG> (Thumb, 132 bytes, Stack size 12 bytes, stm32f10x_fsmc.o(.text), UNUSED)

<P><STRONG><a name="[393]"></a>FSMC_PCCARDInit</STRONG> (Thumb, 130 bytes, Stack size 0 bytes, stm32f10x_fsmc.o(.text), UNUSED)

<P><STRONG><a name="[394]"></a>FSMC_NORSRAMStructInit</STRONG> (Thumb, 114 bytes, Stack size 0 bytes, stm32f10x_fsmc.o(.text), UNUSED)

<P><STRONG><a name="[395]"></a>FSMC_NANDStructInit</STRONG> (Thumb, 54 bytes, Stack size 0 bytes, stm32f10x_fsmc.o(.text), UNUSED)

<P><STRONG><a name="[396]"></a>FSMC_PCCARDStructInit</STRONG> (Thumb, 60 bytes, Stack size 0 bytes, stm32f10x_fsmc.o(.text), UNUSED)

<P><STRONG><a name="[178]"></a>FSMC_NORSRAMCmd</STRONG> (Thumb, 46 bytes, Stack size 0 bytes, stm32f10x_fsmc.o(.text))
<BR><BR>[Called By]<UL><LI><a href="#[f0]">&gt;&gt;</a>&nbsp;&nbsp;&nbsp;FSMC_InitSRAM
<LI><a href="#[f1]">&gt;&gt;</a>&nbsp;&nbsp;&nbsp;FSMC_InitLCD
</UL>

<P><STRONG><a name="[397]"></a>FSMC_NANDCmd</STRONG> (Thumb, 86 bytes, Stack size 0 bytes, stm32f10x_fsmc.o(.text), UNUSED)

<P><STRONG><a name="[398]"></a>FSMC_PCCARDCmd</STRONG> (Thumb, 44 bytes, Stack size 0 bytes, stm32f10x_fsmc.o(.text), UNUSED)

<P><STRONG><a name="[399]"></a>FSMC_NANDECCCmd</STRONG> (Thumb, 90 bytes, Stack size 0 bytes, stm32f10x_fsmc.o(.text), UNUSED)

<P><STRONG><a name="[39a]"></a>FSMC_GetECC</STRONG> (Thumb, 24 bytes, Stack size 0 bytes, stm32f10x_fsmc.o(.text), UNUSED)

<P><STRONG><a name="[39b]"></a>FSMC_ITConfig</STRONG> (Thumb, 128 bytes, Stack size 8 bytes, stm32f10x_fsmc.o(.text), UNUSED)

<P><STRONG><a name="[39c]"></a>FSMC_GetFlagStatus</STRONG> (Thumb, 54 bytes, Stack size 8 bytes, stm32f10x_fsmc.o(.text), UNUSED)

<P><STRONG><a name="[39d]"></a>FSMC_ClearFlag</STRONG> (Thumb, 62 bytes, Stack size 0 bytes, stm32f10x_fsmc.o(.text), UNUSED)

<P><STRONG><a name="[39e]"></a>FSMC_GetITStatus</STRONG> (Thumb, 64 bytes, Stack size 16 bytes, stm32f10x_fsmc.o(.text), UNUSED)

<P><STRONG><a name="[39f]"></a>FSMC_ClearITPendingBit</STRONG> (Thumb, 68 bytes, Stack size 0 bytes, stm32f10x_fsmc.o(.text), UNUSED)

<P><STRONG><a name="[de]"></a>GPIO_DeInit</STRONG> (Thumb, 172 bytes, Stack size 8 bytes, stm32f10x_gpio.o(.text), UNUSED)
<BR><BR>[Calls]<UL><LI><a href="#[df]">&gt;&gt;</a>&nbsp;&nbsp;&nbsp;RCC_APB2PeriphResetCmd
</UL>

<P><STRONG><a name="[e0]"></a>GPIO_AFIODeInit</STRONG> (Thumb, 20 bytes, Stack size 8 bytes, stm32f10x_gpio.o(.text), UNUSED)
<BR><BR>[Calls]<UL><LI><a href="#[df]">&gt;&gt;</a>&nbsp;&nbsp;&nbsp;RCC_APB2PeriphResetCmd
</UL>

<P><STRONG><a name="[f8]"></a>GPIO_Init</STRONG> (Thumb, 278 bytes, Stack size 24 bytes, stm32f10x_gpio.o(.text))
<BR><BR>[Stack]<UL><LI>Max Depth = 24<LI>Call Chain = GPIO_Init
</UL>
<BR>[Called By]<UL><LI><a href="#[16f]">&gt;&gt;</a>&nbsp;&nbsp;&nbsp;ADS7843_HardInit
<LI><a href="#[16c]">&gt;&gt;</a>&nbsp;&nbsp;&nbsp;LCD_Init
<LI><a href="#[11c]">&gt;&gt;</a>&nbsp;&nbsp;&nbsp;SD_DeInit
<LI><a href="#[12b]">&gt;&gt;</a>&nbsp;&nbsp;&nbsp;GPIO_Configuration
<LI><a href="#[10a]">&gt;&gt;</a>&nbsp;&nbsp;&nbsp;SPI_FLASH_Init
<LI><a href="#[ed]">&gt;&gt;</a>&nbsp;&nbsp;&nbsp;LED_GPIO_Config
<LI><a href="#[f2]">&gt;&gt;</a>&nbsp;&nbsp;&nbsp;Key_GPIO_Config
<LI><a href="#[f1]">&gt;&gt;</a>&nbsp;&nbsp;&nbsp;FSMC_InitLCD
<LI><a href="#[ef]">&gt;&gt;</a>&nbsp;&nbsp;&nbsp;FSMC_Init
<LI><a href="#[ee]">&gt;&gt;</a>&nbsp;&nbsp;&nbsp;Debug_USART_Config
</UL>

<P><STRONG><a name="[3a0]"></a>GPIO_StructInit</STRONG> (Thumb, 16 bytes, Stack size 0 bytes, stm32f10x_gpio.o(.text), UNUSED)

<P><STRONG><a name="[11b]"></a>GPIO_ReadInputDataBit</STRONG> (Thumb, 18 bytes, Stack size 0 bytes, stm32f10x_gpio.o(.text), UNUSED)
<BR><BR>[Called By]<UL><LI><a href="#[11a]">&gt;&gt;</a>&nbsp;&nbsp;&nbsp;Key_Scan
</UL>

<P><STRONG><a name="[3a1]"></a>GPIO_ReadInputData</STRONG> (Thumb, 8 bytes, Stack size 0 bytes, stm32f10x_gpio.o(.text), UNUSED)

<P><STRONG><a name="[3a2]"></a>GPIO_ReadOutputDataBit</STRONG> (Thumb, 18 bytes, Stack size 0 bytes, stm32f10x_gpio.o(.text), UNUSED)

<P><STRONG><a name="[3a3]"></a>GPIO_ReadOutputData</STRONG> (Thumb, 8 bytes, Stack size 0 bytes, stm32f10x_gpio.o(.text), UNUSED)

<P><STRONG><a name="[109]"></a>GPIO_SetBits</STRONG> (Thumb, 4 bytes, Stack size 0 bytes, stm32f10x_gpio.o(.text))
<BR><BR>[Called By]<UL><LI><a href="#[16e]">&gt;&gt;</a>&nbsp;&nbsp;&nbsp;LCD_BackLed_Control
<LI><a href="#[16c]">&gt;&gt;</a>&nbsp;&nbsp;&nbsp;LCD_Init
<LI><a href="#[119]">&gt;&gt;</a>&nbsp;&nbsp;&nbsp;SPI_Flash_WAKEUP
<LI><a href="#[118]">&gt;&gt;</a>&nbsp;&nbsp;&nbsp;SPI_Flash_PowerDown
<LI><a href="#[114]">&gt;&gt;</a>&nbsp;&nbsp;&nbsp;SPI_FLASH_ReadDeviceID
<LI><a href="#[113]">&gt;&gt;</a>&nbsp;&nbsp;&nbsp;SPI_FLASH_BufferRead
<LI><a href="#[111]">&gt;&gt;</a>&nbsp;&nbsp;&nbsp;SPI_FLASH_PageWrite
<LI><a href="#[110]">&gt;&gt;</a>&nbsp;&nbsp;&nbsp;SPI_FLASH_BulkErase
<LI><a href="#[10f]">&gt;&gt;</a>&nbsp;&nbsp;&nbsp;SPI_FLASH_SectorErase
<LI><a href="#[10e]">&gt;&gt;</a>&nbsp;&nbsp;&nbsp;SPI_FLASH_WriteEnable
<LI><a href="#[10d]">&gt;&gt;</a>&nbsp;&nbsp;&nbsp;SPI_FLASH_WaitForWriteEnd
<LI><a href="#[10a]">&gt;&gt;</a>&nbsp;&nbsp;&nbsp;SPI_FLASH_Init
<LI><a href="#[107]">&gt;&gt;</a>&nbsp;&nbsp;&nbsp;SPI_FLASH_ReadID
<LI><a href="#[ed]">&gt;&gt;</a>&nbsp;&nbsp;&nbsp;LED_GPIO_Config
</UL>

<P><STRONG><a name="[108]"></a>GPIO_ResetBits</STRONG> (Thumb, 4 bytes, Stack size 0 bytes, stm32f10x_gpio.o(.text))
<BR><BR>[Called By]<UL><LI><a href="#[16e]">&gt;&gt;</a>&nbsp;&nbsp;&nbsp;LCD_BackLed_Control
<LI><a href="#[16c]">&gt;&gt;</a>&nbsp;&nbsp;&nbsp;LCD_Init
<LI><a href="#[119]">&gt;&gt;</a>&nbsp;&nbsp;&nbsp;SPI_Flash_WAKEUP
<LI><a href="#[118]">&gt;&gt;</a>&nbsp;&nbsp;&nbsp;SPI_Flash_PowerDown
<LI><a href="#[115]">&gt;&gt;</a>&nbsp;&nbsp;&nbsp;SPI_FLASH_StartReadSequence
<LI><a href="#[114]">&gt;&gt;</a>&nbsp;&nbsp;&nbsp;SPI_FLASH_ReadDeviceID
<LI><a href="#[113]">&gt;&gt;</a>&nbsp;&nbsp;&nbsp;SPI_FLASH_BufferRead
<LI><a href="#[111]">&gt;&gt;</a>&nbsp;&nbsp;&nbsp;SPI_FLASH_PageWrite
<LI><a href="#[110]">&gt;&gt;</a>&nbsp;&nbsp;&nbsp;SPI_FLASH_BulkErase
<LI><a href="#[10f]">&gt;&gt;</a>&nbsp;&nbsp;&nbsp;SPI_FLASH_SectorErase
<LI><a href="#[10e]">&gt;&gt;</a>&nbsp;&nbsp;&nbsp;SPI_FLASH_WriteEnable
<LI><a href="#[10d]">&gt;&gt;</a>&nbsp;&nbsp;&nbsp;SPI_FLASH_WaitForWriteEnd
<LI><a href="#[107]">&gt;&gt;</a>&nbsp;&nbsp;&nbsp;SPI_FLASH_ReadID
</UL>

<P><STRONG><a name="[3a4]"></a>GPIO_WriteBit</STRONG> (Thumb, 10 bytes, Stack size 0 bytes, stm32f10x_gpio.o(.text), UNUSED)

<P><STRONG><a name="[3a5]"></a>GPIO_Write</STRONG> (Thumb, 4 bytes, Stack size 0 bytes, stm32f10x_gpio.o(.text), UNUSED)

<P><STRONG><a name="[3a6]"></a>GPIO_PinLockConfig</STRONG> (Thumb, 18 bytes, Stack size 0 bytes, stm32f10x_gpio.o(.text), UNUSED)

<P><STRONG><a name="[3a7]"></a>GPIO_EventOutputConfig</STRONG> (Thumb, 26 bytes, Stack size 0 bytes, stm32f10x_gpio.o(.text), UNUSED)

<P><STRONG><a name="[3a8]"></a>GPIO_EventOutputCmd</STRONG> (Thumb, 6 bytes, Stack size 0 bytes, stm32f10x_gpio.o(.text), UNUSED)

<P><STRONG><a name="[3a9]"></a>GPIO_PinRemapConfig</STRONG> (Thumb, 138 bytes, Stack size 20 bytes, stm32f10x_gpio.o(.text), UNUSED)

<P><STRONG><a name="[3aa]"></a>GPIO_EXTILineConfig</STRONG> (Thumb, 66 bytes, Stack size 12 bytes, stm32f10x_gpio.o(.text), UNUSED)

<P><STRONG><a name="[3ab]"></a>GPIO_ETH_MediaInterfaceConfig</STRONG> (Thumb, 8 bytes, Stack size 0 bytes, stm32f10x_gpio.o(.text), UNUSED)

<P><STRONG><a name="[3ac]"></a>RCC_DeInit</STRONG> (Thumb, 64 bytes, Stack size 0 bytes, stm32f10x_rcc.o(.text), UNUSED)

<P><STRONG><a name="[3ad]"></a>RCC_HSEConfig</STRONG> (Thumb, 70 bytes, Stack size 0 bytes, stm32f10x_rcc.o(.text), UNUSED)

<P><STRONG><a name="[e2]"></a>RCC_GetFlagStatus</STRONG> (Thumb, 56 bytes, Stack size 8 bytes, stm32f10x_rcc.o(.text), UNUSED)
<BR><BR>[Called By]<UL><LI><a href="#[e1]">&gt;&gt;</a>&nbsp;&nbsp;&nbsp;RCC_WaitForHSEStartUp
</UL>

<P><STRONG><a name="[e1]"></a>RCC_WaitForHSEStartUp</STRONG> (Thumb, 56 bytes, Stack size 16 bytes, stm32f10x_rcc.o(.text), UNUSED)
<BR><BR>[Calls]<UL><LI><a href="#[e2]">&gt;&gt;</a>&nbsp;&nbsp;&nbsp;RCC_GetFlagStatus
</UL>

<P><STRONG><a name="[3ae]"></a>RCC_AdjustHSICalibrationValue</STRONG> (Thumb, 20 bytes, Stack size 0 bytes, stm32f10x_rcc.o(.text), UNUSED)

<P><STRONG><a name="[3af]"></a>RCC_HSICmd</STRONG> (Thumb, 6 bytes, Stack size 0 bytes, stm32f10x_rcc.o(.text), UNUSED)

<P><STRONG><a name="[3b0]"></a>RCC_PLLConfig</STRONG> (Thumb, 24 bytes, Stack size 0 bytes, stm32f10x_rcc.o(.text), UNUSED)

<P><STRONG><a name="[3b1]"></a>RCC_PLLCmd</STRONG> (Thumb, 6 bytes, Stack size 0 bytes, stm32f10x_rcc.o(.text), UNUSED)

<P><STRONG><a name="[3b2]"></a>RCC_SYSCLKConfig</STRONG> (Thumb, 18 bytes, Stack size 0 bytes, stm32f10x_rcc.o(.text), UNUSED)

<P><STRONG><a name="[3b3]"></a>RCC_GetSYSCLKSource</STRONG> (Thumb, 10 bytes, Stack size 0 bytes, stm32f10x_rcc.o(.text), UNUSED)

<P><STRONG><a name="[3b4]"></a>RCC_HCLKConfig</STRONG> (Thumb, 18 bytes, Stack size 0 bytes, stm32f10x_rcc.o(.text), UNUSED)

<P><STRONG><a name="[3b5]"></a>RCC_PCLK1Config</STRONG> (Thumb, 18 bytes, Stack size 0 bytes, stm32f10x_rcc.o(.text), UNUSED)

<P><STRONG><a name="[3b6]"></a>RCC_PCLK2Config</STRONG> (Thumb, 20 bytes, Stack size 0 bytes, stm32f10x_rcc.o(.text), UNUSED)

<P><STRONG><a name="[3b7]"></a>RCC_ITConfig</STRONG> (Thumb, 26 bytes, Stack size 0 bytes, stm32f10x_rcc.o(.text), UNUSED)

<P><STRONG><a name="[3b8]"></a>RCC_USBCLKConfig</STRONG> (Thumb, 8 bytes, Stack size 0 bytes, stm32f10x_rcc.o(.text), UNUSED)

<P><STRONG><a name="[3b9]"></a>RCC_ADCCLKConfig</STRONG> (Thumb, 18 bytes, Stack size 0 bytes, stm32f10x_rcc.o(.text), UNUSED)

<P><STRONG><a name="[3ba]"></a>RCC_LSEConfig</STRONG> (Thumb, 50 bytes, Stack size 0 bytes, stm32f10x_rcc.o(.text), UNUSED)

<P><STRONG><a name="[3bb]"></a>RCC_LSICmd</STRONG> (Thumb, 6 bytes, Stack size 0 bytes, stm32f10x_rcc.o(.text), UNUSED)

<P><STRONG><a name="[3bc]"></a>RCC_RTCCLKConfig</STRONG> (Thumb, 12 bytes, Stack size 0 bytes, stm32f10x_rcc.o(.text), UNUSED)

<P><STRONG><a name="[3bd]"></a>RCC_RTCCLKCmd</STRONG> (Thumb, 8 bytes, Stack size 0 bytes, stm32f10x_rcc.o(.text), UNUSED)

<P><STRONG><a name="[e6]"></a>RCC_GetClocksFreq</STRONG> (Thumb, 192 bytes, Stack size 12 bytes, stm32f10x_rcc.o(.text))
<BR><BR>[Stack]<UL><LI>Max Depth = 12<LI>Call Chain = RCC_GetClocksFreq
</UL>
<BR>[Called By]<UL><LI><a href="#[e8]">&gt;&gt;</a>&nbsp;&nbsp;&nbsp;USART_Init
<LI><a href="#[e5]">&gt;&gt;</a>&nbsp;&nbsp;&nbsp;I2S_Init
</UL>

<P><STRONG><a name="[120]"></a>RCC_AHBPeriphClockCmd</STRONG> (Thumb, 26 bytes, Stack size 0 bytes, stm32f10x_rcc.o(.text))
<BR><BR>[Called By]<UL><LI><a href="#[11c]">&gt;&gt;</a>&nbsp;&nbsp;&nbsp;SD_DeInit
<LI><a href="#[12b]">&gt;&gt;</a>&nbsp;&nbsp;&nbsp;GPIO_Configuration
<LI><a href="#[ef]">&gt;&gt;</a>&nbsp;&nbsp;&nbsp;FSMC_Init
</UL>

<P><STRONG><a name="[f7]"></a>RCC_APB2PeriphClockCmd</STRONG> (Thumb, 26 bytes, Stack size 0 bytes, stm32f10x_rcc.o(.text))
<BR><BR>[Called By]<UL><LI><a href="#[12b]">&gt;&gt;</a>&nbsp;&nbsp;&nbsp;GPIO_Configuration
<LI><a href="#[10a]">&gt;&gt;</a>&nbsp;&nbsp;&nbsp;SPI_FLASH_Init
<LI><a href="#[ed]">&gt;&gt;</a>&nbsp;&nbsp;&nbsp;LED_GPIO_Config
<LI><a href="#[f2]">&gt;&gt;</a>&nbsp;&nbsp;&nbsp;Key_GPIO_Config
<LI><a href="#[ef]">&gt;&gt;</a>&nbsp;&nbsp;&nbsp;FSMC_Init
<LI><a href="#[ee]">&gt;&gt;</a>&nbsp;&nbsp;&nbsp;Debug_USART_Config
</UL>

<P><STRONG><a name="[3be]"></a>RCC_APB1PeriphClockCmd</STRONG> (Thumb, 26 bytes, Stack size 0 bytes, stm32f10x_rcc.o(.text), UNUSED)

<P><STRONG><a name="[df]"></a>RCC_APB2PeriphResetCmd</STRONG> (Thumb, 26 bytes, Stack size 0 bytes, stm32f10x_rcc.o(.text), UNUSED)
<BR><BR>[Called By]<UL><LI><a href="#[e7]">&gt;&gt;</a>&nbsp;&nbsp;&nbsp;USART_DeInit
<LI><a href="#[e3]">&gt;&gt;</a>&nbsp;&nbsp;&nbsp;SPI_I2S_DeInit
<LI><a href="#[e0]">&gt;&gt;</a>&nbsp;&nbsp;&nbsp;GPIO_AFIODeInit
<LI><a href="#[de]">&gt;&gt;</a>&nbsp;&nbsp;&nbsp;GPIO_DeInit
</UL>

<P><STRONG><a name="[e4]"></a>RCC_APB1PeriphResetCmd</STRONG> (Thumb, 26 bytes, Stack size 0 bytes, stm32f10x_rcc.o(.text), UNUSED)
<BR><BR>[Called By]<UL><LI><a href="#[e7]">&gt;&gt;</a>&nbsp;&nbsp;&nbsp;USART_DeInit
<LI><a href="#[e3]">&gt;&gt;</a>&nbsp;&nbsp;&nbsp;SPI_I2S_DeInit
</UL>

<P><STRONG><a name="[3bf]"></a>RCC_BackupResetCmd</STRONG> (Thumb, 8 bytes, Stack size 0 bytes, stm32f10x_rcc.o(.text), UNUSED)

<P><STRONG><a name="[3c0]"></a>RCC_ClockSecuritySystemCmd</STRONG> (Thumb, 6 bytes, Stack size 0 bytes, stm32f10x_rcc.o(.text), UNUSED)

<P><STRONG><a name="[3c1]"></a>RCC_MCOConfig</STRONG> (Thumb, 6 bytes, Stack size 0 bytes, stm32f10x_rcc.o(.text), UNUSED)

<P><STRONG><a name="[3c2]"></a>RCC_ClearFlag</STRONG> (Thumb, 14 bytes, Stack size 0 bytes, stm32f10x_rcc.o(.text), UNUSED)

<P><STRONG><a name="[3c3]"></a>RCC_GetITStatus</STRONG> (Thumb, 20 bytes, Stack size 0 bytes, stm32f10x_rcc.o(.text), UNUSED)

<P><STRONG><a name="[3c4]"></a>RCC_ClearITPendingBit</STRONG> (Thumb, 6 bytes, Stack size 0 bytes, stm32f10x_rcc.o(.text), UNUSED)

<P><STRONG><a name="[11f]"></a>SDIO_DeInit</STRONG> (Thumb, 28 bytes, Stack size 0 bytes, stm32f10x_sdio.o(.text))
<BR><BR>[Called By]<UL><LI><a href="#[141]">&gt;&gt;</a>&nbsp;&nbsp;&nbsp;SD_Init
<LI><a href="#[11c]">&gt;&gt;</a>&nbsp;&nbsp;&nbsp;SD_DeInit
</UL>

<P><STRONG><a name="[136]"></a>SDIO_Init</STRONG> (Thumb, 42 bytes, Stack size 0 bytes, stm32f10x_sdio.o(.text))
<BR><BR>[Called By]<UL><LI><a href="#[141]">&gt;&gt;</a>&nbsp;&nbsp;&nbsp;SD_Init
<LI><a href="#[140]">&gt;&gt;</a>&nbsp;&nbsp;&nbsp;SD_PowerON
<LI><a href="#[135]">&gt;&gt;</a>&nbsp;&nbsp;&nbsp;SD_EnableWideBusOperation
</UL>

<P><STRONG><a name="[3c5]"></a>SDIO_StructInit</STRONG> (Thumb, 16 bytes, Stack size 0 bytes, stm32f10x_sdio.o(.text), UNUSED)

<P><STRONG><a name="[11d]"></a>SDIO_ClockCmd</STRONG> (Thumb, 6 bytes, Stack size 0 bytes, stm32f10x_sdio.o(.text))
<BR><BR>[Called By]<UL><LI><a href="#[140]">&gt;&gt;</a>&nbsp;&nbsp;&nbsp;SD_PowerON
<LI><a href="#[11c]">&gt;&gt;</a>&nbsp;&nbsp;&nbsp;SD_DeInit
</UL>

<P><STRONG><a name="[11e]"></a>SDIO_SetPowerState</STRONG> (Thumb, 22 bytes, Stack size 0 bytes, stm32f10x_sdio.o(.text))
<BR><BR>[Called By]<UL><LI><a href="#[146]">&gt;&gt;</a>&nbsp;&nbsp;&nbsp;SD_PowerOFF
<LI><a href="#[140]">&gt;&gt;</a>&nbsp;&nbsp;&nbsp;SD_PowerON
<LI><a href="#[11c]">&gt;&gt;</a>&nbsp;&nbsp;&nbsp;SD_DeInit
</UL>

<P><STRONG><a name="[13c]"></a>SDIO_GetPowerState</STRONG> (Thumb, 10 bytes, Stack size 0 bytes, stm32f10x_sdio.o(.text))
<BR><BR>[Called By]<UL><LI><a href="#[13b]">&gt;&gt;</a>&nbsp;&nbsp;&nbsp;SD_InitializeCards
</UL>

<P><STRONG><a name="[14b]"></a>SDIO_ITConfig</STRONG> (Thumb, 26 bytes, Stack size 0 bytes, stm32f10x_sdio.o(.text))
<BR><BR>[Called By]<UL><LI><a href="#[155]">&gt;&gt;</a>&nbsp;&nbsp;&nbsp;SD_ProcessIRQSrc
<LI><a href="#[150]">&gt;&gt;</a>&nbsp;&nbsp;&nbsp;SD_WriteMultiBlocks
<LI><a href="#[14f]">&gt;&gt;</a>&nbsp;&nbsp;&nbsp;SD_WriteBlock
<LI><a href="#[14d]">&gt;&gt;</a>&nbsp;&nbsp;&nbsp;SD_ReadMultiBlocks
<LI><a href="#[149]">&gt;&gt;</a>&nbsp;&nbsp;&nbsp;SD_ReadBlock
</UL>

<P><STRONG><a name="[14c]"></a>SDIO_DMACmd</STRONG> (Thumb, 6 bytes, Stack size 0 bytes, stm32f10x_sdio.o(.text))
<BR><BR>[Called By]<UL><LI><a href="#[150]">&gt;&gt;</a>&nbsp;&nbsp;&nbsp;SD_WriteMultiBlocks
<LI><a href="#[14f]">&gt;&gt;</a>&nbsp;&nbsp;&nbsp;SD_WriteBlock
<LI><a href="#[14d]">&gt;&gt;</a>&nbsp;&nbsp;&nbsp;SD_ReadMultiBlocks
<LI><a href="#[149]">&gt;&gt;</a>&nbsp;&nbsp;&nbsp;SD_ReadBlock
</UL>

<P><STRONG><a name="[12d]"></a>SDIO_SendCommand</STRONG> (Thumb, 38 bytes, Stack size 0 bytes, stm32f10x_sdio.o(.text))
<BR><BR>[Called By]<UL><LI><a href="#[154]">&gt;&gt;</a>&nbsp;&nbsp;&nbsp;SD_Erase
<LI><a href="#[150]">&gt;&gt;</a>&nbsp;&nbsp;&nbsp;SD_WriteMultiBlocks
<LI><a href="#[14f]">&gt;&gt;</a>&nbsp;&nbsp;&nbsp;SD_WriteBlock
<LI><a href="#[14d]">&gt;&gt;</a>&nbsp;&nbsp;&nbsp;SD_ReadMultiBlocks
<LI><a href="#[149]">&gt;&gt;</a>&nbsp;&nbsp;&nbsp;SD_ReadBlock
<LI><a href="#[147]">&gt;&gt;</a>&nbsp;&nbsp;&nbsp;SD_SendSDStatus
<LI><a href="#[140]">&gt;&gt;</a>&nbsp;&nbsp;&nbsp;SD_PowerON
<LI><a href="#[13b]">&gt;&gt;</a>&nbsp;&nbsp;&nbsp;SD_InitializeCards
<LI><a href="#[137]">&gt;&gt;</a>&nbsp;&nbsp;&nbsp;SD_SelectDeselect
<LI><a href="#[153]">&gt;&gt;</a>&nbsp;&nbsp;&nbsp;IsCardProgramming
<LI><a href="#[133]">&gt;&gt;</a>&nbsp;&nbsp;&nbsp;SDEnWideBus
<LI><a href="#[12c]">&gt;&gt;</a>&nbsp;&nbsp;&nbsp;FindSCR
</UL>

<P><STRONG><a name="[3c6]"></a>SDIO_CmdStructInit</STRONG> (Thumb, 14 bytes, Stack size 0 bytes, stm32f10x_sdio.o(.text), UNUSED)

<P><STRONG><a name="[13a]"></a>SDIO_GetCommandResponse</STRONG> (Thumb, 8 bytes, Stack size 0 bytes, stm32f10x_sdio.o(.text))
<BR><BR>[Called By]<UL><LI><a href="#[153]">&gt;&gt;</a>&nbsp;&nbsp;&nbsp;IsCardProgramming
<LI><a href="#[139]">&gt;&gt;</a>&nbsp;&nbsp;&nbsp;CmdResp6Error
</UL>

<P><STRONG><a name="[134]"></a>SDIO_GetResponse</STRONG> (Thumb, 22 bytes, Stack size 8 bytes, stm32f10x_sdio.o(.text))
<BR><BR>[Stack]<UL><LI>Max Depth = 8<LI>Call Chain = SDIO_GetResponse
</UL>
<BR>[Called By]<UL><LI><a href="#[154]">&gt;&gt;</a>&nbsp;&nbsp;&nbsp;SD_Erase
<LI><a href="#[147]">&gt;&gt;</a>&nbsp;&nbsp;&nbsp;SD_SendSDStatus
<LI><a href="#[140]">&gt;&gt;</a>&nbsp;&nbsp;&nbsp;SD_PowerON
<LI><a href="#[13b]">&gt;&gt;</a>&nbsp;&nbsp;&nbsp;SD_InitializeCards
<LI><a href="#[153]">&gt;&gt;</a>&nbsp;&nbsp;&nbsp;IsCardProgramming
<LI><a href="#[139]">&gt;&gt;</a>&nbsp;&nbsp;&nbsp;CmdResp6Error
<LI><a href="#[133]">&gt;&gt;</a>&nbsp;&nbsp;&nbsp;SDEnWideBus
</UL>

<P><STRONG><a name="[12f]"></a>SDIO_DataConfig</STRONG> (Thumb, 42 bytes, Stack size 0 bytes, stm32f10x_sdio.o(.text))
<BR><BR>[Called By]<UL><LI><a href="#[150]">&gt;&gt;</a>&nbsp;&nbsp;&nbsp;SD_WriteMultiBlocks
<LI><a href="#[14f]">&gt;&gt;</a>&nbsp;&nbsp;&nbsp;SD_WriteBlock
<LI><a href="#[14d]">&gt;&gt;</a>&nbsp;&nbsp;&nbsp;SD_ReadMultiBlocks
<LI><a href="#[149]">&gt;&gt;</a>&nbsp;&nbsp;&nbsp;SD_ReadBlock
<LI><a href="#[147]">&gt;&gt;</a>&nbsp;&nbsp;&nbsp;SD_SendSDStatus
<LI><a href="#[12c]">&gt;&gt;</a>&nbsp;&nbsp;&nbsp;FindSCR
</UL>

<P><STRONG><a name="[3c7]"></a>SDIO_DataStructInit</STRONG> (Thumb, 20 bytes, Stack size 0 bytes, stm32f10x_sdio.o(.text), UNUSED)

<P><STRONG><a name="[3c8]"></a>SDIO_GetDataCounter</STRONG> (Thumb, 6 bytes, Stack size 0 bytes, stm32f10x_sdio.o(.text), UNUSED)

<P><STRONG><a name="[131]"></a>SDIO_ReadData</STRONG> (Thumb, 8 bytes, Stack size 0 bytes, stm32f10x_sdio.o(.text))
<BR><BR>[Called By]<UL><LI><a href="#[147]">&gt;&gt;</a>&nbsp;&nbsp;&nbsp;SD_SendSDStatus
<LI><a href="#[12c]">&gt;&gt;</a>&nbsp;&nbsp;&nbsp;FindSCR
</UL>

<P><STRONG><a name="[3c9]"></a>SDIO_WriteData</STRONG> (Thumb, 8 bytes, Stack size 0 bytes, stm32f10x_sdio.o(.text), UNUSED)

<P><STRONG><a name="[3ca]"></a>SDIO_GetFIFOCount</STRONG> (Thumb, 6 bytes, Stack size 0 bytes, stm32f10x_sdio.o(.text), UNUSED)

<P><STRONG><a name="[3cb]"></a>SDIO_StartSDIOReadWait</STRONG> (Thumb, 8 bytes, Stack size 0 bytes, stm32f10x_sdio.o(.text), UNUSED)

<P><STRONG><a name="[3cc]"></a>SDIO_StopSDIOReadWait</STRONG> (Thumb, 8 bytes, Stack size 0 bytes, stm32f10x_sdio.o(.text), UNUSED)

<P><STRONG><a name="[3cd]"></a>SDIO_SetSDIOReadWaitMode</STRONG> (Thumb, 8 bytes, Stack size 0 bytes, stm32f10x_sdio.o(.text), UNUSED)

<P><STRONG><a name="[3ce]"></a>SDIO_SetSDIOOperation</STRONG> (Thumb, 8 bytes, Stack size 0 bytes, stm32f10x_sdio.o(.text), UNUSED)

<P><STRONG><a name="[3cf]"></a>SDIO_SendSDIOSuspendCmd</STRONG> (Thumb, 6 bytes, Stack size 0 bytes, stm32f10x_sdio.o(.text), UNUSED)

<P><STRONG><a name="[3d0]"></a>SDIO_CommandCompletionCmd</STRONG> (Thumb, 8 bytes, Stack size 0 bytes, stm32f10x_sdio.o(.text), UNUSED)

<P><STRONG><a name="[3d1]"></a>SDIO_CEATAITCmd</STRONG> (Thumb, 12 bytes, Stack size 0 bytes, stm32f10x_sdio.o(.text), UNUSED)

<P><STRONG><a name="[3d2]"></a>SDIO_SendCEATACmd</STRONG> (Thumb, 8 bytes, Stack size 0 bytes, stm32f10x_sdio.o(.text), UNUSED)

<P><STRONG><a name="[130]"></a>SDIO_GetFlagStatus</STRONG> (Thumb, 20 bytes, Stack size 0 bytes, stm32f10x_sdio.o(.text))
<BR><BR>[Called By]<UL><LI><a href="#[147]">&gt;&gt;</a>&nbsp;&nbsp;&nbsp;SD_SendSDStatus
<LI><a href="#[13f]">&gt;&gt;</a>&nbsp;&nbsp;&nbsp;CmdError
<LI><a href="#[12c]">&gt;&gt;</a>&nbsp;&nbsp;&nbsp;FindSCR
</UL>

<P><STRONG><a name="[132]"></a>SDIO_ClearFlag</STRONG> (Thumb, 6 bytes, Stack size 0 bytes, stm32f10x_sdio.o(.text))
<BR><BR>[Called By]<UL><LI><a href="#[151]">&gt;&gt;</a>&nbsp;&nbsp;&nbsp;SD_WaitWriteOperation
<LI><a href="#[147]">&gt;&gt;</a>&nbsp;&nbsp;&nbsp;SD_SendSDStatus
<LI><a href="#[153]">&gt;&gt;</a>&nbsp;&nbsp;&nbsp;IsCardProgramming
<LI><a href="#[13f]">&gt;&gt;</a>&nbsp;&nbsp;&nbsp;CmdError
<LI><a href="#[13e]">&gt;&gt;</a>&nbsp;&nbsp;&nbsp;CmdResp7Error
<LI><a href="#[13d]">&gt;&gt;</a>&nbsp;&nbsp;&nbsp;CmdResp3Error
<LI><a href="#[139]">&gt;&gt;</a>&nbsp;&nbsp;&nbsp;CmdResp6Error
<LI><a href="#[138]">&gt;&gt;</a>&nbsp;&nbsp;&nbsp;CmdResp2Error
<LI><a href="#[12c]">&gt;&gt;</a>&nbsp;&nbsp;&nbsp;FindSCR
</UL>

<P><STRONG><a name="[3d3]"></a>SDIO_GetITStatus</STRONG> (Thumb, 20 bytes, Stack size 0 bytes, stm32f10x_sdio.o(.text), UNUSED)

<P><STRONG><a name="[156]"></a>SDIO_ClearITPendingBit</STRONG> (Thumb, 6 bytes, Stack size 0 bytes, stm32f10x_sdio.o(.text))
<BR><BR>[Called By]<UL><LI><a href="#[155]">&gt;&gt;</a>&nbsp;&nbsp;&nbsp;SD_ProcessIRQSrc
</UL>

<P><STRONG><a name="[e3]"></a>SPI_I2S_DeInit</STRONG> (Thumb, 76 bytes, Stack size 8 bytes, stm32f10x_spi.o(.text), UNUSED)
<BR><BR>[Calls]<UL><LI><a href="#[e4]">&gt;&gt;</a>&nbsp;&nbsp;&nbsp;RCC_APB1PeriphResetCmd
<LI><a href="#[df]">&gt;&gt;</a>&nbsp;&nbsp;&nbsp;RCC_APB2PeriphResetCmd
</UL>

<P><STRONG><a name="[10b]"></a>SPI_Init</STRONG> (Thumb, 60 bytes, Stack size 8 bytes, stm32f10x_spi.o(.text))
<BR><BR>[Stack]<UL><LI>Max Depth = 8<LI>Call Chain = SPI_Init
</UL>
<BR>[Called By]<UL><LI><a href="#[10a]">&gt;&gt;</a>&nbsp;&nbsp;&nbsp;SPI_FLASH_Init
</UL>

<P><STRONG><a name="[e5]"></a>I2S_Init</STRONG> (Thumb, 226 bytes, Stack size 56 bytes, stm32f10x_spi.o(.text), UNUSED)
<BR><BR>[Calls]<UL><LI><a href="#[e6]">&gt;&gt;</a>&nbsp;&nbsp;&nbsp;RCC_GetClocksFreq
</UL>

<P><STRONG><a name="[3d4]"></a>SPI_StructInit</STRONG> (Thumb, 24 bytes, Stack size 0 bytes, stm32f10x_spi.o(.text), UNUSED)

<P><STRONG><a name="[3d5]"></a>I2S_StructInit</STRONG> (Thumb, 20 bytes, Stack size 0 bytes, stm32f10x_spi.o(.text), UNUSED)

<P><STRONG><a name="[10c]"></a>SPI_Cmd</STRONG> (Thumb, 24 bytes, Stack size 0 bytes, stm32f10x_spi.o(.text))
<BR><BR>[Called By]<UL><LI><a href="#[10a]">&gt;&gt;</a>&nbsp;&nbsp;&nbsp;SPI_FLASH_Init
</UL>

<P><STRONG><a name="[3d6]"></a>I2S_Cmd</STRONG> (Thumb, 24 bytes, Stack size 0 bytes, stm32f10x_spi.o(.text), UNUSED)

<P><STRONG><a name="[3d7]"></a>SPI_I2S_ITConfig</STRONG> (Thumb, 32 bytes, Stack size 12 bytes, stm32f10x_spi.o(.text), UNUSED)

<P><STRONG><a name="[3d8]"></a>SPI_I2S_DMACmd</STRONG> (Thumb, 18 bytes, Stack size 0 bytes, stm32f10x_spi.o(.text), UNUSED)

<P><STRONG><a name="[105]"></a>SPI_I2S_SendData</STRONG> (Thumb, 4 bytes, Stack size 0 bytes, stm32f10x_spi.o(.text))
<BR><BR>[Called By]<UL><LI><a href="#[117]">&gt;&gt;</a>&nbsp;&nbsp;&nbsp;SPI_FLASH_SendHalfWord
<LI><a href="#[103]">&gt;&gt;</a>&nbsp;&nbsp;&nbsp;SPI_FLASH_SendByte
</UL>

<P><STRONG><a name="[106]"></a>SPI_I2S_ReceiveData</STRONG> (Thumb, 6 bytes, Stack size 0 bytes, stm32f10x_spi.o(.text))
<BR><BR>[Called By]<UL><LI><a href="#[117]">&gt;&gt;</a>&nbsp;&nbsp;&nbsp;SPI_FLASH_SendHalfWord
<LI><a href="#[103]">&gt;&gt;</a>&nbsp;&nbsp;&nbsp;SPI_FLASH_SendByte
</UL>

<P><STRONG><a name="[3d9]"></a>SPI_NSSInternalSoftwareConfig</STRONG> (Thumb, 30 bytes, Stack size 0 bytes, stm32f10x_spi.o(.text), UNUSED)

<P><STRONG><a name="[3da]"></a>SPI_SSOutputCmd</STRONG> (Thumb, 24 bytes, Stack size 0 bytes, stm32f10x_spi.o(.text), UNUSED)

<P><STRONG><a name="[3db]"></a>SPI_DataSizeConfig</STRONG> (Thumb, 18 bytes, Stack size 0 bytes, stm32f10x_spi.o(.text), UNUSED)

<P><STRONG><a name="[3dc]"></a>SPI_TransmitCRC</STRONG> (Thumb, 10 bytes, Stack size 0 bytes, stm32f10x_spi.o(.text), UNUSED)

<P><STRONG><a name="[3dd]"></a>SPI_CalculateCRC</STRONG> (Thumb, 24 bytes, Stack size 0 bytes, stm32f10x_spi.o(.text), UNUSED)

<P><STRONG><a name="[3de]"></a>SPI_GetCRC</STRONG> (Thumb, 16 bytes, Stack size 0 bytes, stm32f10x_spi.o(.text), UNUSED)

<P><STRONG><a name="[3df]"></a>SPI_GetCRCPolynomial</STRONG> (Thumb, 6 bytes, Stack size 0 bytes, stm32f10x_spi.o(.text), UNUSED)

<P><STRONG><a name="[3e0]"></a>SPI_BiDirectionalLineConfig</STRONG> (Thumb, 28 bytes, Stack size 0 bytes, stm32f10x_spi.o(.text), UNUSED)

<P><STRONG><a name="[104]"></a>SPI_I2S_GetFlagStatus</STRONG> (Thumb, 18 bytes, Stack size 0 bytes, stm32f10x_spi.o(.text))
<BR><BR>[Called By]<UL><LI><a href="#[117]">&gt;&gt;</a>&nbsp;&nbsp;&nbsp;SPI_FLASH_SendHalfWord
<LI><a href="#[103]">&gt;&gt;</a>&nbsp;&nbsp;&nbsp;SPI_FLASH_SendByte
</UL>

<P><STRONG><a name="[3e1]"></a>SPI_I2S_ClearFlag</STRONG> (Thumb, 6 bytes, Stack size 0 bytes, stm32f10x_spi.o(.text), UNUSED)

<P><STRONG><a name="[3e2]"></a>SPI_I2S_GetITStatus</STRONG> (Thumb, 52 bytes, Stack size 20 bytes, stm32f10x_spi.o(.text), UNUSED)

<P><STRONG><a name="[3e3]"></a>SPI_I2S_ClearITPendingBit</STRONG> (Thumb, 20 bytes, Stack size 8 bytes, stm32f10x_spi.o(.text), UNUSED)

<P><STRONG><a name="[e7]"></a>USART_DeInit</STRONG> (Thumb, 134 bytes, Stack size 8 bytes, stm32f10x_usart.o(.text), UNUSED)
<BR><BR>[Calls]<UL><LI><a href="#[e4]">&gt;&gt;</a>&nbsp;&nbsp;&nbsp;RCC_APB1PeriphResetCmd
<LI><a href="#[df]">&gt;&gt;</a>&nbsp;&nbsp;&nbsp;RCC_APB2PeriphResetCmd
</UL>

<P><STRONG><a name="[e8]"></a>USART_Init</STRONG> (Thumb, 210 bytes, Stack size 56 bytes, stm32f10x_usart.o(.text))
<BR><BR>[Stack]<UL><LI>Max Depth = 68<LI>Call Chain = USART_Init &rArr; RCC_GetClocksFreq
</UL>
<BR>[Calls]<UL><LI><a href="#[e6]">&gt;&gt;</a>&nbsp;&nbsp;&nbsp;RCC_GetClocksFreq
</UL>
<BR>[Called By]<UL><LI><a href="#[ee]">&gt;&gt;</a>&nbsp;&nbsp;&nbsp;Debug_USART_Config
</UL>

<P><STRONG><a name="[3e4]"></a>USART_StructInit</STRONG> (Thumb, 24 bytes, Stack size 0 bytes, stm32f10x_usart.o(.text), UNUSED)

<P><STRONG><a name="[3e5]"></a>USART_ClockInit</STRONG> (Thumb, 34 bytes, Stack size 8 bytes, stm32f10x_usart.o(.text), UNUSED)

<P><STRONG><a name="[3e6]"></a>USART_ClockStructInit</STRONG> (Thumb, 12 bytes, Stack size 0 bytes, stm32f10x_usart.o(.text), UNUSED)

<P><STRONG><a name="[f9]"></a>USART_Cmd</STRONG> (Thumb, 24 bytes, Stack size 0 bytes, stm32f10x_usart.o(.text))
<BR><BR>[Called By]<UL><LI><a href="#[ee]">&gt;&gt;</a>&nbsp;&nbsp;&nbsp;Debug_USART_Config
</UL>

<P><STRONG><a name="[3e7]"></a>USART_ITConfig</STRONG> (Thumb, 74 bytes, Stack size 20 bytes, stm32f10x_usart.o(.text), UNUSED)

<P><STRONG><a name="[3e8]"></a>USART_DMACmd</STRONG> (Thumb, 18 bytes, Stack size 0 bytes, stm32f10x_usart.o(.text), UNUSED)

<P><STRONG><a name="[3e9]"></a>USART_SetAddress</STRONG> (Thumb, 18 bytes, Stack size 0 bytes, stm32f10x_usart.o(.text), UNUSED)

<P><STRONG><a name="[3ea]"></a>USART_WakeUpConfig</STRONG> (Thumb, 18 bytes, Stack size 0 bytes, stm32f10x_usart.o(.text), UNUSED)

<P><STRONG><a name="[3eb]"></a>USART_ReceiverWakeUpCmd</STRONG> (Thumb, 24 bytes, Stack size 0 bytes, stm32f10x_usart.o(.text), UNUSED)

<P><STRONG><a name="[3ec]"></a>USART_LINBreakDetectLengthConfig</STRONG> (Thumb, 18 bytes, Stack size 0 bytes, stm32f10x_usart.o(.text), UNUSED)

<P><STRONG><a name="[3ed]"></a>USART_LINCmd</STRONG> (Thumb, 24 bytes, Stack size 0 bytes, stm32f10x_usart.o(.text), UNUSED)

<P><STRONG><a name="[fb]"></a>USART_SendData</STRONG> (Thumb, 8 bytes, Stack size 0 bytes, stm32f10x_usart.o(.text))
<BR><BR>[Called By]<UL><LI><a href="#[be]">&gt;&gt;</a>&nbsp;&nbsp;&nbsp;fputc
<LI><a href="#[ff]">&gt;&gt;</a>&nbsp;&nbsp;&nbsp;Usart_SendHalfWord
<LI><a href="#[fa]">&gt;&gt;</a>&nbsp;&nbsp;&nbsp;Usart_SendByte
</UL>

<P><STRONG><a name="[101]"></a>USART_ReceiveData</STRONG> (Thumb, 10 bytes, Stack size 0 bytes, stm32f10x_usart.o(.text), UNUSED)
<BR><BR>[Called By]<UL><LI><a href="#[100]">&gt;&gt;</a>&nbsp;&nbsp;&nbsp;fgetc
</UL>

<P><STRONG><a name="[3ee]"></a>USART_SendBreak</STRONG> (Thumb, 10 bytes, Stack size 0 bytes, stm32f10x_usart.o(.text), UNUSED)

<P><STRONG><a name="[3ef]"></a>USART_SetGuardTime</STRONG> (Thumb, 16 bytes, Stack size 0 bytes, stm32f10x_usart.o(.text), UNUSED)

<P><STRONG><a name="[3f0]"></a>USART_SetPrescaler</STRONG> (Thumb, 16 bytes, Stack size 0 bytes, stm32f10x_usart.o(.text), UNUSED)

<P><STRONG><a name="[3f1]"></a>USART_SmartCardCmd</STRONG> (Thumb, 24 bytes, Stack size 0 bytes, stm32f10x_usart.o(.text), UNUSED)

<P><STRONG><a name="[3f2]"></a>USART_SmartCardNACKCmd</STRONG> (Thumb, 24 bytes, Stack size 0 bytes, stm32f10x_usart.o(.text), UNUSED)

<P><STRONG><a name="[3f3]"></a>USART_HalfDuplexCmd</STRONG> (Thumb, 24 bytes, Stack size 0 bytes, stm32f10x_usart.o(.text), UNUSED)

<P><STRONG><a name="[3f4]"></a>USART_OverSampling8Cmd</STRONG> (Thumb, 22 bytes, Stack size 0 bytes, stm32f10x_usart.o(.text), UNUSED)

<P><STRONG><a name="[3f5]"></a>USART_OneBitMethodCmd</STRONG> (Thumb, 24 bytes, Stack size 0 bytes, stm32f10x_usart.o(.text), UNUSED)

<P><STRONG><a name="[3f6]"></a>USART_IrDAConfig</STRONG> (Thumb, 18 bytes, Stack size 0 bytes, stm32f10x_usart.o(.text), UNUSED)

<P><STRONG><a name="[3f7]"></a>USART_IrDACmd</STRONG> (Thumb, 24 bytes, Stack size 0 bytes, stm32f10x_usart.o(.text), UNUSED)

<P><STRONG><a name="[fc]"></a>USART_GetFlagStatus</STRONG> (Thumb, 26 bytes, Stack size 0 bytes, stm32f10x_usart.o(.text))
<BR><BR>[Called By]<UL><LI><a href="#[100]">&gt;&gt;</a>&nbsp;&nbsp;&nbsp;fgetc
<LI><a href="#[be]">&gt;&gt;</a>&nbsp;&nbsp;&nbsp;fputc
<LI><a href="#[ff]">&gt;&gt;</a>&nbsp;&nbsp;&nbsp;Usart_SendHalfWord
<LI><a href="#[fe]">&gt;&gt;</a>&nbsp;&nbsp;&nbsp;Usart_SendString
<LI><a href="#[fd]">&gt;&gt;</a>&nbsp;&nbsp;&nbsp;Usart_SendArray
<LI><a href="#[fa]">&gt;&gt;</a>&nbsp;&nbsp;&nbsp;Usart_SendByte
</UL>

<P><STRONG><a name="[3f8]"></a>USART_ClearFlag</STRONG> (Thumb, 18 bytes, Stack size 0 bytes, stm32f10x_usart.o(.text), UNUSED)

<P><STRONG><a name="[3f9]"></a>USART_GetITStatus</STRONG> (Thumb, 84 bytes, Stack size 16 bytes, stm32f10x_usart.o(.text), UNUSED)

<P><STRONG><a name="[3fa]"></a>USART_ClearITPendingBit</STRONG> (Thumb, 52 bytes, Stack size 8 bytes, stm32f10x_usart.o(.text), UNUSED)

<P><STRONG><a name="[46]"></a>main</STRONG> (Thumb, 50 bytes, Stack size 16 bytes, main.o(.text))
<BR><BR>[Stack]<UL><LI>Max Depth = 192<LI>Call Chain = main &rArr; vTaskStartScheduler &rArr; xTaskCreate &rArr; pvPortMalloc &rArr; xTaskResumeAll &rArr; xTaskIncrementTick &rArr; __2printf
</UL>
<BR>[Calls]<UL><LI><a href="#[f3]">&gt;&gt;</a>&nbsp;&nbsp;&nbsp;xTaskCreate
<LI><a href="#[f4]">&gt;&gt;</a>&nbsp;&nbsp;&nbsp;vTaskStartScheduler
<LI><a href="#[ec]">&gt;&gt;</a>&nbsp;&nbsp;&nbsp;BSP_Init
</UL>
<BR>[Address Reference Count : 1]<UL><LI> entry9a.o(.ARM.Collect$$$$0000000B)
</UL>
<P><STRONG><a name="[1]"></a>NMI_Handler</STRONG> (Thumb, 2 bytes, Stack size 0 bytes, stm32f10x_it.o(.text))
[...]
<BR><BR>[Stack]<UL><LI>Max Depth = 32<LI>Call Chain = __draw_bitmap_LUT8
</UL>
<BR>[Address Reference Count : 1]<UL><LI> gl_mem_16bpp.o(i.GL_MEM_16BPP_Init)
</UL>
<P><STRONG><a name="[78]"></a>__draw_bitmap_RGB332</STRONG> (Thumb, 134 bytes, Stack size 72 bytes, gl_mem_16bpp.o(i.__draw_bitmap_RGB332))
<BR><BR>[Stack]<UL><LI>Max Depth = 92<LI>Call Chain = __draw_bitmap_RGB332 &rArr; GPU_DrawBitmap
</UL>
<BR>[Calls]<UL><LI><a href="#[362]">&gt;&gt;</a>&nbsp;&nbsp;&nbsp;GPU_DrawBitmap
</UL>
<BR>[Address Reference Count : 1]<UL><LI> gl_mem_16bpp.o(i.GL_MEM_16BPP_Init)
</UL>
<P><STRONG><a name="[79]"></a>__draw_bitmap_RGB565</STRONG> (Thumb, 202 bytes, Stack size 72 bytes, gl_mem_16bpp.o(i.__draw_bitmap_RGB565))
<BR><BR>[Stack]<UL><LI>Max Depth = 92<LI>Call Chain = __draw_bitmap_RGB565 &rArr; GPU_DrawBitmap
</UL>
<BR>[Calls]<UL><LI><a href="#[362]">&gt;&gt;</a>&nbsp;&nbsp;&nbsp;GPU_DrawBitmap
<LI><a href="#[17b]">&gt;&gt;</a>&nbsp;&nbsp;&nbsp;__aeabi_memcpy
</UL>
<BR>[Address Reference Count : 1]<UL><LI> gl_mem_16bpp.o(i.GL_MEM_16BPP_Init)
</UL>
<P><STRONG><a name="[7d]"></a>__draw_bitmap_RGB888</STRONG> (Thumb, 148 bytes, Stack size 72 bytes, gl_mem_16bpp.o(i.__draw_bitmap_RGB888))
<BR><BR>[Stack]<UL><LI>Max Depth = 92<LI>Call Chain = __draw_bitmap_RGB888 &rArr; GPU_DrawBitmap
</UL>
<BR>[Calls]<UL><LI><a href="#[362]">&gt;&gt;</a>&nbsp;&nbsp;&nbsp;GPU_DrawBitmap
</UL>
<BR>[Address Reference Count : 1]<UL><LI> gl_mem_16bpp.o(i.GL_MEM_16BPP_Init)
</UL>
<P><STRONG><a name="[7a]"></a>__draw_bitmap_XRGB1555</STRONG> (Thumb, 134 bytes, Stack size 72 bytes, gl_mem_16bpp.o(i.__draw_bitmap_XRGB1555))
<BR><BR>[Stack]<UL><LI>Max Depth = 92<LI>Call Chain = __draw_bitmap_XRGB1555 &rArr; GPU_DrawBitmap
</UL>
<BR>[Calls]<UL><LI><a href="#[362]">&gt;&gt;</a>&nbsp;&nbsp;&nbsp;GPU_DrawBitmap
</UL>
<BR>[Address Reference Count : 1]<UL><LI> gl_mem_16bpp.o(i.GL_MEM_16BPP_Init)
</UL>
<P><STRONG><a name="[7e]"></a>__draw_bitmap_XRGB8888</STRONG> (Thumb, 148 bytes, Stack size 72 bytes, gl_mem_16bpp.o(i.__draw_bitmap_XRGB8888))
<BR><BR>[Stack]<UL><LI>Max Depth = 92<LI>Call Chain = __draw_bitmap_XRGB8888 &rArr; GPU_DrawBitmap
</UL>
<BR>[Calls]<UL><LI><a href="#[362]">&gt;&gt;</a>&nbsp;&nbsp;&nbsp;GPU_DrawBitmap
</UL>
<BR>[Address Reference Count : 1]<UL><LI> gl_mem_16bpp.o(i.GL_MEM_16BPP_Init)
</UL>
<P><STRONG><a name="[6f]"></a>__draw_hline</STRONG> (Thumb, 30 bytes, Stack size 8 bytes, gl_mem_16bpp.o(i.__draw_hline))
<BR><BR>[Stack]<UL><LI>Max Depth = 8<LI>Call Chain = __draw_hline
</UL>
<BR>[Calls]<UL><LI><a href="#[312]">&gt;&gt;</a>&nbsp;&nbsp;&nbsp;GUI_memset16
</UL>
<BR>[Address Reference Count : 1]<UL><LI> gl_mem_16bpp.o(i.GL_MEM_16BPP_Init)
</UL>
<P><STRONG><a name="[70]"></a>__draw_vline</STRONG> (Thumb, 34 bytes, Stack size 8 bytes, gl_mem_16bpp.o(i.__draw_vline))
<BR><BR>[Stack]<UL><LI>Max Depth = 12<LI>Call Chain = __draw_vline &rArr; GUI_memset16_step
</UL>
<BR>[Calls]<UL><LI><a href="#[366]">&gt;&gt;</a>&nbsp;&nbsp;&nbsp;GUI_memset16_step
</UL>
<BR>[Address Reference Count : 1]<UL><LI> gl_mem_16bpp.o(i.GL_MEM_16BPP_Init)
</UL>
<P><STRONG><a name="[71]"></a>__fill_rect</STRONG> (Thumb, 90 bytes, Stack size 40 bytes, gl_mem_16bpp.o(i.__fill_rect))
<BR><BR>[Stack]<UL><LI>Max Depth = 56<LI>Call Chain = __fill_rect &rArr; GPU_FillRect
</UL>
<BR>[Calls]<UL><LI><a href="#[368]">&gt;&gt;</a>&nbsp;&nbsp;&nbsp;GPU_FillRect
<LI><a href="#[312]">&gt;&gt;</a>&nbsp;&nbsp;&nbsp;GUI_memset16
</UL>
<BR>[Address Reference Count : 1]<UL><LI> gl_mem_16bpp.o(i.GL_MEM_16BPP_Init)
</UL>
<P><STRONG><a name="[72]"></a>__fill_rect_ARGB</STRONG> (Thumb, 120 bytes, Stack size 72 bytes, gl_mem_16bpp.o(i.__fill_rect_ARGB))
<BR><BR>[Stack]<UL><LI>Max Depth = 128<LI>Call Chain = __fill_rect_ARGB &rArr; __blend_argb
</UL>
<BR>[Calls]<UL><LI><a href="#[369]">&gt;&gt;</a>&nbsp;&nbsp;&nbsp;GPU_FillRectARGB
<LI><a href="#[360]">&gt;&gt;</a>&nbsp;&nbsp;&nbsp;__blend_argb
</UL>
<BR>[Address Reference Count : 1]<UL><LI> gl_mem_16bpp.o(i.GL_MEM_16BPP_Init)
</UL>
<P><STRONG><a name="[6c]"></a>__get_pixel</STRONG> (Thumb, 14 bytes, Stack size 0 bytes, gl_mem_16bpp.o(i.__get_pixel))
<BR>[Address Reference Count : 1]<UL><LI> gl_mem_16bpp.o(i.GL_MEM_16BPP_Init)
</UL>
<P><STRONG><a name="[85]"></a>__rotate_bitmap</STRONG> (Thumb, 1546 bytes, Stack size 208 bytes, gl_mem_16bpp.o(i.__rotate_bitmap))
<BR><BR>[Stack]<UL><LI>Max Depth = 456<LI>Call Chain = __rotate_bitmap &rArr; sin &rArr; __ieee754_rem_pio2 &rArr; __aeabi_dsub &rArr; __aeabi_dadd &rArr; _double_epilogue &rArr; _double_round
</UL>
<BR>[Calls]<UL><LI><a href="#[362]">&gt;&gt;</a>&nbsp;&nbsp;&nbsp;GPU_DrawBitmap
<LI><a href="#[34a]">&gt;&gt;</a>&nbsp;&nbsp;&nbsp;__aeabi_fmul
<LI><a href="#[30e]">&gt;&gt;</a>&nbsp;&nbsp;&nbsp;__aeabi_f2iz
<LI><a href="#[294]">&gt;&gt;</a>&nbsp;&nbsp;&nbsp;__aeabi_i2f
<LI><a href="#[30c]">&gt;&gt;</a>&nbsp;&nbsp;&nbsp;__aeabi_f2d
<LI><a href="#[298]">&gt;&gt;</a>&nbsp;&nbsp;&nbsp;__aeabi_d2f
<LI><a href="#[363]">&gt;&gt;</a>&nbsp;&nbsp;&nbsp;ARGB4444_GetARGB
<LI><a href="#[373]">&gt;&gt;</a>&nbsp;&nbsp;&nbsp;__ARM_scalbnf
<LI><a href="#[374]">&gt;&gt;</a>&nbsp;&nbsp;&nbsp;GUI_MakeBilinearXRGB8888ii
<LI><a href="#[375]">&gt;&gt;</a>&nbsp;&nbsp;&nbsp;GUI_MakeBilinearARGB8888ii
<LI><a href="#[28b]">&gt;&gt;</a>&nbsp;&nbsp;&nbsp;__aeabi_fdiv
<LI><a href="#[30d]">&gt;&gt;</a>&nbsp;&nbsp;&nbsp;sin
<LI><a href="#[30b]">&gt;&gt;</a>&nbsp;&nbsp;&nbsp;cos
<LI><a href="#[360]">&gt;&gt;</a>&nbsp;&nbsp;&nbsp;__blend_argb
</UL>
<BR>[Address Reference Count : 1]<UL><LI> gl_mem_16bpp.o(i.GL_MEM_16BPP_Init)
</UL>
<P><STRONG><a name="[84]"></a>__scale_bitmap</STRONG> (Thumb, 788 bytes, Stack size 112 bytes, gl_mem_16bpp.o(i.__scale_bitmap))
<BR><BR>[Stack]<UL><LI>Max Depth = 168<LI>Call Chain = __scale_bitmap &rArr; __blend_argb
</UL>
<BR>[Calls]<UL><LI><a href="#[376]">&gt;&gt;</a>&nbsp;&nbsp;&nbsp;GPU_ScaleBitmap
<LI><a href="#[374]">&gt;&gt;</a>&nbsp;&nbsp;&nbsp;GUI_MakeBilinearXRGB8888ii
<LI><a href="#[375]">&gt;&gt;</a>&nbsp;&nbsp;&nbsp;GUI_MakeBilinearARGB8888ii
<LI><a href="#[360]">&gt;&gt;</a>&nbsp;&nbsp;&nbsp;__blend_argb
</UL>
<BR>[Address Reference Count : 1]<UL><LI> gl_mem_16bpp.o(i.GL_MEM_16BPP_Init)
</UL>
<P><STRONG><a name="[6b]"></a>__set_pixel</STRONG> (Thumb, 16 bytes, Stack size 0 bytes, gl_mem_16bpp.o(i.__set_pixel))
<BR>[Address Reference Count : 1]<UL><LI> gl_mem_16bpp.o(i.GL_MEM_16BPP_Init)
</UL>
<P><STRONG><a name="[6e]"></a>__set_pixel_ARGB</STRONG> (Thumb, 74 bytes, Stack size 32 bytes, gl_mem_16bpp.o(i.__set_pixel_ARGB))
<BR><BR>[Stack]<UL><LI>Max Depth = 88<LI>Call Chain = __set_pixel_ARGB &rArr; __blend_argb
</UL>
<BR>[Calls]<UL><LI><a href="#[360]">&gt;&gt;</a>&nbsp;&nbsp;&nbsp;__blend_argb
</UL>
<BR>[Address Reference Count : 1]<UL><LI> gl_mem_16bpp.o(i.GL_MEM_16BPP_Init)
</UL>
<P><STRONG><a name="[6a]"></a>__set_pos</STRONG> (Thumb, 14 bytes, Stack size 0 bytes, gl_mem_16bpp.o(i.__set_pos))
<BR>[Address Reference Count : 1]<UL><LI> gl_mem_16bpp.o(i.GL_MEM_16BPP_Init)
</UL>
<P><STRONG><a name="[6d]"></a>__xor_pixel</STRONG> (Thumb, 24 bytes, Stack size 0 bytes, gl_mem_16bpp.o(i.__xor_pixel))
<BR>[Address Reference Count : 1]<UL><LI> gl_mem_16bpp.o(i.GL_MEM_16BPP_Init)
</UL>
<P><STRONG><a name="[361]"></a>__blend_argb</STRONG> (Thumb, 208 bytes, Stack size 56 bytes, gl_mem_32bpp.o(i.__blend_argb))
<BR><BR>[Stack]<UL><LI>Max Depth = 56<LI>Call Chain = __blend_argb
</UL>
<BR>[Called By]<UL><LI><a href="#[8a]">&gt;&gt;</a>&nbsp;&nbsp;&nbsp;__set_pixel_ARGB
<LI><a href="#[a0]">&gt;&gt;</a>&nbsp;&nbsp;&nbsp;__scale_bitmap
<LI><a href="#[a1]">&gt;&gt;</a>&nbsp;&nbsp;&nbsp;__rotate_bitmap
<LI><a href="#[8e]">&gt;&gt;</a>&nbsp;&nbsp;&nbsp;__fill_rect_ARGB
<LI><a href="#[9b]">&gt;&gt;</a>&nbsp;&nbsp;&nbsp;__draw_bitmap_ARGB8888
<LI><a href="#[98]">&gt;&gt;</a>&nbsp;&nbsp;&nbsp;__draw_bitmap_ARGB4444
<LI><a href="#[9f]">&gt;&gt;</a>&nbsp;&nbsp;&nbsp;__draw_bitmap_AL8
<LI><a href="#[9e]">&gt;&gt;</a>&nbsp;&nbsp;&nbsp;__draw_bitmap_AL4
<LI><a href="#[9d]">&gt;&gt;</a>&nbsp;&nbsp;&nbsp;__draw_bitmap_AL2
</UL>

<P><STRONG><a name="[8f]"></a>__copy_bits</STRONG> (Thumb, 92 bytes, Stack size 48 bytes, gl_mem_32bpp.o(i.__copy_bits))
<BR><BR>[Stack]<UL><LI>Max Depth = 68<LI>Call Chain = __copy_bits &rArr; GPU_CopyBits
</UL>
<BR>[Calls]<UL><LI><a href="#[35e]">&gt;&gt;</a>&nbsp;&nbsp;&nbsp;GPU_CopyBits
<LI><a href="#[17b]">&gt;&gt;</a>&nbsp;&nbsp;&nbsp;__aeabi_memcpy
</UL>
<BR>[Address Reference Count : 1]<UL><LI> gl_mem_32bpp.o(i.GL_MEM_32BPP_Init)
</UL>
<P><STRONG><a name="[9c]"></a>__draw_bitmap_AL1</STRONG> (Thumb, 268 bytes, Stack size 52 bytes, gl_mem_32bpp.o(i.__draw_bitmap_AL1))
<BR><BR>[Stack]<UL><LI>Max Depth = 52<LI>Call Chain = __draw_bitmap_AL1
</UL>
<BR>[Address Reference Count : 1]<UL><LI> gl_mem_32bpp.o(i.GL_MEM_32BPP_Init)
</UL>
<P><STRONG><a name="[9d]"></a>__draw_bitmap_AL2</STRONG> (Thumb, 384 bytes, Stack size 72 bytes, gl_mem_32bpp.o(i.__draw_bitmap_AL2))
<BR><BR>[Stack]<UL><LI>Max Depth = 128<LI>Call Chain = __draw_bitmap_AL2 &rArr; __blend_argb
</UL>
<BR>[Calls]<UL><LI><a href="#[361]">&gt;&gt;</a>&nbsp;&nbsp;&nbsp;__blend_argb
</UL>
<BR>[Address Reference Count : 1]<UL><LI> gl_mem_32bpp.o(i.GL_MEM_32BPP_Init)
</UL>
<P><STRONG><a name="[9e]"></a>__draw_bitmap_AL4</STRONG> (Thumb, 232 bytes, Stack size 72 bytes, gl_mem_32bpp.o(i.__draw_bitmap_AL4))
<BR><BR>[Stack]<UL><LI>Max Depth = 128<LI>Call Chain = __draw_bitmap_AL4 &rArr; __blend_argb
</UL>
<BR>[Calls]<UL><LI><a href="#[361]">&gt;&gt;</a>&nbsp;&nbsp;&nbsp;__blend_argb
</UL>
<BR>[Address Reference Count : 1]<UL><LI> gl_mem_32bpp.o(i.GL_MEM_32BPP_Init)
</UL>
<P><STRONG><a name="[9f]"></a>__draw_bitmap_AL8</STRONG> (Thumb, 138 bytes, Stack size 72 bytes, gl_mem_32bpp.o(i.__draw_bitmap_AL8))
<BR><BR>[Stack]<UL><LI>Max Depth = 128<LI>Call Chain = __draw_bitmap_AL8 &rArr; __blend_argb
</UL>
<BR>[Calls]<UL><LI><a href="#[361]">&gt;&gt;</a>&nbsp;&nbsp;&nbsp;__blend_argb
</UL>
<BR>[Address Reference Count : 1]<UL><LI> gl_mem_32bpp.o(i.GL_MEM_32BPP_Init)
</UL>
<P><STRONG><a name="[97]"></a>__draw_bitmap_ARGB1555</STRONG> (Thumb, 144 bytes, Stack size 72 bytes, gl_mem_32bpp.o(i.__draw_bitmap_ARGB1555))
<BR><BR>[Stack]<UL><LI>Max Depth = 92<LI>Call Chain = __draw_bitmap_ARGB1555 &rArr; GPU_DrawBitmap
</UL>
<BR>[Calls]<UL><LI><a href="#[362]">&gt;&gt;</a>&nbsp;&nbsp;&nbsp;GPU_DrawBitmap
</UL>
<BR>[Address Reference Count : 1]<UL><LI> gl_mem_32bpp.o(i.GL_MEM_32BPP_Init)
</UL>
<P><STRONG><a name="[98]"></a>__draw_bitmap_ARGB4444</STRONG> (Thumb, 200 bytes, Stack size 88 bytes, gl_mem_32bpp.o(i.__draw_bitmap_ARGB4444))
<BR><BR>[Stack]<UL><LI>Max Depth = 144<LI>Call Chain = __draw_bitmap_ARGB4444 &rArr; __blend_argb
</UL>
<BR>[Calls]<UL><LI><a href="#[362]">&gt;&gt;</a>&nbsp;&nbsp;&nbsp;GPU_DrawBitmap
<LI><a href="#[363]">&gt;&gt;</a>&nbsp;&nbsp;&nbsp;ARGB4444_GetARGB
<LI><a href="#[361]">&gt;&gt;</a>&nbsp;&nbsp;&nbsp;__blend_argb
</UL>
<BR>[Address Reference Count : 1]<UL><LI> gl_mem_32bpp.o(i.GL_MEM_32BPP_Init)
</UL>
<P><STRONG><a name="[9b]"></a>__draw_bitmap_ARGB8888</STRONG> (Thumb, 192 bytes, Stack size 72 bytes, gl_mem_32bpp.o(i.__draw_bitmap_ARGB8888))
<BR><BR>[Stack]<UL><LI>Max Depth = 128<LI>Call Chain = __draw_bitmap_ARGB8888 &rArr; __blend_argb
</UL>
<BR>[Calls]<UL><LI><a href="#[362]">&gt;&gt;</a>&nbsp;&nbsp;&nbsp;GPU_DrawBitmap
<LI><a href="#[361]">&gt;&gt;</a>&nbsp;&nbsp;&nbsp;__blend_argb
</UL>
<BR>[Address Reference Count : 1]<UL><LI> gl_mem_32bpp.o(i.GL_MEM_32BPP_Init)
</UL>
<P><STRONG><a name="[90]"></a>__draw_bitmap_LUT1</STRONG> (Thumb, 274 bytes, Stack size 52 bytes, gl_mem_32bpp.o(i.__draw_bitmap_LUT1))
<BR><BR>[Stack]<UL><LI>Max Depth = 52<LI>Call Chain = __draw_bitmap_LUT1
</UL>
<BR>[Address Reference Count : 1]<UL><LI> gl_mem_32bpp.o(i.GL_MEM_32BPP_Init)
</UL>
<P><STRONG><a name="[91]"></a>__draw_bitmap_LUT2</STRONG> (Thumb, 2 bytes, Stack size 0 bytes, gl_mem_32bpp.o(i.__draw_bitmap_LUT2))
<BR>[Address Reference Count : 1]<UL><LI> gl_mem_32bpp.o(i.GL_MEM_32BPP_Init)
</UL>
<P><STRONG><a name="[92]"></a>__draw_bitmap_LUT4</STRONG> (Thumb, 130 bytes, Stack size 52 bytes, gl_mem_32bpp.o(i.__draw_bitmap_LUT4))
<BR><BR>[Stack]<UL><LI>Max Depth = 52<LI>Call Chain = __draw_bitmap_LUT4
</UL>
<BR>[Address Reference Count : 1]<UL><LI> gl_mem_32bpp.o(i.GL_MEM_32BPP_Init)
</UL>
<P><STRONG><a name="[93]"></a>__draw_bitmap_LUT8</STRONG> (Thumb, 80 bytes, Stack size 32 bytes, gl_mem_32bpp.o(i.__draw_bitmap_LUT8))
<BR><BR>[Stack]<UL><LI>Max Depth = 32<LI>Call Chain = __draw_bitmap_LUT8
</UL>
<BR>[Address Reference Count : 1]<UL><LI> gl_mem_32bpp.o(i.GL_MEM_32BPP_Init)
</UL>
<P><STRONG><a name="[94]"></a>__draw_bitmap_RGB332</STRONG> (Thumb, 134 bytes, Stack size 72 bytes, gl_mem_32bpp.o(i.__draw_bitmap_RGB332))
<BR><BR>[Stack]<UL><LI>Max Depth = 92<LI>Call Chain = __draw_bitmap_RGB332 &rArr; GPU_DrawBitmap
</UL>
<BR>[Calls]<UL><LI><a href="#[362]">&gt;&gt;</a>&nbsp;&nbsp;&nbsp;GPU_DrawBitmap
</UL>
<BR>[Address Reference Count : 1]<UL><LI> gl_mem_32bpp.o(i.GL_MEM_32BPP_Init)
</UL>
<P><STRONG><a name="[95]"></a>__draw_bitmap_RGB565</STRONG> (Thumb, 134 bytes, Stack size 72 bytes, gl_mem_32bpp.o(i.__draw_bitmap_RGB565))
<BR><BR>[Stack]<UL><LI>Max Depth = 92<LI>Call Chain = __draw_bitmap_RGB565 &rArr; GPU_DrawBitmap
</UL>
<BR>[Calls]<UL><LI><a href="#[362]">&gt;&gt;</a>&nbsp;&nbsp;&nbsp;GPU_DrawBitmap
</UL>
<BR>[Address Reference Count : 1]<UL><LI> gl_mem_32bpp.o(i.GL_MEM_32BPP_Init)
</UL>
<P><STRONG><a name="[99]"></a>__draw_bitmap_RGB888</STRONG> (Thumb, 148 bytes, Stack size 72 bytes, gl_mem_32bpp.o(i.__draw_bitmap_RGB888))
<BR><BR>[Stack]<UL><LI>Max Depth = 92<LI>Call Chain = __draw_bitmap_RGB888 &rArr; GPU_DrawBitmap
</UL>
<BR>[Calls]<UL><LI><a href="#[362]">&gt;&gt;</a>&nbsp;&nbsp;&nbsp;GPU_DrawBitmap
</UL>
<BR>[Address Reference Count : 1]<UL><LI> gl_mem_32bpp.o(i.GL_MEM_32BPP_Init)
</UL>
<P><STRONG><a name="[96]"></a>__draw_bitmap_XRGB1555</STRONG> (Thumb, 134 bytes, Stack size 72 bytes, gl_mem_32bpp.o(i.__draw_bitmap_XRGB1555))
<BR><BR>[Stack]<UL><LI>Max Depth = 92<LI>Call Chain = __draw_bitmap_XRGB1555 &rArr; GPU_DrawBitmap
</UL>
<BR>[Calls]<UL><LI><a href="#[362]">&gt;&gt;</a>&nbsp;&nbsp;&nbsp;GPU_DrawBitmap
</UL>
<BR>[Address Reference Count : 1]<UL><LI> gl_mem_32bpp.o(i.GL_MEM_32BPP_Init)
</UL>
<P><STRONG><a name="[9a]"></a>__draw_bitmap_XRGB8888</STRONG> (Thumb, 222 bytes, Stack size 72 bytes, gl_mem_32bpp.o(i.__draw_bitmap_XRGB8888))
<BR><BR>[Stack]<UL><LI>Max Depth = 92<LI>Call Chain = __draw_bitmap_XRGB8888 &rArr; GPU_DrawBitmap
</UL>
<BR>[Calls]<UL><LI><a href="#[362]">&gt;&gt;</a>&nbsp;&nbsp;&nbsp;GPU_DrawBitmap
<LI><a href="#[17b]">&gt;&gt;</a>&nbsp;&nbsp;&nbsp;__aeabi_memcpy
</UL>
<BR>[Address Reference Count : 1]<UL><LI> gl_mem_32bpp.o(i.GL_MEM_32BPP_Init)
</UL>
<P><STRONG><a name="[8b]"></a>__draw_hline</STRONG> (Thumb, 28 bytes, Stack size 8 bytes, gl_mem_32bpp.o(i.__draw_hline))
<BR><BR>[Stack]<UL><LI>Max Depth = 8<LI>Call Chain = __draw_hline
</UL>
<BR>[Calls]<UL><LI><a href="#[365]">&gt;&gt;</a>&nbsp;&nbsp;&nbsp;GUI_memset32
</UL>
<BR>[Address Reference Count : 1]<UL><LI> gl_mem_32bpp.o(i.GL_MEM_32BPP_Init)
</UL>
<P><STRONG><a name="[8c]"></a>__draw_vline</STRONG> (Thumb, 32 bytes, Stack size 8 bytes, gl_mem_32bpp.o(i.__draw_vline))
<BR><BR>[Stack]<UL><LI>Max Depth = 12<LI>Call Chain = __draw_vline &rArr; GUI_memset32_step
</UL>
<BR>[Calls]<UL><LI><a href="#[367]">&gt;&gt;</a>&nbsp;&nbsp;&nbsp;GUI_memset32_step
</UL>
<BR>[Address Reference Count : 1]<UL><LI> gl_mem_32bpp.o(i.GL_MEM_32BPP_Init)
</UL>
<P><STRONG><a name="[8d]"></a>__fill_rect</STRONG> (Thumb, 88 bytes, Stack size 40 bytes, gl_mem_32bpp.o(i.__fill_rect))
<BR><BR>[Stack]<UL><LI>Max Depth = 56<LI>Call Chain = __fill_rect &rArr; GPU_FillRect
</UL>
<BR>[Calls]<UL><LI><a href="#[368]">&gt;&gt;</a>&nbsp;&nbsp;&nbsp;GPU_FillRect
<LI><a href="#[365]">&gt;&gt;</a>&nbsp;&nbsp;&nbsp;GUI_memset32
</UL>
<BR>[Address Reference Count : 1]<UL><LI> gl_mem_32bpp.o(i.GL_MEM_32BPP_Init)
</UL>
<P><STRONG><a name="[8e]"></a>__fill_rect_ARGB</STRONG> (Thumb, 120 bytes, Stack size 72 bytes, gl_mem_32bpp.o(i.__fill_rect_ARGB))
<BR><BR>[Stack]<UL><LI>Max Depth = 128<LI>Call Chain = __fill_rect_ARGB &rArr; __blend_argb
</UL>
<BR>[Calls]<UL><LI><a href="#[369]">&gt;&gt;</a>&nbsp;&nbsp;&nbsp;GPU_FillRectARGB
<LI><a href="#[361]">&gt;&gt;</a>&nbsp;&nbsp;&nbsp;__blend_argb
</UL>
<BR>[Address Reference Count : 1]<UL><LI> gl_mem_32bpp.o(i.GL_MEM_32BPP_Init)
</UL>
<P><STRONG><a name="[88]"></a>__get_pixel</STRONG> (Thumb, 14 bytes, Stack size 0 bytes, gl_mem_32bpp.o(i.__get_pixel))
<BR>[Address Reference Count : 1]<UL><LI> gl_mem_32bpp.o(i.GL_MEM_32BPP_Init)
</UL>
<P><STRONG><a name="[a1]"></a>__rotate_bitmap</STRONG> (Thumb, 1544 bytes, Stack size 208 bytes, gl_mem_32bpp.o(i.__rotate_bitmap))
<BR><BR>[Stack]<UL><LI>Max Depth = 456<LI>Call Chain = __rotate_bitmap &rArr; sin &rArr; __ieee754_rem_pio2 &rArr; __aeabi_dsub &rArr; __aeabi_dadd &rArr; _double_epilogue &rArr; _double_round
</UL>
<BR>[Calls]<UL><LI><a href="#[362]">&gt;&gt;</a>&nbsp;&nbsp;&nbsp;GPU_DrawBitmap
<LI><a href="#[34a]">&gt;&gt;</a>&nbsp;&nbsp;&nbsp;__aeabi_fmul
<LI><a href="#[30e]">&gt;&gt;</a>&nbsp;&nbsp;&nbsp;__aeabi_f2iz
<LI><a href="#[294]">&gt;&gt;</a>&nbsp;&nbsp;&nbsp;__aeabi_i2f
<LI><a href="#[30c]">&gt;&gt;</a>&nbsp;&nbsp;&nbsp;__aeabi_f2d
<LI><a href="#[298]">&gt;&gt;</a>&nbsp;&nbsp;&nbsp;__aeabi_d2f
<LI><a href="#[363]">&gt;&gt;</a>&nbsp;&nbsp;&nbsp;ARGB4444_GetARGB
<LI><a href="#[373]">&gt;&gt;</a>&nbsp;&nbsp;&nbsp;__ARM_scalbnf
<LI><a href="#[374]">&gt;&gt;</a>&nbsp;&nbsp;&nbsp;GUI_MakeBilinearXRGB8888ii
<LI><a href="#[375]">&gt;&gt;</a>&nbsp;&nbsp;&nbsp;GUI_MakeBilinearARGB8888ii
<LI><a href="#[28b]">&gt;&gt;</a>&nbsp;&nbsp;&nbsp;__aeabi_fdiv
<LI><a href="#[30d]">&gt;&gt;</a>&nbsp;&nbsp;&nbsp;sin
<LI><a href="#[30b]">&gt;&gt;</a>&nbsp;&nbsp;&nbsp;cos
<LI><a href="#[361]">&gt;&gt;</a>&nbsp;&nbsp;&nbsp;__blend_argb
</UL>
<BR>[Address Reference Count : 1]<UL><LI> gl_mem_32bpp.o(i.GL_MEM_32BPP_Init)
</UL>
<P><STRONG><a name="[a0]"></a>__scale_bitmap</STRONG> (Thumb, 810 bytes, Stack size 112 bytes, gl_mem_32bpp.o(i.__scale_bitmap))
<BR><BR>[Stack]<UL><LI>Max Depth = 168<LI>Call Chain = __scale_bitmap &rArr; __blend_argb
</UL>
<BR>[Calls]<UL><LI><a href="#[376]">&gt;&gt;</a>&nbsp;&nbsp;&nbsp;GPU_ScaleBitmap
<LI><a href="#[374]">&gt;&gt;</a>&nbsp;&nbsp;&nbsp;GUI_MakeBilinearXRGB8888ii
<LI><a href="#[375]">&gt;&gt;</a>&nbsp;&nbsp;&nbsp;GUI_MakeBilinearARGB8888ii
<LI><a href="#[361]">&gt;&gt;</a>&nbsp;&nbsp;&nbsp;__blend_argb
</UL>
<BR>[Address Reference Count : 1]<UL><LI> gl_mem_32bpp.o(i.GL_MEM_32BPP_Init)
</UL>
<P><STRONG><a name="[87]"></a>__set_pixel</STRONG> (Thumb, 16 bytes, Stack size 0 bytes, gl_mem_32bpp.o(i.__set_pixel))
<BR>[Address Reference Count : 1]<UL><LI> gl_mem_32bpp.o(i.GL_MEM_32BPP_Init)
</UL>
<P><STRONG><a name="[8a]"></a>__set_pixel_ARGB</STRONG> (Thumb, 74 bytes, Stack size 32 bytes, gl_mem_32bpp.o(i.__set_pixel_ARGB))
<BR><BR>[Stack]<UL><LI>Max Depth = 88<LI>Call Chain = __set_pixel_ARGB &rArr; __blend_argb
</UL>
<BR>[Calls]<UL><LI><a href="#[361]">&gt;&gt;</a>&nbsp;&nbsp;&nbsp;__blend_argb
</UL>
<BR>[Address Reference Count : 1]<UL><LI> gl_mem_32bpp.o(i.GL_MEM_32BPP_Init)
</UL>
<P><STRONG><a name="[86]"></a>__set_pos</STRONG> (Thumb, 14 bytes, Stack size 0 bytes, gl_mem_32bpp.o(i.__set_pos))
<BR>[Address Reference Count : 1]<UL><LI> gl_mem_32bpp.o(i.GL_MEM_32BPP_Init)
</UL>
<P><STRONG><a name="[89]"></a>__xor_pixel</STRONG> (Thumb, 20 bytes, Stack size 0 bytes, gl_mem_32bpp.o(i.__xor_pixel))
<BR>[Address Reference Count : 1]<UL><LI> gl_mem_32bpp.o(i.GL_MEM_32BPP_Init)
</UL>
<P><STRONG><a name="[35d]"></a>_printf_core</STRONG> (Thumb, 436 bytes, Stack size 96 bytes, printf3.o(i._printf_core), UNUSED)
<BR><BR>[Calls]<UL><LI><a href="#[378]">&gt;&gt;</a>&nbsp;&nbsp;&nbsp;__aeabi_uidivmod
</UL>
<BR>[Called By]<UL><LI><a href="#[35c]">&gt;&gt;</a>&nbsp;&nbsp;&nbsp;__0printf$3
</UL>
<P>
<H3>
Undefined Global Symbols
</H3><HR></body></html>
