<!doctype html public "-//w3c//dtd html 4.0 transitional//en">
<html><head>
<title>Static Call Graph - [..\..\Output\Fire_FreeRTOS.axf]</title></head>
<body><HR>
<H1>Static Call Graph for image ..\..\Output\Fire_FreeRTOS.axf</H1><HR>
<BR><P>#&#060CALLGRAPH&#062# ARM Linker, 5060750: Last Updated: Mon Jul 15 21:21:39 2019
<BR><P>
<H3>Maximum Stack Usage =       2920 bytes + Unknown(Cycles, Untraceable Function Pointers)</H3><H3>
Call chain for Maximum Stack Depth:</H3>
win_proc &rArr; App_FLASH_Writer &rArr; BurnFile &rArr; Burn_Content &rArr; Read_CatalogInfo &rArr; f_open &rArr; dir_register &rArr; dir_find &rArr; dir_next &rArr; create_chain &rArr; put_fat &rArr; move_window &rArr; sync_window &rArr; disk_write &rArr;  disk_write (Cycle)
<P>
<H3>
Mutually Recursive functions
</H3> <LI><a href="#[32]">ADC1_2_IRQHandler</a>&nbsp;&nbsp;&nbsp;&rArr;&nbsp;&nbsp;&nbsp;<a href="#[32]">ADC1_2_IRQHandler</a><BR>
 <LI><a href="#[47f]">_SetWindowClipFlag</a>&nbsp;&nbsp;&nbsp;&rArr;&nbsp;&nbsp;&nbsp;<a href="#[47f]">_SetWindowClipFlag</a><BR>
 <LI><a href="#[4a7]">GUI_PaintHandler</a>&nbsp;&nbsp;&nbsp;&rArr;&nbsp;&nbsp;&nbsp;<a href="#[4a7]">GUI_PaintHandler</a><BR>
 <LI><a href="#[4f1]">_RedrawWindow</a>&nbsp;&nbsp;&nbsp;&rArr;&nbsp;&nbsp;&nbsp;<a href="#[4f1]">_RedrawWindow</a><BR>
 <LI><a href="#[50f]">_SendMessage_WM_SIZE_AllChild</a>&nbsp;&nbsp;&nbsp;&rArr;&nbsp;&nbsp;&nbsp;<a href="#[50f]">_SendMessage_WM_SIZE_AllChild</a><BR>
 <LI><a href="#[50e]">_SendMessage_WM_MOVE_AllChild</a>&nbsp;&nbsp;&nbsp;&rArr;&nbsp;&nbsp;&nbsp;<a href="#[50e]">_SendMessage_WM_MOVE_AllChild</a><BR>
 <LI><a href="#[50c]">_OffsetWindowRect</a>&nbsp;&nbsp;&nbsp;&rArr;&nbsp;&nbsp;&nbsp;<a href="#[50c]">_OffsetWindowRect</a><BR>
 <LI><a href="#[25a]">disk_write</a>&nbsp;&nbsp;&nbsp;&rArr;&nbsp;&nbsp;&nbsp;<a href="#[25a]">disk_write</a><BR>
 <LI><a href="#[258]">disk_read</a>&nbsp;&nbsp;&nbsp;&rArr;&nbsp;&nbsp;&nbsp;<a href="#[258]">disk_read</a><BR>
 <LI><a href="#[538]">color_tree_cleanup</a>&nbsp;&nbsp;&nbsp;&rArr;&nbsp;&nbsp;&nbsp;<a href="#[538]">color_tree_cleanup</a><BR>
 <LI><a href="#[3a4]">DestroyWindow</a>&nbsp;&nbsp;&nbsp;&rArr;&nbsp;&nbsp;&nbsp;<a href="#[3a4]">DestroyWindow</a><BR>
 <LI><a href="#[4d1]">_GetWindowFromPoint</a>&nbsp;&nbsp;&nbsp;&rArr;&nbsp;&nbsp;&nbsp;<a href="#[4d1]">_GetWindowFromPoint</a><BR>
 <LI><a href="#[3b6]">Make_Catalog</a>&nbsp;&nbsp;&nbsp;&rArr;&nbsp;&nbsp;&nbsp;<a href="#[3b6]">Make_Catalog</a><BR>
 <LI><a href="#[358]">x_obj_del</a>&nbsp;&nbsp;&nbsp;&rArr;&nbsp;&nbsp;&nbsp;<a href="#[358]">x_obj_del</a><BR>
</UL>
<P>
<H3>
Function Pointers
</H3><UL>
 <LI><a href="#[32]">ADC1_2_IRQHandler</a> from startup_stm32f10x_hd.o(.text) referenced from startup_stm32f10x_hd.o(RESET)
 <LI><a href="#[4f]">ADC3_IRQHandler</a> from startup_stm32f10x_hd.o(.text) referenced from startup_stm32f10x_hd.o(RESET)
 <LI><a href="#[16c]">ARGB4444_GetARGB</a> from surface_argb4444.o(i.ARGB4444_GetARGB) referenced from surface_argb4444.o(.constdata)
 <LI><a href="#[16b]">ARGB4444_GetRGB</a> from surface_argb4444.o(i.ARGB4444_GetRGB) referenced from surface_argb4444.o(.constdata)
 <LI><a href="#[16a]">ARGB4444_MapARGB</a> from surface_argb4444.o(i.ARGB4444_MapARGB) referenced from surface_argb4444.o(.constdata)
 <LI><a href="#[163]">ARGB4444_MapARGB1555</a> from surface_argb4444.o(i.ARGB4444_MapARGB1555) referenced from surface_argb4444.o(.constdata)
 <LI><a href="#[165]">ARGB4444_MapARGB4444</a> from surface_argb4444.o(i.ARGB4444_MapARGB4444) referenced from surface_argb4444.o(.constdata)
 <LI><a href="#[167]">ARGB4444_MapARGB8888</a> from surface_argb4444.o(i.ARGB4444_MapARGB8888) referenced from surface_argb4444.o(.constdata)
 <LI><a href="#[169]">ARGB4444_MapRGB</a> from surface_argb4444.o(i.ARGB4444_MapRGB) referenced from surface_argb4444.o(.constdata)
 <LI><a href="#[160]">ARGB4444_MapRGB332</a> from surface_argb4444.o(i.ARGB4444_MapRGB332) referenced from surface_argb4444.o(.constdata)
 <LI><a href="#[161]">ARGB4444_MapRGB565</a> from surface_argb4444.o(i.ARGB4444_MapRGB565) referenced from surface_argb4444.o(.constdata)
 <LI><a href="#[162]">ARGB4444_MapXRGB1555</a> from surface_argb4444.o(i.ARGB4444_MapXRGB1555) referenced from surface_argb4444.o(.constdata)
 <LI><a href="#[164]">ARGB4444_MapXRGB4444</a> from surface_argb4444.o(i.ARGB4444_MapXRGB4444) referenced from surface_argb4444.o(.constdata)
 <LI><a href="#[166]">ARGB4444_MapXRGB8888</a> from surface_argb4444.o(i.ARGB4444_MapXRGB8888) referenced from surface_argb4444.o(.constdata)
 <LI><a href="#[168]">ARGB4444_ToARGB</a> from surface_argb4444.o(i.ARGB4444_ToARGB) referenced from surface_argb4444.o(.constdata)
 <LI><a href="#[6c]">App_FLASH_Writer</a> from gui_res_writer_dialog.o(.text) referenced from gui_res_writer_dialog.o(.text)
 <LI><a href="#[65]">App_Load_Res</a> from gui_boot_interface_dialog.o(.text) referenced from gui_boot_interface_dialog.o(.text)
 <LI><a href="#[1a]">BusFault_Handler</a> from stm32f10x_it.o(.text) referenced from startup_stm32f10x_hd.o(RESET)
 <LI><a href="#[35]">CAN1_RX1_IRQHandler</a> from startup_stm32f10x_hd.o(.text) referenced from startup_stm32f10x_hd.o(RESET)
 <LI><a href="#[36]">CAN1_SCE_IRQHandler</a> from startup_stm32f10x_hd.o(.text) referenced from startup_stm32f10x_hd.o(RESET)
 <LI><a href="#[2b]">DMA1_Channel1_IRQHandler</a> from startup_stm32f10x_hd.o(.text) referenced from startup_stm32f10x_hd.o(RESET)
 <LI><a href="#[2c]">DMA1_Channel2_IRQHandler</a> from startup_stm32f10x_hd.o(.text) referenced from startup_stm32f10x_hd.o(RESET)
 <LI><a href="#[2d]">DMA1_Channel3_IRQHandler</a> from startup_stm32f10x_hd.o(.text) referenced from startup_stm32f10x_hd.o(RESET)
 <LI><a href="#[2e]">DMA1_Channel4_IRQHandler</a> from startup_stm32f10x_hd.o(.text) referenced from startup_stm32f10x_hd.o(RESET)
 <LI><a href="#[2f]">DMA1_Channel5_IRQHandler</a> from startup_stm32f10x_hd.o(.text) referenced from startup_stm32f10x_hd.o(RESET)
 <LI><a href="#[30]">DMA1_Channel6_IRQHandler</a> from dma_lcd.o(.text) referenced from startup_stm32f10x_hd.o(RESET)
 <LI><a href="#[31]">DMA1_Channel7_IRQHandler</a> from startup_stm32f10x_hd.o(.text) referenced from startup_stm32f10x_hd.o(RESET)
 <LI><a href="#[58]">DMA2_Channel1_IRQHandler</a> from startup_stm32f10x_hd.o(.text) referenced from startup_stm32f10x_hd.o(RESET)
 <LI><a href="#[59]">DMA2_Channel2_IRQHandler</a> from startup_stm32f10x_hd.o(.text) referenced from startup_stm32f10x_hd.o(RESET)
 <LI><a href="#[5a]">DMA2_Channel3_IRQHandler</a> from startup_stm32f10x_hd.o(.text) referenced from startup_stm32f10x_hd.o(RESET)
 <LI><a href="#[5b]">DMA2_Channel4_5_IRQHandler</a> from startup_stm32f10x_hd.o(.text) referenced from startup_stm32f10x_hd.o(RESET)
 <LI><a href="#[1d]">DebugMon_Handler</a> from stm32f10x_it.o(.text) referenced from startup_stm32f10x_hd.o(RESET)
 <LI><a href="#[26]">EXTI0_IRQHandler</a> from startup_stm32f10x_hd.o(.text) referenced from startup_stm32f10x_hd.o(RESET)
 <LI><a href="#[48]">EXTI15_10_IRQHandler</a> from startup_stm32f10x_hd.o(.text) referenced from startup_stm32f10x_hd.o(RESET)
 <LI><a href="#[27]">EXTI1_IRQHandler</a> from startup_stm32f10x_hd.o(.text) referenced from startup_stm32f10x_hd.o(RESET)
 <LI><a href="#[28]">EXTI2_IRQHandler</a> from startup_stm32f10x_hd.o(.text) referenced from startup_stm32f10x_hd.o(RESET)
 <LI><a href="#[29]">EXTI3_IRQHandler</a> from startup_stm32f10x_hd.o(.text) referenced from startup_stm32f10x_hd.o(RESET)
 <LI><a href="#[2a]">EXTI4_IRQHandler</a> from startup_stm32f10x_hd.o(.text) referenced from startup_stm32f10x_hd.o(RESET)
 <LI><a href="#[37]">EXTI9_5_IRQHandler</a> from startup_stm32f10x_hd.o(.text) referenced from startup_stm32f10x_hd.o(RESET)
 <LI><a href="#[24]">FLASH_IRQHandler</a> from startup_stm32f10x_hd.o(.text) referenced from startup_stm32f10x_hd.o(RESET)
 <LI><a href="#[50]">FSMC_IRQHandler</a> from startup_stm32f10x_hd.o(.text) referenced from startup_stm32f10x_hd.o(RESET)
 <LI><a href="#[d9]">GL8_copy_bits</a> from gl_mem_8bpp.o(i.GL8_copy_bits) referenced from gl_mem_8bpp.o(i.GL_MEM_8BPP_Init)
 <LI><a href="#[e6]">GL8_draw_bitmap_AL1</a> from gl_mem_8bpp.o(i.GL8_draw_bitmap_AL1) referenced from gl_mem_8bpp.o(i.GL_MEM_8BPP_Init)
 <LI><a href="#[e7]">GL8_draw_bitmap_AL2</a> from gl_mem_8bpp.o(i.GL8_draw_bitmap_AL2) referenced from gl_mem_8bpp.o(i.GL_MEM_8BPP_Init)
 <LI><a href="#[e8]">GL8_draw_bitmap_AL4</a> from gl_mem_8bpp.o(i.GL8_draw_bitmap_AL4) referenced from gl_mem_8bpp.o(i.GL_MEM_8BPP_Init)
 <LI><a href="#[e9]">GL8_draw_bitmap_AL8</a> from gl_mem_8bpp.o(i.GL8_draw_bitmap_AL8) referenced from gl_mem_8bpp.o(i.GL_MEM_8BPP_Init)
 <LI><a href="#[e1]">GL8_draw_bitmap_ARGB1555</a> from gl_mem_8bpp.o(i.GL8_draw_bitmap_ARGB1555) referenced from gl_mem_8bpp.o(i.GL_MEM_8BPP_Init)
 <LI><a href="#[e2]">GL8_draw_bitmap_ARGB4444</a> from gl_mem_8bpp.o(i.GL8_draw_bitmap_ARGB4444) referenced from gl_mem_8bpp.o(i.GL_MEM_8BPP_Init)
 <LI><a href="#[e5]">GL8_draw_bitmap_ARGB8888</a> from gl_mem_8bpp.o(i.GL8_draw_bitmap_ARGB8888) referenced from gl_mem_8bpp.o(i.GL_MEM_8BPP_Init)
 <LI><a href="#[da]">GL8_draw_bitmap_LUT1</a> from gl_mem_8bpp.o(i.GL8_draw_bitmap_LUT1) referenced from gl_mem_8bpp.o(i.GL_MEM_8BPP_Init)
 <LI><a href="#[db]">GL8_draw_bitmap_LUT2</a> from gl_mem_8bpp.o(i.GL8_draw_bitmap_LUT2) referenced from gl_mem_8bpp.o(i.GL_MEM_8BPP_Init)
 <LI><a href="#[dc]">GL8_draw_bitmap_LUT4</a> from gl_mem_8bpp.o(i.GL8_draw_bitmap_LUT4) referenced from gl_mem_8bpp.o(i.GL_MEM_8BPP_Init)
 <LI><a href="#[dd]">GL8_draw_bitmap_LUT8</a> from gl_mem_8bpp.o(i.GL8_draw_bitmap_LUT8) referenced from gl_mem_8bpp.o(i.GL_MEM_8BPP_Init)
 <LI><a href="#[de]">GL8_draw_bitmap_RGB332</a> from gl_mem_8bpp.o(i.GL8_draw_bitmap_RGB332) referenced from gl_mem_8bpp.o(i.GL_MEM_8BPP_Init)
 <LI><a href="#[df]">GL8_draw_bitmap_RGB565</a> from gl_mem_8bpp.o(i.GL8_draw_bitmap_RGB565) referenced from gl_mem_8bpp.o(i.GL_MEM_8BPP_Init)
 <LI><a href="#[e3]">GL8_draw_bitmap_RGB888</a> from gl_mem_8bpp.o(i.GL8_draw_bitmap_RGB888) referenced from gl_mem_8bpp.o(i.GL_MEM_8BPP_Init)
 <LI><a href="#[e0]">GL8_draw_bitmap_XRGB1555</a> from gl_mem_8bpp.o(i.GL8_draw_bitmap_XRGB1555) referenced from gl_mem_8bpp.o(i.GL_MEM_8BPP_Init)
 <LI><a href="#[e4]">GL8_draw_bitmap_XRGB8888</a> from gl_mem_8bpp.o(i.GL8_draw_bitmap_XRGB8888) referenced from gl_mem_8bpp.o(i.GL_MEM_8BPP_Init)
 <LI><a href="#[d6]">GL8_draw_hline</a> from gl_mem_8bpp.o(i.GL8_draw_hline) referenced from gl_mem_8bpp.o(i.GL_MEM_8BPP_Init)
 <LI><a href="#[d7]">GL8_draw_vline</a> from gl_mem_8bpp.o(i.GL8_draw_vline) referenced from gl_mem_8bpp.o(i.GL_MEM_8BPP_Init)
 <LI><a href="#[d8]">GL8_fill_rect</a> from gl_mem_8bpp.o(i.GL8_fill_rect) referenced from gl_mem_8bpp.o(i.GL_MEM_8BPP_Init)
 <LI><a href="#[d4]">GL8_get_pixel</a> from gl_mem_8bpp.o(i.GL8_get_pixel) referenced from gl_mem_8bpp.o(i.GL_MEM_8BPP_Init)
 <LI><a href="#[eb]">GL8_rotate_bitmap</a> from gl_mem_8bpp.o(i.GL8_rotate_bitmap) referenced from gl_mem_8bpp.o(i.GL_MEM_8BPP_Init)
 <LI><a href="#[ea]">GL8_scale_bitmap</a> from gl_mem_8bpp.o(i.GL8_scale_bitmap) referenced from gl_mem_8bpp.o(i.GL_MEM_8BPP_Init)
 <LI><a href="#[d2]">GL8_set_addr</a> from gl_mem_8bpp.o(i.GL8_set_addr) referenced from gl_mem_8bpp.o(i.GL_MEM_8BPP_Init)
 <LI><a href="#[d3]">GL8_set_pixel</a> from gl_mem_8bpp.o(i.GL8_set_pixel) referenced from gl_mem_8bpp.o(i.GL_MEM_8BPP_Init)
 <LI><a href="#[d5]">GL8_xor_pixel</a> from gl_mem_8bpp.o(i.GL8_xor_pixel) referenced from gl_mem_8bpp.o(i.GL_MEM_8BPP_Init)
 <LI><a href="#[152]">GUI_App_Desktop</a> from gui_app_desktop.o(.text) referenced from gui_board_app_desktop.o(.constdata)
 <LI><a href="#[69]">GUI_Board_App_Desktop</a> from gui_board_app_desktop.o(.text) referenced from gui_boot_interface_dialog.o(.text)
 <LI><a href="#[6a]">GUI_Boot_Interface_Dialog</a> from gui_boot_interface_dialog.o(.text) referenced from gui_desktop.o(.text)
 <LI><a href="#[12]">GUI_DEMO_Graphics_Accelerator</a> from gui_demo_graphics_accelerator.o(.text) referenced 2 times from gui_app_desktop.o(.data)
 <LI><a href="#[13]">GUI_DEMO_ShowWave</a> from gui_demo_showwave.o(.text) referenced 2 times from gui_app_desktop.o(.data)
 <LI><a href="#[68]">GUI_DEMO_SlideWindow</a> from gui_demo_slidewindow.o(.text) referenced from gui_boot_interface_dialog.o(.text)
 <LI><a href="#[154]">GUI_LED_DIALOG</a> from gui_rgbled_dialog.o(.text) referenced from gui_board_app_desktop.o(.constdata)
 <LI><a href="#[67]">GUI_RES_Writer_Dialog</a> from gui_res_writer_dialog.o(.text) referenced from gui_board_app_desktop.o(.constdata)
 <LI><a href="#[67]">GUI_RES_Writer_Dialog</a> from gui_res_writer_dialog.o(.text) referenced from gui_boot_interface_dialog.o(.text)
 <LI><a href="#[5f]">GUI_Thread_Entry</a> from main.o(.text) referenced from main.o(.text)
 <LI><a href="#[14f]">GetPoint</a> from ads7843.o(.text) referenced from ads7843.o(.constdata)
 <LI><a href="#[14e]">GetSample</a> from ads7843.o(.text) referenced from ads7843.o(.constdata)
 <LI><a href="#[14d]">GetState</a> from ads7843.o(.text) referenced from ads7843.o(.constdata)
 <LI><a href="#[18]">HardFault_Handler</a> from stm32f10x_it.o(.text) referenced from startup_stm32f10x_hd.o(RESET)
 <LI><a href="#[40]">I2C1_ER_IRQHandler</a> from startup_stm32f10x_hd.o(.text) referenced from startup_stm32f10x_hd.o(RESET)
 <LI><a href="#[3f]">I2C1_EV_IRQHandler</a> from startup_stm32f10x_hd.o(.text) referenced from startup_stm32f10x_hd.o(RESET)
 <LI><a href="#[42]">I2C2_ER_IRQHandler</a> from startup_stm32f10x_hd.o(.text) referenced from startup_stm32f10x_hd.o(RESET)
 <LI><a href="#[41]">I2C2_EV_IRQHandler</a> from startup_stm32f10x_hd.o(.text) referenced from startup_stm32f10x_hd.o(RESET)
 <LI><a href="#[14c]">Init</a> from ads7843.o(.text) referenced from ads7843.o(.constdata)
 <LI><a href="#[150]">LoadCfg</a> from ads7843.o(.text) referenced from ads7843.o(.constdata)
 <LI><a href="#[19]">MemManage_Handler</a> from stm32f10x_it.o(.text) referenced from startup_stm32f10x_hd.o(RESET)
 <LI><a href="#[17]">NMI_Handler</a> from stm32f10x_it.o(.text) referenced from startup_stm32f10x_hd.o(RESET)
 <LI><a href="#[21]">PVD_IRQHandler</a> from startup_stm32f10x_hd.o(.text) referenced from startup_stm32f10x_hd.o(RESET)
 <LI><a href="#[1e]">PendSV_Handler</a> from port.o(.emb_text) referenced from startup_stm32f10x_hd.o(RESET)
 <LI><a href="#[25]">RCC_IRQHandler</a> from startup_stm32f10x_hd.o(.text) referenced from startup_stm32f10x_hd.o(RESET)
 <LI><a href="#[49]">RTCAlarm_IRQHandler</a> from startup_stm32f10x_hd.o(.text) referenced from startup_stm32f10x_hd.o(RESET)
 <LI><a href="#[23]">RTC_IRQHandler</a> from startup_stm32f10x_hd.o(.text) referenced from startup_stm32f10x_hd.o(RESET)
 <LI><a href="#[16]">Reset_Handler</a> from startup_stm32f10x_hd.o(.text) referenced from startup_stm32f10x_hd.o(RESET)
 <LI><a href="#[51]">SDIO_IRQHandler</a> from bsp_sdio_sdcard.o(.text) referenced from startup_stm32f10x_hd.o(RESET)
 <LI><a href="#[43]">SPI1_IRQHandler</a> from startup_stm32f10x_hd.o(.text) referenced from startup_stm32f10x_hd.o(RESET)
 <LI><a href="#[44]">SPI2_IRQHandler</a> from startup_stm32f10x_hd.o(.text) referenced from startup_stm32f10x_hd.o(RESET)
 <LI><a href="#[53]">SPI3_IRQHandler</a> from startup_stm32f10x_hd.o(.text) referenced from startup_stm32f10x_hd.o(RESET)
 <LI><a href="#[1c]">SVC_Handler</a> from port.o(.emb_text) referenced from startup_stm32f10x_hd.o(RESET)
 <LI><a href="#[151]">SaveCfg</a> from ads7843.o(.text) referenced from ads7843.o(.constdata)
 <LI><a href="#[1f]">SysTick_Handler</a> from stm32f10x_it.o(.text) referenced from startup_stm32f10x_hd.o(RESET)
 <LI><a href="#[5d]">SystemInit</a> from system_stm32f10x.o(.text) referenced from startup_stm32f10x_hd.o(.text)
 <LI><a href="#[22]">TAMPER_IRQHandler</a> from startup_stm32f10x_hd.o(.text) referenced from startup_stm32f10x_hd.o(RESET)
 <LI><a href="#[38]">TIM1_BRK_IRQHandler</a> from startup_stm32f10x_hd.o(.text) referenced from startup_stm32f10x_hd.o(RESET)
 <LI><a href="#[3b]">TIM1_CC_IRQHandler</a> from startup_stm32f10x_hd.o(.text) referenced from startup_stm32f10x_hd.o(RESET)
 <LI><a href="#[3a]">TIM1_TRG_COM_IRQHandler</a> from startup_stm32f10x_hd.o(.text) referenced from startup_stm32f10x_hd.o(RESET)
 <LI><a href="#[39]">TIM1_UP_IRQHandler</a> from startup_stm32f10x_hd.o(.text) referenced from startup_stm32f10x_hd.o(RESET)
 <LI><a href="#[3c]">TIM2_IRQHandler</a> from startup_stm32f10x_hd.o(.text) referenced from startup_stm32f10x_hd.o(RESET)
 <LI><a href="#[3d]">TIM3_IRQHandler</a> from startup_stm32f10x_hd.o(.text) referenced from startup_stm32f10x_hd.o(RESET)
 <LI><a href="#[3e]">TIM4_IRQHandler</a> from startup_stm32f10x_hd.o(.text) referenced from startup_stm32f10x_hd.o(RESET)
 <LI><a href="#[52]">TIM5_IRQHandler</a> from startup_stm32f10x_hd.o(.text) referenced from startup_stm32f10x_hd.o(RESET)
 <LI><a href="#[56]">TIM6_IRQHandler</a> from startup_stm32f10x_hd.o(.text) referenced from startup_stm32f10x_hd.o(RESET)
 <LI><a href="#[57]">TIM7_IRQHandler</a> from startup_stm32f10x_hd.o(.text) referenced from startup_stm32f10x_hd.o(RESET)
 <LI><a href="#[4b]">TIM8_BRK_IRQHandler</a> from startup_stm32f10x_hd.o(.text) referenced from startup_stm32f10x_hd.o(RESET)
 <LI><a href="#[4e]">TIM8_CC_IRQHandler</a> from startup_stm32f10x_hd.o(.text) referenced from startup_stm32f10x_hd.o(RESET)
 <LI><a href="#[4d]">TIM8_TRG_COM_IRQHandler</a> from startup_stm32f10x_hd.o(.text) referenced from startup_stm32f10x_hd.o(RESET)
 <LI><a href="#[4c]">TIM8_UP_IRQHandler</a> from startup_stm32f10x_hd.o(.text) referenced from startup_stm32f10x_hd.o(RESET)
 <LI><a href="#[54]">UART4_IRQHandler</a> from startup_stm32f10x_hd.o(.text) referenced from startup_stm32f10x_hd.o(RESET)
 <LI><a href="#[55]">UART5_IRQHandler</a> from startup_stm32f10x_hd.o(.text) referenced from startup_stm32f10x_hd.o(RESET)
 <LI><a href="#[45]">USART1_IRQHandler</a> from startup_stm32f10x_hd.o(.text) referenced from startup_stm32f10x_hd.o(RESET)
 <LI><a href="#[46]">USART2_IRQHandler</a> from startup_stm32f10x_hd.o(.text) referenced from startup_stm32f10x_hd.o(RESET)
 <LI><a href="#[47]">USART3_IRQHandler</a> from startup_stm32f10x_hd.o(.text) referenced from startup_stm32f10x_hd.o(RESET)
 <LI><a href="#[4a]">USBWakeUp_IRQHandler</a> from startup_stm32f10x_hd.o(.text) referenced from startup_stm32f10x_hd.o(RESET)
 <LI><a href="#[33]">USB_HP_CAN1_TX_IRQHandler</a> from startup_stm32f10x_hd.o(.text) referenced from startup_stm32f10x_hd.o(RESET)
 <LI><a href="#[34]">USB_LP_CAN1_RX0_IRQHandler</a> from startup_stm32f10x_hd.o(.text) referenced from startup_stm32f10x_hd.o(RESET)
 <LI><a href="#[1b]">UsageFault_Handler</a> from stm32f10x_it.o(.text) referenced from startup_stm32f10x_hd.o(RESET)
 <LI><a href="#[20]">WWDG_IRQHandler</a> from startup_stm32f10x_hd.o(.text) referenced from startup_stm32f10x_hd.o(RESET)
 <LI><a href="#[6e]">WinProc</a> from gui_demo_slidewindow.o(.text) referenced 4 times from gui_demo_slidewindow.o(.text)
 <LI><a href="#[98]">_AA_HLine</a> from gui_aa_core.o(i._AA_HLine) referenced from gui_aa_core.o(i.EnableAntiAlias)
 <LI><a href="#[98]">_AA_HLine</a> from gui_aa_core.o(i._AA_HLine) referenced from gui_aa_core.o(i.GUI_AA_Begin)
 <LI><a href="#[ef]">_FillInputBuffer</a> from emxgui_libjpeg.o(i._FillInputBuffer) referenced from emxgui_libjpeg.o(i._Init)
 <LI><a href="#[176]">_GetARGB</a> from surface_argb8888.o(i._GetARGB) referenced 4 times from surface_argb8888.o(.constdata)
 <LI><a href="#[175]">_GetRGB</a> from surface_argb8888.o(i._GetRGB) referenced 4 times from surface_argb8888.o(.constdata)
 <LI><a href="#[ee]">_InitSource</a> from emxgui_libjpeg.o(i._InitSource) referenced from emxgui_libjpeg.o(i._Init)
 <LI><a href="#[174]">_MapARGB</a> from surface_argb8888.o(i._MapARGB) referenced 4 times from surface_argb8888.o(.constdata)
 <LI><a href="#[173]">_MapRGB</a> from surface_argb8888.o(i._MapRGB) referenced 4 times from surface_argb8888.o(.constdata)
 <LI><a href="#[16d]">_MapRGB332</a> from surface_argb8888.o(i._MapRGB332) referenced 4 times from surface_argb8888.o(.constdata)
 <LI><a href="#[16e]">_MapRGB565</a> from surface_argb8888.o(i._MapRGB565) referenced 4 times from surface_argb8888.o(.constdata)
 <LI><a href="#[16f]">_MapXRGB1555</a> from surface_argb8888.o(i._MapXRGB1555) referenced 8 times from surface_argb8888.o(.constdata)
 <LI><a href="#[170]">_MapXRGB4444</a> from surface_argb8888.o(i._MapXRGB4444) referenced 8 times from surface_argb8888.o(.constdata)
 <LI><a href="#[171]">_MapXRGB8888</a> from surface_argb8888.o(i._MapXRGB8888) referenced 8 times from surface_argb8888.o(.constdata)
 <LI><a href="#[2]">_Paint</a> from oem_button.o(.text) referenced 16 times from oem_button.o(.data)
 <LI><a href="#[3]">_Paint_FLAT</a> from oem_button.o(.text) referenced 2 times from oem_button.o(.data)
 <LI><a href="#[1]">_SetColor</a> from oem_button.o(.text) referenced 18 times from oem_button.o(.data)
 <LI><a href="#[f0]">_SkipInputData</a> from emxgui_libjpeg.o(i._SkipInputData) referenced from emxgui_libjpeg.o(i._Init)
 <LI><a href="#[f2]">_TermSource</a> from emxgui_libjpeg.o(i._TermSource) referenced from emxgui_libjpeg.o(i._Init)
 <LI><a href="#[172]">_ToARGB</a> from surface_argb8888.o(i._ToARGB) referenced 4 times from surface_argb8888.o(.constdata)
 <LI><a href="#[74]">WaveWinProc(tagWINDOW*, unsigned, unsigned, long)</a> from gui_demo_showwave.o(.text) referenced from gui_demo_showwave.o(.text)
 <LI><a href="#[70]">ListItemDraw(tagDC*, __x_obj_item*)</a> from clistmenu.o(.text) referenced from clistmenu.o(.text)
 <LI><a href="#[155]">WinProc(tagWINDOW*, unsigned, unsigned, long)</a> from clistmenu.o(.text) referenced from clistmenu.o(.constdata)
 <LI><a href="#[75]">WinProc(tagWINDOW*, unsigned, unsigned, long)</a> from gui_demo_showwave.o(.text) referenced from gui_demo_showwave.o(.text)
 <LI><a href="#[73]">btn_draw(tagDC*, __x_obj_item*)</a> from gui_demo_showwave.o(.text) referenced from gui_demo_showwave.o(.text)
 <LI><a href="#[85]">__copy_bits</a> from gl_ext_lcd_16bit.o(i.__copy_bits) referenced from gl_ext_lcd_16bit.o(i.EXT_LCD_CreateSurfaceRGB565)
 <LI><a href="#[a3]">__copy_bits</a> from gl_mem_16bpp.o(i.__copy_bits) referenced from gl_mem_16bpp.o(i.GL_MEM_16BPP_Init)
 <LI><a href="#[bf]">__copy_bits</a> from gl_mem_32bpp.o(i.__copy_bits) referenced from gl_mem_32bpp.o(i.GL_MEM_32BPP_Init)
 <LI><a href="#[156]">__create_font</a> from gui_font_xft.o(i.__create_font) referenced 2 times from gui_font_xft.o(.constdata)
 <LI><a href="#[157]">__delete_font</a> from gui_font_xft.o(i.__delete_font) referenced 2 times from gui_font_xft.o(.constdata)
 <LI><a href="#[92]">__draw_bitmap_AL1</a> from gl_ext_lcd_16bit.o(i.__draw_bitmap_AL1) referenced from gl_ext_lcd_16bit.o(i.EXT_LCD_CreateSurfaceRGB565)
 <LI><a href="#[b0]">__draw_bitmap_AL1</a> from gl_mem_16bpp.o(i.__draw_bitmap_AL1) referenced from gl_mem_16bpp.o(i.GL_MEM_16BPP_Init)
 <LI><a href="#[cc]">__draw_bitmap_AL1</a> from gl_mem_32bpp.o(i.__draw_bitmap_AL1) referenced from gl_mem_32bpp.o(i.GL_MEM_32BPP_Init)
 <LI><a href="#[93]">__draw_bitmap_AL2</a> from gl_ext_lcd_16bit.o(i.__draw_bitmap_AL2) referenced from gl_ext_lcd_16bit.o(i.EXT_LCD_CreateSurfaceRGB565)
 <LI><a href="#[b1]">__draw_bitmap_AL2</a> from gl_mem_16bpp.o(i.__draw_bitmap_AL2) referenced from gl_mem_16bpp.o(i.GL_MEM_16BPP_Init)
 <LI><a href="#[cd]">__draw_bitmap_AL2</a> from gl_mem_32bpp.o(i.__draw_bitmap_AL2) referenced from gl_mem_32bpp.o(i.GL_MEM_32BPP_Init)
 <LI><a href="#[94]">__draw_bitmap_AL4</a> from gl_ext_lcd_16bit.o(i.__draw_bitmap_AL4) referenced from gl_ext_lcd_16bit.o(i.EXT_LCD_CreateSurfaceRGB565)
 <LI><a href="#[b2]">__draw_bitmap_AL4</a> from gl_mem_16bpp.o(i.__draw_bitmap_AL4) referenced from gl_mem_16bpp.o(i.GL_MEM_16BPP_Init)
 <LI><a href="#[ce]">__draw_bitmap_AL4</a> from gl_mem_32bpp.o(i.__draw_bitmap_AL4) referenced from gl_mem_32bpp.o(i.GL_MEM_32BPP_Init)
 <LI><a href="#[95]">__draw_bitmap_AL8</a> from gl_ext_lcd_16bit.o(i.__draw_bitmap_AL8) referenced from gl_ext_lcd_16bit.o(i.EXT_LCD_CreateSurfaceRGB565)
 <LI><a href="#[b3]">__draw_bitmap_AL8</a> from gl_mem_16bpp.o(i.__draw_bitmap_AL8) referenced from gl_mem_16bpp.o(i.GL_MEM_16BPP_Init)
 <LI><a href="#[cf]">__draw_bitmap_AL8</a> from gl_mem_32bpp.o(i.__draw_bitmap_AL8) referenced from gl_mem_32bpp.o(i.GL_MEM_32BPP_Init)
 <LI><a href="#[8d]">__draw_bitmap_ARGB1555</a> from gl_ext_lcd_16bit.o(i.__draw_bitmap_ARGB1555) referenced from gl_ext_lcd_16bit.o(i.EXT_LCD_CreateSurfaceRGB565)
 <LI><a href="#[ab]">__draw_bitmap_ARGB1555</a> from gl_mem_16bpp.o(i.__draw_bitmap_ARGB1555) referenced from gl_mem_16bpp.o(i.GL_MEM_16BPP_Init)
 <LI><a href="#[c7]">__draw_bitmap_ARGB1555</a> from gl_mem_32bpp.o(i.__draw_bitmap_ARGB1555) referenced from gl_mem_32bpp.o(i.GL_MEM_32BPP_Init)
 <LI><a href="#[8e]">__draw_bitmap_ARGB4444</a> from gl_ext_lcd_16bit.o(i.__draw_bitmap_ARGB4444) referenced from gl_ext_lcd_16bit.o(i.EXT_LCD_CreateSurfaceRGB565)
 <LI><a href="#[ac]">__draw_bitmap_ARGB4444</a> from gl_mem_16bpp.o(i.__draw_bitmap_ARGB4444) referenced from gl_mem_16bpp.o(i.GL_MEM_16BPP_Init)
 <LI><a href="#[c8]">__draw_bitmap_ARGB4444</a> from gl_mem_32bpp.o(i.__draw_bitmap_ARGB4444) referenced from gl_mem_32bpp.o(i.GL_MEM_32BPP_Init)
 <LI><a href="#[91]">__draw_bitmap_ARGB8888</a> from gl_ext_lcd_16bit.o(i.__draw_bitmap_ARGB8888) referenced from gl_ext_lcd_16bit.o(i.EXT_LCD_CreateSurfaceRGB565)
 <LI><a href="#[af]">__draw_bitmap_ARGB8888</a> from gl_mem_16bpp.o(i.__draw_bitmap_ARGB8888) referenced from gl_mem_16bpp.o(i.GL_MEM_16BPP_Init)
 <LI><a href="#[cb]">__draw_bitmap_ARGB8888</a> from gl_mem_32bpp.o(i.__draw_bitmap_ARGB8888) referenced from gl_mem_32bpp.o(i.GL_MEM_32BPP_Init)
 <LI><a href="#[86]">__draw_bitmap_LUT1</a> from gl_ext_lcd_16bit.o(i.__draw_bitmap_LUT1) referenced from gl_ext_lcd_16bit.o(i.EXT_LCD_CreateSurfaceRGB565)
 <LI><a href="#[a4]">__draw_bitmap_LUT1</a> from gl_mem_16bpp.o(i.__draw_bitmap_LUT1) referenced from gl_mem_16bpp.o(i.GL_MEM_16BPP_Init)
 <LI><a href="#[c0]">__draw_bitmap_LUT1</a> from gl_mem_32bpp.o(i.__draw_bitmap_LUT1) referenced from gl_mem_32bpp.o(i.GL_MEM_32BPP_Init)
 <LI><a href="#[87]">__draw_bitmap_LUT2</a> from gl_ext_lcd_16bit.o(i.__draw_bitmap_LUT2) referenced from gl_ext_lcd_16bit.o(i.EXT_LCD_CreateSurfaceRGB565)
 <LI><a href="#[a5]">__draw_bitmap_LUT2</a> from gl_mem_16bpp.o(i.__draw_bitmap_LUT2) referenced from gl_mem_16bpp.o(i.GL_MEM_16BPP_Init)
 <LI><a href="#[c1]">__draw_bitmap_LUT2</a> from gl_mem_32bpp.o(i.__draw_bitmap_LUT2) referenced from gl_mem_32bpp.o(i.GL_MEM_32BPP_Init)
 <LI><a href="#[88]">__draw_bitmap_LUT4</a> from gl_ext_lcd_16bit.o(i.__draw_bitmap_LUT4) referenced from gl_ext_lcd_16bit.o(i.EXT_LCD_CreateSurfaceRGB565)
 <LI><a href="#[a6]">__draw_bitmap_LUT4</a> from gl_mem_16bpp.o(i.__draw_bitmap_LUT4) referenced from gl_mem_16bpp.o(i.GL_MEM_16BPP_Init)
 <LI><a href="#[c2]">__draw_bitmap_LUT4</a> from gl_mem_32bpp.o(i.__draw_bitmap_LUT4) referenced from gl_mem_32bpp.o(i.GL_MEM_32BPP_Init)
 <LI><a href="#[89]">__draw_bitmap_LUT8</a> from gl_ext_lcd_16bit.o(i.__draw_bitmap_LUT8) referenced from gl_ext_lcd_16bit.o(i.EXT_LCD_CreateSurfaceRGB565)
 <LI><a href="#[a7]">__draw_bitmap_LUT8</a> from gl_mem_16bpp.o(i.__draw_bitmap_LUT8) referenced from gl_mem_16bpp.o(i.GL_MEM_16BPP_Init)
 <LI><a href="#[c3]">__draw_bitmap_LUT8</a> from gl_mem_32bpp.o(i.__draw_bitmap_LUT8) referenced from gl_mem_32bpp.o(i.GL_MEM_32BPP_Init)
 <LI><a href="#[8a]">__draw_bitmap_RGB332</a> from gl_ext_lcd_16bit.o(i.__draw_bitmap_RGB332) referenced from gl_ext_lcd_16bit.o(i.EXT_LCD_CreateSurfaceRGB565)
 <LI><a href="#[a8]">__draw_bitmap_RGB332</a> from gl_mem_16bpp.o(i.__draw_bitmap_RGB332) referenced from gl_mem_16bpp.o(i.GL_MEM_16BPP_Init)
 <LI><a href="#[c4]">__draw_bitmap_RGB332</a> from gl_mem_32bpp.o(i.__draw_bitmap_RGB332) referenced from gl_mem_32bpp.o(i.GL_MEM_32BPP_Init)
 <LI><a href="#[8b]">__draw_bitmap_RGB565</a> from gl_ext_lcd_16bit.o(i.__draw_bitmap_RGB565) referenced from gl_ext_lcd_16bit.o(i.EXT_LCD_CreateSurfaceRGB565)
 <LI><a href="#[a9]">__draw_bitmap_RGB565</a> from gl_mem_16bpp.o(i.__draw_bitmap_RGB565) referenced from gl_mem_16bpp.o(i.GL_MEM_16BPP_Init)
 <LI><a href="#[c5]">__draw_bitmap_RGB565</a> from gl_mem_32bpp.o(i.__draw_bitmap_RGB565) referenced from gl_mem_32bpp.o(i.GL_MEM_32BPP_Init)
 <LI><a href="#[8f]">__draw_bitmap_RGB888</a> from gl_ext_lcd_16bit.o(i.__draw_bitmap_RGB888) referenced from gl_ext_lcd_16bit.o(i.EXT_LCD_CreateSurfaceRGB565)
 <LI><a href="#[ad]">__draw_bitmap_RGB888</a> from gl_mem_16bpp.o(i.__draw_bitmap_RGB888) referenced from gl_mem_16bpp.o(i.GL_MEM_16BPP_Init)
 <LI><a href="#[c9]">__draw_bitmap_RGB888</a> from gl_mem_32bpp.o(i.__draw_bitmap_RGB888) referenced from gl_mem_32bpp.o(i.GL_MEM_32BPP_Init)
 <LI><a href="#[8c]">__draw_bitmap_XRGB1555</a> from gl_ext_lcd_16bit.o(i.__draw_bitmap_XRGB1555) referenced from gl_ext_lcd_16bit.o(i.EXT_LCD_CreateSurfaceRGB565)
 <LI><a href="#[aa]">__draw_bitmap_XRGB1555</a> from gl_mem_16bpp.o(i.__draw_bitmap_XRGB1555) referenced from gl_mem_16bpp.o(i.GL_MEM_16BPP_Init)
 <LI><a href="#[c6]">__draw_bitmap_XRGB1555</a> from gl_mem_32bpp.o(i.__draw_bitmap_XRGB1555) referenced from gl_mem_32bpp.o(i.GL_MEM_32BPP_Init)
 <LI><a href="#[90]">__draw_bitmap_XRGB8888</a> from gl_ext_lcd_16bit.o(i.__draw_bitmap_XRGB8888) referenced from gl_ext_lcd_16bit.o(i.EXT_LCD_CreateSurfaceRGB565)
 <LI><a href="#[ae]">__draw_bitmap_XRGB8888</a> from gl_mem_16bpp.o(i.__draw_bitmap_XRGB8888) referenced from gl_mem_16bpp.o(i.GL_MEM_16BPP_Init)
 <LI><a href="#[ca]">__draw_bitmap_XRGB8888</a> from gl_mem_32bpp.o(i.__draw_bitmap_XRGB8888) referenced from gl_mem_32bpp.o(i.GL_MEM_32BPP_Init)
 <LI><a href="#[15a]">__draw_char</a> from gui_font_xft.o(i.__draw_char) referenced 2 times from gui_font_xft.o(.constdata)
 <LI><a href="#[81]">__draw_hline</a> from gl_ext_lcd_16bit.o(i.__draw_hline) referenced from gl_ext_lcd_16bit.o(i.EXT_LCD_CreateSurfaceRGB565)
 <LI><a href="#[9f]">__draw_hline</a> from gl_mem_16bpp.o(i.__draw_hline) referenced from gl_mem_16bpp.o(i.GL_MEM_16BPP_Init)
 <LI><a href="#[bb]">__draw_hline</a> from gl_mem_32bpp.o(i.__draw_hline) referenced from gl_mem_32bpp.o(i.GL_MEM_32BPP_Init)
 <LI><a href="#[82]">__draw_vline</a> from gl_ext_lcd_16bit.o(i.__draw_vline) referenced from gl_ext_lcd_16bit.o(i.EXT_LCD_CreateSurfaceRGB565)
 <LI><a href="#[a0]">__draw_vline</a> from gl_mem_16bpp.o(i.__draw_vline) referenced from gl_mem_16bpp.o(i.GL_MEM_16BPP_Init)
 <LI><a href="#[bc]">__draw_vline</a> from gl_mem_32bpp.o(i.__draw_vline) referenced from gl_mem_32bpp.o(i.GL_MEM_32BPP_Init)
 <LI><a href="#[83]">__fill_rect</a> from gl_ext_lcd_16bit.o(i.__fill_rect) referenced from gl_ext_lcd_16bit.o(i.EXT_LCD_CreateSurfaceRGB565)
 <LI><a href="#[a1]">__fill_rect</a> from gl_mem_16bpp.o(i.__fill_rect) referenced from gl_mem_16bpp.o(i.GL_MEM_16BPP_Init)
 <LI><a href="#[bd]">__fill_rect</a> from gl_mem_32bpp.o(i.__fill_rect) referenced from gl_mem_32bpp.o(i.GL_MEM_32BPP_Init)
 <LI><a href="#[84]">__fill_rect_ARGB</a> from gl_ext_lcd_16bit.o(i.__fill_rect_ARGB) referenced from gl_ext_lcd_16bit.o(i.EXT_LCD_CreateSurfaceRGB565)
 <LI><a href="#[a2]">__fill_rect_ARGB</a> from gl_mem_16bpp.o(i.__fill_rect_ARGB) referenced from gl_mem_16bpp.o(i.GL_MEM_16BPP_Init)
 <LI><a href="#[be]">__fill_rect_ARGB</a> from gl_mem_32bpp.o(i.__fill_rect_ARGB) referenced from gl_mem_32bpp.o(i.GL_MEM_32BPP_Init)
 <LI><a href="#[159]">__get_char_info</a> from gui_font_xft.o(i.__get_char_info) referenced 2 times from gui_font_xft.o(.constdata)
 <LI><a href="#[158]">__get_font_info</a> from gui_font_xft.o(i.__get_font_info) referenced 2 times from gui_font_xft.o(.constdata)
 <LI><a href="#[7e]">__get_pixel</a> from gl_ext_lcd_16bit.o(i.__get_pixel) referenced from gl_ext_lcd_16bit.o(i.EXT_LCD_CreateSurfaceRGB565)
 <LI><a href="#[9c]">__get_pixel</a> from gl_mem_16bpp.o(i.__get_pixel) referenced from gl_mem_16bpp.o(i.GL_MEM_16BPP_Init)
 <LI><a href="#[b8]">__get_pixel</a> from gl_mem_32bpp.o(i.__get_pixel) referenced from gl_mem_32bpp.o(i.GL_MEM_32BPP_Init)
 <LI><a href="#[5e]">__main</a> from entry.o(.ARM.Collect$$$$00000000) referenced from startup_stm32f10x_hd.o(.text)
 <LI><a href="#[7b]">__mem_get_data</a> from gui_imagebmp.o(i.__mem_get_data) referenced from gui_imagebmp.o(i.BMP_Draw)
 <LI><a href="#[97]">__rotate_bitmap</a> from gl_ext_lcd_16bit.o(i.__rotate_bitmap) referenced from gl_ext_lcd_16bit.o(i.EXT_LCD_CreateSurfaceRGB565)
 <LI><a href="#[b5]">__rotate_bitmap</a> from gl_mem_16bpp.o(i.__rotate_bitmap) referenced from gl_mem_16bpp.o(i.GL_MEM_16BPP_Init)
 <LI><a href="#[d1]">__rotate_bitmap</a> from gl_mem_32bpp.o(i.__rotate_bitmap) referenced from gl_mem_32bpp.o(i.GL_MEM_32BPP_Init)
 <LI><a href="#[96]">__scale_bitmap</a> from gl_ext_lcd_16bit.o(i.__scale_bitmap) referenced from gl_ext_lcd_16bit.o(i.EXT_LCD_CreateSurfaceRGB565)
 <LI><a href="#[b4]">__scale_bitmap</a> from gl_mem_16bpp.o(i.__scale_bitmap) referenced from gl_mem_16bpp.o(i.GL_MEM_16BPP_Init)
 <LI><a href="#[d0]">__scale_bitmap</a> from gl_mem_32bpp.o(i.__scale_bitmap) referenced from gl_mem_32bpp.o(i.GL_MEM_32BPP_Init)
 <LI><a href="#[7d]">__set_pixel</a> from gl_ext_lcd_16bit.o(i.__set_pixel) referenced from gl_ext_lcd_16bit.o(i.EXT_LCD_CreateSurfaceRGB565)
 <LI><a href="#[9b]">__set_pixel</a> from gl_mem_16bpp.o(i.__set_pixel) referenced from gl_mem_16bpp.o(i.GL_MEM_16BPP_Init)
 <LI><a href="#[b7]">__set_pixel</a> from gl_mem_32bpp.o(i.__set_pixel) referenced from gl_mem_32bpp.o(i.GL_MEM_32BPP_Init)
 <LI><a href="#[80]">__set_pixel_ARGB</a> from gl_ext_lcd_16bit.o(i.__set_pixel_ARGB) referenced from gl_ext_lcd_16bit.o(i.EXT_LCD_CreateSurfaceRGB565)
 <LI><a href="#[9e]">__set_pixel_ARGB</a> from gl_mem_16bpp.o(i.__set_pixel_ARGB) referenced from gl_mem_16bpp.o(i.GL_MEM_16BPP_Init)
 <LI><a href="#[ba]">__set_pixel_ARGB</a> from gl_mem_32bpp.o(i.__set_pixel_ARGB) referenced from gl_mem_32bpp.o(i.GL_MEM_32BPP_Init)
 <LI><a href="#[7c]">__set_pos</a> from gl_ext_lcd_16bit.o(i.__set_pos) referenced from gl_ext_lcd_16bit.o(i.EXT_LCD_CreateSurfaceRGB565)
 <LI><a href="#[9a]">__set_pos</a> from gl_mem_16bpp.o(i.__set_pos) referenced from gl_mem_16bpp.o(i.GL_MEM_16BPP_Init)
 <LI><a href="#[b6]">__set_pos</a> from gl_mem_32bpp.o(i.__set_pos) referenced from gl_mem_32bpp.o(i.GL_MEM_32BPP_Init)
 <LI><a href="#[7f]">__xor_pixel</a> from gl_ext_lcd_16bit.o(i.__xor_pixel) referenced from gl_ext_lcd_16bit.o(i.EXT_LCD_CreateSurfaceRGB565)
 <LI><a href="#[9d]">__xor_pixel</a> from gl_mem_16bpp.o(i.__xor_pixel) referenced from gl_mem_16bpp.o(i.GL_MEM_16BPP_Init)
 <LI><a href="#[b9]">__xor_pixel</a> from gl_mem_32bpp.o(i.__xor_pixel) referenced from gl_mem_32bpp.o(i.GL_MEM_32BPP_Init)
 <LI><a href="#[99]">_gdHLine</a> from gd_line.o(i._gdHLine) referenced from gui_aa_core.o(i.EnableAntiAlias)
 <LI><a href="#[99]">_gdHLine</a> from gd_line.o(i._gdHLine) referenced from gui_aa_core.o(i.GUI_AA_End)
 <LI><a href="#[99]">_gdHLine</a> from gd_line.o(i._gdHLine) referenced from gui_gdi.o(i.InitDC)
 <LI><a href="#[78]">_sbackspace</a> from _sgetc.o(.text) referenced from __0sscanf.o(.text)
 <LI><a href="#[79]">_scanf_char_input</a> from scanf_char.o(.text) referenced from scanf_char.o(.text)
 <LI><a href="#[77]">_sgetc</a> from _sgetc.o(.text) referenced from __0sscanf.o(.text)
 <LI><a href="#[f4]">_sputc</a> from printf3.o(i._sputc) referenced from printf3.o(i.__0sprintf$3)
 <LI><a href="#[11c]">access_virt_barray</a> from jmemmgr.o(i.access_virt_barray) referenced from jmemmgr.o(i.jinit_memory_mgr)
 <LI><a href="#[11b]">access_virt_sarray</a> from jmemmgr.o(i.access_virt_sarray) referenced from jmemmgr.o(i.jinit_memory_mgr)
 <LI><a href="#[117]">alloc_barray</a> from jmemmgr.o(i.alloc_barray) referenced from jmemmgr.o(i.jinit_memory_mgr)
 <LI><a href="#[115]">alloc_large</a> from jmemmgr.o(i.alloc_large) referenced from jmemmgr.o(i.jinit_memory_mgr)
 <LI><a href="#[116]">alloc_sarray</a> from jmemmgr.o(i.alloc_sarray) referenced from jmemmgr.o(i.jinit_memory_mgr)
 <LI><a href="#[114]">alloc_small</a> from jmemmgr.o(i.alloc_small) referenced from jmemmgr.o(i.jinit_memory_mgr)
 <LI><a href="#[63]">bmp_read_data_Res</a> from gui_picture_port.o(.text) referenced from gui_picture_port.o(.text)
 <LI><a href="#[64]">bmp_read_data_fs</a> from gui_picture_port.o(.text) referenced from gui_picture_port.o(.text)
 <LI><a href="#[137]">color_quantize</a> from jquant1.o(i.color_quantize) referenced from jquant1.o(i.start_pass_1_quant)
 <LI><a href="#[138]">color_quantize3</a> from jquant1.o(i.color_quantize3) referenced from jquant1.o(i.start_pass_1_quant)
 <LI><a href="#[f5]">consume_markers</a> from jdinput.o(i.consume_markers) referenced from jdinput.o(i.finish_input_pass)
 <LI><a href="#[f5]">consume_markers</a> from jdinput.o(i.consume_markers) referenced from jdinput.o(i.jinit_input_controller)
 <LI><a href="#[f5]">consume_markers</a> from jdinput.o(i.consume_markers) referenced from jdinput.o(i.reset_input_controller)
 <LI><a href="#[134]">decode_mcu</a> from jdarith.o(i.decode_mcu) referenced from jdarith.o(i.start_pass)
 <LI><a href="#[148]">decode_mcu</a> from jdhuff.o(i.decode_mcu) referenced from jdhuff.o(i.start_pass_huff_decoder)
 <LI><a href="#[132]">decode_mcu_AC_first</a> from jdarith.o(i.decode_mcu_AC_first) referenced from jdarith.o(i.start_pass)
 <LI><a href="#[146]">decode_mcu_AC_first</a> from jdhuff.o(i.decode_mcu_AC_first) referenced from jdhuff.o(i.start_pass_huff_decoder)
 <LI><a href="#[131]">decode_mcu_AC_refine</a> from jdarith.o(i.decode_mcu_AC_refine) referenced from jdarith.o(i.start_pass)
 <LI><a href="#[145]">decode_mcu_AC_refine</a> from jdhuff.o(i.decode_mcu_AC_refine) referenced from jdhuff.o(i.start_pass_huff_decoder)
 <LI><a href="#[133]">decode_mcu_DC_first</a> from jdarith.o(i.decode_mcu_DC_first) referenced from jdarith.o(i.start_pass)
 <LI><a href="#[147]">decode_mcu_DC_first</a> from jdhuff.o(i.decode_mcu_DC_first) referenced from jdhuff.o(i.start_pass_huff_decoder)
 <LI><a href="#[130]">decode_mcu_DC_refine</a> from jdarith.o(i.decode_mcu_DC_refine) referenced from jdarith.o(i.start_pass)
 <LI><a href="#[144]">decode_mcu_DC_refine</a> from jdhuff.o(i.decode_mcu_DC_refine) referenced from jdhuff.o(i.start_pass_huff_decoder)
 <LI><a href="#[105]">decompress_onepass</a> from jdcoefct.o(i.decompress_onepass) referenced from jdcoefct.o(i.jinit_d_coef_controller)
 <LI><a href="#[6b]">desktop_proc</a> from gui_desktop.o(.text) referenced from gui_desktop.o(.text)
 <LI><a href="#[153]">dummy</a> from gui_board_app_desktop.o(.text) referenced 16 times from gui_board_app_desktop.o(.constdata)
 <LI><a href="#[14]">dummy</a> from gui_app_desktop.o(.text) referenced 8 times from gui_app_desktop.o(.data)
 <LI><a href="#[104]">dummy_consume_data</a> from jdcoefct.o(i.dummy_consume_data) referenced from jdcoefct.o(i.jinit_d_coef_controller)
 <LI><a href="#[12c]">emit_message</a> from jerror.o(i.emit_message) referenced from jerror.o(i.jpeg_std_error)
 <LI><a href="#[12b]">error_exit</a> from jerror.o(i.error_exit) referenced from jerror.o(i.jpeg_std_error)
 <LI><a href="#[10b]">finish_input_pass</a> from jdinput.o(i.finish_input_pass) referenced from jdinput.o(i.jinit_input_controller)
 <LI><a href="#[113]">finish_output_pass</a> from jdmaster.o(i.finish_output_pass) referenced from jdmaster.o(i.jinit_master_decompress)
 <LI><a href="#[13d]">finish_pass1</a> from jquant2.o(i.finish_pass1) referenced from jquant2.o(i.start_pass_2_quant)
 <LI><a href="#[140]">finish_pass2</a> from jquant2.o(i.finish_pass2) referenced from jquant2.o(i.start_pass_2_quant)
 <LI><a href="#[f7]">finish_pass_1_quant</a> from jquant1.o(i.finish_pass_1_quant) referenced from jquant1.o(i.jinit_1pass_quantizer)
 <LI><a href="#[62]">font_read_data_exFlash</a> from gui_font_port.o(.text) referenced from gui_font_port.o(.text)
 <LI><a href="#[12e]">format_message</a> from jerror.o(i.format_message) referenced from jerror.o(i.jpeg_std_error)
 <LI><a href="#[f3]">fputc</a> from bsp_usart.o(.text) referenced from printf3.o(i.__0printf$3)
 <LI><a href="#[11d]">free_pool</a> from jmemmgr.o(i.free_pool) referenced from jmemmgr.o(i.jinit_memory_mgr)
 <LI><a href="#[127]">fullsize_upsample</a> from jdsample.o(i.fullsize_upsample) referenced from jdsample.o(i.jinit_upsampler)
 <LI><a href="#[111]">get_interesting_appn</a> from jdmarker.o(i.get_interesting_appn) referenced from jdmarker.o(i.jinit_marker_reader)
 <LI><a href="#[ff]">gray_rgb_convert</a> from jdcolor.o(i.gray_rgb_convert) referenced from jdcolor.o(i.jinit_color_deconverter)
 <LI><a href="#[fe]">grayscale_convert</a> from jdcolor.o(i.grayscale_convert) referenced from jdcolor.o(i.jinit_color_deconverter)
 <LI><a href="#[121]">h2v1_merged_upsample</a> from jdmerge.o(i.h2v1_merged_upsample) referenced from jdmerge.o(i.jinit_merged_upsampler)
 <LI><a href="#[129]">h2v1_upsample</a> from jdsample.o(i.h2v1_upsample) referenced from jdsample.o(i.jinit_upsampler)
 <LI><a href="#[123]">h2v2_merged_upsample</a> from jdmerge.o(i.h2v2_merged_upsample) referenced from jdmerge.o(i.jinit_merged_upsampler)
 <LI><a href="#[12a]">h2v2_upsample</a> from jdsample.o(i.h2v2_upsample) referenced from jdsample.o(i.jinit_upsampler)
 <LI><a href="#[15]">home_owner_draw</a> from widget.o(.text) referenced 2 times from gui_rgbled_dialog.o(.data)
 <LI><a href="#[128]">int_upsample</a> from jdsample.o(i.int_upsample) referenced from jdsample.o(i.jinit_upsampler)
 <LI><a href="#[7a]">isspace</a> from isspace_o.o(.text) referenced from scanf_char.o(.text)
 <LI><a href="#[136]">jpeg_idct_ifast</a> from jidctfst.o(i.jpeg_idct_ifast) referenced from jddctmgr.o(i.start_pass)
 <LI><a href="#[135]">jpeg_idct_islow</a> from jidctint.o(i.jpeg_idct_islow) referenced from jddctmgr.o(i.start_pass)
 <LI><a href="#[f1]">jpeg_resync_to_restart</a> from jdmarker.o(i.jpeg_resync_to_restart) referenced from emxgui_libjpeg.o(i._Init)
 <LI><a href="#[5c]">main</a> from main.o(.text) referenced from entry9a.o(.ARM.Collect$$$$0000000B)
 <LI><a href="#[120]">merged_1v_upsample</a> from jdmerge.o(i.merged_1v_upsample) referenced from jdmerge.o(i.jinit_merged_upsampler)
 <LI><a href="#[122]">merged_2v_upsample</a> from jdmerge.o(i.merged_2v_upsample) referenced from jdmerge.o(i.jinit_merged_upsampler)
 <LI><a href="#[ed]">my_emit_message</a> from emxgui_libjpeg.o(i.my_emit_message) referenced from emxgui_libjpeg.o(i._Init)
 <LI><a href="#[ec]">my_error_exit</a> from emxgui_libjpeg.o(i.my_error_exit) referenced from emxgui_libjpeg.o(i._Init)
 <LI><a href="#[f8]">new_color_map_1_quant</a> from jquant1.o(i.new_color_map_1_quant) referenced from jquant1.o(i.jinit_1pass_quantizer)
 <LI><a href="#[fa]">new_color_map_2_quant</a> from jquant2.o(i.new_color_map_2_quant) referenced from jquant2.o(i.jinit_2pass_quantizer)
 <LI><a href="#[126]">noop_upsample</a> from jdsample.o(i.noop_upsample) referenced from jdsample.o(i.jinit_upsampler)
 <LI><a href="#[fd]">null_convert</a> from jdcolor.o(i.null_convert) referenced from jdcolor.o(i.jinit_color_deconverter)
 <LI><a href="#[12d]">output_message</a> from jerror.o(i.output_message) referenced from jerror.o(i.jpeg_std_error)
 <LI><a href="#[13f]">pass2_fs_dither</a> from jquant2.o(i.pass2_fs_dither) referenced from jquant2.o(i.start_pass_2_quant)
 <LI><a href="#[13e]">pass2_no_dither</a> from jquant2.o(i.pass2_no_dither) referenced from jquant2.o(i.start_pass_2_quant)
 <LI><a href="#[141]">post_process_1pass</a> from jdpostct.o(i.post_process_1pass) referenced from jdpostct.o(i.start_pass_dpost)
 <LI><a href="#[143]">post_process_2pass</a> from jdpostct.o(i.post_process_2pass) referenced from jdpostct.o(i.start_pass_dpost)
 <LI><a href="#[142]">post_process_prepass</a> from jdpostct.o(i.post_process_prepass) referenced from jdpostct.o(i.start_pass_dpost)
 <LI><a href="#[112]">prepare_for_output_pass</a> from jdmaster.o(i.prepare_for_output_pass) referenced from jdmaster.o(i.jinit_master_decompress)
 <LI><a href="#[13c]">prescan_quantize</a> from jquant2.o(i.prescan_quantize) referenced from jquant2.o(i.start_pass_2_quant)
 <LI><a href="#[14b]">process_data_context_main</a> from jdmainct.o(i.process_data_context_main) referenced from jdmainct.o(i.start_pass_main)
 <LI><a href="#[149]">process_data_crank_post</a> from jdmainct.o(i.process_data_crank_post) referenced from jdmainct.o(i.start_pass_main)
 <LI><a href="#[14a]">process_data_simple_main</a> from jdmainct.o(i.process_data_simple_main) referenced from jdmainct.o(i.start_pass_main)
 <LI><a href="#[60]">prvIdleTask</a> from tasks.o(.text) referenced from tasks.o(.text)
 <LI><a href="#[61]">prvTaskExitError</a> from port.o(.text) referenced from port.o(.text)
 <LI><a href="#[13a]">quantize3_ord_dither</a> from jquant1.o(i.quantize3_ord_dither) referenced from jquant1.o(i.start_pass_1_quant)
 <LI><a href="#[13b]">quantize_fs_dither</a> from jquant1.o(i.quantize_fs_dither) referenced from jquant1.o(i.start_pass_1_quant)
 <LI><a href="#[139]">quantize_ord_dither</a> from jquant1.o(i.quantize_ord_dither) referenced from jquant1.o(i.start_pass_1_quant)
 <LI><a href="#[10e]">read_markers</a> from jdmarker.o(i.read_markers) referenced from jdmarker.o(i.jinit_marker_reader)
 <LI><a href="#[10f]">read_restart_marker</a> from jdmarker.o(i.read_restart_marker) referenced from jdmarker.o(i.jinit_marker_reader)
 <LI><a href="#[11a]">realize_virt_arrays</a> from jmemmgr.o(i.realize_virt_arrays) referenced from jmemmgr.o(i.jinit_memory_mgr)
 <LI><a href="#[119]">request_virt_barray</a> from jmemmgr.o(i.request_virt_barray) referenced from jmemmgr.o(i.jinit_memory_mgr)
 <LI><a href="#[118]">request_virt_sarray</a> from jmemmgr.o(i.request_virt_sarray) referenced from jmemmgr.o(i.jinit_memory_mgr)
 <LI><a href="#[12f]">reset_error_mgr</a> from jerror.o(i.reset_error_mgr) referenced from jerror.o(i.jpeg_std_error)
 <LI><a href="#[109]">reset_input_controller</a> from jdinput.o(i.reset_input_controller) referenced from jdinput.o(i.jinit_input_controller)
 <LI><a href="#[10d]">reset_marker_reader</a> from jdmarker.o(i.reset_marker_reader) referenced from jdmarker.o(i.jinit_marker_reader)
 <LI><a href="#[11e]">self_destruct</a> from jmemmgr.o(i.self_destruct) referenced from jmemmgr.o(i.jinit_memory_mgr)
 <LI><a href="#[125]">sep_upsample</a> from jdsample.o(i.sep_upsample) referenced from jdsample.o(i.jinit_upsampler)
 <LI><a href="#[110]">skip_variable</a> from jdmarker.o(i.skip_variable) referenced from jdmarker.o(i.jinit_marker_reader)
 <LI><a href="#[102]">start_input_pass</a> from jdcoefct.o(i.start_input_pass) referenced from jdcoefct.o(i.jinit_d_coef_controller)
 <LI><a href="#[10a]">start_input_pass</a> from jdinput.o(i.start_input_pass) referenced from jdinput.o(i.jinit_input_controller)
 <LI><a href="#[103]">start_output_pass</a> from jdcoefct.o(i.start_output_pass) referenced from jdcoefct.o(i.jinit_d_coef_controller)
 <LI><a href="#[fb]">start_pass</a> from jdarith.o(i.start_pass) referenced from jdarith.o(i.jinit_arith_decoder)
 <LI><a href="#[10c]">start_pass</a> from jddctmgr.o(i.start_pass) referenced from jddctmgr.o(i.jinit_inverse_dct)
 <LI><a href="#[f6]">start_pass_1_quant</a> from jquant1.o(i.start_pass_1_quant) referenced from jquant1.o(i.jinit_1pass_quantizer)
 <LI><a href="#[f9]">start_pass_2_quant</a> from jquant2.o(i.start_pass_2_quant) referenced from jquant2.o(i.jinit_2pass_quantizer)
 <LI><a href="#[fc]">start_pass_dcolor</a> from jdcolor.o(i.start_pass_dcolor) referenced from jdcolor.o(i.jinit_color_deconverter)
 <LI><a href="#[107]">start_pass_dpost</a> from jdpostct.o(i.start_pass_dpost) referenced from jdpostct.o(i.jinit_d_post_controller)
 <LI><a href="#[108]">start_pass_huff_decoder</a> from jdhuff.o(i.start_pass_huff_decoder) referenced from jdhuff.o(i.jinit_huff_decoder)
 <LI><a href="#[106]">start_pass_main</a> from jdmainct.o(i.start_pass_main) referenced from jdmainct.o(i.jinit_d_main_controller)
 <LI><a href="#[11f]">start_pass_merged_upsample</a> from jdmerge.o(i.start_pass_merged_upsample) referenced from jdmerge.o(i.jinit_merged_upsampler)
 <LI><a href="#[124]">start_pass_upsample</a> from jdsample.o(i.start_pass_upsample) referenced from jdsample.o(i.jinit_upsampler)
 <LI><a href="#[195]">win_proc</a> from widget_button2.o(i.win_proc) referenced 6 times from widget_button2.o(.constdata)
 <LI><a href="#[66]">win_proc</a> from gui_boot_interface_dialog.o(.text) referenced 3 times from gui_boot_interface_dialog.o(.text)
 <LI><a href="#[100]">ycc_rgb_convert</a> from jdcolor.o(i.ycc_rgb_convert) referenced from jdcolor.o(i.jinit_color_deconverter)
 <LI><a href="#[101]">ycck_cmyk_convert</a> from jdcolor.o(i.ycck_cmyk_convert) referenced from jdcolor.o(i.jinit_color_deconverter)
</UL>
<P>
<H3>
Global Symbols
</H3>
<P><STRONG><a name="[5e]"></a>__main</STRONG> (Thumb, 0 bytes, Stack size unknown bytes, entry.o(.ARM.Collect$$$$00000000))
<BR>[Address Reference Count : 1]<UL><LI> startup_stm32f10x_hd.o(.text)
</UL>
<P><STRONG><a name="[598]"></a>_main_stk</STRONG> (Thumb, 0 bytes, Stack size unknown bytes, entry2.o(.ARM.Collect$$$$00000001))

<P><STRONG><a name="[19b]"></a>_main_scatterload</STRONG> (Thumb, 0 bytes, Stack size unknown bytes, entry5.o(.ARM.Collect$$$$00000004))
<BR><BR>[Calls]<UL><LI><a href="#[19c]">&gt;&gt;</a>&nbsp;&nbsp;&nbsp;__scatterload
</UL>

<P><STRONG><a name="[44f]"></a>__main_after_scatterload</STRONG> (Thumb, 0 bytes, Stack size unknown bytes, entry5.o(.ARM.Collect$$$$00000004))
<BR><BR>[Called By]<UL><LI><a href="#[19c]">&gt;&gt;</a>&nbsp;&nbsp;&nbsp;__scatterload
</UL>

<P><STRONG><a name="[599]"></a>_main_clock</STRONG> (Thumb, 0 bytes, Stack size unknown bytes, entry7b.o(.ARM.Collect$$$$00000008))

<P><STRONG><a name="[59a]"></a>_main_cpp_init</STRONG> (Thumb, 0 bytes, Stack size unknown bytes, entry8b.o(.ARM.Collect$$$$0000000A))

<P><STRONG><a name="[59b]"></a>_main_init</STRONG> (Thumb, 0 bytes, Stack size unknown bytes, entry9a.o(.ARM.Collect$$$$0000000B))

<P><STRONG><a name="[59c]"></a>__rt_final_cpp</STRONG> (Thumb, 0 bytes, Stack size unknown bytes, entry10a.o(.ARM.Collect$$$$0000000D))

<P><STRONG><a name="[59d]"></a>__rt_final_exit</STRONG> (Thumb, 0 bytes, Stack size unknown bytes, entry11a.o(.ARM.Collect$$$$0000000F))

<P><STRONG><a name="[1c]"></a>SVC_Handler</STRONG> (Thumb, 32 bytes, Stack size 0 bytes, port.o(.emb_text))
<BR>[Address Reference Count : 1]<UL><LI> startup_stm32f10x_hd.o(RESET)
</UL>
<P><STRONG><a name="[2eb]"></a>__asm___6_port_c_39a90d8d__prvStartFirstTask</STRONG> (Thumb, 28 bytes, Stack size 0 bytes, port.o(.emb_text))
<BR><BR>[Called By]<UL><LI><a href="#[2db]">&gt;&gt;</a>&nbsp;&nbsp;&nbsp;xPortStartScheduler
</UL>

<P><STRONG><a name="[1e]"></a>PendSV_Handler</STRONG> (Thumb, 72 bytes, Stack size 0 bytes, port.o(.emb_text))
<BR><BR>[Stack]<UL><LI>Max Depth = 32<LI>Call Chain = PendSV_Handler &rArr; vTaskSwitchContext &rArr; __2printf
</UL>
<BR>[Calls]<UL><LI><a href="#[19d]">&gt;&gt;</a>&nbsp;&nbsp;&nbsp;vTaskSwitchContext
</UL>
<BR>[Address Reference Count : 1]<UL><LI> startup_stm32f10x_hd.o(RESET)
</UL>
<P><STRONG><a name="[2ec]"></a>vPortGetIPSR</STRONG> (Thumb, 6 bytes, Stack size 0 bytes, port.o(.emb_text))
<BR><BR>[Called By]<UL><LI><a href="#[2b8]">&gt;&gt;</a>&nbsp;&nbsp;&nbsp;vPortValidateInterruptPriority
</UL>

<P><STRONG><a name="[16]"></a>Reset_Handler</STRONG> (Thumb, 8 bytes, Stack size 0 bytes, startup_stm32f10x_hd.o(.text))
<BR>[Address Reference Count : 1]<UL><LI> startup_stm32f10x_hd.o(RESET)
</UL>
<P><STRONG><a name="[32]"></a>ADC1_2_IRQHandler</STRONG> (Thumb, 0 bytes, Stack size 0 bytes, startup_stm32f10x_hd.o(.text))
<BR><BR>[Calls]<UL><LI><a href="#[32]">&gt;&gt;</a>&nbsp;&nbsp;&nbsp;ADC1_2_IRQHandler
</UL>
<BR>[Called By]<UL><LI><a href="#[32]">&gt;&gt;</a>&nbsp;&nbsp;&nbsp;ADC1_2_IRQHandler
</UL>
<BR>[Address Reference Count : 1]<UL><LI> startup_stm32f10x_hd.o(RESET)
</UL>
<P><STRONG><a name="[4f]"></a>ADC3_IRQHandler</STRONG> (Thumb, 0 bytes, Stack size 0 bytes, startup_stm32f10x_hd.o(.text))
<BR>[Address Reference Count : 1]<UL><LI> startup_stm32f10x_hd.o(RESET)
</UL>
<P><STRONG><a name="[35]"></a>CAN1_RX1_IRQHandler</STRONG> (Thumb, 0 bytes, Stack size 0 bytes, startup_stm32f10x_hd.o(.text))
<BR>[Address Reference Count : 1]<UL><LI> startup_stm32f10x_hd.o(RESET)
</UL>
<P><STRONG><a name="[36]"></a>CAN1_SCE_IRQHandler</STRONG> (Thumb, 0 bytes, Stack size 0 bytes, startup_stm32f10x_hd.o(.text))
<BR>[Address Reference Count : 1]<UL><LI> startup_stm32f10x_hd.o(RESET)
</UL>
<P><STRONG><a name="[2b]"></a>DMA1_Channel1_IRQHandler</STRONG> (Thumb, 0 bytes, Stack size 0 bytes, startup_stm32f10x_hd.o(.text))
<BR>[Address Reference Count : 1]<UL><LI> startup_stm32f10x_hd.o(RESET)
</UL>
<P><STRONG><a name="[2c]"></a>DMA1_Channel2_IRQHandler</STRONG> (Thumb, 0 bytes, Stack size 0 bytes, startup_stm32f10x_hd.o(.text))
<BR>[Address Reference Count : 1]<UL><LI> startup_stm32f10x_hd.o(RESET)
</UL>
<P><STRONG><a name="[2d]"></a>DMA1_Channel3_IRQHandler</STRONG> (Thumb, 0 bytes, Stack size 0 bytes, startup_stm32f10x_hd.o(.text))
<BR>[Address Reference Count : 1]<UL><LI> startup_stm32f10x_hd.o(RESET)
</UL>
<P><STRONG><a name="[2e]"></a>DMA1_Channel4_IRQHandler</STRONG> (Thumb, 0 bytes, Stack size 0 bytes, startup_stm32f10x_hd.o(.text))
<BR>[Address Reference Count : 1]<UL><LI> startup_stm32f10x_hd.o(RESET)
</UL>
<P><STRONG><a name="[2f]"></a>DMA1_Channel5_IRQHandler</STRONG> (Thumb, 0 bytes, Stack size 0 bytes, startup_stm32f10x_hd.o(.text))
<BR>[Address Reference Count : 1]<UL><LI> startup_stm32f10x_hd.o(RESET)
</UL>
<P><STRONG><a name="[31]"></a>DMA1_Channel7_IRQHandler</STRONG> (Thumb, 0 bytes, Stack size 0 bytes, startup_stm32f10x_hd.o(.text))
<BR>[Address Reference Count : 1]<UL><LI> startup_stm32f10x_hd.o(RESET)
</UL>
<P><STRONG><a name="[58]"></a>DMA2_Channel1_IRQHandler</STRONG> (Thumb, 0 bytes, Stack size 0 bytes, startup_stm32f10x_hd.o(.text))
<BR>[Address Reference Count : 1]<UL><LI> startup_stm32f10x_hd.o(RESET)
</UL>
<P><STRONG><a name="[59]"></a>DMA2_Channel2_IRQHandler</STRONG> (Thumb, 0 bytes, Stack size 0 bytes, startup_stm32f10x_hd.o(.text))
<BR>[Address Reference Count : 1]<UL><LI> startup_stm32f10x_hd.o(RESET)
</UL>
<P><STRONG><a name="[5a]"></a>DMA2_Channel3_IRQHandler</STRONG> (Thumb, 0 bytes, Stack size 0 bytes, startup_stm32f10x_hd.o(.text))
<BR>[Address Reference Count : 1]<UL><LI> startup_stm32f10x_hd.o(RESET)
</UL>
<P><STRONG><a name="[5b]"></a>DMA2_Channel4_5_IRQHandler</STRONG> (Thumb, 0 bytes, Stack size 0 bytes, startup_stm32f10x_hd.o(.text))
<BR>[Address Reference Count : 1]<UL><LI> startup_stm32f10x_hd.o(RESET)
</UL>
<P><STRONG><a name="[26]"></a>EXTI0_IRQHandler</STRONG> (Thumb, 0 bytes, Stack size 0 bytes, startup_stm32f10x_hd.o(.text))
<BR>[Address Reference Count : 1]<UL><LI> startup_stm32f10x_hd.o(RESET)
</UL>
<P><STRONG><a name="[48]"></a>EXTI15_10_IRQHandler</STRONG> (Thumb, 0 bytes, Stack size 0 bytes, startup_stm32f10x_hd.o(.text))
<BR>[Address Reference Count : 1]<UL><LI> startup_stm32f10x_hd.o(RESET)
</UL>
<P><STRONG><a name="[27]"></a>EXTI1_IRQHandler</STRONG> (Thumb, 0 bytes, Stack size 0 bytes, startup_stm32f10x_hd.o(.text))
<BR>[Address Reference Count : 1]<UL><LI> startup_stm32f10x_hd.o(RESET)
</UL>
<P><STRONG><a name="[28]"></a>EXTI2_IRQHandler</STRONG> (Thumb, 0 bytes, Stack size 0 bytes, startup_stm32f10x_hd.o(.text))
<BR>[Address Reference Count : 1]<UL><LI> startup_stm32f10x_hd.o(RESET)
</UL>
<P><STRONG><a name="[29]"></a>EXTI3_IRQHandler</STRONG> (Thumb, 0 bytes, Stack size 0 bytes, startup_stm32f10x_hd.o(.text))
<BR>[Address Reference Count : 1]<UL><LI> startup_stm32f10x_hd.o(RESET)
</UL>
<P><STRONG><a name="[2a]"></a>EXTI4_IRQHandler</STRONG> (Thumb, 0 bytes, Stack size 0 bytes, startup_stm32f10x_hd.o(.text))
<BR>[Address Reference Count : 1]<UL><LI> startup_stm32f10x_hd.o(RESET)
</UL>
<P><STRONG><a name="[37]"></a>EXTI9_5_IRQHandler</STRONG> (Thumb, 0 bytes, Stack size 0 bytes, startup_stm32f10x_hd.o(.text))
<BR>[Address Reference Count : 1]<UL><LI> startup_stm32f10x_hd.o(RESET)
</UL>
<P><STRONG><a name="[24]"></a>FLASH_IRQHandler</STRONG> (Thumb, 0 bytes, Stack size 0 bytes, startup_stm32f10x_hd.o(.text))
<BR>[Address Reference Count : 1]<UL><LI> startup_stm32f10x_hd.o(RESET)
</UL>
<P><STRONG><a name="[50]"></a>FSMC_IRQHandler</STRONG> (Thumb, 0 bytes, Stack size 0 bytes, startup_stm32f10x_hd.o(.text))
<BR>[Address Reference Count : 1]<UL><LI> startup_stm32f10x_hd.o(RESET)
</UL>
<P><STRONG><a name="[40]"></a>I2C1_ER_IRQHandler</STRONG> (Thumb, 0 bytes, Stack size 0 bytes, startup_stm32f10x_hd.o(.text))
<BR>[Address Reference Count : 1]<UL><LI> startup_stm32f10x_hd.o(RESET)
</UL>
<P><STRONG><a name="[3f]"></a>I2C1_EV_IRQHandler</STRONG> (Thumb, 0 bytes, Stack size 0 bytes, startup_stm32f10x_hd.o(.text))
<BR>[Address Reference Count : 1]<UL><LI> startup_stm32f10x_hd.o(RESET)
</UL>
<P><STRONG><a name="[42]"></a>I2C2_ER_IRQHandler</STRONG> (Thumb, 0 bytes, Stack size 0 bytes, startup_stm32f10x_hd.o(.text))
<BR>[Address Reference Count : 1]<UL><LI> startup_stm32f10x_hd.o(RESET)
</UL>
<P><STRONG><a name="[41]"></a>I2C2_EV_IRQHandler</STRONG> (Thumb, 0 bytes, Stack size 0 bytes, startup_stm32f10x_hd.o(.text))
<BR>[Address Reference Count : 1]<UL><LI> startup_stm32f10x_hd.o(RESET)
</UL>
<P><STRONG><a name="[21]"></a>PVD_IRQHandler</STRONG> (Thumb, 0 bytes, Stack size 0 bytes, startup_stm32f10x_hd.o(.text))
<BR>[Address Reference Count : 1]<UL><LI> startup_stm32f10x_hd.o(RESET)
</UL>
<P><STRONG><a name="[25]"></a>RCC_IRQHandler</STRONG> (Thumb, 0 bytes, Stack size 0 bytes, startup_stm32f10x_hd.o(.text))
<BR>[Address Reference Count : 1]<UL><LI> startup_stm32f10x_hd.o(RESET)
</UL>
<P><STRONG><a name="[49]"></a>RTCAlarm_IRQHandler</STRONG> (Thumb, 0 bytes, Stack size 0 bytes, startup_stm32f10x_hd.o(.text))
<BR>[Address Reference Count : 1]<UL><LI> startup_stm32f10x_hd.o(RESET)
</UL>
<P><STRONG><a name="[23]"></a>RTC_IRQHandler</STRONG> (Thumb, 0 bytes, Stack size 0 bytes, startup_stm32f10x_hd.o(.text))
<BR>[Address Reference Count : 1]<UL><LI> startup_stm32f10x_hd.o(RESET)
</UL>
<P><STRONG><a name="[43]"></a>SPI1_IRQHandler</STRONG> (Thumb, 0 bytes, Stack size 0 bytes, startup_stm32f10x_hd.o(.text))
<BR>[Address Reference Count : 1]<UL><LI> startup_stm32f10x_hd.o(RESET)
</UL>
<P><STRONG><a name="[44]"></a>SPI2_IRQHandler</STRONG> (Thumb, 0 bytes, Stack size 0 bytes, startup_stm32f10x_hd.o(.text))
<BR>[Address Reference Count : 1]<UL><LI> startup_stm32f10x_hd.o(RESET)
</UL>
<P><STRONG><a name="[53]"></a>SPI3_IRQHandler</STRONG> (Thumb, 0 bytes, Stack size 0 bytes, startup_stm32f10x_hd.o(.text))
<BR>[Address Reference Count : 1]<UL><LI> startup_stm32f10x_hd.o(RESET)
</UL>
<P><STRONG><a name="[22]"></a>TAMPER_IRQHandler</STRONG> (Thumb, 0 bytes, Stack size 0 bytes, startup_stm32f10x_hd.o(.text))
<BR>[Address Reference Count : 1]<UL><LI> startup_stm32f10x_hd.o(RESET)
</UL>
<P><STRONG><a name="[38]"></a>TIM1_BRK_IRQHandler</STRONG> (Thumb, 0 bytes, Stack size 0 bytes, startup_stm32f10x_hd.o(.text))
<BR>[Address Reference Count : 1]<UL><LI> startup_stm32f10x_hd.o(RESET)
</UL>
<P><STRONG><a name="[3b]"></a>TIM1_CC_IRQHandler</STRONG> (Thumb, 0 bytes, Stack size 0 bytes, startup_stm32f10x_hd.o(.text))
<BR>[Address Reference Count : 1]<UL><LI> startup_stm32f10x_hd.o(RESET)
</UL>
<P><STRONG><a name="[3a]"></a>TIM1_TRG_COM_IRQHandler</STRONG> (Thumb, 0 bytes, Stack size 0 bytes, startup_stm32f10x_hd.o(.text))
<BR>[Address Reference Count : 1]<UL><LI> startup_stm32f10x_hd.o(RESET)
</UL>
<P><STRONG><a name="[39]"></a>TIM1_UP_IRQHandler</STRONG> (Thumb, 0 bytes, Stack size 0 bytes, startup_stm32f10x_hd.o(.text))
<BR>[Address Reference Count : 1]<UL><LI> startup_stm32f10x_hd.o(RESET)
</UL>
<P><STRONG><a name="[3c]"></a>TIM2_IRQHandler</STRONG> (Thumb, 0 bytes, Stack size 0 bytes, startup_stm32f10x_hd.o(.text))
<BR>[Address Reference Count : 1]<UL><LI> startup_stm32f10x_hd.o(RESET)
</UL>
<P><STRONG><a name="[3d]"></a>TIM3_IRQHandler</STRONG> (Thumb, 0 bytes, Stack size 0 bytes, startup_stm32f10x_hd.o(.text))
<BR>[Address Reference Count : 1]<UL><LI> startup_stm32f10x_hd.o(RESET)
</UL>
<P><STRONG><a name="[3e]"></a>TIM4_IRQHandler</STRONG> (Thumb, 0 bytes, Stack size 0 bytes, startup_stm32f10x_hd.o(.text))
<BR>[Address Reference Count : 1]<UL><LI> startup_stm32f10x_hd.o(RESET)
</UL>
<P><STRONG><a name="[52]"></a>TIM5_IRQHandler</STRONG> (Thumb, 0 bytes, Stack size 0 bytes, startup_stm32f10x_hd.o(.text))
<BR>[Address Reference Count : 1]<UL><LI> startup_stm32f10x_hd.o(RESET)
</UL>
<P><STRONG><a name="[56]"></a>TIM6_IRQHandler</STRONG> (Thumb, 0 bytes, Stack size 0 bytes, startup_stm32f10x_hd.o(.text))
<BR>[Address Reference Count : 1]<UL><LI> startup_stm32f10x_hd.o(RESET)
</UL>
<P><STRONG><a name="[57]"></a>TIM7_IRQHandler</STRONG> (Thumb, 0 bytes, Stack size 0 bytes, startup_stm32f10x_hd.o(.text))
<BR>[Address Reference Count : 1]<UL><LI> startup_stm32f10x_hd.o(RESET)
</UL>
<P><STRONG><a name="[4b]"></a>TIM8_BRK_IRQHandler</STRONG> (Thumb, 0 bytes, Stack size 0 bytes, startup_stm32f10x_hd.o(.text))
<BR>[Address Reference Count : 1]<UL><LI> startup_stm32f10x_hd.o(RESET)
</UL>
<P><STRONG><a name="[4e]"></a>TIM8_CC_IRQHandler</STRONG> (Thumb, 0 bytes, Stack size 0 bytes, startup_stm32f10x_hd.o(.text))
<BR>[Address Reference Count : 1]<UL><LI> startup_stm32f10x_hd.o(RESET)
</UL>
<P><STRONG><a name="[4d]"></a>TIM8_TRG_COM_IRQHandler</STRONG> (Thumb, 0 bytes, Stack size 0 bytes, startup_stm32f10x_hd.o(.text))
<BR>[Address Reference Count : 1]<UL><LI> startup_stm32f10x_hd.o(RESET)
</UL>
<P><STRONG><a name="[4c]"></a>TIM8_UP_IRQHandler</STRONG> (Thumb, 0 bytes, Stack size 0 bytes, startup_stm32f10x_hd.o(.text))
<BR>[Address Reference Count : 1]<UL><LI> startup_stm32f10x_hd.o(RESET)
</UL>
<P><STRONG><a name="[54]"></a>UART4_IRQHandler</STRONG> (Thumb, 0 bytes, Stack size 0 bytes, startup_stm32f10x_hd.o(.text))
<BR>[Address Reference Count : 1]<UL><LI> startup_stm32f10x_hd.o(RESET)
</UL>
<P><STRONG><a name="[55]"></a>UART5_IRQHandler</STRONG> (Thumb, 0 bytes, Stack size 0 bytes, startup_stm32f10x_hd.o(.text))
<BR>[Address Reference Count : 1]<UL><LI> startup_stm32f10x_hd.o(RESET)
</UL>
<P><STRONG><a name="[45]"></a>USART1_IRQHandler</STRONG> (Thumb, 0 bytes, Stack size 0 bytes, startup_stm32f10x_hd.o(.text))
<BR>[Address Reference Count : 1]<UL><LI> startup_stm32f10x_hd.o(RESET)
</UL>
<P><STRONG><a name="[46]"></a>USART2_IRQHandler</STRONG> (Thumb, 0 bytes, Stack size 0 bytes, startup_stm32f10x_hd.o(.text))
<BR>[Address Reference Count : 1]<UL><LI> startup_stm32f10x_hd.o(RESET)
</UL>
<P><STRONG><a name="[47]"></a>USART3_IRQHandler</STRONG> (Thumb, 0 bytes, Stack size 0 bytes, startup_stm32f10x_hd.o(.text))
<BR>[Address Reference Count : 1]<UL><LI> startup_stm32f10x_hd.o(RESET)
</UL>
<P><STRONG><a name="[4a]"></a>USBWakeUp_IRQHandler</STRONG> (Thumb, 0 bytes, Stack size 0 bytes, startup_stm32f10x_hd.o(.text))
<BR>[Address Reference Count : 1]<UL><LI> startup_stm32f10x_hd.o(RESET)
</UL>
<P><STRONG><a name="[33]"></a>USB_HP_CAN1_TX_IRQHandler</STRONG> (Thumb, 0 bytes, Stack size 0 bytes, startup_stm32f10x_hd.o(.text))
<BR>[Address Reference Count : 1]<UL><LI> startup_stm32f10x_hd.o(RESET)
</UL>
<P><STRONG><a name="[34]"></a>USB_LP_CAN1_RX0_IRQHandler</STRONG> (Thumb, 0 bytes, Stack size 0 bytes, startup_stm32f10x_hd.o(.text))
<BR>[Address Reference Count : 1]<UL><LI> startup_stm32f10x_hd.o(RESET)
</UL>
<P><STRONG><a name="[20]"></a>WWDG_IRQHandler</STRONG> (Thumb, 0 bytes, Stack size 0 bytes, startup_stm32f10x_hd.o(.text))
<BR>[Address Reference Count : 1]<UL><LI> startup_stm32f10x_hd.o(RESET)
</UL>
<P><STRONG><a name="[5d]"></a>SystemInit</STRONG> (Thumb, 78 bytes, Stack size 8 bytes, system_stm32f10x.o(.text))
<BR><BR>[Stack]<UL><LI>Max Depth = 28<LI>Call Chain = SystemInit &rArr; SetSysClock &rArr; SetSysClockTo72
</UL>
<BR>[Calls]<UL><LI><a href="#[19e]">&gt;&gt;</a>&nbsp;&nbsp;&nbsp;SetSysClock
</UL>
<BR>[Address Reference Count : 1]<UL><LI> startup_stm32f10x_hd.o(.text)
</UL>
<P><STRONG><a name="[59e]"></a>SystemCoreClockUpdate</STRONG> (Thumb, 142 bytes, Stack size 8 bytes, system_stm32f10x.o(.text), UNUSED)

<P><STRONG><a name="[1c0]"></a>NVIC_PriorityGroupConfig</STRONG> (Thumb, 10 bytes, Stack size 0 bytes, misc.o(.text))
<BR><BR>[Called By]<UL><LI><a href="#[1f5]">&gt;&gt;</a>&nbsp;&nbsp;&nbsp;NVIC_Configuration
<LI><a href="#[1bf]">&gt;&gt;</a>&nbsp;&nbsp;&nbsp;BSP_Init
</UL>

<P><STRONG><a name="[1f6]"></a>NVIC_Init</STRONG> (Thumb, 100 bytes, Stack size 16 bytes, misc.o(.text))
<BR><BR>[Stack]<UL><LI>Max Depth = 16<LI>Call Chain = NVIC_Init
</UL>
<BR>[Called By]<UL><LI><a href="#[24f]">&gt;&gt;</a>&nbsp;&nbsp;&nbsp;LCD_DMA_Init
<LI><a href="#[1f5]">&gt;&gt;</a>&nbsp;&nbsp;&nbsp;NVIC_Configuration
</UL>

<P><STRONG><a name="[59f]"></a>NVIC_SetVectorTable</STRONG> (Thumb, 14 bytes, Stack size 0 bytes, misc.o(.text), UNUSED)

<P><STRONG><a name="[5a0]"></a>NVIC_SystemLPConfig</STRONG> (Thumb, 34 bytes, Stack size 0 bytes, misc.o(.text), UNUSED)

<P><STRONG><a name="[5a1]"></a>SysTick_CLKSourceConfig</STRONG> (Thumb, 40 bytes, Stack size 0 bytes, misc.o(.text), UNUSED)

<P><STRONG><a name="[5a2]"></a>DMA_DeInit</STRONG> (Thumb, 324 bytes, Stack size 0 bytes, stm32f10x_dma.o(.text), UNUSED)

<P><STRONG><a name="[1fc]"></a>DMA_Init</STRONG> (Thumb, 60 bytes, Stack size 8 bytes, stm32f10x_dma.o(.text))
<BR><BR>[Stack]<UL><LI>Max Depth = 8<LI>Call Chain = DMA_Init
</UL>
<BR>[Called By]<UL><LI><a href="#[24f]">&gt;&gt;</a>&nbsp;&nbsp;&nbsp;LCD_DMA_Init
<LI><a href="#[1fd]">&gt;&gt;</a>&nbsp;&nbsp;&nbsp;SD_DMA_TxConfig
<LI><a href="#[1f9]">&gt;&gt;</a>&nbsp;&nbsp;&nbsp;SD_DMA_RxConfig
</UL>

<P><STRONG><a name="[5a3]"></a>DMA_StructInit</STRONG> (Thumb, 26 bytes, Stack size 0 bytes, stm32f10x_dma.o(.text), UNUSED)

<P><STRONG><a name="[1fb]"></a>DMA_Cmd</STRONG> (Thumb, 24 bytes, Stack size 0 bytes, stm32f10x_dma.o(.text))
<BR><BR>[Called By]<UL><LI><a href="#[1fd]">&gt;&gt;</a>&nbsp;&nbsp;&nbsp;SD_DMA_TxConfig
<LI><a href="#[1f9]">&gt;&gt;</a>&nbsp;&nbsp;&nbsp;SD_DMA_RxConfig
</UL>

<P><STRONG><a name="[251]"></a>DMA_ITConfig</STRONG> (Thumb, 18 bytes, Stack size 0 bytes, stm32f10x_dma.o(.text), UNUSED)
<BR><BR>[Called By]<UL><LI><a href="#[24f]">&gt;&gt;</a>&nbsp;&nbsp;&nbsp;LCD_DMA_Init
</UL>

<P><STRONG><a name="[5a4]"></a>DMA_SetCurrDataCounter</STRONG> (Thumb, 4 bytes, Stack size 0 bytes, stm32f10x_dma.o(.text), UNUSED)

<P><STRONG><a name="[5a5]"></a>DMA_GetCurrDataCounter</STRONG> (Thumb, 8 bytes, Stack size 0 bytes, stm32f10x_dma.o(.text), UNUSED)

<P><STRONG><a name="[1f8]"></a>DMA_GetFlagStatus</STRONG> (Thumb, 40 bytes, Stack size 0 bytes, stm32f10x_dma.o(.text))
<BR><BR>[Called By]<UL><LI><a href="#[1f7]">&gt;&gt;</a>&nbsp;&nbsp;&nbsp;SD_DMAEndOfTransferStatus
</UL>

<P><STRONG><a name="[1fa]"></a>DMA_ClearFlag</STRONG> (Thumb, 22 bytes, Stack size 0 bytes, stm32f10x_dma.o(.text))
<BR><BR>[Called By]<UL><LI><a href="#[24f]">&gt;&gt;</a>&nbsp;&nbsp;&nbsp;LCD_DMA_Init
<LI><a href="#[30]">&gt;&gt;</a>&nbsp;&nbsp;&nbsp;DMA1_Channel6_IRQHandler
<LI><a href="#[1fd]">&gt;&gt;</a>&nbsp;&nbsp;&nbsp;SD_DMA_TxConfig
<LI><a href="#[1f9]">&gt;&gt;</a>&nbsp;&nbsp;&nbsp;SD_DMA_RxConfig
</UL>

<P><STRONG><a name="[24c]"></a>DMA_GetITStatus</STRONG> (Thumb, 40 bytes, Stack size 0 bytes, stm32f10x_dma.o(.text))
<BR><BR>[Called By]<UL><LI><a href="#[30]">&gt;&gt;</a>&nbsp;&nbsp;&nbsp;DMA1_Channel6_IRQHandler
</UL>

<P><STRONG><a name="[24d]"></a>DMA_ClearITPendingBit</STRONG> (Thumb, 22 bytes, Stack size 0 bytes, stm32f10x_dma.o(.text))
<BR><BR>[Called By]<UL><LI><a href="#[24f]">&gt;&gt;</a>&nbsp;&nbsp;&nbsp;LCD_DMA_Init
<LI><a href="#[30]">&gt;&gt;</a>&nbsp;&nbsp;&nbsp;DMA1_Channel6_IRQHandler
</UL>

<P><STRONG><a name="[5a6]"></a>FSMC_NORSRAMDeInit</STRONG> (Thumb, 54 bytes, Stack size 0 bytes, stm32f10x_fsmc.o(.text), UNUSED)

<P><STRONG><a name="[5a7]"></a>FSMC_NANDDeInit</STRONG> (Thumb, 62 bytes, Stack size 0 bytes, stm32f10x_fsmc.o(.text), UNUSED)

<P><STRONG><a name="[5a8]"></a>FSMC_PCCARDDeInit</STRONG> (Thumb, 36 bytes, Stack size 0 bytes, stm32f10x_fsmc.o(.text), UNUSED)

<P><STRONG><a name="[24a]"></a>FSMC_NORSRAMInit</STRONG> (Thumb, 230 bytes, Stack size 0 bytes, stm32f10x_fsmc.o(.text))
<BR><BR>[Called By]<UL><LI><a href="#[1c4]">&gt;&gt;</a>&nbsp;&nbsp;&nbsp;FSMC_InitSRAM
<LI><a href="#[1c5]">&gt;&gt;</a>&nbsp;&nbsp;&nbsp;FSMC_InitLCD
</UL>

<P><STRONG><a name="[5a9]"></a>FSMC_NANDInit</STRONG> (Thumb, 132 bytes, Stack size 12 bytes, stm32f10x_fsmc.o(.text), UNUSED)

<P><STRONG><a name="[5aa]"></a>FSMC_PCCARDInit</STRONG> (Thumb, 130 bytes, Stack size 0 bytes, stm32f10x_fsmc.o(.text), UNUSED)

<P><STRONG><a name="[5ab]"></a>FSMC_NORSRAMStructInit</STRONG> (Thumb, 114 bytes, Stack size 0 bytes, stm32f10x_fsmc.o(.text), UNUSED)

<P><STRONG><a name="[5ac]"></a>FSMC_NANDStructInit</STRONG> (Thumb, 54 bytes, Stack size 0 bytes, stm32f10x_fsmc.o(.text), UNUSED)

<P><STRONG><a name="[5ad]"></a>FSMC_PCCARDStructInit</STRONG> (Thumb, 60 bytes, Stack size 0 bytes, stm32f10x_fsmc.o(.text), UNUSED)

<P><STRONG><a name="[24b]"></a>FSMC_NORSRAMCmd</STRONG> (Thumb, 46 bytes, Stack size 0 bytes, stm32f10x_fsmc.o(.text))
<BR><BR>[Called By]<UL><LI><a href="#[1c4]">&gt;&gt;</a>&nbsp;&nbsp;&nbsp;FSMC_InitSRAM
<LI><a href="#[1c5]">&gt;&gt;</a>&nbsp;&nbsp;&nbsp;FSMC_InitLCD
</UL>

<P><STRONG><a name="[5ae]"></a>FSMC_NANDCmd</STRONG> (Thumb, 86 bytes, Stack size 0 bytes, stm32f10x_fsmc.o(.text), UNUSED)

<P><STRONG><a name="[5af]"></a>FSMC_PCCARDCmd</STRONG> (Thumb, 44 bytes, Stack size 0 bytes, stm32f10x_fsmc.o(.text), UNUSED)

<P><STRONG><a name="[5b0]"></a>FSMC_NANDECCCmd</STRONG> (Thumb, 90 bytes, Stack size 0 bytes, stm32f10x_fsmc.o(.text), UNUSED)

<P><STRONG><a name="[5b1]"></a>FSMC_GetECC</STRONG> (Thumb, 24 bytes, Stack size 0 bytes, stm32f10x_fsmc.o(.text), UNUSED)

<P><STRONG><a name="[5b2]"></a>FSMC_ITConfig</STRONG> (Thumb, 128 bytes, Stack size 8 bytes, stm32f10x_fsmc.o(.text), UNUSED)

<P><STRONG><a name="[5b3]"></a>FSMC_GetFlagStatus</STRONG> (Thumb, 54 bytes, Stack size 8 bytes, stm32f10x_fsmc.o(.text), UNUSED)

<P><STRONG><a name="[5b4]"></a>FSMC_ClearFlag</STRONG> (Thumb, 62 bytes, Stack size 0 bytes, stm32f10x_fsmc.o(.text), UNUSED)

<P><STRONG><a name="[5b5]"></a>FSMC_GetITStatus</STRONG> (Thumb, 64 bytes, Stack size 16 bytes, stm32f10x_fsmc.o(.text), UNUSED)

<P><STRONG><a name="[5b6]"></a>FSMC_ClearITPendingBit</STRONG> (Thumb, 68 bytes, Stack size 0 bytes, stm32f10x_fsmc.o(.text), UNUSED)

<P><STRONG><a name="[1a0]"></a>GPIO_DeInit</STRONG> (Thumb, 172 bytes, Stack size 8 bytes, stm32f10x_gpio.o(.text), UNUSED)
<BR><BR>[Calls]<UL><LI><a href="#[1a1]">&gt;&gt;</a>&nbsp;&nbsp;&nbsp;RCC_APB2PeriphResetCmd
</UL>

<P><STRONG><a name="[1a2]"></a>GPIO_AFIODeInit</STRONG> (Thumb, 20 bytes, Stack size 8 bytes, stm32f10x_gpio.o(.text), UNUSED)
<BR><BR>[Calls]<UL><LI><a href="#[1a1]">&gt;&gt;</a>&nbsp;&nbsp;&nbsp;RCC_APB2PeriphResetCmd
</UL>

<P><STRONG><a name="[1cc]"></a>GPIO_Init</STRONG> (Thumb, 278 bytes, Stack size 24 bytes, stm32f10x_gpio.o(.text))
<BR><BR>[Stack]<UL><LI>Max Depth = 24<LI>Call Chain = GPIO_Init
</UL>
<BR>[Called By]<UL><LI><a href="#[242]">&gt;&gt;</a>&nbsp;&nbsp;&nbsp;ADS7843_HardInit
<LI><a href="#[23f]">&gt;&gt;</a>&nbsp;&nbsp;&nbsp;LCD_Init
<LI><a href="#[1f0]">&gt;&gt;</a>&nbsp;&nbsp;&nbsp;SD_DeInit
<LI><a href="#[1fe]">&gt;&gt;</a>&nbsp;&nbsp;&nbsp;GPIO_Configuration
<LI><a href="#[1de]">&gt;&gt;</a>&nbsp;&nbsp;&nbsp;SPI_FLASH_Init
<LI><a href="#[1c1]">&gt;&gt;</a>&nbsp;&nbsp;&nbsp;LED_GPIO_Config
<LI><a href="#[1c6]">&gt;&gt;</a>&nbsp;&nbsp;&nbsp;Key_GPIO_Config
<LI><a href="#[1c5]">&gt;&gt;</a>&nbsp;&nbsp;&nbsp;FSMC_InitLCD
<LI><a href="#[1c3]">&gt;&gt;</a>&nbsp;&nbsp;&nbsp;FSMC_Init
<LI><a href="#[1c2]">&gt;&gt;</a>&nbsp;&nbsp;&nbsp;Debug_USART_Config
<LI><a href="#[425]">&gt;&gt;</a>&nbsp;&nbsp;&nbsp;TIM_GPIO_Config
</UL>

<P><STRONG><a name="[5b7]"></a>GPIO_StructInit</STRONG> (Thumb, 16 bytes, Stack size 0 bytes, stm32f10x_gpio.o(.text), UNUSED)

<P><STRONG><a name="[1ef]"></a>GPIO_ReadInputDataBit</STRONG> (Thumb, 18 bytes, Stack size 0 bytes, stm32f10x_gpio.o(.text))
<BR><BR>[Called By]<UL><LI><a href="#[1ee]">&gt;&gt;</a>&nbsp;&nbsp;&nbsp;Key_Scan
</UL>

<P><STRONG><a name="[5b8]"></a>GPIO_ReadInputData</STRONG> (Thumb, 8 bytes, Stack size 0 bytes, stm32f10x_gpio.o(.text), UNUSED)

<P><STRONG><a name="[5b9]"></a>GPIO_ReadOutputDataBit</STRONG> (Thumb, 18 bytes, Stack size 0 bytes, stm32f10x_gpio.o(.text), UNUSED)

<P><STRONG><a name="[5ba]"></a>GPIO_ReadOutputData</STRONG> (Thumb, 8 bytes, Stack size 0 bytes, stm32f10x_gpio.o(.text), UNUSED)

<P><STRONG><a name="[1dd]"></a>GPIO_SetBits</STRONG> (Thumb, 4 bytes, Stack size 0 bytes, stm32f10x_gpio.o(.text))
<BR><BR>[Called By]<UL><LI><a href="#[241]">&gt;&gt;</a>&nbsp;&nbsp;&nbsp;LCD_BackLed_Control
<LI><a href="#[23f]">&gt;&gt;</a>&nbsp;&nbsp;&nbsp;LCD_Init
<LI><a href="#[1ed]">&gt;&gt;</a>&nbsp;&nbsp;&nbsp;SPI_Flash_WAKEUP
<LI><a href="#[1ec]">&gt;&gt;</a>&nbsp;&nbsp;&nbsp;SPI_Flash_PowerDown
<LI><a href="#[1e8]">&gt;&gt;</a>&nbsp;&nbsp;&nbsp;SPI_FLASH_ReadDeviceID
<LI><a href="#[1e7]">&gt;&gt;</a>&nbsp;&nbsp;&nbsp;SPI_FLASH_BufferRead
<LI><a href="#[1e5]">&gt;&gt;</a>&nbsp;&nbsp;&nbsp;SPI_FLASH_PageWrite
<LI><a href="#[1e4]">&gt;&gt;</a>&nbsp;&nbsp;&nbsp;SPI_FLASH_BulkErase
<LI><a href="#[1e3]">&gt;&gt;</a>&nbsp;&nbsp;&nbsp;SPI_FLASH_SectorErase
<LI><a href="#[1e2]">&gt;&gt;</a>&nbsp;&nbsp;&nbsp;SPI_FLASH_WriteEnable
<LI><a href="#[1e1]">&gt;&gt;</a>&nbsp;&nbsp;&nbsp;SPI_FLASH_WaitForWriteEnd
<LI><a href="#[1de]">&gt;&gt;</a>&nbsp;&nbsp;&nbsp;SPI_FLASH_Init
<LI><a href="#[1db]">&gt;&gt;</a>&nbsp;&nbsp;&nbsp;SPI_FLASH_ReadID
<LI><a href="#[1c1]">&gt;&gt;</a>&nbsp;&nbsp;&nbsp;LED_GPIO_Config
</UL>

<P><STRONG><a name="[1dc]"></a>GPIO_ResetBits</STRONG> (Thumb, 4 bytes, Stack size 0 bytes, stm32f10x_gpio.o(.text))
<BR><BR>[Called By]<UL><LI><a href="#[241]">&gt;&gt;</a>&nbsp;&nbsp;&nbsp;LCD_BackLed_Control
<LI><a href="#[23f]">&gt;&gt;</a>&nbsp;&nbsp;&nbsp;LCD_Init
<LI><a href="#[1ed]">&gt;&gt;</a>&nbsp;&nbsp;&nbsp;SPI_Flash_WAKEUP
<LI><a href="#[1ec]">&gt;&gt;</a>&nbsp;&nbsp;&nbsp;SPI_Flash_PowerDown
<LI><a href="#[1e9]">&gt;&gt;</a>&nbsp;&nbsp;&nbsp;SPI_FLASH_StartReadSequence
<LI><a href="#[1e8]">&gt;&gt;</a>&nbsp;&nbsp;&nbsp;SPI_FLASH_ReadDeviceID
<LI><a href="#[1e7]">&gt;&gt;</a>&nbsp;&nbsp;&nbsp;SPI_FLASH_BufferRead
<LI><a href="#[1e5]">&gt;&gt;</a>&nbsp;&nbsp;&nbsp;SPI_FLASH_PageWrite
<LI><a href="#[1e4]">&gt;&gt;</a>&nbsp;&nbsp;&nbsp;SPI_FLASH_BulkErase
<LI><a href="#[1e3]">&gt;&gt;</a>&nbsp;&nbsp;&nbsp;SPI_FLASH_SectorErase
<LI><a href="#[1e2]">&gt;&gt;</a>&nbsp;&nbsp;&nbsp;SPI_FLASH_WriteEnable
<LI><a href="#[1e1]">&gt;&gt;</a>&nbsp;&nbsp;&nbsp;SPI_FLASH_WaitForWriteEnd
<LI><a href="#[1db]">&gt;&gt;</a>&nbsp;&nbsp;&nbsp;SPI_FLASH_ReadID
</UL>

<P><STRONG><a name="[5bb]"></a>GPIO_WriteBit</STRONG> (Thumb, 10 bytes, Stack size 0 bytes, stm32f10x_gpio.o(.text), UNUSED)

<P><STRONG><a name="[5bc]"></a>GPIO_Write</STRONG> (Thumb, 4 bytes, Stack size 0 bytes, stm32f10x_gpio.o(.text), UNUSED)

<P><STRONG><a name="[5bd]"></a>GPIO_PinLockConfig</STRONG> (Thumb, 18 bytes, Stack size 0 bytes, stm32f10x_gpio.o(.text), UNUSED)

<P><STRONG><a name="[5be]"></a>GPIO_EventOutputConfig</STRONG> (Thumb, 26 bytes, Stack size 0 bytes, stm32f10x_gpio.o(.text), UNUSED)

<P><STRONG><a name="[5bf]"></a>GPIO_EventOutputCmd</STRONG> (Thumb, 6 bytes, Stack size 0 bytes, stm32f10x_gpio.o(.text), UNUSED)

<P><STRONG><a name="[427]"></a>GPIO_PinRemapConfig</STRONG> (Thumb, 138 bytes, Stack size 20 bytes, stm32f10x_gpio.o(.text))
<BR><BR>[Stack]<UL><LI>Max Depth = 20<LI>Call Chain = GPIO_PinRemapConfig
</UL>
<BR>[Called By]<UL><LI><a href="#[425]">&gt;&gt;</a>&nbsp;&nbsp;&nbsp;TIM_GPIO_Config
</UL>

<P><STRONG><a name="[5c0]"></a>GPIO_EXTILineConfig</STRONG> (Thumb, 66 bytes, Stack size 12 bytes, stm32f10x_gpio.o(.text), UNUSED)

<P><STRONG><a name="[5c1]"></a>GPIO_ETH_MediaInterfaceConfig</STRONG> (Thumb, 8 bytes, Stack size 0 bytes, stm32f10x_gpio.o(.text), UNUSED)

<P><STRONG><a name="[5c2]"></a>RCC_DeInit</STRONG> (Thumb, 64 bytes, Stack size 0 bytes, stm32f10x_rcc.o(.text), UNUSED)

<P><STRONG><a name="[5c3]"></a>RCC_HSEConfig</STRONG> (Thumb, 70 bytes, Stack size 0 bytes, stm32f10x_rcc.o(.text), UNUSED)

<P><STRONG><a name="[1a4]"></a>RCC_GetFlagStatus</STRONG> (Thumb, 56 bytes, Stack size 8 bytes, stm32f10x_rcc.o(.text), UNUSED)
<BR><BR>[Called By]<UL><LI><a href="#[1a3]">&gt;&gt;</a>&nbsp;&nbsp;&nbsp;RCC_WaitForHSEStartUp
</UL>

<P><STRONG><a name="[1a3]"></a>RCC_WaitForHSEStartUp</STRONG> (Thumb, 56 bytes, Stack size 16 bytes, stm32f10x_rcc.o(.text), UNUSED)
<BR><BR>[Calls]<UL><LI><a href="#[1a4]">&gt;&gt;</a>&nbsp;&nbsp;&nbsp;RCC_GetFlagStatus
</UL>

<P><STRONG><a name="[5c4]"></a>RCC_AdjustHSICalibrationValue</STRONG> (Thumb, 20 bytes, Stack size 0 bytes, stm32f10x_rcc.o(.text), UNUSED)

<P><STRONG><a name="[5c5]"></a>RCC_HSICmd</STRONG> (Thumb, 6 bytes, Stack size 0 bytes, stm32f10x_rcc.o(.text), UNUSED)

<P><STRONG><a name="[5c6]"></a>RCC_PLLConfig</STRONG> (Thumb, 24 bytes, Stack size 0 bytes, stm32f10x_rcc.o(.text), UNUSED)

<P><STRONG><a name="[5c7]"></a>RCC_PLLCmd</STRONG> (Thumb, 6 bytes, Stack size 0 bytes, stm32f10x_rcc.o(.text), UNUSED)

<P><STRONG><a name="[5c8]"></a>RCC_SYSCLKConfig</STRONG> (Thumb, 18 bytes, Stack size 0 bytes, stm32f10x_rcc.o(.text), UNUSED)

<P><STRONG><a name="[5c9]"></a>RCC_GetSYSCLKSource</STRONG> (Thumb, 10 bytes, Stack size 0 bytes, stm32f10x_rcc.o(.text), UNUSED)

<P><STRONG><a name="[5ca]"></a>RCC_HCLKConfig</STRONG> (Thumb, 18 bytes, Stack size 0 bytes, stm32f10x_rcc.o(.text), UNUSED)

<P><STRONG><a name="[5cb]"></a>RCC_PCLK1Config</STRONG> (Thumb, 18 bytes, Stack size 0 bytes, stm32f10x_rcc.o(.text), UNUSED)

<P><STRONG><a name="[5cc]"></a>RCC_PCLK2Config</STRONG> (Thumb, 20 bytes, Stack size 0 bytes, stm32f10x_rcc.o(.text), UNUSED)

<P><STRONG><a name="[5cd]"></a>RCC_ITConfig</STRONG> (Thumb, 26 bytes, Stack size 0 bytes, stm32f10x_rcc.o(.text), UNUSED)

<P><STRONG><a name="[5ce]"></a>RCC_USBCLKConfig</STRONG> (Thumb, 8 bytes, Stack size 0 bytes, stm32f10x_rcc.o(.text), UNUSED)

<P><STRONG><a name="[5cf]"></a>RCC_ADCCLKConfig</STRONG> (Thumb, 18 bytes, Stack size 0 bytes, stm32f10x_rcc.o(.text), UNUSED)

<P><STRONG><a name="[5d0]"></a>RCC_LSEConfig</STRONG> (Thumb, 50 bytes, Stack size 0 bytes, stm32f10x_rcc.o(.text), UNUSED)

<P><STRONG><a name="[5d1]"></a>RCC_LSICmd</STRONG> (Thumb, 6 bytes, Stack size 0 bytes, stm32f10x_rcc.o(.text), UNUSED)

<P><STRONG><a name="[5d2]"></a>RCC_RTCCLKConfig</STRONG> (Thumb, 12 bytes, Stack size 0 bytes, stm32f10x_rcc.o(.text), UNUSED)

<P><STRONG><a name="[5d3]"></a>RCC_RTCCLKCmd</STRONG> (Thumb, 8 bytes, Stack size 0 bytes, stm32f10x_rcc.o(.text), UNUSED)

<P><STRONG><a name="[1a8]"></a>RCC_GetClocksFreq</STRONG> (Thumb, 192 bytes, Stack size 12 bytes, stm32f10x_rcc.o(.text))
<BR><BR>[Stack]<UL><LI>Max Depth = 12<LI>Call Chain = RCC_GetClocksFreq
</UL>
<BR>[Called By]<UL><LI><a href="#[1bb]">&gt;&gt;</a>&nbsp;&nbsp;&nbsp;USART_Init
<LI><a href="#[1a7]">&gt;&gt;</a>&nbsp;&nbsp;&nbsp;I2S_Init
</UL>

<P><STRONG><a name="[1f4]"></a>RCC_AHBPeriphClockCmd</STRONG> (Thumb, 26 bytes, Stack size 0 bytes, stm32f10x_rcc.o(.text))
<BR><BR>[Called By]<UL><LI><a href="#[24f]">&gt;&gt;</a>&nbsp;&nbsp;&nbsp;LCD_DMA_Init
<LI><a href="#[1f0]">&gt;&gt;</a>&nbsp;&nbsp;&nbsp;SD_DeInit
<LI><a href="#[1fe]">&gt;&gt;</a>&nbsp;&nbsp;&nbsp;GPIO_Configuration
<LI><a href="#[1c3]">&gt;&gt;</a>&nbsp;&nbsp;&nbsp;FSMC_Init
</UL>

<P><STRONG><a name="[1cb]"></a>RCC_APB2PeriphClockCmd</STRONG> (Thumb, 26 bytes, Stack size 0 bytes, stm32f10x_rcc.o(.text))
<BR><BR>[Called By]<UL><LI><a href="#[1fe]">&gt;&gt;</a>&nbsp;&nbsp;&nbsp;GPIO_Configuration
<LI><a href="#[1de]">&gt;&gt;</a>&nbsp;&nbsp;&nbsp;SPI_FLASH_Init
<LI><a href="#[1c1]">&gt;&gt;</a>&nbsp;&nbsp;&nbsp;LED_GPIO_Config
<LI><a href="#[1c6]">&gt;&gt;</a>&nbsp;&nbsp;&nbsp;Key_GPIO_Config
<LI><a href="#[1c3]">&gt;&gt;</a>&nbsp;&nbsp;&nbsp;FSMC_Init
<LI><a href="#[1c2]">&gt;&gt;</a>&nbsp;&nbsp;&nbsp;Debug_USART_Config
<LI><a href="#[425]">&gt;&gt;</a>&nbsp;&nbsp;&nbsp;TIM_GPIO_Config
</UL>

<P><STRONG><a name="[428]"></a>RCC_APB1PeriphClockCmd</STRONG> (Thumb, 26 bytes, Stack size 0 bytes, stm32f10x_rcc.o(.text))
[...]
</UL>
<BR>[Address Reference Count : 1]<UL><LI> jdcolor.o(i.jinit_color_deconverter)
</UL>
<P><STRONG><a name="[fe]"></a>grayscale_convert</STRONG> (Thumb, 32 bytes, Stack size 16 bytes, jdcolor.o(i.grayscale_convert))
<BR><BR>[Stack]<UL><LI>Max Depth = 48<LI>Call Chain = grayscale_convert &rArr; jcopy_sample_rows &rArr; __aeabi_memcpy
</UL>
<BR>[Calls]<UL><LI><a href="#[558]">&gt;&gt;</a>&nbsp;&nbsp;&nbsp;jcopy_sample_rows
</UL>
<BR>[Address Reference Count : 1]<UL><LI> jdcolor.o(i.jinit_color_deconverter)
</UL>
<P><STRONG><a name="[fd]"></a>null_convert</STRONG> (Thumb, 84 bytes, Stack size 24 bytes, jdcolor.o(i.null_convert))
<BR><BR>[Stack]<UL><LI>Max Depth = 24<LI>Call Chain = null_convert
</UL>
<BR>[Address Reference Count : 1]<UL><LI> jdcolor.o(i.jinit_color_deconverter)
</UL>
<P><STRONG><a name="[fc]"></a>start_pass_dcolor</STRONG> (Thumb, 2 bytes, Stack size 0 bytes, jdcolor.o(i.start_pass_dcolor))
<BR>[Address Reference Count : 1]<UL><LI> jdcolor.o(i.jinit_color_deconverter)
</UL>
<P><STRONG><a name="[100]"></a>ycc_rgb_convert</STRONG> (Thumb, 184 bytes, Stack size 60 bytes, jdcolor.o(i.ycc_rgb_convert))
<BR><BR>[Stack]<UL><LI>Max Depth = 60<LI>Call Chain = ycc_rgb_convert
</UL>
<BR>[Address Reference Count : 1]<UL><LI> jdcolor.o(i.jinit_color_deconverter)
</UL>
<P><STRONG><a name="[101]"></a>ycck_cmyk_convert</STRONG> (Thumb, 210 bytes, Stack size 60 bytes, jdcolor.o(i.ycck_cmyk_convert))
<BR><BR>[Stack]<UL><LI>Max Depth = 60<LI>Call Chain = ycck_cmyk_convert
</UL>
<BR>[Address Reference Count : 1]<UL><LI> jdcolor.o(i.jinit_color_deconverter)
</UL>
<P><STRONG><a name="[10c]"></a>start_pass</STRONG> (Thumb, 246 bytes, Stack size 40 bytes, jddctmgr.o(i.start_pass))
<BR><BR>[Stack]<UL><LI>Max Depth = 40<LI>Call Chain = start_pass
</UL>
<BR>[Address Reference Count : 1]<UL><LI> jddctmgr.o(i.jinit_inverse_dct)
</UL>
<P><STRONG><a name="[148]"></a>decode_mcu</STRONG> (Thumb, 764 bytes, Stack size 88 bytes, jdhuff.o(i.decode_mcu))
<BR><BR>[Stack]<UL><LI>Max Depth = 144<LI>Call Chain = decode_mcu &rArr; jpeg_huff_decode &rArr; jpeg_fill_bit_buffer
</UL>
<BR>[Calls]<UL><LI><a href="#[545]">&gt;&gt;</a>&nbsp;&nbsp;&nbsp;process_restart
<LI><a href="#[547]">&gt;&gt;</a>&nbsp;&nbsp;&nbsp;jpeg_huff_decode
<LI><a href="#[546]">&gt;&gt;</a>&nbsp;&nbsp;&nbsp;jpeg_fill_bit_buffer
</UL>
<BR>[Address Reference Count : 1]<UL><LI> jdhuff.o(i.start_pass_huff_decoder)
</UL>
<P><STRONG><a name="[146]"></a>decode_mcu_AC_first</STRONG> (Thumb, 396 bytes, Stack size 72 bytes, jdhuff.o(i.decode_mcu_AC_first))
<BR><BR>[Stack]<UL><LI>Max Depth = 128<LI>Call Chain = decode_mcu_AC_first &rArr; jpeg_huff_decode &rArr; jpeg_fill_bit_buffer
</UL>
<BR>[Calls]<UL><LI><a href="#[545]">&gt;&gt;</a>&nbsp;&nbsp;&nbsp;process_restart
<LI><a href="#[547]">&gt;&gt;</a>&nbsp;&nbsp;&nbsp;jpeg_huff_decode
<LI><a href="#[546]">&gt;&gt;</a>&nbsp;&nbsp;&nbsp;jpeg_fill_bit_buffer
</UL>
<BR>[Address Reference Count : 1]<UL><LI> jdhuff.o(i.start_pass_huff_decoder)
</UL>
<P><STRONG><a name="[145]"></a>decode_mcu_AC_refine</STRONG> (Thumb, 724 bytes, Stack size 352 bytes, jdhuff.o(i.decode_mcu_AC_refine))
<BR><BR>[Stack]<UL><LI>Max Depth = 408<LI>Call Chain = decode_mcu_AC_refine &rArr; jpeg_huff_decode &rArr; jpeg_fill_bit_buffer
</UL>
<BR>[Calls]<UL><LI><a href="#[545]">&gt;&gt;</a>&nbsp;&nbsp;&nbsp;process_restart
<LI><a href="#[547]">&gt;&gt;</a>&nbsp;&nbsp;&nbsp;jpeg_huff_decode
<LI><a href="#[546]">&gt;&gt;</a>&nbsp;&nbsp;&nbsp;jpeg_fill_bit_buffer
</UL>
<BR>[Address Reference Count : 1]<UL><LI> jdhuff.o(i.start_pass_huff_decoder)
</UL>
<P><STRONG><a name="[147]"></a>decode_mcu_DC_first</STRONG> (Thumb, 362 bytes, Stack size 80 bytes, jdhuff.o(i.decode_mcu_DC_first))
<BR><BR>[Stack]<UL><LI>Max Depth = 136<LI>Call Chain = decode_mcu_DC_first &rArr; jpeg_huff_decode &rArr; jpeg_fill_bit_buffer
</UL>
<BR>[Calls]<UL><LI><a href="#[545]">&gt;&gt;</a>&nbsp;&nbsp;&nbsp;process_restart
<LI><a href="#[547]">&gt;&gt;</a>&nbsp;&nbsp;&nbsp;jpeg_huff_decode
<LI><a href="#[546]">&gt;&gt;</a>&nbsp;&nbsp;&nbsp;jpeg_fill_bit_buffer
</UL>
<BR>[Address Reference Count : 1]<UL><LI> jdhuff.o(i.start_pass_huff_decoder)
</UL>
<P><STRONG><a name="[144]"></a>decode_mcu_DC_refine</STRONG> (Thumb, 166 bytes, Stack size 48 bytes, jdhuff.o(i.decode_mcu_DC_refine))
<BR><BR>[Stack]<UL><LI>Max Depth = 80<LI>Call Chain = decode_mcu_DC_refine &rArr; jpeg_fill_bit_buffer
</UL>
<BR>[Calls]<UL><LI><a href="#[545]">&gt;&gt;</a>&nbsp;&nbsp;&nbsp;process_restart
<LI><a href="#[546]">&gt;&gt;</a>&nbsp;&nbsp;&nbsp;jpeg_fill_bit_buffer
</UL>
<BR>[Address Reference Count : 1]<UL><LI> jdhuff.o(i.start_pass_huff_decoder)
</UL>
<P><STRONG><a name="[546]"></a>jpeg_fill_bit_buffer</STRONG> (Thumb, 188 bytes, Stack size 32 bytes, jdhuff.o(i.jpeg_fill_bit_buffer))
<BR><BR>[Stack]<UL><LI>Max Depth = 32<LI>Call Chain = jpeg_fill_bit_buffer
</UL>
<BR>[Called By]<UL><LI><a href="#[547]">&gt;&gt;</a>&nbsp;&nbsp;&nbsp;jpeg_huff_decode
<LI><a href="#[144]">&gt;&gt;</a>&nbsp;&nbsp;&nbsp;decode_mcu_DC_refine
<LI><a href="#[147]">&gt;&gt;</a>&nbsp;&nbsp;&nbsp;decode_mcu_DC_first
<LI><a href="#[145]">&gt;&gt;</a>&nbsp;&nbsp;&nbsp;decode_mcu_AC_refine
<LI><a href="#[146]">&gt;&gt;</a>&nbsp;&nbsp;&nbsp;decode_mcu_AC_first
<LI><a href="#[148]">&gt;&gt;</a>&nbsp;&nbsp;&nbsp;decode_mcu
</UL>

<P><STRONG><a name="[547]"></a>jpeg_huff_decode</STRONG> (Thumb, 160 bytes, Stack size 24 bytes, jdhuff.o(i.jpeg_huff_decode))
<BR><BR>[Stack]<UL><LI>Max Depth = 56<LI>Call Chain = jpeg_huff_decode &rArr; jpeg_fill_bit_buffer
</UL>
<BR>[Calls]<UL><LI><a href="#[546]">&gt;&gt;</a>&nbsp;&nbsp;&nbsp;jpeg_fill_bit_buffer
</UL>
<BR>[Called By]<UL><LI><a href="#[147]">&gt;&gt;</a>&nbsp;&nbsp;&nbsp;decode_mcu_DC_first
<LI><a href="#[145]">&gt;&gt;</a>&nbsp;&nbsp;&nbsp;decode_mcu_AC_refine
<LI><a href="#[146]">&gt;&gt;</a>&nbsp;&nbsp;&nbsp;decode_mcu_AC_first
<LI><a href="#[148]">&gt;&gt;</a>&nbsp;&nbsp;&nbsp;decode_mcu
</UL>

<P><STRONG><a name="[572]"></a>jpeg_make_d_derived_tbl</STRONG> (Thumb, 488 bytes, Stack size 1344 bytes, jdhuff.o(i.jpeg_make_d_derived_tbl))
<BR><BR>[Stack]<UL><LI>Max Depth = 1344<LI>Call Chain = jpeg_make_d_derived_tbl
</UL>
<BR>[Calls]<UL><LI><a href="#[475]">&gt;&gt;</a>&nbsp;&nbsp;&nbsp;__aeabi_memclr4
</UL>
<BR>[Called By]<UL><LI><a href="#[108]">&gt;&gt;</a>&nbsp;&nbsp;&nbsp;start_pass_huff_decoder
</UL>

<P><STRONG><a name="[545]"></a>process_restart</STRONG> (Thumb, 96 bytes, Stack size 16 bytes, jdhuff.o(i.process_restart))
<BR><BR>[Stack]<UL><LI>Max Depth = 16<LI>Call Chain = process_restart
</UL>
<BR>[Called By]<UL><LI><a href="#[144]">&gt;&gt;</a>&nbsp;&nbsp;&nbsp;decode_mcu_DC_refine
<LI><a href="#[147]">&gt;&gt;</a>&nbsp;&nbsp;&nbsp;decode_mcu_DC_first
<LI><a href="#[145]">&gt;&gt;</a>&nbsp;&nbsp;&nbsp;decode_mcu_AC_refine
<LI><a href="#[146]">&gt;&gt;</a>&nbsp;&nbsp;&nbsp;decode_mcu_AC_first
<LI><a href="#[148]">&gt;&gt;</a>&nbsp;&nbsp;&nbsp;decode_mcu
</UL>

<P><STRONG><a name="[108]"></a>start_pass_huff_decoder</STRONG> (Thumb, 696 bytes, Stack size 40 bytes, jdhuff.o(i.start_pass_huff_decoder))
<BR><BR>[Stack]<UL><LI>Max Depth = 1384<LI>Call Chain = start_pass_huff_decoder &rArr; jpeg_make_d_derived_tbl
</UL>
<BR>[Calls]<UL><LI><a href="#[572]">&gt;&gt;</a>&nbsp;&nbsp;&nbsp;jpeg_make_d_derived_tbl
</UL>
<BR>[Address Reference Count : 1]<UL><LI> jdhuff.o(i.jinit_huff_decoder)
</UL>
<P><STRONG><a name="[14b]"></a>process_data_context_main</STRONG> (Thumb, 518 bytes, Stack size 64 bytes, jdmainct.o(i.process_data_context_main))
<BR><BR>[Stack]<UL><LI>Max Depth = 64<LI>Call Chain = process_data_context_main
</UL>
<BR>[Address Reference Count : 1]<UL><LI> jdmainct.o(i.start_pass_main)
</UL>
<P><STRONG><a name="[149]"></a>process_data_crank_post</STRONG> (Thumb, 30 bytes, Stack size 16 bytes, jdmainct.o(i.process_data_crank_post))
<BR><BR>[Stack]<UL><LI>Max Depth = 16<LI>Call Chain = process_data_crank_post
</UL>
<BR>[Address Reference Count : 1]<UL><LI> jdmainct.o(i.start_pass_main)
</UL>
<P><STRONG><a name="[14a]"></a>process_data_simple_main</STRONG> (Thumb, 116 bytes, Stack size 40 bytes, jdmainct.o(i.process_data_simple_main))
<BR><BR>[Stack]<UL><LI>Max Depth = 40<LI>Call Chain = process_data_simple_main
</UL>
<BR>[Address Reference Count : 1]<UL><LI> jdmainct.o(i.start_pass_main)
</UL>
<P><STRONG><a name="[106]"></a>start_pass_main</STRONG> (Thumb, 266 bytes, Stack size 48 bytes, jdmainct.o(i.start_pass_main))
<BR><BR>[Stack]<UL><LI>Max Depth = 48<LI>Call Chain = start_pass_main
</UL>
<BR>[Address Reference Count : 1]<UL><LI> jdmainct.o(i.jinit_d_main_controller)
</UL>
<P><STRONG><a name="[121]"></a>h2v1_merged_upsample</STRONG> (Thumb, 244 bytes, Stack size 44 bytes, jdmerge.o(i.h2v1_merged_upsample))
<BR><BR>[Stack]<UL><LI>Max Depth = 44<LI>Call Chain = h2v1_merged_upsample
</UL>
<BR>[Address Reference Count : 1]<UL><LI> jdmerge.o(i.jinit_merged_upsampler)
</UL>
<P><STRONG><a name="[123]"></a>h2v2_merged_upsample</STRONG> (Thumb, 376 bytes, Stack size 52 bytes, jdmerge.o(i.h2v2_merged_upsample))
<BR><BR>[Stack]<UL><LI>Max Depth = 52<LI>Call Chain = h2v2_merged_upsample
</UL>
<BR>[Address Reference Count : 1]<UL><LI> jdmerge.o(i.jinit_merged_upsampler)
</UL>
<P><STRONG><a name="[120]"></a>merged_1v_upsample</STRONG> (Thumb, 44 bytes, Stack size 16 bytes, jdmerge.o(i.merged_1v_upsample))
<BR><BR>[Stack]<UL><LI>Max Depth = 16<LI>Call Chain = merged_1v_upsample
</UL>
<BR>[Address Reference Count : 1]<UL><LI> jdmerge.o(i.jinit_merged_upsampler)
</UL>
<P><STRONG><a name="[122]"></a>merged_2v_upsample</STRONG> (Thumb, 164 bytes, Stack size 48 bytes, jdmerge.o(i.merged_2v_upsample))
<BR><BR>[Stack]<UL><LI>Max Depth = 80<LI>Call Chain = merged_2v_upsample &rArr; jcopy_sample_rows &rArr; __aeabi_memcpy
</UL>
<BR>[Calls]<UL><LI><a href="#[558]">&gt;&gt;</a>&nbsp;&nbsp;&nbsp;jcopy_sample_rows
</UL>
<BR>[Address Reference Count : 1]<UL><LI> jdmerge.o(i.jinit_merged_upsampler)
</UL>
<P><STRONG><a name="[11f]"></a>start_pass_merged_upsample</STRONG> (Thumb, 16 bytes, Stack size 0 bytes, jdmerge.o(i.start_pass_merged_upsample))
<BR>[Address Reference Count : 1]<UL><LI> jdmerge.o(i.jinit_merged_upsampler)
</UL>
<P><STRONG><a name="[141]"></a>post_process_1pass</STRONG> (Thumb, 100 bytes, Stack size 40 bytes, jdpostct.o(i.post_process_1pass))
<BR><BR>[Stack]<UL><LI>Max Depth = 40<LI>Call Chain = post_process_1pass
</UL>
<BR>[Address Reference Count : 1]<UL><LI> jdpostct.o(i.start_pass_dpost)
</UL>
<P><STRONG><a name="[143]"></a>post_process_2pass</STRONG> (Thumb, 136 bytes, Stack size 40 bytes, jdpostct.o(i.post_process_2pass))
<BR><BR>[Stack]<UL><LI>Max Depth = 40<LI>Call Chain = post_process_2pass
</UL>
<BR>[Address Reference Count : 1]<UL><LI> jdpostct.o(i.start_pass_dpost)
</UL>
<P><STRONG><a name="[142]"></a>post_process_prepass</STRONG> (Thumb, 148 bytes, Stack size 48 bytes, jdpostct.o(i.post_process_prepass))
<BR><BR>[Stack]<UL><LI>Max Depth = 48<LI>Call Chain = post_process_prepass
</UL>
<BR>[Address Reference Count : 1]<UL><LI> jdpostct.o(i.start_pass_dpost)
</UL>
<P><STRONG><a name="[107]"></a>start_pass_dpost</STRONG> (Thumb, 124 bytes, Stack size 16 bytes, jdpostct.o(i.start_pass_dpost))
<BR><BR>[Stack]<UL><LI>Max Depth = 16<LI>Call Chain = start_pass_dpost
</UL>
<BR>[Address Reference Count : 1]<UL><LI> jdpostct.o(i.jinit_d_post_controller)
</UL>
<P><STRONG><a name="[127]"></a>fullsize_upsample</STRONG> (Thumb, 4 bytes, Stack size 0 bytes, jdsample.o(i.fullsize_upsample))
<BR>[Address Reference Count : 1]<UL><LI> jdsample.o(i.jinit_upsampler)
</UL>
<P><STRONG><a name="[129]"></a>h2v1_upsample</STRONG> (Thumb, 68 bytes, Stack size 12 bytes, jdsample.o(i.h2v1_upsample))
<BR><BR>[Stack]<UL><LI>Max Depth = 12<LI>Call Chain = h2v1_upsample
</UL>
<BR>[Address Reference Count : 1]<UL><LI> jdsample.o(i.jinit_upsampler)
</UL>
<P><STRONG><a name="[12a]"></a>h2v2_upsample</STRONG> (Thumb, 102 bytes, Stack size 40 bytes, jdsample.o(i.h2v2_upsample))
<BR><BR>[Stack]<UL><LI>Max Depth = 72<LI>Call Chain = h2v2_upsample &rArr; jcopy_sample_rows &rArr; __aeabi_memcpy
</UL>
<BR>[Calls]<UL><LI><a href="#[558]">&gt;&gt;</a>&nbsp;&nbsp;&nbsp;jcopy_sample_rows
</UL>
<BR>[Address Reference Count : 1]<UL><LI> jdsample.o(i.jinit_upsampler)
</UL>
<P><STRONG><a name="[128]"></a>int_upsample</STRONG> (Thumb, 136 bytes, Stack size 48 bytes, jdsample.o(i.int_upsample))
<BR><BR>[Stack]<UL><LI>Max Depth = 80<LI>Call Chain = int_upsample &rArr; jcopy_sample_rows &rArr; __aeabi_memcpy
</UL>
<BR>[Calls]<UL><LI><a href="#[558]">&gt;&gt;</a>&nbsp;&nbsp;&nbsp;jcopy_sample_rows
</UL>
<BR>[Address Reference Count : 1]<UL><LI> jdsample.o(i.jinit_upsampler)
</UL>
<P><STRONG><a name="[126]"></a>noop_upsample</STRONG> (Thumb, 6 bytes, Stack size 0 bytes, jdsample.o(i.noop_upsample))
<BR>[Address Reference Count : 1]<UL><LI> jdsample.o(i.jinit_upsampler)
</UL>
<P><STRONG><a name="[125]"></a>sep_upsample</STRONG> (Thumb, 190 bytes, Stack size 40 bytes, jdsample.o(i.sep_upsample))
<BR><BR>[Stack]<UL><LI>Max Depth = 40<LI>Call Chain = sep_upsample
</UL>
<BR>[Address Reference Count : 1]<UL><LI> jdsample.o(i.jinit_upsampler)
</UL>
<P><STRONG><a name="[124]"></a>start_pass_upsample</STRONG> (Thumb, 16 bytes, Stack size 0 bytes, jdsample.o(i.start_pass_upsample))
<BR>[Address Reference Count : 1]<UL><LI> jdsample.o(i.jinit_upsampler)
</UL>
<P><STRONG><a name="[137]"></a>color_quantize</STRONG> (Thumb, 92 bytes, Stack size 36 bytes, jquant1.o(i.color_quantize))
<BR><BR>[Stack]<UL><LI>Max Depth = 36<LI>Call Chain = color_quantize
</UL>
<BR>[Address Reference Count : 1]<UL><LI> jquant1.o(i.start_pass_1_quant)
</UL>
<P><STRONG><a name="[138]"></a>color_quantize3</STRONG> (Thumb, 98 bytes, Stack size 32 bytes, jquant1.o(i.color_quantize3))
<BR><BR>[Stack]<UL><LI>Max Depth = 32<LI>Call Chain = color_quantize3
</UL>
<BR>[Address Reference Count : 1]<UL><LI> jquant1.o(i.start_pass_1_quant)
</UL>
<P><STRONG><a name="[55a]"></a>create_colorindex</STRONG> (Thumb, 216 bytes, Stack size 40 bytes, jquant1.o(i.create_colorindex))
<BR><BR>[Stack]<UL><LI>Max Depth = 40<LI>Call Chain = create_colorindex
</UL>
<BR>[Called By]<UL><LI><a href="#[f6]">&gt;&gt;</a>&nbsp;&nbsp;&nbsp;start_pass_1_quant
<LI><a href="#[559]">&gt;&gt;</a>&nbsp;&nbsp;&nbsp;jinit_1pass_quantizer
</UL>

<P><STRONG><a name="[f7]"></a>finish_pass_1_quant</STRONG> (Thumb, 2 bytes, Stack size 0 bytes, jquant1.o(i.finish_pass_1_quant))
<BR>[Address Reference Count : 1]<UL><LI> jquant1.o(i.jinit_1pass_quantizer)
</UL>
<P><STRONG><a name="[f8]"></a>new_color_map_1_quant</STRONG> (Thumb, 12 bytes, Stack size 0 bytes, jquant1.o(i.new_color_map_1_quant))
<BR>[Address Reference Count : 1]<UL><LI> jquant1.o(i.jinit_1pass_quantizer)
</UL>
<P><STRONG><a name="[13a]"></a>quantize3_ord_dither</STRONG> (Thumb, 180 bytes, Stack size 64 bytes, jquant1.o(i.quantize3_ord_dither))
<BR><BR>[Stack]<UL><LI>Max Depth = 64<LI>Call Chain = quantize3_ord_dither
</UL>
<BR>[Address Reference Count : 1]<UL><LI> jquant1.o(i.start_pass_1_quant)
</UL>
<P><STRONG><a name="[13b]"></a>quantize_fs_dither</STRONG> (Thumb, 312 bytes, Stack size 88 bytes, jquant1.o(i.quantize_fs_dither))
<BR><BR>[Stack]<UL><LI>Max Depth = 88<LI>Call Chain = quantize_fs_dither
</UL>
<BR>[Calls]<UL><LI><a href="#[533]">&gt;&gt;</a>&nbsp;&nbsp;&nbsp;jzero_far
</UL>
<BR>[Address Reference Count : 1]<UL><LI> jquant1.o(i.start_pass_1_quant)
</UL>
<P><STRONG><a name="[139]"></a>quantize_ord_dither</STRONG> (Thumb, 154 bytes, Stack size 56 bytes, jquant1.o(i.quantize_ord_dither))
<BR><BR>[Stack]<UL><LI>Max Depth = 56<LI>Call Chain = quantize_ord_dither
</UL>
<BR>[Calls]<UL><LI><a href="#[533]">&gt;&gt;</a>&nbsp;&nbsp;&nbsp;jzero_far
</UL>
<BR>[Address Reference Count : 1]<UL><LI> jquant1.o(i.start_pass_1_quant)
</UL>
<P><STRONG><a name="[f6]"></a>start_pass_1_quant</STRONG> (Thumb, 372 bytes, Stack size 40 bytes, jquant1.o(i.start_pass_1_quant))
<BR><BR>[Stack]<UL><LI>Max Depth = 80<LI>Call Chain = start_pass_1_quant &rArr; create_colorindex
</UL>
<BR>[Calls]<UL><LI><a href="#[55a]">&gt;&gt;</a>&nbsp;&nbsp;&nbsp;create_colorindex
<LI><a href="#[533]">&gt;&gt;</a>&nbsp;&nbsp;&nbsp;jzero_far
</UL>
<BR>[Address Reference Count : 1]<UL><LI> jquant1.o(i.jinit_1pass_quantizer)
</UL>
<P><STRONG><a name="[580]"></a>fill_inverse_cmap</STRONG> (Thumb, 740 bytes, Stack size 1504 bytes, jquant2.o(i.fill_inverse_cmap))
<BR><BR>[Stack]<UL><LI>Max Depth = 1504<LI>Call Chain = fill_inverse_cmap
</UL>
<BR>[Called By]<UL><LI><a href="#[13e]">&gt;&gt;</a>&nbsp;&nbsp;&nbsp;pass2_no_dither
<LI><a href="#[13f]">&gt;&gt;</a>&nbsp;&nbsp;&nbsp;pass2_fs_dither
</UL>

<P><STRONG><a name="[13d]"></a>finish_pass1</STRONG> (Thumb, 596 bytes, Stack size 80 bytes, jquant2.o(i.finish_pass1))
<BR><BR>[Stack]<UL><LI>Max Depth = 120<LI>Call Chain = finish_pass1 &rArr; update_box
</UL>
<BR>[Calls]<UL><LI><a href="#[54b]">&gt;&gt;</a>&nbsp;&nbsp;&nbsp;update_box
</UL>
<BR>[Address Reference Count : 1]<UL><LI> jquant2.o(i.start_pass_2_quant)
</UL>
<P><STRONG><a name="[140]"></a>finish_pass2</STRONG> (Thumb, 2 bytes, Stack size 0 bytes, jquant2.o(i.finish_pass2))
<BR>[Address Reference Count : 1]<UL><LI> jquant2.o(i.start_pass_2_quant)
</UL>
<P><STRONG><a name="[fa]"></a>new_color_map_2_quant</STRONG> (Thumb, 10 bytes, Stack size 0 bytes, jquant2.o(i.new_color_map_2_quant))
<BR>[Address Reference Count : 1]<UL><LI> jquant2.o(i.jinit_2pass_quantizer)
</UL>
<P><STRONG><a name="[13f]"></a>pass2_fs_dither</STRONG> (Thumb, 496 bytes, Stack size 136 bytes, jquant2.o(i.pass2_fs_dither))
<BR><BR>[Stack]<UL><LI>Max Depth = 1640<LI>Call Chain = pass2_fs_dither &rArr; fill_inverse_cmap
</UL>
<BR>[Calls]<UL><LI><a href="#[580]">&gt;&gt;</a>&nbsp;&nbsp;&nbsp;fill_inverse_cmap
</UL>
<BR>[Address Reference Count : 1]<UL><LI> jquant2.o(i.start_pass_2_quant)
</UL>
<P><STRONG><a name="[13e]"></a>pass2_no_dither</STRONG> (Thumb, 126 bytes, Stack size 56 bytes, jquant2.o(i.pass2_no_dither))
<BR><BR>[Stack]<UL><LI>Max Depth = 1560<LI>Call Chain = pass2_no_dither &rArr; fill_inverse_cmap
</UL>
<BR>[Calls]<UL><LI><a href="#[580]">&gt;&gt;</a>&nbsp;&nbsp;&nbsp;fill_inverse_cmap
</UL>
<BR>[Address Reference Count : 1]<UL><LI> jquant2.o(i.start_pass_2_quant)
</UL>
<P><STRONG><a name="[13c]"></a>prescan_quantize</STRONG> (Thumb, 108 bytes, Stack size 20 bytes, jquant2.o(i.prescan_quantize))
<BR><BR>[Stack]<UL><LI>Max Depth = 20<LI>Call Chain = prescan_quantize
</UL>
<BR>[Address Reference Count : 1]<UL><LI> jquant2.o(i.start_pass_2_quant)
</UL>
<P><STRONG><a name="[f9]"></a>start_pass_2_quant</STRONG> (Thumb, 320 bytes, Stack size 32 bytes, jquant2.o(i.start_pass_2_quant))
<BR><BR>[Stack]<UL><LI>Max Depth = 32<LI>Call Chain = start_pass_2_quant
</UL>
<BR>[Calls]<UL><LI><a href="#[533]">&gt;&gt;</a>&nbsp;&nbsp;&nbsp;jzero_far
</UL>
<BR>[Address Reference Count : 1]<UL><LI> jquant2.o(i.jinit_2pass_quantizer)
</UL>
<P><STRONG><a name="[54b]"></a>update_box</STRONG> (Thumb, 596 bytes, Stack size 40 bytes, jquant2.o(i.update_box))
<BR><BR>[Stack]<UL><LI>Max Depth = 40<LI>Call Chain = update_box
</UL>
<BR>[Called By]<UL><LI><a href="#[13d]">&gt;&gt;</a>&nbsp;&nbsp;&nbsp;finish_pass1
</UL>

<P><STRONG><a name="[515]"></a>_printf_core</STRONG> (Thumb, 436 bytes, Stack size 96 bytes, printf3.o(i._printf_core), UNUSED)
<BR><BR>[Calls]<UL><LI><a href="#[531]">&gt;&gt;</a>&nbsp;&nbsp;&nbsp;__aeabi_uidivmod
</UL>
<BR>[Called By]<UL><LI><a href="#[516]">&gt;&gt;</a>&nbsp;&nbsp;&nbsp;__0sprintf$3
<LI><a href="#[514]">&gt;&gt;</a>&nbsp;&nbsp;&nbsp;__0printf$3
</UL>

<P><STRONG><a name="[f4]"></a>_sputc</STRONG> (Thumb, 10 bytes, Stack size 0 bytes, printf3.o(i._sputc))
<BR><BR>[Called By]<UL><LI><a href="#[516]">&gt;&gt;</a>&nbsp;&nbsp;&nbsp;__0sprintf$3
</UL>
<BR>[Address Reference Count : 1]<UL><LI> printf3.o(i.__0sprintf$3)
</UL>
<P><STRONG><a name="[79]"></a>_scanf_char_input</STRONG> (Thumb, 12 bytes, Stack size 0 bytes, scanf_char.o(.text))
<BR>[Address Reference Count : 1]<UL><LI> scanf_char.o(.text)
</UL><P>
<H3>
Undefined Global Symbols
</H3><HR></body></html>
