<html>
<body>
<pre>
<h1>礦ision Build Log</h1>
<h2>Tool Versions:</h2>
IDE-Version: μVision V5.27.0.0
Copyright (C) 2018 ARM Ltd and ARM Germany GmbH. All rights reserved.
License Information: LONG Administrator, YH, LIC=TA374-FFK2Y-ULHCE-53DJV-RS749-INYGE
 
Tool Versions:
Toolchain:       MDK-ARM Professional  Version: 5.27.0.0
Toolchain Path:  C:\Keil_v5\ARM\ARMCC\Bin
C Compiler:      Armcc.exe V5.06 update 6 (build 750)
Assembler:       Armasm.exe V5.06 update 6 (build 750)
Linker/Locator:  ArmLink.exe V5.06 update 6 (build 750)
Library Manager: ArmAr.exe V5.06 update 6 (build 750)
Hex Converter:   FromElf.exe V5.06 update 6 (build 750)
CPU DLL:         SARMCM3.DLL V5.27.0.0
Dialog DLL:      DCM.DLL V1.17.2.0
Target DLL:      CMSIS_AGDI.dll V1.31.9.0
Dialog DLL:      TCM.DLL V1.36.1.0
 
<h2>Project:</h2>
D:\emXGUI开发\tutorial_code_stm32f429\F103_霸道_2.8_3.2_V1\freeRTOS\06-emXGUI推荐应用模版\Project\RVMDK（uv5）\Fire_FreeRTOS.uvprojx
Project File Date:  07/06/2019

<h2>Output:</h2>
*** Using Compiler 'V5.06 update 6 (build 750)', folder: 'C:\Keil_v5\ARM\ARMCC\Bin'
Build target 'Fire_FreeRTOS'
compiling OEM_GroupBox.c...
..\..\User\bsp\FATFS\ff.h(68): warning:  #47-D: incompatible redefinition of macro "_T"  (declared at line 20 of "..\..\..\..\..\emXGUI_Lib\inc\emXGUI.h")
  #define _T(x) x
..\..\..\..\..\emXGUI_Lib\OEM_Face\OEM_GroupBox.c: 1 warning, 0 errors
compiling bsp_fsmc.c...
..\..\User\bsp\FATFS\ff.h(68): warning:  #47-D: incompatible redefinition of macro "_T"  (declared at line 20 of "..\..\..\..\..\emXGUI_Lib\inc\emXGUI.h")
  #define _T(x) x
..\..\User\bsp\fsmc\bsp_fsmc.c: 1 warning, 0 errors
compiling ADS7843.c...
..\..\User\bsp\FATFS\ff.h(68): warning:  #47-D: incompatible redefinition of macro "_T"  (declared at line 20 of "..\..\..\..\..\emXGUI_Lib\inc\emXGUI.h")
  #define _T(x) x
..\..\User\bsp\LCD\ADS7843.c: 1 warning, 0 errors
compiling OEM_ListBox.c...
..\..\User\bsp\FATFS\ff.h(68): warning:  #47-D: incompatible redefinition of macro "_T"  (declared at line 20 of "..\..\..\..\..\emXGUI_Lib\inc\emXGUI.h")
  #define _T(x) x
..\..\..\..\..\emXGUI_Lib\OEM_Face\OEM_ListBox.c: 1 warning, 0 errors
compiling OEM_CheckBox.c...
..\..\User\bsp\FATFS\ff.h(68): warning:  #47-D: incompatible redefinition of macro "_T"  (declared at line 20 of "..\..\..\..\..\emXGUI_Lib\inc\emXGUI.h")
  #define _T(x) x
..\..\..\..\..\emXGUI_Lib\OEM_Face\OEM_CheckBox.c: 1 warning, 0 errors
compiling OEM_Button.c...
..\..\User\bsp\FATFS\ff.h(68): warning:  #47-D: incompatible redefinition of macro "_T"  (declared at line 20 of "..\..\..\..\..\emXGUI_Lib\inc\emXGUI.h")
  #define _T(x) x
..\..\..\..\..\emXGUI_Lib\OEM_Face\OEM_Button.c(163): warning:  #177-D: variable "oem_flat"  was declared but never referenced
  static win_oem_t oem_flat=
..\..\..\..\..\emXGUI_Lib\OEM_Face\OEM_Button.c: 2 warnings, 0 errors
compiling bsp_flash_spi.c...
..\..\User\bsp\FATFS\ff.h(68): warning:  #47-D: incompatible redefinition of macro "_T"  (declared at line 20 of "..\..\..\..\..\emXGUI_Lib\inc\emXGUI.h")
  #define _T(x) x
..\..\User\bsp\spi_flash\bsp_flash_spi.c: 1 warning, 0 errors
compiling ILI9341_16Bit.c...
..\..\User\bsp\FATFS\ff.h(68): warning:  #47-D: incompatible redefinition of macro "_T"  (declared at line 20 of "..\..\..\..\..\emXGUI_Lib\inc\emXGUI.h")
  #define _T(x) x
..\..\..\..\..\emXGUI_Lib\arch\EXT_LCD_Arch.c(53): warning:  #177-D: label "out8"  was declared but never referenced
  		out8: __lcd_write_dat(c);
..\..\..\..\..\emXGUI_Lib\arch\EXT_LCD_Arch.c(93): warning:  #177-D: label "out8"  was declared but never referenced
  		out8: __lcd_write_dat(*bits++);
..\..\User\bsp\LCD\ILI9341_16Bit.c: 3 warnings, 0 errors
compiling OEM_RadioBox.c...
..\..\User\bsp\FATFS\ff.h(68): warning:  #47-D: incompatible redefinition of macro "_T"  (declared at line 20 of "..\..\..\..\..\emXGUI_Lib\inc\emXGUI.h")
  #define _T(x) x
..\..\..\..\..\emXGUI_Lib\OEM_Face\OEM_RadioBox.c: 1 warning, 0 errors
compiling OEM_ProgressBar.c...
..\..\User\bsp\FATFS\ff.h(68): warning:  #47-D: incompatible redefinition of macro "_T"  (declared at line 20 of "..\..\..\..\..\emXGUI_Lib\inc\emXGUI.h")
  #define _T(x) x
..\..\..\..\..\emXGUI_Lib\OEM_Face\OEM_ProgressBar.c: 1 warning, 0 errors
compiling OEM_ScrollBar.c...
..\..\User\bsp\FATFS\ff.h(68): warning:  #47-D: incompatible redefinition of macro "_T"  (declared at line 20 of "..\..\..\..\..\emXGUI_Lib\inc\emXGUI.h")
  #define _T(x) x
..\..\..\..\..\emXGUI_Lib\OEM_Face\OEM_ScrollBar.c: 1 warning, 0 errors
compiling OEM_TextBox.c...
..\..\User\bsp\FATFS\ff.h(68): warning:  #47-D: incompatible redefinition of macro "_T"  (declared at line 20 of "..\..\..\..\..\emXGUI_Lib\inc\emXGUI.h")
  #define _T(x) x
..\..\..\..\..\emXGUI_Lib\OEM_Face\OEM_TextBox.c: 1 warning, 0 errors
compiling EXT_LCD_Arch.c...
..\..\User\bsp\FATFS\ff.h(68): warning:  #47-D: incompatible redefinition of macro "_T"  (declared at line 20 of "..\..\..\..\..\emXGUI_Lib\inc\emXGUI.h")
  #define _T(x) x
..\..\..\..\..\emXGUI_Lib\arch\EXT_LCD_Arch.c: 1 warning, 0 errors
compiling GUI_Arch.c...
..\..\User\bsp\FATFS\ff.h(68): warning:  #47-D: incompatible redefinition of macro "_T"  (declared at line 20 of "..\..\..\..\..\emXGUI_Lib\inc\emXGUI.h")
  #define _T(x) x
..\..\..\..\..\emXGUI_Lib\arch\GUI_Arch.c: 1 warning, 0 errors
compiling GUI_GPU.c...
..\..\User\bsp\FATFS\ff.h(68): warning:  #47-D: incompatible redefinition of macro "_T"  (declared at line 20 of "..\..\..\..\..\emXGUI_Lib\inc\emXGUI.h")
  #define _T(x) x
..\..\..\..\..\emXGUI_Lib\arch\GUI_GPU.c: 1 warning, 0 errors
compiling X_GUI_FreeRTOS.c...
..\..\User\bsp\FATFS\ff.h(68): warning:  #47-D: incompatible redefinition of macro "_T"  (declared at line 20 of "..\..\..\..\..\emXGUI_Lib\inc\emXGUI.h")
  #define _T(x) x
..\..\..\..\..\emXGUI_Lib\arch\OS_Options\X_GUI_FreeRTOS.c: 1 warning, 0 errors
compiling GUI_TouchPanel.c...
..\..\User\bsp\FATFS\ff.h(68): warning:  #47-D: incompatible redefinition of macro "_T"  (declared at line 20 of "..\..\..\..\..\emXGUI_Lib\inc\emXGUI.h")
  #define _T(x) x
..\..\..\..\..\emXGUI_Lib\arch\GUI_TouchPanel.c(301): warning:  #550-D: variable "ts_x"  was set but never used
  static int ts_x,ts_y;
..\..\..\..\..\emXGUI_Lib\arch\GUI_TouchPanel.c(301): warning:  #550-D: variable "ts_y"  was set but never used
  static int ts_x,ts_y;
..\..\..\..\..\emXGUI_Lib\arch\GUI_TouchPanel.c: 3 warnings, 0 errors
compiling gui_lcd_port.c...
..\..\User\bsp\FATFS\ff.h(68): warning:  #47-D: incompatible redefinition of macro "_T"  (declared at line 20 of "..\..\..\..\..\emXGUI_Lib\inc\emXGUI.h")
  #define _T(x) x
..\..\..\..\..\emXGUI_Lib\drv\gui_lcd_port.c: 1 warning, 0 errors
compiling gui_startup.c...
..\..\User\bsp\FATFS\ff.h(68): warning:  #47-D: incompatible redefinition of macro "_T"  (declared at line 20 of "..\..\..\..\..\emXGUI_Lib\inc\emXGUI.h")
  #define _T(x) x
..\..\..\..\..\emXGUI_Lib\drv\gui_startup.c: 1 warning, 0 errors
compiling GUI_TouchPanel_Calibration.c...
..\..\User\bsp\FATFS\ff.h(68): warning:  #47-D: incompatible redefinition of macro "_T"  (declared at line 20 of "..\..\..\..\..\emXGUI_Lib\inc\emXGUI.h")
  #define _T(x) x
..\..\..\..\..\emXGUI_Lib\arch\GUI_TouchPanel_Calibration.c(157): warning:  #177-D: label "cal_failed"  was declared but never referenced
  cal_failed:
..\..\..\..\..\emXGUI_Lib\arch\GUI_TouchPanel_Calibration.c(11): warning:  #177-D: function "x_abs"  was declared but never referenced
  static  int x_abs(int a)
..\..\..\..\..\emXGUI_Lib\arch\GUI_TouchPanel_Calibration.c: 3 warnings, 0 errors
compiling gui_font_port.c...
..\..\User\bsp\FATFS\ff.h(68): warning:  #47-D: incompatible redefinition of macro "_T"  (declared at line 20 of "..\..\..\..\..\emXGUI_Lib\inc\emXGUI.h")
  #define _T(x) x
..\..\..\..\..\emXGUI_Lib\drv\gui_font_port.c: 1 warning, 0 errors
compiling gui_mem_port.c...
..\..\User\bsp\FATFS\ff.h(68): warning:  #47-D: incompatible redefinition of macro "_T"  (declared at line 20 of "..\..\..\..\..\emXGUI_Lib\inc\emXGUI.h")
  #define _T(x) x
..\..\..\..\..\emXGUI_Lib\drv\gui_mem_port.c: 1 warning, 0 errors
compiling gui_input_port.c...
..\..\User\bsp\FATFS\ff.h(68): warning:  #47-D: incompatible redefinition of macro "_T"  (declared at line 20 of "..\..\..\..\..\emXGUI_Lib\inc\emXGUI.h")
  #define _T(x) x
..\..\..\..\..\emXGUI_Lib\drv\gui_input_port.c: 1 warning, 0 errors
compiling gui_touch_port.c...
..\..\User\bsp\FATFS\ff.h(68): warning:  #47-D: incompatible redefinition of macro "_T"  (declared at line 20 of "..\..\..\..\..\emXGUI_Lib\inc\emXGUI.h")
  #define _T(x) x
..\..\..\..\..\emXGUI_Lib\drv\gui_touch_port.c: 1 warning, 0 errors
compiling gui_fs_port.c...
..\..\User\bsp\FATFS\ff.h(68): warning:  #47-D: incompatible redefinition of macro "_T"  (declared at line 20 of "..\..\..\..\..\emXGUI_Lib\inc\emXGUI.h")
  #define _T(x) x
..\..\..\..\..\emXGUI_Lib\drv\gui_fs_port.c: 1 warning, 0 errors
compiling gui_resource_port.c...
..\..\User\bsp\FATFS\ff.h(68): warning:  #47-D: incompatible redefinition of macro "_T"  (declared at line 20 of "..\..\..\..\..\emXGUI_Lib\inc\emXGUI.h")
  #define _T(x) x
..\..\..\..\..\emXGUI_Lib\drv\gui_resource_port.c: 1 warning, 0 errors
compiling gui_log_port.c...
..\..\User\bsp\FATFS\ff.h(68): warning:  #47-D: incompatible redefinition of macro "_T"  (declared at line 20 of "..\..\..\..\..\emXGUI_Lib\inc\emXGUI.h")
  #define _T(x) x
..\..\..\..\..\emXGUI_Lib\drv\gui_log_port.c: 1 warning, 0 errors
compiling GUI_Boot_Interface_Dialog.c...
..\..\User\bsp\FATFS\ff.h(68): warning:  #47-D: incompatible redefinition of macro "_T"  (declared at line 20 of "..\..\..\..\..\emXGUI_Lib\inc\emXGUI.h")
  #define _T(x) x
..\..\..\..\..\emXGUI_Lib\app\base\boot_interface\GUI_Boot_Interface_Dialog.c: 1 warning, 0 errors
compiling gui_desktop.c...
..\..\User\bsp\FATFS\ff.h(68): warning:  #47-D: incompatible redefinition of macro "_T"  (declared at line 20 of "..\..\..\..\..\emXGUI_Lib\inc\emXGUI.h")
  #define _T(x) x
..\..\..\..\..\emXGUI_Lib\app\base\gui_desktop.c: 1 warning, 0 errors
compiling backend_res_writer.c...
..\..\User\bsp\FATFS\ff.h(68): warning:  #47-D: incompatible redefinition of macro "_T"  (declared at line 20 of "..\..\..\..\..\emXGUI_Lib\inc\emXGUI.h")
  #define _T(x) x
..\..\..\..\..\emXGUI_Lib\app\base\res_writer\backend_res_writer.c: 1 warning, 0 errors
compiling GUI_RES_Writer_Dialog.c...
..\..\User\bsp\FATFS\ff.h(68): warning:  #47-D: incompatible redefinition of macro "_T"  (declared at line 20 of "..\..\..\..\..\emXGUI_Lib\inc\emXGUI.h")
  #define _T(x) x
..\..\..\..\..\emXGUI_Lib\app\base\res_writer\GUI_RES_Writer_Dialog.c: 1 warning, 0 errors
linking...
Program Size: Code=105444 RO-data=200860 RW-data=368 ZI-data=675736  
FromELF: creating hex file...
"..\..\Output\Fire_FreeRTOS.axf" - 0 Error(s), 38 Warning(s).

<h2>Software Packages used:</h2>

Package Vendor: Keil
                http://www.keil.com/pack/Keil.STM32F1xx_DFP.2.1.0.pack
                Keil.STM32F1xx_DFP.2.1.0
                STMicroelectronics STM32F1 Series Device Support, Drivers and Examples

<h2>Collection of Component include folders:</h2>
  .\RTE\_Fire_FreeRTOS
  C:\Keil_v5\ARM\PACK\Keil\STM32F1xx_DFP\2.1.0\Device\Include

<h2>Collection of Component Files used:</h2>
Build Time Elapsed:  00:00:14
</pre>
</body>
</html>
