Component: ARM Compiler 5.06 update 6 (build 750) Tool: armlink [4d35ed]

==============================================================================

Section Cross References

    startup_stm32f10x_hd.o(RESET) refers to startup_stm32f10x_hd.o(STACK) for __initial_sp
    startup_stm32f10x_hd.o(RESET) refers to startup_stm32f10x_hd.o(.text) for Reset_Handler
    startup_stm32f10x_hd.o(RESET) refers to stm32f10x_it.o(.text) for NMI_Handler
    startup_stm32f10x_hd.o(.text) refers to system_stm32f10x.o(.text) for SystemInit
    startup_stm32f10x_hd.o(.text) refers to entry.o(.ARM.Collect$$$$00000000) for __main
    system_stm32f10x.o(.text) refers to system_stm32f10x.o(.data) for SystemCoreClock
    stm32f10x_adc.o(.text) refers to stm32f10x_rcc.o(.text) for RCC_APB2PeriphResetCmd
    stm32f10x_bkp.o(.text) refers to stm32f10x_rcc.o(.text) for RCC_BackupResetCmd
    stm32f10x_can.o(.text) refers to stm32f10x_rcc.o(.text) for RCC_APB1PeriphResetCmd
    stm32f10x_cec.o(.text) refers to stm32f10x_rcc.o(.text) for RCC_APB1PeriphResetCmd
    stm32f10x_dac.o(.text) refers to stm32f10x_rcc.o(.text) for RCC_APB1PeriphResetCmd
    stm32f10x_gpio.o(.text) refers to stm32f10x_rcc.o(.text) for RCC_APB2PeriphResetCmd
    stm32f10x_i2c.o(.text) refers to stm32f10x_rcc.o(.text) for RCC_APB1PeriphResetCmd
    stm32f10x_pwr.o(.text) refers to stm32f10x_rcc.o(.text) for RCC_APB1PeriphResetCmd
    stm32f10x_rcc.o(.text) refers to stm32f10x_rcc.o(.data) for APBAHBPrescTable
    stm32f10x_spi.o(.text) refers to stm32f10x_rcc.o(.text) for RCC_APB2PeriphResetCmd
    stm32f10x_tim.o(.text) refers to stm32f10x_rcc.o(.text) for RCC_APB2PeriphResetCmd
    stm32f10x_usart.o(.text) refers to stm32f10x_rcc.o(.text) for RCC_APB2PeriphResetCmd
    stm32f10x_wwdg.o(.text) refers to stm32f10x_rcc.o(.text) for RCC_APB1PeriphResetCmd
    main.o(.text) refers to bsp_led.o(.text) for LED_GPIO_Config
    main.o(.text) refers to bsp_usart.o(.text) for USART_Config
    main.o(.text) refers to bsp_key.o(.text) for Key_GPIO_Config
    main.o(.text) refers to bsp_flash_spi.o(.text) for SPI_FLASH_Init
    main.o(.text) refers to ff.o(.text) for f_mount
    main.o(.text) refers to printf8.o(i.__0printf$8) for __2printf
    main.o(.text) refers to res_writer.o(.text) for Make_Catalog
    main.o(.text) refers to res_writer.o(.bss) for sd_fs
    main.o(.text) refers to main.o(.data) for res_sd
    main.o(.text) refers to res_writer.o(.data) for src_dir
    stm32f10x_it.o(.text) refers to bsp_sdio_sdcard.o(.text) for SD_ProcessIRQSrc
    bsp_led.o(.text) refers to stm32f10x_rcc.o(.text) for RCC_APB2PeriphClockCmd
    bsp_led.o(.text) refers to stm32f10x_gpio.o(.text) for GPIO_Init
    bsp_usart.o(.text) refers to stm32f10x_rcc.o(.text) for RCC_APB2PeriphClockCmd
    bsp_usart.o(.text) refers to stm32f10x_gpio.o(.text) for GPIO_Init
    bsp_usart.o(.text) refers to stm32f10x_usart.o(.text) for USART_Init
    bsp_sdio_sdcard.o(.text) refers to stm32f10x_sdio.o(.text) for SDIO_ClockCmd
    bsp_sdio_sdcard.o(.text) refers to stm32f10x_rcc.o(.text) for RCC_AHBPeriphClockCmd
    bsp_sdio_sdcard.o(.text) refers to stm32f10x_gpio.o(.text) for GPIO_Init
    bsp_sdio_sdcard.o(.text) refers to misc.o(.text) for NVIC_PriorityGroupConfig
    bsp_sdio_sdcard.o(.text) refers to stm32f10x_dma.o(.text) for DMA_GetFlagStatus
    bsp_sdio_sdcard.o(.text) refers to bsp_sdio_sdcard.o(.bss) for SDIO_CmdInitStructure
    bsp_sdio_sdcard.o(.text) refers to bsp_sdio_sdcard.o(.data) for RCA
    bsp_sdio_sdcard.o(.text) refers to uldiv.o(.text) for __aeabi_uldivmod
    bsp_key.o(.text) refers to stm32f10x_rcc.o(.text) for RCC_APB2PeriphClockCmd
    bsp_key.o(.text) refers to stm32f10x_gpio.o(.text) for GPIO_Init
    res_reader.o(.text) refers to strlen.o(.text) for strlen
    res_reader.o(.text) refers to bsp_flash_spi.o(.text) for SPI_FLASH_BufferRead
    res_reader.o(.text) refers to strncasecmp.o(.text) for strncasecmp
    res_writer.o(.text) refers to ff.o(.text) for f_open
    res_writer.o(.text) refers to printf8.o(i.__0printf$8) for __2printf
    res_writer.o(.text) refers to malloc.o(i.malloc) for malloc
    res_writer.o(.text) refers to strcpy.o(.text) for strcpy
    res_writer.o(.text) refers to strrchr.o(.text) for strrchr
    res_writer.o(.text) refers to strlen.o(.text) for strlen
    res_writer.o(.text) refers to printf8.o(i.__0sprintf$8) for __2sprintf
    res_writer.o(.text) refers to strcasecmp.o(.text) for strcasecmp
    res_writer.o(.text) refers to malloc.o(i.free) for free
    res_writer.o(.text) refers to memcpya.o(.text) for __aeabi_memcpy
    res_writer.o(.text) refers to atoi.o(.text) for atoi
    res_writer.o(.text) refers to res_writer.o(.bss) for file_temp
    res_writer.o(.text) refers to res_writer.o(.data) for resource_addr
    res_writer.o(.text) refers to res_writer.o(.conststring) for .conststring
    res_writer.o(.text) refers to bsp_flash_spi.o(.text) for SPI_FLASH_BufferWrite
    res_writer.o(.text) refers to res_reader.o(.text) for GetResOffset
[...]
    printfa.o(i.__0snprintf) refers to printfa.o(i._printf_core) for _printf_core
    printfa.o(i.__0snprintf) refers to printfa.o(i._snputc) for _snputc
    printfa.o(i.__0sprintf) refers (Special) to iusefp.o(.text) for __I$use$fp
    printfa.o(i.__0sprintf) refers to printfa.o(i._printf_core) for _printf_core
    printfa.o(i.__0sprintf) refers to printfa.o(i._sputc) for _sputc
    printfa.o(i.__0vfprintf) refers (Special) to iusefp.o(.text) for __I$use$fp
    printfa.o(i.__0vfprintf) refers to printfa.o(i._printf_core) for _printf_core
    printfa.o(i.__0vfprintf) refers to bsp_usart.o(.text) for fputc
    printfa.o(i.__0vprintf) refers (Special) to iusefp.o(.text) for __I$use$fp
    printfa.o(i.__0vprintf) refers to printfa.o(i._printf_core) for _printf_core
    printfa.o(i.__0vprintf) refers to bsp_usart.o(.text) for fputc
    printfa.o(i.__0vprintf) refers to stdout.o(.data) for __stdout
    printfa.o(i.__0vsnprintf) refers (Special) to iusefp.o(.text) for __I$use$fp
    printfa.o(i.__0vsnprintf) refers to printfa.o(i._printf_core) for _printf_core
    printfa.o(i.__0vsnprintf) refers to printfa.o(i._snputc) for _snputc
    printfa.o(i.__0vsprintf) refers (Special) to iusefp.o(.text) for __I$use$fp
    printfa.o(i.__0vsprintf) refers to printfa.o(i._printf_core) for _printf_core
    printfa.o(i.__0vsprintf) refers to printfa.o(i._sputc) for _sputc
    printfa.o(i._fp_digits) refers (Special) to iusefp.o(.text) for __I$use$fp
    printfa.o(i._fp_digits) refers to dmul.o(.text) for __aeabi_dmul
    printfa.o(i._fp_digits) refers to ddiv.o(.text) for __aeabi_ddiv
    printfa.o(i._fp_digits) refers to cdrcmple.o(.text) for __aeabi_cdrcmple
    printfa.o(i._fp_digits) refers to dadd.o(.text) for __aeabi_dadd
    printfa.o(i._fp_digits) refers to dfixul.o(.text) for __aeabi_d2ulz
    printfa.o(i._fp_digits) refers to uldiv.o(.text) for __aeabi_uldivmod
    printfa.o(i._printf_core) refers (Special) to iusefp.o(.text) for __I$use$fp
    printfa.o(i._printf_core) refers to printfa.o(i._printf_pre_padding) for _printf_pre_padding
    printfa.o(i._printf_core) refers to uldiv.o(.text) for __aeabi_uldivmod
    printfa.o(i._printf_core) refers to printfa.o(i._printf_post_padding) for _printf_post_padding
    printfa.o(i._printf_core) refers to printfa.o(i._fp_digits) for _fp_digits
    printfa.o(i._printf_core) refers to uidiv.o(.text) for __aeabi_uidivmod
    printfa.o(i._printf_post_padding) refers (Special) to iusefp.o(.text) for __I$use$fp
    printfa.o(i._printf_pre_padding) refers (Special) to iusefp.o(.text) for __I$use$fp
    printfa.o(i._snputc) refers (Special) to iusefp.o(.text) for __I$use$fp
    printfa.o(i._sputc) refers (Special) to iusefp.o(.text) for __I$use$fp
    malloc.o(i.free) refers to mvars.o(.data) for __microlib_freelist
    malloc.o(i.malloc) refers to mvars.o(.data) for __microlib_freelist_initialised
    malloc.o(i.malloc) refers to mvars.o(.data) for __microlib_freelist
    malloc.o(i.malloc) refers to startup_stm32f10x_hd.o(HEAP) for __heap_base
    mallocr.o(i.__free$realloc) refers to mvars.o(.data) for __microlib_freelist
    mallocr.o(i.__malloc$realloc) refers to mallocr.o(i.internal_alloc) for internal_alloc
    mallocr.o(i.__malloc$realloc) refers to mvars.o(.data) for __microlib_freelist_initialised
    mallocr.o(i.__malloc$realloc) refers to startup_stm32f10x_hd.o(HEAP) for __heap_base
    mallocr.o(i.__malloc$realloc) refers to mvars.o(.data) for __microlib_freelist
    mallocr.o(i.internal_alloc) refers to memcpya.o(.text) for __aeabi_memcpy
    mallocr.o(i.internal_alloc) refers to mvars.o(.data) for __microlib_freelist
    mallocr.o(i.realloc) refers to mallocr.o(i.__free$realloc) for __free$realloc
    mallocr.o(i.realloc) refers to mallocr.o(i.internal_alloc) for internal_alloc
    mallocr.o(i.realloc) refers to mallocr.o(i.__malloc$realloc) for __malloc$realloc
    mallocr.o(i.realloc) refers to mvars.o(.data) for __microlib_freelist
    malloca.o(i.__aligned_malloc) refers to mvars.o(.data) for __microlib_freelist_initialised
    malloca.o(i.__aligned_malloc) refers to mvars.o(.data) for __microlib_freelist
    malloca.o(i.__aligned_malloc) refers to startup_stm32f10x_hd.o(HEAP) for __heap_base
    malloca.o(i.__free$memalign) refers to mvars.o(.data) for __microlib_freelist
    malloca.o(i.__malloc$memalign) refers to malloca.o(i.__aligned_malloc) for __aligned_malloc
    mallocra.o(i.__aligned_malloc$realloc) refers to mallocra.o(i.internal_alloc) for internal_alloc
    mallocra.o(i.__aligned_malloc$realloc) refers to mvars.o(.data) for __microlib_freelist_initialised
    mallocra.o(i.__aligned_malloc$realloc) refers to startup_stm32f10x_hd.o(HEAP) for __heap_base
    mallocra.o(i.__aligned_malloc$realloc) refers to mvars.o(.data) for __microlib_freelist
    mallocra.o(i.__free$realloc$memalign) refers to mvars.o(.data) for __microlib_freelist
    mallocra.o(i.__malloc$realloc$memalign) refers to mallocra.o(i.__aligned_malloc$realloc) for __aligned_malloc$realloc
    mallocra.o(i.__realloc$memalign) refers to mallocra.o(i.__free$realloc$memalign) for __free$realloc$memalign
    mallocra.o(i.__realloc$memalign) refers to mallocra.o(i.internal_alloc) for internal_alloc
    mallocra.o(i.__realloc$memalign) refers to mallocra.o(i.__malloc$realloc$memalign) for __malloc$realloc$memalign
    mallocra.o(i.__realloc$memalign) refers to mvars.o(.data) for __microlib_freelist
    mallocra.o(i.internal_alloc) refers to memcpya.o(.text) for __aeabi_memcpy
    mallocra.o(i.internal_alloc) refers to mvars.o(.data) for __microlib_freelist
    atoi.o(.text) refers to errno.o(i.__aeabi_errno_addr) for __aeabi_errno_addr
    atoi.o(.text) refers to strtol.o(.text) for strtol
    entry2.o(.ARM.Collect$$$$00000001) refers to entry2.o(.ARM.Collect$$$$00002712) for __lit__00000000
    entry2.o(.ARM.Collect$$$$00002712) refers to startup_stm32f10x_hd.o(STACK) for __initial_sp
    entry2.o(__vectab_stack_and_reset_area) refers to startup_stm32f10x_hd.o(STACK) for __initial_sp
    entry2.o(__vectab_stack_and_reset_area) refers to entry.o(.ARM.Collect$$$$00000000) for __main
    entry5.o(.ARM.Collect$$$$00000004) refers to init.o(.text) for __scatterload
    entry9a.o(.ARM.Collect$$$$0000000B) refers to main.o(.text) for main
    entry9b.o(.ARM.Collect$$$$0000000C) refers to main.o(.text) for main
    errno.o(i.__aeabi_errno_addr) refers to errno.o(.data) for .data
    errno.o(i.__read_errno) refers to errno.o(.data) for .data
    errno.o(i.__set_errno) refers to errno.o(.data) for .data
    strtol.o(.text) refers to ctype_o.o(.text) for __rt_ctype_table
    strtol.o(.text) refers to _strtoul.o(.text) for _strtoul
    strtol.o(.text) refers to errno.o(i.__aeabi_errno_addr) for __aeabi_errno_addr
    dadd.o(.text) refers to llshl.o(.text) for __aeabi_llsl
    dadd.o(.text) refers to llsshr.o(.text) for __aeabi_lasr
    dadd.o(.text) refers to depilogue.o(.text) for _double_epilogue
    dmul.o(.text) refers to depilogue.o(.text) for _double_epilogue
    ddiv.o(.text) refers to depilogue.o(.text) for _double_round
    dfixul.o(.text) refers to llushr.o(.text) for __aeabi_llsr
    dfixul.o(.text) refers to llshl.o(.text) for __aeabi_llsl
    init.o(.text) refers to entry5.o(.ARM.Collect$$$$00000004) for __main_after_scatterload
    ctype_o.o(.text) refers to ctype_o.o(.constdata) for .constdata
    ctype_o.o(.constdata) refers to ctype_o.o(.constdata) for __ctype_table
    isalnum_o.o(.text) refers to ctype_o.o(.text) for __rt_ctype_table
    isalpha_o.o(.text) refers to ctype_o.o(.text) for __rt_ctype_table
    isblank_o.o(.text) refers to ctype_o.o(.constdata) for __ctype_table
    iscntrl_o.o(.text) refers to ctype_o.o(.text) for __rt_ctype_table
    isdigit_o.o(.text) refers to ctype_o.o(.text) for __rt_ctype_table
    isgraph_o.o(.text) refers to ctype_o.o(.text) for __rt_ctype_table
    islower_o.o(.text) refers to ctype_o.o(.text) for __rt_ctype_table
    isprint_o.o(.text) refers to ctype_o.o(.text) for __rt_ctype_table
    ispunct_o.o(.text) refers to ctype_o.o(.text) for __rt_ctype_table
    isspace_o.o(.text) refers to ctype_o.o(.text) for __rt_ctype_table
    isupper_o.o(.text) refers to ctype_o.o(.text) for __rt_ctype_table
    isxdigit_o.o(.text) refers to ctype_o.o(.text) for __rt_ctype_table
    _strtoul.o(.text) refers to _chval.o(.text) for _chval
    _strtoul.o(.text) refers to errno.o(i.__aeabi_errno_addr) for __aeabi_errno_addr
    depilogue.o(.text) refers to llshl.o(.text) for __aeabi_llsl
    depilogue.o(.text) refers to llushr.o(.text) for __aeabi_llsr


==============================================================================

Removing Unused input sections from the image.

    Removing core_cm3.o(.emb_text), (32 bytes).
    Removing stm32f10x_adc.o(.text), (1102 bytes).
    Removing stm32f10x_bkp.o(.text), (196 bytes).
    Removing stm32f10x_can.o(.text), (2544 bytes).
    Removing stm32f10x_cec.o(.text), (288 bytes).
    Removing stm32f10x_crc.o(.text), (72 bytes).
    Removing stm32f10x_dac.o(.text), (396 bytes).
    Removing stm32f10x_dbgmcu.o(.text), (48 bytes).
    Removing stm32f10x_exti.o(.text), (284 bytes).
    Removing stm32f10x_flash.o(.text), (1468 bytes).
    Removing stm32f10x_fsmc.o(.text), (1548 bytes).
    Removing stm32f10x_i2c.o(.text), (1028 bytes).
    Removing stm32f10x_iwdg.o(.text), (64 bytes).
    Removing stm32f10x_pwr.o(.text), (204 bytes).
    Removing stm32f10x_rtc.o(.text), (328 bytes).
    Removing stm32f10x_tim.o(.text), (3610 bytes).
    Removing stm32f10x_wwdg.o(.text), (136 bytes).
    Removing main.o(.bss), (5192 bytes).
    Removing bsp_flash_spi.o(.constdata), (15 bytes).
    Removing dadd.o(.text), (334 bytes).
    Removing dmul.o(.text), (228 bytes).
    Removing ddiv.o(.text), (222 bytes).
    Removing dfixul.o(.text), (48 bytes).
    Removing cdrcmple.o(.text), (48 bytes).
    Removing depilogue.o(.text), (186 bytes).

25 unused section(s) (total 19621 bytes) removed from the image.

==============================================================================

Image Symbol Table

    Local Symbols

    Symbol Name                              Value     Ov Type        Size  Object(Section)

    ../clib/../cmprslib/zerorunl2.c          0x00000000   Number         0  __dczerorl2.o ABSOLUTE
    ../clib/microlib/ctype/ctype.c           0x00000000   Number         0  ispunct_o.o ABSOLUTE
    ../clib/microlib/ctype/ctype.c           0x00000000   Number         0  isblank_o.o ABSOLUTE
    ../clib/microlib/ctype/ctype.c           0x00000000   Number         0  isalpha_o.o ABSOLUTE
    ../clib/microlib/ctype/ctype.c           0x00000000   Number         0  islower_o.o ABSOLUTE
    ../clib/microlib/ctype/ctype.c           0x00000000   Number         0  isxdigit_o.o ABSOLUTE
    ../clib/microlib/ctype/ctype.c           0x00000000   Number         0  isupper_o.o ABSOLUTE
    ../clib/microlib/ctype/ctype.c           0x00000000   Number         0  isgraph_o.o ABSOLUTE
    ../clib/microlib/ctype/ctype.c           0x00000000   Number         0  isdigit_o.o ABSOLUTE
    ../clib/microlib/ctype/ctype.c           0x00000000   Number         0  isspace_o.o ABSOLUTE
    ../clib/microlib/ctype/ctype.c           0x00000000   Number         0  iscntrl_o.o ABSOLUTE
    ../clib/microlib/ctype/ctype.c           0x00000000   Number         0  isprint_o.o ABSOLUTE
    ../clib/microlib/ctype/ctype.c           0x00000000   Number         0  isalnum_o.o ABSOLUTE
    ../clib/microlib/ctype/ctype.c           0x00000000   Number         0  ctype_o.o ABSOLUTE
    ../clib/microlib/ctype/tolower.c         0x00000000   Number         0  tolower.o ABSOLUTE
    ../clib/microlib/division.c              0x00000000   Number         0  uldiv.o ABSOLUTE
    ../clib/microlib/division.c              0x00000000   Number         0  uidiv.o ABSOLUTE
    ../clib/microlib/errno.c                 0x00000000   Number         0  errno.o ABSOLUTE
    ../clib/microlib/init/entry.s            0x00000000   Number         0  entry11a.o ABSOLUTE
    ../clib/microlib/init/entry.s            0x00000000   Number         0  entry10b.o ABSOLUTE
    ../clib/microlib/init/entry.s            0x00000000   Number         0  entry10a.o ABSOLUTE
    ../clib/microlib/init/entry.s            0x00000000   Number         0  entry9b.o ABSOLUTE
    ../clib/microlib/init/entry.s            0x00000000   Number         0  entry9a.o ABSOLUTE
    ../clib/microlib/init/entry.s            0x00000000   Number         0  entry8b.o ABSOLUTE
    ../clib/microlib/init/entry.s            0x00000000   Number         0  entry8a.o ABSOLUTE
    ../clib/microlib/init/entry.s            0x00000000   Number         0  entry7a.o ABSOLUTE
    ../clib/microlib/init/entry.s            0x00000000   Number         0  entry5.o ABSOLUTE
    ../clib/microlib/init/entry.s            0x00000000   Number         0  entry2.o ABSOLUTE
    ../clib/microlib/init/entry.s            0x00000000   Number         0  entry7b.o ABSOLUTE
    ../clib/microlib/init/entry.s            0x00000000   Number         0  entry.o ABSOLUTE
    ../clib/microlib/init/entry.s            0x00000000   Number         0  entry11b.o ABSOLUTE
    ../clib/microlib/longlong.c              0x00000000   Number         0  llsshr.o ABSOLUTE
    ../clib/microlib/longlong.c              0x00000000   Number         0  llshl.o ABSOLUTE
    ../clib/microlib/longlong.c              0x00000000   Number         0  llushr.o ABSOLUTE
    ../clib/microlib/malloc/malloc.c         0x00000000   Number         0  malloca.o ABSOLUTE
    ../clib/microlib/malloc/malloc.c         0x00000000   Number         0  mallocr.o ABSOLUTE
    ../clib/microlib/malloc/malloc.c         0x00000000   Number         0  malloc.o ABSOLUTE
    ../clib/microlib/malloc/malloc.c         0x00000000   Number         0  mallocra.o ABSOLUTE
    ../clib/microlib/malloc/mvars.c          0x00000000   Number         0  mvars.o ABSOLUTE
    ../clib/microlib/printf/printf.c         0x00000000   Number         0  printf6.o ABSOLUTE
    ../clib/microlib/printf/printf.c         0x00000000   Number         0  printf7.o ABSOLUTE
    ../clib/microlib/printf/printf.c         0x00000000   Number         0  printf8.o ABSOLUTE
    ../clib/microlib/printf/printf.c         0x00000000   Number         0  printfa.o ABSOLUTE
    ../clib/microlib/printf/printf.c         0x00000000   Number         0  printf3.o ABSOLUTE
    ../clib/microlib/printf/printf.c         0x00000000   Number         0  printfb.o ABSOLUTE
    ../clib/microlib/printf/printf.c         0x00000000   Number         0  printf0.o ABSOLUTE
    ../clib/microlib/printf/printf.c         0x00000000   Number         0  printf1.o ABSOLUTE
    ../clib/microlib/printf/printf.c         0x00000000   Number         0  printf2.o ABSOLUTE
    ../clib/microlib/printf/printf.c         0x00000000   Number         0  printf4.o ABSOLUTE
    ../clib/microlib/printf/printf.c         0x00000000   Number         0  printf5.o ABSOLUTE
    ../clib/microlib/printf/stubs.s          0x00000000   Number         0  stubs.o ABSOLUTE
    ../clib/microlib/stdio/streams.c         0x00000000   Number         0  stdout.o ABSOLUTE
    ../clib/microlib/string/memcpy.c         0x00000000   Number         0  memcpya.o ABSOLUTE
    ../clib/microlib/string/memcpy.c         0x00000000   Number         0  memcpyb.o ABSOLUTE
    ../clib/microlib/string/strcasecmp.c     0x00000000   Number         0  strcasecmp.o ABSOLUTE
    ../clib/microlib/string/strcpy.c         0x00000000   Number         0  strcpy.o ABSOLUTE
    ../clib/microlib/string/strlen.c         0x00000000   Number         0  strlen.o ABSOLUTE
    ../clib/microlib/string/strncasecmp.c    0x00000000   Number         0  strncasecmp.o ABSOLUTE
    ../clib/microlib/string/strrchr.c        0x00000000   Number         0  strrchr.o ABSOLUTE
    ../clib/microlib/stubs.s                 0x00000000   Number         0  iusefp.o ABSOLUTE
    ../clib/scanf.c                          0x00000000   Number         0  _strtoul.o ABSOLUTE
    ../clib/scanf.c                          0x00000000   Number         0  strtol.o ABSOLUTE
    ../clib/scanf.c                          0x00000000   Number         0  atoi.o ABSOLUTE
    ../clib/scanf.c                          0x00000000   Number         0  _chval.o ABSOLUTE
    ../fplib/microlib/fpadd.c                0x00000000   Number         0  dadd.o ABSOLUTE
    ../fplib/microlib/fpdiv.c                0x00000000   Number         0  ddiv.o ABSOLUTE
    ../fplib/microlib/fpepilogue.c           0x00000000   Number         0  depilogue.o ABSOLUTE
    ../fplib/microlib/fpfix.c                0x00000000   Number         0  dfixul.o ABSOLUTE
    ../fplib/microlib/fpmul.c                0x00000000   Number         0  dmul.o ABSOLUTE
    ..\..\Libraries\CMSIS\core_cm3.c         0x00000000   Number         0  core_cm3.o ABSOLUTE
    ..\..\Libraries\CMSIS\startup\startup_stm32f10x_hd.s 0x00000000   Number         0  startup_stm32f10x_hd.o ABSOLUTE
    ..\..\Libraries\CMSIS\system_stm32f10x.c 0x00000000   Number         0  system_stm32f10x.o ABSOLUTE
    ..\..\Libraries\FWlib\src\misc.c         0x00000000   Number         0  misc.o ABSOLUTE
    ..\..\Libraries\FWlib\src\stm32f10x_adc.c 0x00000000   Number         0  stm32f10x_adc.o ABSOLUTE
    ..\..\Libraries\FWlib\src\stm32f10x_bkp.c 0x00000000   Number         0  stm32f10x_bkp.o ABSOLUTE
    ..\..\Libraries\FWlib\src\stm32f10x_can.c 0x00000000   Number         0  stm32f10x_can.o ABSOLUTE
    ..\..\Libraries\FWlib\src\stm32f10x_cec.c 0x00000000   Number         0  stm32f10x_cec.o ABSOLUTE
    ..\..\Libraries\FWlib\src\stm32f10x_crc.c 0x00000000   Number         0  stm32f10x_crc.o ABSOLUTE
    ..\..\Libraries\FWlib\src\stm32f10x_dac.c 0x00000000   Number         0  stm32f10x_dac.o ABSOLUTE
    ..\..\Libraries\FWlib\src\stm32f10x_dbgmcu.c 0x00000000   Number         0  stm32f10x_dbgmcu.o ABSOLUTE
    ..\..\Libraries\FWlib\src\stm32f10x_dma.c 0x00000000   Number         0  stm32f10x_dma.o ABSOLUTE
    ..\..\Libraries\FWlib\src\stm32f10x_exti.c 0x00000000   Number         0  stm32f10x_exti.o ABSOLUTE
    ..\..\Libraries\FWlib\src\stm32f10x_flash.c 0x00000000   Number         0  stm32f10x_flash.o ABSOLUTE
    ..\..\Libraries\FWlib\src\stm32f10x_fsmc.c 0x00000000   Number         0  stm32f10x_fsmc.o ABSOLUTE
    ..\..\Libraries\FWlib\src\stm32f10x_gpio.c 0x00000000   Number         0  stm32f10x_gpio.o ABSOLUTE
    ..\..\Libraries\FWlib\src\stm32f10x_i2c.c 0x00000000   Number         0  stm32f10x_i2c.o ABSOLUTE
    ..\..\Libraries\FWlib\src\stm32f10x_iwdg.c 0x00000000   Number         0  stm32f10x_iwdg.o ABSOLUTE
    ..\..\Libraries\FWlib\src\stm32f10x_pwr.c 0x00000000   Number         0  stm32f10x_pwr.o ABSOLUTE
    ..\..\Libraries\FWlib\src\stm32f10x_rcc.c 0x00000000   Number         0  stm32f10x_rcc.o ABSOLUTE
    ..\..\Libraries\FWlib\src\stm32f10x_rtc.c 0x00000000   Number         0  stm32f10x_rtc.o ABSOLUTE
    ..\..\Libraries\FWlib\src\stm32f10x_sdio.c 0x00000000   Number         0  stm32f10x_sdio.o ABSOLUTE
    ..\..\Libraries\FWlib\src\stm32f10x_spi.c 0x00000000   Number         0  stm32f10x_spi.o ABSOLUTE
    ..\..\Libraries\FWlib\src\stm32f10x_tim.c 0x00000000   Number         0  stm32f10x_tim.o ABSOLUTE
    ..\..\Libraries\FWlib\src\stm32f10x_usart.c 0x00000000   Number         0  stm32f10x_usart.o ABSOLUTE
    ..\..\Libraries\FWlib\src\stm32f10x_wwdg.c 0x00000000   Number         0  stm32f10x_wwdg.o ABSOLUTE
    ..\..\User\FATFS\diskio.c                0x00000000   Number         0  diskio.o ABSOLUTE
    ..\..\User\FATFS\ff.c                    0x00000000   Number         0  ff.o ABSOLUTE
    ..\..\User\FATFS\option\cc936.c          0x00000000   Number         0  cc936.o ABSOLUTE
    ..\..\User\Key\bsp_key.c                 0x00000000   Number         0  bsp_key.o ABSOLUTE
    ..\..\User\led\bsp_led.c                 0x00000000   Number         0  bsp_led.o ABSOLUTE
    ..\..\User\main.c                        0x00000000   Number         0  main.o ABSOLUTE
    ..\..\User\res_mgr\res_reader.c          0x00000000   Number         0  res_reader.o ABSOLUTE
    ..\..\User\res_mgr\res_writer.c          0x00000000   Number         0  res_writer.o ABSOLUTE
    ..\..\User\sdio\bsp_sdio_sdcard.c        0x00000000   Number         0  bsp_sdio_sdcard.o ABSOLUTE
    ..\..\User\spi_flash\bsp_flash_spi.c     0x00000000   Number         0  bsp_flash_spi.o ABSOLUTE
    ..\..\User\stm32f10x_it.c                0x00000000   Number         0  stm32f10x_it.o ABSOLUTE
    ..\..\User\usart\bsp_usart.c             0x00000000   Number         0  bsp_usart.o ABSOLUTE
    ..\\..\\Libraries\\CMSIS\\core_cm3.c     0x00000000   Number         0  core_cm3.o ABSOLUTE
    cdrcmple.s                               0x00000000   Number         0  cdrcmple.o ABSOLUTE
    dc.s                                     0x00000000   Number         0  dc.o ABSOLUTE
    handlers.s                               0x00000000   Number         0  handlers.o ABSOLUTE
    init.s                                   0x00000000   Number         0  init.o ABSOLUTE
    RESET                                    0x08000000   Section      304  startup_stm32f10x_hd.o(RESET)
    .ARM.Collect$$$$00000000                 0x08000130   Section        0  entry.o(.ARM.Collect$$$$00000000)
    .ARM.Collect$$$$00000001                 0x08000130   Section        4  entry2.o(.ARM.Collect$$$$00000001)
    .ARM.Collect$$$$00000004                 0x08000134   Section        4  entry5.o(.ARM.Collect$$$$00000004)
    .ARM.Collect$$$$00000008                 0x08000138   Section        0  entry7b.o(.ARM.Collect$$$$00000008)
    .ARM.Collect$$$$0000000A                 0x08000138   Section        0  entry8b.o(.ARM.Collect$$$$0000000A)
    .ARM.Collect$$$$0000000B                 0x08000138   Section        8  entry9a.o(.ARM.Collect$$$$0000000B)
    .ARM.Collect$$$$0000000D                 0x08000140   Section        0  entry10a.o(.ARM.Collect$$$$0000000D)
    .ARM.Collect$$$$0000000F                 0x08000140   Section        0  entry11a.o(.ARM.Collect$$$$0000000F)
    .ARM.Collect$$$$00002712                 0x08000140   Section        4  entry2.o(.ARM.Collect$$$$00002712)
    __lit__00000000                          0x08000140   Data           4  entry2.o(.ARM.Collect$$$$00002712)
    .text                                    0x08000144   Section       36  startup_stm32f10x_hd.o(.text)
    .text                                    0x08000168   Section        0  system_stm32f10x.o(.text)
    SetSysClockTo72                          0x08000169   Thumb Code   214  system_stm32f10x.o(.text)
    SetSysClock                              0x0800023f   Thumb Code     8  system_stm32f10x.o(.text)
    .text                                    0x08000348   Section        0  misc.o(.text)
    .text                                    0x08000424   Section        0  stm32f10x_dma.o(.text)
    .text                                    0x08000678   Section        0  stm32f10x_gpio.o(.text)
    .text                                    0x080009d4   Section        0  stm32f10x_rcc.o(.text)
    .text                                    0x08000d78   Section        0  stm32f10x_sdio.o(.text)
    .text                                    0x08000f4c   Section        0  stm32f10x_spi.o(.text)
    .text                                    0x08001258   Section        0  stm32f10x_usart.o(.text)
    .text                                    0x08001660   Section        0  main.o(.text)
    .text                                    0x0800183c   Section        0  stm32f10x_it.o(.text)
    .text                                    0x08001860   Section        0  bsp_led.o(.text)
    .text                                    0x080018c0   Section        0  bsp_usart.o(.text)
    .text                                    0x0800197c   Section        0  bsp_sdio_sdcard.o(.text)
    NVIC_Configuration                       0x080019bf   Thumb Code    40  bsp_sdio_sdcard.o(.text)
    SD_DMAEndOfTransferStatus                0x080019e7   Thumb Code    10  bsp_sdio_sdcard.o(.text)
    SD_DMA_RxConfig                          0x080019f1   Thumb Code    86  bsp_sdio_sdcard.o(.text)
    SD_DMA_TxConfig                          0x08001a47   Thumb Code    86  bsp_sdio_sdcard.o(.text)
    GPIO_Configuration                       0x08001a9d   Thumb Code    70  bsp_sdio_sdcard.o(.text)
    CmdResp1Error                            0x08001ae3   Thumb Code    40  bsp_sdio_sdcard.o(.text)
    FindSCR                                  0x08001b0b   Thumb Code   396  bsp_sdio_sdcard.o(.text)
    SDEnWideBus                              0x08001c97   Thumb Code   310  bsp_sdio_sdcard.o(.text)
    CmdResp2Error                            0x08002183   Thumb Code    98  bsp_sdio_sdcard.o(.text)
    CmdResp6Error                            0x080021e5   Thumb Code   152  bsp_sdio_sdcard.o(.text)
    CmdResp3Error                            0x080023a3   Thumb Code    52  bsp_sdio_sdcard.o(.text)
    CmdResp7Error                            0x080023d7   Thumb Code    72  bsp_sdio_sdcard.o(.text)
    CmdError                                 0x0800241f   Thumb Code    44  bsp_sdio_sdcard.o(.text)
    IsCardProgramming                        0x08002d2b   Thumb Code   434  bsp_sdio_sdcard.o(.text)
    .text                                    0x08003078   Section        0  bsp_key.o(.text)
    .text                                    0x080030e0   Section        0  res_reader.o(.text)
    .text                                    0x08003120   Section        0  res_writer.o(.text)
    .text                                    0x08003eb0   Section        0  bsp_flash_spi.o(.text)
    SPI_TIMEOUT_UserCallback                 0x08003eb1   Thumb Code    12  bsp_flash_spi.o(.text)
    .text                                    0x08004424   Section        0  diskio.o(.text)
    .text                                    0x08004650   Section        0  ff.o(.text)
    mem_cpy                                  0x08004651   Thumb Code    26  ff.o(.text)
    mem_set                                  0x0800466b   Thumb Code    20  ff.o(.text)
    mem_cmp                                  0x0800467f   Thumb Code    38  ff.o(.text)
    chk_chr                                  0x080046a5   Thumb Code    20  ff.o(.text)
    sync_window                              0x080046b9   Thumb Code    82  ff.o(.text)
    move_window                              0x0800470b   Thumb Code    52  ff.o(.text)
    sync_fs                                  0x0800473f   Thumb Code   200  ff.o(.text)
    remove_chain                             0x08004ae7   Thumb Code   108  ff.o(.text)
    create_chain                             0x08004b53   Thumb Code   214  ff.o(.text)
    dir_sdi                                  0x08004c29   Thumb Code   200  ff.o(.text)
    dir_next                                 0x08004cf1   Thumb Code   314  ff.o(.text)
    dir_alloc                                0x08004e2b   Thumb Code    92  ff.o(.text)
    ld_clust                                 0x08004e87   Thumb Code    32  ff.o(.text)
    st_clust                                 0x08004ea7   Thumb Code    16  ff.o(.text)
    cmp_lfn                                  0x08004eb7   Thumb Code   154  ff.o(.text)
    pick_lfn                                 0x08004f51   Thumb Code   124  ff.o(.text)
    fit_lfn                                  0x08004fcd   Thumb Code   122  ff.o(.text)
    gen_numname                              0x08005047   Thumb Code   198  ff.o(.text)
    sum_sfn                                  0x0800510d   Thumb Code    32  ff.o(.text)
    dir_find                                 0x0800512d   Thumb Code   234  ff.o(.text)
    dir_read                                 0x08005217   Thumb Code   206  ff.o(.text)
    dir_register                             0x080052e5   Thumb Code   298  ff.o(.text)
    dir_remove                               0x0800540f   Thumb Code   106  ff.o(.text)
    get_fileinfo                             0x08005479   Thumb Code   272  ff.o(.text)
    create_name                              0x08005589   Thumb Code   604  ff.o(.text)
    follow_path                              0x080057e5   Thumb Code   144  ff.o(.text)
    get_ldnumber                             0x08005875   Thumb Code    74  ff.o(.text)
    check_fs                                 0x080058bf   Thumb Code   140  ff.o(.text)
    find_volume                              0x0800594b   Thumb Code   996  ff.o(.text)
    validate                                 0x08005d2f   Thumb Code    50  ff.o(.text)
    putc_bfd                                 0x080072f9   Thumb Code    68  ff.o(.text)
    .text                                    0x08007668   Section        0  cc936.o(.text)
    .text                                    0x08007740   Section        0  uldiv.o(.text)
    .text                                    0x080077a2   Section        0  memcpya.o(.text)
    .text                                    0x080077c6   Section        0  strlen.o(.text)
    .text                                    0x080077d4   Section        0  strcpy.o(.text)
    .text                                    0x080077e6   Section        0  strrchr.o(.text)
    .text                                    0x08007806   Section        0  strcasecmp.o(.text)
    .text                                    0x08007830   Section        0  strncasecmp.o(.text)
    .text                                    0x08007862   Section        0  atoi.o(.text)
    .text                                    0x0800787c   Section        0  llshl.o(.text)
    .text                                    0x0800789a   Section        0  llushr.o(.text)
    .text                                    0x080078ba   Section        0  tolower.o(.text)
    .text                                    0x080078c6   Section        0  strtol.o(.text)
    .text                                    0x08007938   Section       36  init.o(.text)
    .text                                    0x0800795c   Section        0  ctype_o.o(.text)
    .text                                    0x08007964   Section        0  _strtoul.o(.text)
    .text                                    0x08007a02   Section        0  _chval.o(.text)
    .text                                    0x08007a1e   Section        0  __dczerorl2.o(.text)
    i.__0printf$8                            0x08007a74   Section        0  printf8.o(i.__0printf$8)
    i.__0sprintf$8                           0x08007a94   Section        0  printf8.o(i.__0sprintf$8)
    i.__aeabi_errno_addr                     0x08007abc   Section        0  errno.o(i.__aeabi_errno_addr)
    i.__scatterload_copy                     0x08007ac4   Section       14  handlers.o(i.__scatterload_copy)
    i.__scatterload_null                     0x08007ad2   Section        2  handlers.o(i.__scatterload_null)
    i.__scatterload_zeroinit                 0x08007ad4   Section       14  handlers.o(i.__scatterload_zeroinit)
    i._printf_core                           0x08007ae4   Section        0  printf8.o(i._printf_core)
    _printf_core                             0x08007ae5   Thumb Code   996  printf8.o(i._printf_core)
    i._printf_post_padding                   0x08007ef4   Section        0  printf8.o(i._printf_post_padding)
    _printf_post_padding                     0x08007ef5   Thumb Code    36  printf8.o(i._printf_post_padding)
    i._printf_pre_padding                    0x08007f18   Section        0  printf8.o(i._printf_pre_padding)
    _printf_pre_padding                      0x08007f19   Thumb Code    46  printf8.o(i._printf_pre_padding)
    i._sputc                                 0x08007f46   Section        0  printf8.o(i._sputc)
    _sputc                                   0x08007f47   Thumb Code    10  printf8.o(i._sputc)
    i.free                                   0x08007f50   Section        0  malloc.o(i.free)
    i.malloc                                 0x08007fa0   Section        0  malloc.o(i.malloc)
    .constdata                               0x0800800c   Section       58  ff.o(.constdata)
    LfnOfs                                   0x0800800c   Data          13  ff.o(.constdata)
    vst                                      0x0800801a   Data          22  ff.o(.constdata)
    cst                                      0x08008030   Data          22  ff.o(.constdata)
    .constdata                               0x08008046   Section    176320  cc936.o(.constdata)
    uni2oem                                  0x08008046   Data       87172  cc936.o(.constdata)
    oem2uni                                  0x0801d4ca   Data       87172  cc936.o(.constdata)
    lower                                    0x0803294e   Data         988  cc936.o(.constdata)
    upper                                    0x08032d2a   Data         988  cc936.o(.constdata)
    .constdata                               0x08033106   Section      129  ctype_o.o(.constdata)
    .constdata                               0x08033188   Section        4  ctype_o.o(.constdata)
    table                                    0x08033188   Data           4  ctype_o.o(.constdata)
    .conststring                             0x0803318c   Section       68  res_writer.o(.conststring)
    .data                                    0x20000000   Section       20  system_stm32f10x.o(.data)
    .data                                    0x20000014   Section       20  stm32f10x_rcc.o(.data)
    APBAHBPrescTable                         0x20000014   Data          16  stm32f10x_rcc.o(.data)
    ADCPrescTable                            0x20000024   Data           4  stm32f10x_rcc.o(.data)
    .data                                    0x20000028   Section       78  main.o(.data)
    .data                                    0x20000078   Section       20  bsp_sdio_sdcard.o(.data)
    CardType                                 0x20000078   Data           4  bsp_sdio_sdcard.o(.data)
    RCA                                      0x2000007c   Data           4  bsp_sdio_sdcard.o(.data)
    .data                                    0x2000008c   Section      524  res_writer.o(.data)
    state                                    0x2000028c   Data           1  res_writer.o(.data)
    resource_addr                            0x20000294   Data           4  res_writer.o(.data)
    .data                                    0x20000298   Section        4  bsp_flash_spi.o(.data)
    SPITimeout                               0x20000298   Data           4  bsp_flash_spi.o(.data)
    .data                                    0x2000029c   Section       10  ff.o(.data)
    FatFs                                    0x2000029c   Data           8  ff.o(.data)
    Fsid                                     0x200002a4   Data           2  ff.o(.data)
    .data                                    0x200002a8   Section        4  stdout.o(.data)
    .data                                    0x200002ac   Section        4  mvars.o(.data)
    .data                                    0x200002b0   Section        4  mvars.o(.data)
    .data                                    0x200002b4   Section        4  errno.o(.data)
    _errno                                   0x200002b4   Data           4  errno.o(.data)
    .bss                                     0x200002b8   Section      204  bsp_sdio_sdcard.o(.bss)
    CSD_Tab                                  0x200002b8   Data          16  bsp_sdio_sdcard.o(.bss)
    CID_Tab                                  0x200002c8   Data          16  bsp_sdio_sdcard.o(.bss)
    SDSTATUS_Tab                             0x200002d8   Data          16  bsp_sdio_sdcard.o(.bss)
    .bss                                     0x20000384   Section    13955  res_writer.o(.bss)
    file_temp                                0x200023e4   Data        4132  res_writer.o(.bss)
    full_file_name                           0x20003408   Data         512  res_writer.o(.bss)
    line_temp                                0x20003608   Data         512  res_writer.o(.bss)
    lfn                                      0x20003808   Data         511  res_writer.o(.bss)
    HEAP                                     0x20003a08   Section     8192  startup_stm32f10x_hd.o(HEAP)
    STACK                                    0x20005a08   Section     8192  startup_stm32f10x_hd.o(STACK)

    Global Symbols

    Symbol Name                              Value     Ov Type        Size  Object(Section)

    BuildAttributes$$THM_ISAv4$P$D$K$B$S$PE$A:L22UL41UL21$X:L11$S22US41US21$IEEE1$IW$USESV6$~STKCKD$USESV7$~SHL$OSPACE$ROPI$EBA8$MICROLIB$REQ8$PRES8$EABIv2 0x00000000   Number         0  anon$$obj.o ABSOLUTE
    __ARM_use_no_argv                        0x00000000   Number         0  main.o ABSOLUTE
    _printf_a                                0x00000000   Number         0  stubs.o ABSOLUTE
    _printf_c                                0x00000000   Number         0  stubs.o ABSOLUTE
    _printf_charcount                        0x00000000   Number         0  stubs.o ABSOLUTE
    _printf_d                                0x00000000   Number         0  stubs.o ABSOLUTE
    _printf_e                                0x00000000   Number         0  stubs.o ABSOLUTE
    _printf_f                                0x00000000   Number         0  stubs.o ABSOLUTE
    _printf_flags                            0x00000000   Number         0  stubs.o ABSOLUTE
    _printf_fp_dec                           0x00000000   Number         0  stubs.o ABSOLUTE
    _printf_fp_hex                           0x00000000   Number         0  stubs.o ABSOLUTE
    _printf_g                                0x00000000   Number         0  stubs.o ABSOLUTE
    _printf_i                                0x00000000   Number         0  stubs.o ABSOLUTE
    _printf_int_dec                          0x00000000   Number         0  stubs.o ABSOLUTE
    _printf_l                                0x00000000   Number         0  stubs.o ABSOLUTE
    _printf_lc                               0x00000000   Number         0  stubs.o ABSOLUTE
    _printf_ll                               0x00000000   Number         0  stubs.o ABSOLUTE
    _printf_lld                              0x00000000   Number         0  stubs.o ABSOLUTE
    _printf_lli                              0x00000000   Number         0  stubs.o ABSOLUTE
    _printf_llo                              0x00000000   Number         0  stubs.o ABSOLUTE
    _printf_llu                              0x00000000   Number         0  stubs.o ABSOLUTE
    _printf_llx                              0x00000000   Number         0  stubs.o ABSOLUTE
    _printf_longlong_dec                     0x00000000   Number         0  stubs.o ABSOLUTE
    _printf_longlong_hex                     0x00000000   Number         0  stubs.o ABSOLUTE
    _printf_longlong_oct                     0x00000000   Number         0  stubs.o ABSOLUTE
    _printf_ls                               0x00000000   Number         0  stubs.o ABSOLUTE
    _printf_mbtowc                           0x00000000   Number         0  stubs.o ABSOLUTE
    _printf_n                                0x00000000   Number         0  stubs.o ABSOLUTE
    _printf_o                                0x00000000   Number         0  stubs.o ABSOLUTE
    _printf_p                                0x00000000   Number         0  stubs.o ABSOLUTE
    _printf_percent                          0x00000000   Number         0  stubs.o ABSOLUTE
    _printf_pre_padding                      0x00000000   Number         0  stubs.o ABSOLUTE
    _printf_return_value                     0x00000000   Number         0  stubs.o ABSOLUTE
    _printf_s                                0x00000000   Number         0  stubs.o ABSOLUTE
    _printf_sizespec                         0x00000000   Number         0  stubs.o ABSOLUTE
    _printf_str                              0x00000000   Number         0  stubs.o ABSOLUTE
    _printf_truncate_signed                  0x00000000   Number         0  stubs.o ABSOLUTE
    _printf_truncate_unsigned                0x00000000   Number         0  stubs.o ABSOLUTE
    _printf_u                                0x00000000   Number         0  stubs.o ABSOLUTE
    _printf_wc                               0x00000000   Number         0  stubs.o ABSOLUTE
    _printf_wctomb                           0x00000000   Number         0  stubs.o ABSOLUTE
    _printf_widthprec                        0x00000000   Number         0  stubs.o ABSOLUTE
    _printf_x                                0x00000000   Number         0  stubs.o ABSOLUTE
    __cpp_initialize__aeabi_                  - Undefined Weak Reference
    __cxa_finalize                            - Undefined Weak Reference
    _clock_init                               - Undefined Weak Reference
    _microlib_exit                            - Undefined Weak Reference
    __Vectors_Size                           0x00000130   Number         0  startup_stm32f10x_hd.o ABSOLUTE
    __Vectors                                0x08000000   Data           4  startup_stm32f10x_hd.o(RESET)
    __Vectors_End                            0x08000130   Data           0  startup_stm32f10x_hd.o(RESET)
    __main                                   0x08000131   Thumb Code     0  entry.o(.ARM.Collect$$$$00000000)
    _main_stk                                0x08000131   Thumb Code     0  entry2.o(.ARM.Collect$$$$00000001)
    _main_scatterload                        0x08000135   Thumb Code     0  entry5.o(.ARM.Collect$$$$00000004)
    __main_after_scatterload                 0x08000139   Thumb Code     0  entry5.o(.ARM.Collect$$$$00000004)
    _main_clock                              0x08000139   Thumb Code     0  entry7b.o(.ARM.Collect$$$$00000008)
    _main_cpp_init                           0x08000139   Thumb Code     0  entry8b.o(.ARM.Collect$$$$0000000A)
    _main_init                               0x08000139   Thumb Code     0  entry9a.o(.ARM.Collect$$$$0000000B)
    __rt_final_cpp                           0x08000141   Thumb Code     0  entry10a.o(.ARM.Collect$$$$0000000D)
    __rt_final_exit                          0x08000141   Thumb Code     0  entry11a.o(.ARM.Collect$$$$0000000F)
    Reset_Handler                            0x08000145   Thumb Code     8  startup_stm32f10x_hd.o(.text)
    ADC1_2_IRQHandler                        0x0800015f   Thumb Code     0  startup_stm32f10x_hd.o(.text)
    ADC3_IRQHandler                          0x0800015f   Thumb Code     0  startup_stm32f10x_hd.o(.text)
    CAN1_RX1_IRQHandler                      0x0800015f   Thumb Code     0  startup_stm32f10x_hd.o(.text)
    CAN1_SCE_IRQHandler                      0x0800015f   Thumb Code     0  startup_stm32f10x_hd.o(.text)
    DMA1_Channel1_IRQHandler                 0x0800015f   Thumb Code     0  startup_stm32f10x_hd.o(.text)
    DMA1_Channel2_IRQHandler                 0x0800015f   Thumb Code     0  startup_stm32f10x_hd.o(.text)
    DMA1_Channel3_IRQHandler                 0x0800015f   Thumb Code     0  startup_stm32f10x_hd.o(.text)
    DMA1_Channel4_IRQHandler                 0x0800015f   Thumb Code     0  startup_stm32f10x_hd.o(.text)
    DMA1_Channel5_IRQHandler                 0x0800015f   Thumb Code     0  startup_stm32f10x_hd.o(.text)
    DMA1_Channel6_IRQHandler                 0x0800015f   Thumb Code     0  startup_stm32f10x_hd.o(.text)
    DMA1_Channel7_IRQHandler                 0x0800015f   Thumb Code     0  startup_stm32f10x_hd.o(.text)
    DMA2_Channel1_IRQHandler                 0x0800015f   Thumb Code     0  startup_stm32f10x_hd.o(.text)
    DMA2_Channel2_IRQHandler                 0x0800015f   Thumb Code     0  startup_stm32f10x_hd.o(.text)
    DMA2_Channel3_IRQHandler                 0x0800015f   Thumb Code     0  startup_stm32f10x_hd.o(.text)
    DMA2_Channel4_5_IRQHandler               0x0800015f   Thumb Code     0  startup_stm32f10x_hd.o(.text)
    EXTI0_IRQHandler                         0x0800015f   Thumb Code     0  startup_stm32f10x_hd.o(.text)
    EXTI15_10_IRQHandler                     0x0800015f   Thumb Code     0  startup_stm32f10x_hd.o(.text)
    EXTI1_IRQHandler                         0x0800015f   Thumb Code     0  startup_stm32f10x_hd.o(.text)
    EXTI2_IRQHandler                         0x0800015f   Thumb Code     0  startup_stm32f10x_hd.o(.text)
    EXTI3_IRQHandler                         0x0800015f   Thumb Code     0  startup_stm32f10x_hd.o(.text)
    EXTI4_IRQHandler                         0x0800015f   Thumb Code     0  startup_stm32f10x_hd.o(.text)
    EXTI9_5_IRQHandler                       0x0800015f   Thumb Code     0  startup_stm32f10x_hd.o(.text)
    FLASH_IRQHandler                         0x0800015f   Thumb Code     0  startup_stm32f10x_hd.o(.text)
    FSMC_IRQHandler                          0x0800015f   Thumb Code     0  startup_stm32f10x_hd.o(.text)
    I2C1_ER_IRQHandler                       0x0800015f   Thumb Code     0  startup_stm32f10x_hd.o(.text)
    I2C1_EV_IRQHandler                       0x0800015f   Thumb Code     0  startup_stm32f10x_hd.o(.text)
    I2C2_ER_IRQHandler                       0x0800015f   Thumb Code     0  startup_stm32f10x_hd.o(.text)
    I2C2_EV_IRQHandler                       0x0800015f   Thumb Code     0  startup_stm32f10x_hd.o(.text)
    PVD_IRQHandler                           0x0800015f   Thumb Code     0  startup_stm32f10x_hd.o(.text)
    RCC_IRQHandler                           0x0800015f   Thumb Code     0  startup_stm32f10x_hd.o(.text)
    RTCAlarm_IRQHandler                      0x0800015f   Thumb Code     0  startup_stm32f10x_hd.o(.text)
    RTC_IRQHandler                           0x0800015f   Thumb Code     0  startup_stm32f10x_hd.o(.text)
    SPI1_IRQHandler                          0x0800015f   Thumb Code     0  startup_stm32f10x_hd.o(.text)
    SPI2_IRQHandler                          0x0800015f   Thumb Code     0  startup_stm32f10x_hd.o(.text)
    SPI3_IRQHandler                          0x0800015f   Thumb Code     0  startup_stm32f10x_hd.o(.text)
    TAMPER_IRQHandler                        0x0800015f   Thumb Code     0  startup_stm32f10x_hd.o(.text)
    TIM1_BRK_IRQHandler                      0x0800015f   Thumb Code     0  startup_stm32f10x_hd.o(.text)
    TIM1_CC_IRQHandler                       0x0800015f   Thumb Code     0  startup_stm32f10x_hd.o(.text)
    TIM1_TRG_COM_IRQHandler                  0x0800015f   Thumb Code     0  startup_stm32f10x_hd.o(.text)
    TIM1_UP_IRQHandler                       0x0800015f   Thumb Code     0  startup_stm32f10x_hd.o(.text)
    TIM2_IRQHandler                          0x0800015f   Thumb Code     0  startup_stm32f10x_hd.o(.text)
    TIM3_IRQHandler                          0x0800015f   Thumb Code     0  startup_stm32f10x_hd.o(.text)
    TIM4_IRQHandler                          0x0800015f   Thumb Code     0  startup_stm32f10x_hd.o(.text)
    TIM5_IRQHandler                          0x0800015f   Thumb Code     0  startup_stm32f10x_hd.o(.text)
    TIM6_IRQHandler                          0x0800015f   Thumb Code     0  startup_stm32f10x_hd.o(.text)
    TIM7_IRQHandler                          0x0800015f   Thumb Code     0  startup_stm32f10x_hd.o(.text)
    TIM8_BRK_IRQHandler                      0x0800015f   Thumb Code     0  startup_stm32f10x_hd.o(.text)
    TIM8_CC_IRQHandler                       0x0800015f   Thumb Code     0  startup_stm32f10x_hd.o(.text)
    TIM8_TRG_COM_IRQHandler                  0x0800015f   Thumb Code     0  startup_stm32f10x_hd.o(.text)
    TIM8_UP_IRQHandler                       0x0800015f   Thumb Code     0  startup_stm32f10x_hd.o(.text)
    UART4_IRQHandler                         0x0800015f   Thumb Code     0  startup_stm32f10x_hd.o(.text)
    UART5_IRQHandler                         0x0800015f   Thumb Code     0  startup_stm32f10x_hd.o(.text)
    USART1_IRQHandler                        0x0800015f   Thumb Code     0  startup_stm32f10x_hd.o(.text)
    USART2_IRQHandler                        0x0800015f   Thumb Code     0  startup_stm32f10x_hd.o(.text)
    USART3_IRQHandler                        0x0800015f   Thumb Code     0  startup_stm32f10x_hd.o(.text)
    USBWakeUp_IRQHandler                     0x0800015f   Thumb Code     0  startup_stm32f10x_hd.o(.text)
    USB_HP_CAN1_TX_IRQHandler                0x0800015f   Thumb Code     0  startup_stm32f10x_hd.o(.text)
    USB_LP_CAN1_RX0_IRQHandler               0x0800015f   Thumb Code     0  startup_stm32f10x_hd.o(.text)
    WWDG_IRQHandler                          0x0800015f   Thumb Code     0  startup_stm32f10x_hd.o(.text)
    SystemInit                               0x08000247   Thumb Code    78  system_stm32f10x.o(.text)
    SystemCoreClockUpdate                    0x08000295   Thumb Code   142  system_stm32f10x.o(.text)
    NVIC_PriorityGroupConfig                 0x08000349   Thumb Code    10  misc.o(.text)
    NVIC_Init                                0x08000353   Thumb Code   100  misc.o(.text)
    NVIC_SetVectorTable                      0x080003b7   Thumb Code    14  misc.o(.text)
    NVIC_SystemLPConfig                      0x080003c5   Thumb Code    34  misc.o(.text)
    SysTick_CLKSourceConfig                  0x080003e7   Thumb Code    40  misc.o(.text)
    DMA_DeInit                               0x08000425   Thumb Code   324  stm32f10x_dma.o(.text)
    DMA_Init                                 0x08000569   Thumb Code    60  stm32f10x_dma.o(.text)
    DMA_StructInit                           0x080005a5   Thumb Code    26  stm32f10x_dma.o(.text)
    DMA_Cmd                                  0x080005bf   Thumb Code    24  stm32f10x_dma.o(.text)
    DMA_ITConfig                             0x080005d7   Thumb Code    18  stm32f10x_dma.o(.text)
    DMA_SetCurrDataCounter                   0x080005e9   Thumb Code     4  stm32f10x_dma.o(.text)
    DMA_GetCurrDataCounter                   0x080005ed   Thumb Code     8  stm32f10x_dma.o(.text)
    DMA_GetFlagStatus                        0x080005f5   Thumb Code    40  stm32f10x_dma.o(.text)
    DMA_ClearFlag                            0x0800061d   Thumb Code    22  stm32f10x_dma.o(.text)
    DMA_GetITStatus                          0x08000633   Thumb Code    40  stm32f10x_dma.o(.text)
    DMA_ClearITPendingBit                    0x0800065b   Thumb Code    22  stm32f10x_dma.o(.text)
    GPIO_DeInit                              0x08000679   Thumb Code   172  stm32f10x_gpio.o(.text)
    GPIO_AFIODeInit                          0x08000725   Thumb Code    20  stm32f10x_gpio.o(.text)
    GPIO_Init                                0x08000739   Thumb Code   278  stm32f10x_gpio.o(.text)
    GPIO_StructInit                          0x0800084f   Thumb Code    16  stm32f10x_gpio.o(.text)
    GPIO_ReadInputDataBit                    0x0800085f   Thumb Code    18  stm32f10x_gpio.o(.text)
    GPIO_ReadInputData                       0x08000871   Thumb Code     8  stm32f10x_gpio.o(.text)
    GPIO_ReadOutputDataBit                   0x08000879   Thumb Code    18  stm32f10x_gpio.o(.text)
    GPIO_ReadOutputData                      0x0800088b   Thumb Code     8  stm32f10x_gpio.o(.text)
    GPIO_SetBits                             0x08000893   Thumb Code     4  stm32f10x_gpio.o(.text)
    GPIO_ResetBits                           0x08000897   Thumb Code     4  stm32f10x_gpio.o(.text)
    GPIO_WriteBit                            0x0800089b   Thumb Code    10  stm32f10x_gpio.o(.text)
    GPIO_Write                               0x080008a5   Thumb Code     4  stm32f10x_gpio.o(.text)
    GPIO_PinLockConfig                       0x080008a9   Thumb Code    18  stm32f10x_gpio.o(.text)
    GPIO_EventOutputConfig                   0x080008bb   Thumb Code    26  stm32f10x_gpio.o(.text)
    GPIO_EventOutputCmd                      0x080008d5   Thumb Code     6  stm32f10x_gpio.o(.text)
    GPIO_PinRemapConfig                      0x080008db   Thumb Code   138  stm32f10x_gpio.o(.text)
    GPIO_EXTILineConfig                      0x08000965   Thumb Code    66  stm32f10x_gpio.o(.text)
    GPIO_ETH_MediaInterfaceConfig            0x080009a7   Thumb Code     8  stm32f10x_gpio.o(.text)
    RCC_DeInit                               0x080009d5   Thumb Code    64  stm32f10x_rcc.o(.text)
    RCC_HSEConfig                            0x08000a15   Thumb Code    70  stm32f10x_rcc.o(.text)
    RCC_GetFlagStatus                        0x08000a5b   Thumb Code    56  stm32f10x_rcc.o(.text)
    RCC_WaitForHSEStartUp                    0x08000a93   Thumb Code    56  stm32f10x_rcc.o(.text)
    RCC_AdjustHSICalibrationValue            0x08000acb   Thumb Code    20  stm32f10x_rcc.o(.text)
    RCC_HSICmd                               0x08000adf   Thumb Code     6  stm32f10x_rcc.o(.text)
    RCC_PLLConfig                            0x08000ae5   Thumb Code    24  stm32f10x_rcc.o(.text)
    RCC_PLLCmd                               0x08000afd   Thumb Code     6  stm32f10x_rcc.o(.text)
    RCC_SYSCLKConfig                         0x08000b03   Thumb Code    18  stm32f10x_rcc.o(.text)
    RCC_GetSYSCLKSource                      0x08000b15   Thumb Code    10  stm32f10x_rcc.o(.text)
    RCC_HCLKConfig                           0x08000b1f   Thumb Code    18  stm32f10x_rcc.o(.text)
    RCC_PCLK1Config                          0x08000b31   Thumb Code    18  stm32f10x_rcc.o(.text)
    RCC_PCLK2Config                          0x08000b43   Thumb Code    20  stm32f10x_rcc.o(.text)
    RCC_ITConfig                             0x08000b57   Thumb Code    26  stm32f10x_rcc.o(.text)
    RCC_USBCLKConfig                         0x08000b71   Thumb Code     8  stm32f10x_rcc.o(.text)
    RCC_ADCCLKConfig                         0x08000b79   Thumb Code    18  stm32f10x_rcc.o(.text)
    RCC_LSEConfig                            0x08000b8b   Thumb Code    50  stm32f10x_rcc.o(.text)
    RCC_LSICmd                               0x08000bbd   Thumb Code     6  stm32f10x_rcc.o(.text)
    RCC_RTCCLKConfig                         0x08000bc3   Thumb Code    12  stm32f10x_rcc.o(.text)
    RCC_RTCCLKCmd                            0x08000bcf   Thumb Code     8  stm32f10x_rcc.o(.text)
    RCC_GetClocksFreq                        0x08000bd7   Thumb Code   192  stm32f10x_rcc.o(.text)
    RCC_AHBPeriphClockCmd                    0x08000c97   Thumb Code    26  stm32f10x_rcc.o(.text)
    RCC_APB2PeriphClockCmd                   0x08000cb1   Thumb Code    26  stm32f10x_rcc.o(.text)
    RCC_APB1PeriphClockCmd                   0x08000ccb   Thumb Code    26  stm32f10x_rcc.o(.text)
    RCC_APB2PeriphResetCmd                   0x08000ce5   Thumb Code    26  stm32f10x_rcc.o(.text)
    RCC_APB1PeriphResetCmd                   0x08000cff   Thumb Code    26  stm32f10x_rcc.o(.text)
    RCC_BackupResetCmd                       0x08000d19   Thumb Code     8  stm32f10x_rcc.o(.text)
    RCC_ClockSecuritySystemCmd               0x08000d21   Thumb Code     6  stm32f10x_rcc.o(.text)
    RCC_MCOConfig                            0x08000d27   Thumb Code     6  stm32f10x_rcc.o(.text)
    RCC_ClearFlag                            0x08000d2d   Thumb Code    14  stm32f10x_rcc.o(.text)
    RCC_GetITStatus                          0x08000d3b   Thumb Code    20  stm32f10x_rcc.o(.text)
    RCC_ClearITPendingBit                    0x08000d4f   Thumb Code     6  stm32f10x_rcc.o(.text)
    SDIO_DeInit                              0x08000d79   Thumb Code    28  stm32f10x_sdio.o(.text)
    SDIO_Init                                0x08000d95   Thumb Code    42  stm32f10x_sdio.o(.text)
    SDIO_StructInit                          0x08000dbf   Thumb Code    16  stm32f10x_sdio.o(.text)
    SDIO_ClockCmd                            0x08000dcf   Thumb Code     6  stm32f10x_sdio.o(.text)
    SDIO_SetPowerState                       0x08000dd5   Thumb Code    22  stm32f10x_sdio.o(.text)
    SDIO_GetPowerState                       0x08000deb   Thumb Code    10  stm32f10x_sdio.o(.text)
    SDIO_ITConfig                            0x08000df5   Thumb Code    26  stm32f10x_sdio.o(.text)
    SDIO_DMACmd                              0x08000e0f   Thumb Code     6  stm32f10x_sdio.o(.text)
    SDIO_SendCommand                         0x08000e15   Thumb Code    38  stm32f10x_sdio.o(.text)
    SDIO_CmdStructInit                       0x08000e3b   Thumb Code    14  stm32f10x_sdio.o(.text)
    SDIO_GetCommandResponse                  0x08000e49   Thumb Code     8  stm32f10x_sdio.o(.text)
    SDIO_GetResponse                         0x08000e51   Thumb Code    22  stm32f10x_sdio.o(.text)
    SDIO_DataConfig                          0x08000e67   Thumb Code    42  stm32f10x_sdio.o(.text)
    SDIO_DataStructInit                      0x08000e91   Thumb Code    20  stm32f10x_sdio.o(.text)
    SDIO_GetDataCounter                      0x08000ea5   Thumb Code     6  stm32f10x_sdio.o(.text)
    SDIO_ReadData                            0x08000eab   Thumb Code     8  stm32f10x_sdio.o(.text)
    SDIO_WriteData                           0x08000eb3   Thumb Code     8  stm32f10x_sdio.o(.text)
    SDIO_GetFIFOCount                        0x08000ebb   Thumb Code     6  stm32f10x_sdio.o(.text)
    SDIO_StartSDIOReadWait                   0x08000ec1   Thumb Code     8  stm32f10x_sdio.o(.text)
    SDIO_StopSDIOReadWait                    0x08000ec9   Thumb Code     8  stm32f10x_sdio.o(.text)
    SDIO_SetSDIOReadWaitMode                 0x08000ed1   Thumb Code     8  stm32f10x_sdio.o(.text)
    SDIO_SetSDIOOperation                    0x08000ed9   Thumb Code     8  stm32f10x_sdio.o(.text)
    SDIO_SendSDIOSuspendCmd                  0x08000ee1   Thumb Code     6  stm32f10x_sdio.o(.text)
    SDIO_CommandCompletionCmd                0x08000ee7   Thumb Code     8  stm32f10x_sdio.o(.text)
    SDIO_CEATAITCmd                          0x08000eef   Thumb Code    12  stm32f10x_sdio.o(.text)
    SDIO_SendCEATACmd                        0x08000efb   Thumb Code     8  stm32f10x_sdio.o(.text)
    SDIO_GetFlagStatus                       0x08000f03   Thumb Code    20  stm32f10x_sdio.o(.text)
    SDIO_ClearFlag                           0x08000f17   Thumb Code     6  stm32f10x_sdio.o(.text)
    SDIO_GetITStatus                         0x08000f1d   Thumb Code    20  stm32f10x_sdio.o(.text)
    SDIO_ClearITPendingBit                   0x08000f31   Thumb Code     6  stm32f10x_sdio.o(.text)
    SPI_I2S_DeInit                           0x08000f4d   Thumb Code    76  stm32f10x_spi.o(.text)
    SPI_Init                                 0x08000f99   Thumb Code    60  stm32f10x_spi.o(.text)
    I2S_Init                                 0x08000fd5   Thumb Code   226  stm32f10x_spi.o(.text)
    SPI_StructInit                           0x080010b7   Thumb Code    24  stm32f10x_spi.o(.text)
    I2S_StructInit                           0x080010cf   Thumb Code    20  stm32f10x_spi.o(.text)
    SPI_Cmd                                  0x080010e3   Thumb Code    24  stm32f10x_spi.o(.text)
    I2S_Cmd                                  0x080010fb   Thumb Code    24  stm32f10x_spi.o(.text)
    SPI_I2S_ITConfig                         0x08001113   Thumb Code    32  stm32f10x_spi.o(.text)
    SPI_I2S_DMACmd                           0x08001133   Thumb Code    18  stm32f10x_spi.o(.text)
    SPI_I2S_SendData                         0x08001145   Thumb Code     4  stm32f10x_spi.o(.text)
    SPI_I2S_ReceiveData                      0x08001149   Thumb Code     6  stm32f10x_spi.o(.text)
    SPI_NSSInternalSoftwareConfig            0x0800114f   Thumb Code    30  stm32f10x_spi.o(.text)
    SPI_SSOutputCmd                          0x0800116d   Thumb Code    24  stm32f10x_spi.o(.text)
    SPI_DataSizeConfig                       0x08001185   Thumb Code    18  stm32f10x_spi.o(.text)
    SPI_TransmitCRC                          0x08001197   Thumb Code    10  stm32f10x_spi.o(.text)
    SPI_CalculateCRC                         0x080011a1   Thumb Code    24  stm32f10x_spi.o(.text)
    SPI_GetCRC                               0x080011b9   Thumb Code    16  stm32f10x_spi.o(.text)
    SPI_GetCRCPolynomial                     0x080011c9   Thumb Code     6  stm32f10x_spi.o(.text)
    SPI_BiDirectionalLineConfig              0x080011cf   Thumb Code    28  stm32f10x_spi.o(.text)
    SPI_I2S_GetFlagStatus                    0x080011eb   Thumb Code    18  stm32f10x_spi.o(.text)
    SPI_I2S_ClearFlag                        0x080011fd   Thumb Code     6  stm32f10x_spi.o(.text)
    SPI_I2S_GetITStatus                      0x08001203   Thumb Code    52  stm32f10x_spi.o(.text)
    SPI_I2S_ClearITPendingBit                0x08001237   Thumb Code    20  stm32f10x_spi.o(.text)
    USART_DeInit                             0x08001259   Thumb Code   134  stm32f10x_usart.o(.text)
    USART_Init                               0x080012df   Thumb Code   210  stm32f10x_usart.o(.text)
    USART_StructInit                         0x080013b1   Thumb Code    24  stm32f10x_usart.o(.text)
    USART_ClockInit                          0x080013c9   Thumb Code    34  stm32f10x_usart.o(.text)
    USART_ClockStructInit                    0x080013eb   Thumb Code    12  stm32f10x_usart.o(.text)
    USART_Cmd                                0x080013f7   Thumb Code    24  stm32f10x_usart.o(.text)
    USART_ITConfig                           0x0800140f   Thumb Code    74  stm32f10x_usart.o(.text)
    USART_DMACmd                             0x08001459   Thumb Code    18  stm32f10x_usart.o(.text)
    USART_SetAddress                         0x0800146b   Thumb Code    18  stm32f10x_usart.o(.text)
    USART_WakeUpConfig                       0x0800147d   Thumb Code    18  stm32f10x_usart.o(.text)
    USART_ReceiverWakeUpCmd                  0x0800148f   Thumb Code    24  stm32f10x_usart.o(.text)
    USART_LINBreakDetectLengthConfig         0x080014a7   Thumb Code    18  stm32f10x_usart.o(.text)
    USART_LINCmd                             0x080014b9   Thumb Code    24  stm32f10x_usart.o(.text)
    USART_SendData                           0x080014d1   Thumb Code     8  stm32f10x_usart.o(.text)
    USART_ReceiveData                        0x080014d9   Thumb Code    10  stm32f10x_usart.o(.text)
    USART_SendBreak                          0x080014e3   Thumb Code    10  stm32f10x_usart.o(.text)
    USART_SetGuardTime                       0x080014ed   Thumb Code    16  stm32f10x_usart.o(.text)
    USART_SetPrescaler                       0x080014fd   Thumb Code    16  stm32f10x_usart.o(.text)
    USART_SmartCardCmd                       0x0800150d   Thumb Code    24  stm32f10x_usart.o(.text)
    USART_SmartCardNACKCmd                   0x08001525   Thumb Code    24  stm32f10x_usart.o(.text)
    USART_HalfDuplexCmd                      0x0800153d   Thumb Code    24  stm32f10x_usart.o(.text)
    USART_OverSampling8Cmd                   0x08001555   Thumb Code    22  stm32f10x_usart.o(.text)
    USART_OneBitMethodCmd                    0x0800156b   Thumb Code    24  stm32f10x_usart.o(.text)
    USART_IrDAConfig                         0x08001583   Thumb Code    18  stm32f10x_usart.o(.text)
    USART_IrDACmd                            0x08001595   Thumb Code    24  stm32f10x_usart.o(.text)
    USART_GetFlagStatus                      0x080015ad   Thumb Code    26  stm32f10x_usart.o(.text)
    USART_ClearFlag                          0x080015c7   Thumb Code    18  stm32f10x_usart.o(.text)
    USART_GetITStatus                        0x080015d9   Thumb Code    84  stm32f10x_usart.o(.text)
    USART_ClearITPendingBit                  0x0800162d   Thumb Code    52  stm32f10x_usart.o(.text)
    main                                     0x08001661   Thumb Code   178  main.o(.text)
    NMI_Handler                              0x0800183d   Thumb Code     2  stm32f10x_it.o(.text)
    HardFault_Handler                        0x0800183f   Thumb Code     4  stm32f10x_it.o(.text)
    MemManage_Handler                        0x08001843   Thumb Code     4  stm32f10x_it.o(.text)
    BusFault_Handler                         0x08001847   Thumb Code     4  stm32f10x_it.o(.text)
    UsageFault_Handler                       0x0800184b   Thumb Code     4  stm32f10x_it.o(.text)
    SVC_Handler                              0x0800184f   Thumb Code     2  stm32f10x_it.o(.text)
    DebugMon_Handler                         0x08001851   Thumb Code     2  stm32f10x_it.o(.text)
    PendSV_Handler                           0x08001853   Thumb Code     2  stm32f10x_it.o(.text)
    SysTick_Handler                          0x08001855   Thumb Code     2  stm32f10x_it.o(.text)
    SDIO_IRQHandler                          0x08001857   Thumb Code     8  stm32f10x_it.o(.text)
    LED_GPIO_Config                          0x08001861   Thumb Code    90  bsp_led.o(.text)
    USART_Config                             0x080018c1   Thumb Code   120  bsp_usart.o(.text)
    fputc                                    0x08001939   Thumb Code    32  bsp_usart.o(.text)
    fgetc                                    0x08001959   Thumb Code    26  bsp_usart.o(.text)
    SD_DeInit                                0x0800197d   Thumb Code    66  bsp_sdio_sdcard.o(.text)
    SD_EnableWideBusOperation                0x08001dcd   Thumb Code   140  bsp_sdio_sdcard.o(.text)
    SD_SelectDeselect                        0x08001e59   Thumb Code    48  bsp_sdio_sdcard.o(.text)
    SD_GetCardInfo                           0x08001e89   Thumb Code   762  bsp_sdio_sdcard.o(.text)
    SD_InitializeCards                       0x0800227d   Thumb Code   294  bsp_sdio_sdcard.o(.text)
    SD_PowerON                               0x0800244b   Thumb Code   374  bsp_sdio_sdcard.o(.text)
    SD_Init                                  0x080025c1   Thumb Code   138  bsp_sdio_sdcard.o(.text)
    SD_SendStatus                            0x0800264b   Thumb Code    46  bsp_sdio_sdcard.o(.text)
    SD_GetState                              0x08002679   Thumb Code    26  bsp_sdio_sdcard.o(.text)
    SD_GetStatus                             0x08002693   Thumb Code    30  bsp_sdio_sdcard.o(.text)
    SD_PowerOFF                              0x080026b1   Thumb Code    14  bsp_sdio_sdcard.o(.text)
    SD_SendSDStatus                          0x080026bf   Thumb Code   360  bsp_sdio_sdcard.o(.text)
    SD_GetCardStatus                         0x08002827   Thumb Code   156  bsp_sdio_sdcard.o(.text)
    SD_ReadBlock                             0x080028c3   Thumb Code   208  bsp_sdio_sdcard.o(.text)
    SD_ReadMultiBlocks                       0x08002993   Thumb Code   264  bsp_sdio_sdcard.o(.text)
    SD_WaitReadOperation                     0x08002a9b   Thumb Code    42  bsp_sdio_sdcard.o(.text)
    SD_WriteBlock                            0x08002ac5   Thumb Code   206  bsp_sdio_sdcard.o(.text)
    SD_WriteMultiBlocks                      0x08002b93   Thumb Code   312  bsp_sdio_sdcard.o(.text)
    SD_WaitWriteOperation                    0x08002ccb   Thumb Code    50  bsp_sdio_sdcard.o(.text)
    SD_GetTransferState                      0x08002cfd   Thumb Code    18  bsp_sdio_sdcard.o(.text)
    SD_StopTransfer                          0x08002d0f   Thumb Code    28  bsp_sdio_sdcard.o(.text)
    SD_Erase                                 0x08002edd   Thumb Code   290  bsp_sdio_sdcard.o(.text)
    SD_ProcessIRQSrc                         0x08002fff   Thumb Code    70  bsp_sdio_sdcard.o(.text)
    convert_from_bytes_to_power_of_two       0x08003045   Thumb Code    18  bsp_sdio_sdcard.o(.text)
    Key_GPIO_Config                          0x08003079   Thumb Code    54  bsp_key.o(.text)
    Key_Scan                                 0x080030af   Thumb Code    40  bsp_key.o(.text)
    GetResOffset                             0x080030e1   Thumb Code    62  res_reader.o(.text)
    Is_Ignore                                0x08003121   Thumb Code   236  res_writer.o(.text)
    Make_Catalog                             0x0800320d   Thumb Code   450  res_writer.o(.text)
    Read_CatalogInfo                         0x080033cf   Thumb Code   250  res_writer.o(.text)
    Burn_Catalog                             0x080034c9   Thumb Code   856  res_writer.o(.text)
    Burn_Content                             0x08003821   Thumb Code   254  res_writer.o(.text)
    Check_Resource                           0x0800391f   Thumb Code  1368  res_writer.o(.text)
    SPI_FLASH_SendByte                       0x08003ebd   Thumb Code   106  bsp_flash_spi.o(.text)
    SPI_FLASH_ReadID                         0x08003f27   Thumb Code    74  bsp_flash_spi.o(.text)
    SPI_FLASH_Init                           0x08003f71   Thumb Code   220  bsp_flash_spi.o(.text)
    SPI_FLASH_WaitForWriteEnd                0x0800404d   Thumb Code    74  bsp_flash_spi.o(.text)
    SPI_FLASH_WriteEnable                    0x08004097   Thumb Code    26  bsp_flash_spi.o(.text)
    SPI_FLASH_SectorErase                    0x080040b1   Thumb Code    62  bsp_flash_spi.o(.text)
    SPI_FLASH_BulkErase                      0x080040ef   Thumb Code    34  bsp_flash_spi.o(.text)
    SPI_FLASH_PageWrite                      0x08004111   Thumb Code    92  bsp_flash_spi.o(.text)
    SPI_FLASH_BufferWrite                    0x0800416d   Thumb Code   348  bsp_flash_spi.o(.text)
    SPI_FLASH_BufferRead                     0x080042c9   Thumb Code    74  bsp_flash_spi.o(.text)
    SPI_FLASH_ReadDeviceID                   0x08004313   Thumb Code    56  bsp_flash_spi.o(.text)
    SPI_FLASH_StartReadSequence              0x0800434b   Thumb Code    42  bsp_flash_spi.o(.text)
    SPI_FLASH_ReadByte                       0x08004375   Thumb Code    10  bsp_flash_spi.o(.text)
    SPI_FLASH_SendHalfWord                   0x0800437f   Thumb Code   100  bsp_flash_spi.o(.text)
    SPI_Flash_PowerDown                      0x080043e3   Thumb Code    26  bsp_flash_spi.o(.text)
    SPI_Flash_WAKEUP                         0x080043fd   Thumb Code    26  bsp_flash_spi.o(.text)
    disk_status                              0x08004425   Thumb Code    28  diskio.o(.text)
    disk_initialize                          0x08004441   Thumb Code    42  diskio.o(.text)
    disk_read                                0x0800446b   Thumb Code   182  diskio.o(.text)
    disk_write                               0x08004521   Thumb Code   188  diskio.o(.text)
    disk_ioctl                               0x080045dd   Thumb Code   102  diskio.o(.text)
    get_fattime                              0x08004643   Thumb Code     4  diskio.o(.text)
    clust2sect                               0x08004807   Thumb Code    26  ff.o(.text)
    get_fat                                  0x08004821   Thumb Code   318  ff.o(.text)
    put_fat                                  0x0800495f   Thumb Code   392  ff.o(.text)
    f_mount                                  0x08005d61   Thumb Code    86  ff.o(.text)
    f_open                                   0x08005db7   Thumb Code   382  ff.o(.text)
    f_read                                   0x08005f35   Thumb Code   480  ff.o(.text)
    f_write                                  0x08006115   Thumb Code   524  ff.o(.text)
    f_sync                                   0x08006321   Thumb Code   176  ff.o(.text)
    f_close                                  0x080063d1   Thumb Code    32  ff.o(.text)
    f_lseek                                  0x080063f1   Thumb Code   410  ff.o(.text)
    f_opendir                                0x0800658b   Thumb Code   118  ff.o(.text)
    f_closedir                               0x08006601   Thumb Code    22  ff.o(.text)
    f_readdir                                0x08006617   Thumb Code   100  ff.o(.text)
    f_stat                                   0x0800667b   Thumb Code    68  ff.o(.text)
    f_getfree                                0x080066bf   Thumb Code   258  ff.o(.text)
    f_truncate                               0x080067c1   Thumb Code   184  ff.o(.text)
    f_unlink                                 0x08006879   Thumb Code   174  ff.o(.text)
    f_mkdir                                  0x08006927   Thumb Code   358  ff.o(.text)
    f_chmod                                  0x08006a8d   Thumb Code    92  ff.o(.text)
    f_rename                                 0x08006ae9   Thumb Code   266  ff.o(.text)
    f_utime                                  0x08006bf3   Thumb Code    94  ff.o(.text)
    f_mkfs                                   0x08006c51   Thumb Code  1622  ff.o(.text)
    f_gets                                   0x080072a7   Thumb Code    82  ff.o(.text)
    f_putc                                   0x0800733d   Thumb Code    64  ff.o(.text)
    f_puts                                   0x0800737d   Thumb Code    74  ff.o(.text)
    f_printf                                 0x080073c7   Thumb Code   674  ff.o(.text)
    ff_convert                               0x08007669   Thumb Code   116  cc936.o(.text)
    ff_wtoupper                              0x080076dd   Thumb Code    84  cc936.o(.text)
    __aeabi_uldivmod                         0x08007741   Thumb Code    98  uldiv.o(.text)
    __aeabi_memcpy                           0x080077a3   Thumb Code    36  memcpya.o(.text)
    __aeabi_memcpy4                          0x080077a3   Thumb Code     0  memcpya.o(.text)
    __aeabi_memcpy8                          0x080077a3   Thumb Code     0  memcpya.o(.text)
    strlen                                   0x080077c7   Thumb Code    14  strlen.o(.text)
    strcpy                                   0x080077d5   Thumb Code    18  strcpy.o(.text)
    strrchr                                  0x080077e7   Thumb Code    32  strrchr.o(.text)
    strcasecmp                               0x08007807   Thumb Code    42  strcasecmp.o(.text)
    strncasecmp                              0x08007831   Thumb Code    50  strncasecmp.o(.text)
    atoi                                     0x08007863   Thumb Code    26  atoi.o(.text)
    __aeabi_llsl                             0x0800787d   Thumb Code    30  llshl.o(.text)
    _ll_shift_l                              0x0800787d   Thumb Code     0  llshl.o(.text)
    __aeabi_llsr                             0x0800789b   Thumb Code    32  llushr.o(.text)
    _ll_ushift_r                             0x0800789b   Thumb Code     0  llushr.o(.text)
    tolower                                  0x080078bb   Thumb Code    12  tolower.o(.text)
    strtol                                   0x080078c7   Thumb Code   112  strtol.o(.text)
    __scatterload                            0x08007939   Thumb Code    28  init.o(.text)
    __scatterload_rt2                        0x08007939   Thumb Code     0  init.o(.text)
    __rt_ctype_table                         0x0800795d   Thumb Code     4  ctype_o.o(.text)
    _strtoul                                 0x08007965   Thumb Code   158  _strtoul.o(.text)
    _chval                                   0x08007a03   Thumb Code    28  _chval.o(.text)
    __decompress                             0x08007a1f   Thumb Code     0  __dczerorl2.o(.text)
    __decompress1                            0x08007a1f   Thumb Code    86  __dczerorl2.o(.text)
    __0printf$8                              0x08007a75   Thumb Code    22  printf8.o(i.__0printf$8)
    __1printf$8                              0x08007a75   Thumb Code     0  printf8.o(i.__0printf$8)
    __2printf                                0x08007a75   Thumb Code     0  printf8.o(i.__0printf$8)
    __0sprintf$8                             0x08007a95   Thumb Code    34  printf8.o(i.__0sprintf$8)
    __1sprintf$8                             0x08007a95   Thumb Code     0  printf8.o(i.__0sprintf$8)
    __2sprintf                               0x08007a95   Thumb Code     0  printf8.o(i.__0sprintf$8)
    __aeabi_errno_addr                       0x08007abd   Thumb Code     4  errno.o(i.__aeabi_errno_addr)
    __rt_errno_addr                          0x08007abd   Thumb Code     0  errno.o(i.__aeabi_errno_addr)
    __scatterload_copy                       0x08007ac5   Thumb Code    14  handlers.o(i.__scatterload_copy)
    __scatterload_null                       0x08007ad3   Thumb Code     2  handlers.o(i.__scatterload_null)
    __scatterload_zeroinit                   0x08007ad5   Thumb Code    14  handlers.o(i.__scatterload_zeroinit)
    free                                     0x08007f51   Thumb Code    76  malloc.o(i.free)
    malloc                                   0x08007fa1   Thumb Code    92  malloc.o(i.malloc)
    __ctype_table                            0x08033106   Data         129  ctype_o.o(.constdata)
    Region$$Table$$Base                      0x080331d0   Number         0  anon$$obj.o(Region$$Table)
    Region$$Table$$Limit                     0x080331f0   Number         0  anon$$obj.o(Region$$Table)
    SystemCoreClock                          0x20000000   Data           4  system_stm32f10x.o(.data)
    AHBPrescTable                            0x20000004   Data          16  system_stm32f10x.o(.data)
    fnum                                     0x20000028   Data           4  main.o(.data)
    WriteBuffer                              0x2000002c   Data          68  main.o(.data)
    SDPath                                   0x20000070   Data           4  main.o(.data)
    res_sd                                   0x20000074   Data           1  main.o(.data)
    state                                    0x20000075   Data           1  main.o(.data)
    StopCondition                            0x20000080   Data           4  bsp_sdio_sdcard.o(.data)
    TransferError                            0x20000084   Data           1  bsp_sdio_sdcard.o(.data)
    TransferEnd                              0x20000088   Data           4  bsp_sdio_sdcard.o(.data)
    src_dir                                  0x2000008c   Data         512  res_writer.o(.data)
    loop                                     0x20000290   Data           4  res_writer.o(.data)
    __stdout                                 0x200002a8   Data           4  stdout.o(.data)
    __microlib_freelist                      0x200002ac   Data           4  mvars.o(.data)
    __microlib_freelist_initialised          0x200002b0   Data           4  mvars.o(.data)
    SDCardInfo                               0x200002e8   Data          88  bsp_sdio_sdcard.o(.bss)
    SDIO_InitStructure                       0x20000340   Data          24  bsp_sdio_sdcard.o(.bss)
    SDIO_CmdInitStructure                    0x20000358   Data          20  bsp_sdio_sdcard.o(.bss)
    SDIO_DataInitStructure                   0x2000036c   Data          24  bsp_sdio_sdcard.o(.bss)
    flash_fs                                 0x20000384   Data        4144  res_writer.o(.bss)
    sd_fs                                    0x200013b4   Data        4144  res_writer.o(.bss)
    __heap_base                              0x20003a08   Data           0  startup_stm32f10x_hd.o(HEAP)
    __heap_limit                             0x20005a08   Data           0  startup_stm32f10x_hd.o(HEAP)
    __initial_sp                             0x20007a08   Data           0  startup_stm32f10x_hd.o(STACK)



==============================================================================

Memory Map of the image

  Image Entry point : 0x08000131

  Load Region LR_IROM1 (Base: 0x08000000, Size: 0x000334a8, Max: 0x00080000, ABSOLUTE, COMPRESSED[0x00033260])

    Execution Region ER_IROM1 (Exec base: 0x08000000, Load base: 0x08000000, Size: 0x000331f0, Max: 0x00080000, ABSOLUTE)

    Exec Addr    Load Addr    Size         Type   Attr      Idx    E Section Name        Object

    0x08000000   0x08000000   0x00000130   Data   RO            3    RESET               startup_stm32f10x_hd.o
    0x08000130   0x08000130   0x00000000   Code   RO          724  * .ARM.Collect$$$$00000000  mc_w.l(entry.o)
    0x08000130   0x08000130   0x00000004   Code   RO         1034    .ARM.Collect$$$$00000001  mc_w.l(entry2.o)
    0x08000134   0x08000134   0x00000004   Code   RO         1037    .ARM.Collect$$$$00000004  mc_w.l(entry5.o)
    0x08000138   0x08000138   0x00000000   Code   RO         1039    .ARM.Collect$$$$00000008  mc_w.l(entry7b.o)
    0x08000138   0x08000138   0x00000000   Code   RO         1041    .ARM.Collect$$$$0000000A  mc_w.l(entry8b.o)
    0x08000138   0x08000138   0x00000008   Code   RO         1042    .ARM.Collect$$$$0000000B  mc_w.l(entry9a.o)
    0x08000140   0x08000140   0x00000000   Code   RO         1044    .ARM.Collect$$$$0000000D  mc_w.l(entry10a.o)
    0x08000140   0x08000140   0x00000000   Code   RO         1046    .ARM.Collect$$$$0000000F  mc_w.l(entry11a.o)
    0x08000140   0x08000140   0x00000004   Code   RO         1035    .ARM.Collect$$$$00002712  mc_w.l(entry2.o)
    0x08000144   0x08000144   0x00000024   Code   RO            4    .text               startup_stm32f10x_hd.o
    0x08000168   0x08000168   0x000001e0   Code   RO           24    .text               system_stm32f10x.o
    0x08000348   0x08000348   0x000000dc   Code   RO          121    .text               misc.o
    0x08000424   0x08000424   0x00000254   Code   RO          221    .text               stm32f10x_dma.o
    0x08000678   0x08000678   0x0000035c   Code   RO          269    .text               stm32f10x_gpio.o
    0x080009d4   0x080009d4   0x000003a4   Code   RO          317    .text               stm32f10x_rcc.o
    0x08000d78   0x08000d78   0x000001d4   Code   RO          343    .text               stm32f10x_sdio.o
    0x08000f4c   0x08000f4c   0x0000030c   Code   RO          355    .text               stm32f10x_spi.o
    0x08001258   0x08001258   0x00000408   Code   RO          379    .text               stm32f10x_usart.o
    0x08001660   0x08001660   0x000001dc   Code   RO          403    .text               main.o
    0x0800183c   0x0800183c   0x00000022   Code   RO          448    .text               stm32f10x_it.o
    0x0800185e   0x0800185e   0x00000002   PAD
    0x08001860   0x08001860   0x00000060   Code   RO          549    .text               bsp_led.o
    0x080018c0   0x080018c0   0x000000bc   Code   RO          561    .text               bsp_usart.o
    0x0800197c   0x0800197c   0x000016fc   Code   RO          573    .text               bsp_sdio_sdcard.o
    0x08003078   0x08003078   0x00000068   Code   RO          592    .text               bsp_key.o
    0x080030e0   0x080030e0   0x0000003e   Code   RO          604    .text               res_reader.o
    0x0800311e   0x0800311e   0x00000002   PAD
    0x08003120   0x08003120   0x00000d90   Code   RO          626    .text               res_writer.o
    0x08003eb0   0x08003eb0   0x00000574   Code   RO          643    .text               bsp_flash_spi.o
    0x08004424   0x08004424   0x0000022c   Code   RO          658    .text               diskio.o
    0x08004650   0x08004650   0x00003018   Code   RO          677    .text               ff.o
    0x08007668   0x08007668   0x000000d8   Code   RO          701    .text               cc936.o
    0x08007740   0x08007740   0x00000062   Code   RO          727    .text               mc_w.l(uldiv.o)
    0x080077a2   0x080077a2   0x00000024   Code   RO          729    .text               mc_w.l(memcpya.o)
    0x080077c6   0x080077c6   0x0000000e   Code   RO          731    .text               mc_w.l(strlen.o)
    0x080077d4   0x080077d4   0x00000012   Code   RO          733    .text               mc_w.l(strcpy.o)
    0x080077e6   0x080077e6   0x00000020   Code   RO          735    .text               mc_w.l(strrchr.o)
    0x08007806   0x08007806   0x0000002a   Code   RO          739    .text               mc_w.l(strcasecmp.o)
    0x08007830   0x08007830   0x00000032   Code   RO          741    .text               mc_w.l(strncasecmp.o)
    0x08007862   0x08007862   0x0000001a   Code   RO         1032    .text               mc_w.l(atoi.o)
    0x0800787c   0x0800787c   0x0000001e   Code   RO         1051    .text               mc_w.l(llshl.o)
    0x0800789a   0x0800789a   0x00000020   Code   RO         1053    .text               mc_w.l(llushr.o)
    0x080078ba   0x080078ba   0x0000000c   Code   RO         1055    .text               mc_w.l(tolower.o)
    0x080078c6   0x080078c6   0x00000070   Code   RO         1066    .text               mc_w.l(strtol.o)
    0x08007936   0x08007936   0x00000002   PAD
    0x08007938   0x08007938   0x00000024   Code   RO         1079    .text               mc_w.l(init.o)
    0x0800795c   0x0800795c   0x00000008   Code   RO         1083    .text               mc_w.l(ctype_o.o)
    0x08007964   0x08007964   0x0000009e   Code   RO         1111    .text               mc_w.l(_strtoul.o)
    0x08007a02   0x08007a02   0x0000001c   Code   RO         1115    .text               mc_w.l(_chval.o)
    0x08007a1e   0x08007a1e   0x00000056   Code   RO         1125    .text               mc_w.l(__dczerorl2.o)
    0x08007a74   0x08007a74   0x00000020   Code   RO          950    i.__0printf$8       mc_w.l(printf8.o)
    0x08007a94   0x08007a94   0x00000028   Code   RO          952    i.__0sprintf$8      mc_w.l(printf8.o)
    0x08007abc   0x08007abc   0x00000008   Code   RO         1059    i.__aeabi_errno_addr  mc_w.l(errno.o)
    0x08007ac4   0x08007ac4   0x0000000e   Code   RO         1119    i.__scatterload_copy  mc_w.l(handlers.o)
    0x08007ad2   0x08007ad2   0x00000002   Code   RO         1120    i.__scatterload_null  mc_w.l(handlers.o)
    0x08007ad4   0x08007ad4   0x0000000e   Code   RO         1121    i.__scatterload_zeroinit  mc_w.l(handlers.o)
    0x08007ae2   0x08007ae2   0x00000002   PAD
    0x08007ae4   0x08007ae4   0x00000410   Code   RO          957    i._printf_core      mc_w.l(printf8.o)
    0x08007ef4   0x08007ef4   0x00000024   Code   RO          958    i._printf_post_padding  mc_w.l(printf8.o)
    0x08007f18   0x08007f18   0x0000002e   Code   RO          959    i._printf_pre_padding  mc_w.l(printf8.o)
    0x08007f46   0x08007f46   0x0000000a   Code   RO          961    i._sputc            mc_w.l(printf8.o)
    0x08007f50   0x08007f50   0x00000050   Code   RO         1004    i.free              mc_w.l(malloc.o)
    0x08007fa0   0x08007fa0   0x0000006c   Code   RO         1005    i.malloc            mc_w.l(malloc.o)
    0x0800800c   0x0800800c   0x0000003a   Data   RO          678    .constdata          ff.o
    0x08008046   0x08008046   0x0002b0c0   Data   RO          702    .constdata          cc936.o
    0x08033106   0x08033106   0x00000081   Data   RO         1084    .constdata          mc_w.l(ctype_o.o)
    0x08033187   0x08033187   0x00000001   PAD
    0x08033188   0x08033188   0x00000004   Data   RO         1085    .constdata          mc_w.l(ctype_o.o)
    0x0803318c   0x0803318c   0x00000044   Data   RO          628    .conststring        res_writer.o
    0x080331d0   0x080331d0   0x00000020   Data   RO         1117    Region$$Table       anon$$obj.o


    Execution Region RW_IRAM1 (Exec base: 0x20000000, Load base: 0x080331f0, Size: 0x00007a08, Max: 0x00010000, ABSOLUTE, COMPRESSED[0x00000070])

    Exec Addr    Load Addr    Size         Type   Attr      Idx    E Section Name        Object

    0x20000000   COMPRESSED   0x00000014   Data   RW           25    .data               system_stm32f10x.o
    0x20000014   COMPRESSED   0x00000014   Data   RW          318    .data               stm32f10x_rcc.o
    0x20000028   COMPRESSED   0x0000004e   Data   RW          405    .data               main.o
    0x20000076   COMPRESSED   0x00000002   PAD
    0x20000078   COMPRESSED   0x00000014   Data   RW          575    .data               bsp_sdio_sdcard.o
    0x2000008c   COMPRESSED   0x0000020c   Data   RW          629    .data               res_writer.o
    0x20000298   COMPRESSED   0x00000004   Data   RW          645    .data               bsp_flash_spi.o
    0x2000029c   COMPRESSED   0x0000000a   Data   RW          679    .data               ff.o
    0x200002a6   COMPRESSED   0x00000002   PAD
    0x200002a8   COMPRESSED   0x00000004   Data   RW         1048    .data               mc_w.l(stdout.o)
    0x200002ac   COMPRESSED   0x00000004   Data   RW         1057    .data               mc_w.l(mvars.o)
    0x200002b0   COMPRESSED   0x00000004   Data   RW         1058    .data               mc_w.l(mvars.o)
    0x200002b4   COMPRESSED   0x00000004   Data   RW         1062    .data               mc_w.l(errno.o)
    0x200002b8        -       0x000000cc   Zero   RW          574    .bss                bsp_sdio_sdcard.o
    0x20000384        -       0x00003683   Zero   RW          627    .bss                res_writer.o
    0x20003a07   COMPRESSED   0x00000001   PAD
    0x20003a08        -       0x00002000   Zero   RW            2    HEAP                startup_stm32f10x_hd.o
    0x20005a08        -       0x00002000   Zero   RW            1    STACK               startup_stm32f10x_hd.o


==============================================================================

Image component sizes


      Code (inc. data)   RO Data    RW Data    ZI Data      Debug   Object Name

      1396         70          0          4          0       5276   bsp_flash_spi.o
       104         10          0          0          0       1131   bsp_key.o
        96          6          0          0          0        554   bsp_led.o
      5884        212          0         20        204      17716   bsp_sdio_sdcard.o
       188         10          0          0          0       1043   bsp_usart.o
       216         16     176320          0          0       2381   cc936.o
         0          0          0          0          0       4508   core_cm3.o
       556         10          0          0          0       4899   diskio.o
     12312        122         58         10          0      35964   ff.o
       476        298          0         78          0       7418   main.o
       220         22          0          0          0       1869   misc.o
        62          0          0          0          0        767   res_reader.o
      3472       1636         68        524      13955       5277   res_writer.o
        36          8        304          0      16384        884   startup_stm32f10x_hd.o
       596          8          0          0          0       4434   stm32f10x_dma.o
       860         38          0          0          0       5797   stm32f10x_gpio.o
        34          0          0          0          0     240222   stm32f10x_it.o
       932         36          0         20          0       9004   stm32f10x_rcc.o
       468         22          0          0          0       7184   stm32f10x_sdio.o
       780         14          0          0          0       6682   stm32f10x_spi.o
      1032         22          0          0          0       8528   stm32f10x_usart.o
       480         38          0         20          0     256255   system_stm32f10x.o

    ----------------------------------------------------------------------
     30204       2598     176782        680      30544     627793   Object Totals
         0          0         32          0          0          0   (incl. Generated)
         4          0          0          4          1          0   (incl. Padding)

    ----------------------------------------------------------------------

      Code (inc. data)   RO Data    RW Data    ZI Data      Debug   Library Member Name

        86          0          0          0          0          0   __dczerorl2.o
        28          0          0          0          0         68   _chval.o
       158          0          0          0          0         92   _strtoul.o
        26          0          0          0          0         80   atoi.o
         8          4        133          0          0         68   ctype_o.o
         0          0          0          0          0          0   entry.o
         0          0          0          0          0          0   entry10a.o
         0          0          0          0          0          0   entry11a.o
         8          4          0          0          0          0   entry2.o
         4          0          0          0          0          0   entry5.o
         0          0          0          0          0          0   entry7b.o
         0          0          0          0          0          0   entry8b.o
         8          4          0          0          0          0   entry9a.o
         8          4          0          4          0         68   errno.o
        30          0          0          0          0          0   handlers.o
        36          8          0          0          0         68   init.o
        30          0          0          0          0         68   llshl.o
        32          0          0          0          0         68   llushr.o
       188         20          0          0          0        160   malloc.o
        36          0          0          0          0         68   memcpya.o
         0          0          0          8          0          0   mvars.o
      1204         60          0          0          0        504   printf8.o
         0          0          0          4          0          0   stdout.o
        42          0          0          0          0         84   strcasecmp.o
        18          0          0          0          0         68   strcpy.o
        14          0          0          0          0         68   strlen.o
        50          0          0          0          0         84   strncasecmp.o
        32          0          0          0          0         68   strrchr.o
       112          0          0          0          0         88   strtol.o
        12          0          0          0          0         68   tolower.o
        98          0          0          0          0         92   uldiv.o

    ----------------------------------------------------------------------
      2272        104        134         16          0       1932   Library Totals
         4          0          1          0          0          0   (incl. Padding)

    ----------------------------------------------------------------------

      Code (inc. data)   RO Data    RW Data    ZI Data      Debug   Library Name

      2268        104        133         16          0       1932   mc_w.l

    ----------------------------------------------------------------------
      2272        104        134         16          0       1932   Library Totals

    ----------------------------------------------------------------------

==============================================================================


      Code (inc. data)   RO Data    RW Data    ZI Data      Debug   

     32476       2702     176916        696      30544     627149   Grand Totals
     32476       2702     176916        112      30544     627149   ELF Image Totals (compressed)
     32476       2702     176916        112          0          0   ROM Totals

==============================================================================

    Total RO  Size (Code + RO Data)               209392 ( 204.48kB)
    Total RW  Size (RW Data + ZI Data)             31240 (  30.51kB)
    Total ROM Size (Code + RO Data + RW Data)     209504 ( 204.59kB)

==============================================================================

